D:\Code\Application\music1\app\src\main\java\com\app\music\MainActivity.java:80: 错误: 非法前向引用
                        bluetoothAdapter.getProfileProxy(this, a2dpServiceListener, BluetoothProfile.A2DP);
                                                               ^
注: D:\Code\Application\music1\app\src\main\java\com\app\music\MainActivity.java使用或覆盖了已过时的 API。
注: 有关详细信息, 请使用 -Xlint:deprecation 重新编译。
1 个错误

FAILURE: Build failed with an exception.

* What went wrong:
Execution failed for task ':app:compileDebugJavaWithJavac'.
> Compilation failed; see the compiler output below.
  注: D:\Code\Application\music1\app\src\main\java\com\app\music\MainActivity.java使用或覆盖了已过时的 API。
  D:\Code\Application\music1\app\src\main\java\com\app\music\MainActivity.java:80: 错误: 非法前向引用
                          bluetoothAdapter.getProfileProxy(this, a2dpServiceListener, BluetoothProfile.A2DP);
                                                                 ^
  注: 有关详细信息, 请使用 -Xlint:deprecation 重新编译。
  1 个错误

* Try:
> Check your code and dependencies to fix the compilation error(s)
> Run with --scan to get full insights from a Build Scan (powered by Develocity).

BUILD FAILED in 11s
