#
# There is insufficient memory for the Java Runtime Environment to continue.
# Native memory allocation (mmap) failed to map 381681664 bytes. Error detail: G1 virtual space
# Possible reasons:
#   The system is out of physical RAM or swap space
#   This process is running with CompressedOops enabled, and the Java Heap may be blocking the growth of the native heap
# Possible solutions:
#   Reduce memory load on the system
#   Increase physical memory or swap space
#   Check if swap backing store is full
#   Decrease Java heap size (-Xmx/-Xms)
#   Decrease number of Java threads
#   Decrease Java thread stack sizes (-Xss)
#   Set larger code cache with -XX:ReservedCodeCacheSize=
#   JVM is running with Unscaled Compressed Oops mode in which the Java heap is
#     placed in the first 4GB address space. The Java Heap base address is the
#     maximum limit for the native heap growth. Please use -XX:HeapBaseMinAddress
#     to set the Java Heap base and to place the Java Heap above 4GB virtual address.
# This output file may be truncated or incomplete.
#
#  Out of Memory Error (os_windows.cpp:3690), pid=22864, tid=24232
#
# JRE version: OpenJDK Runtime Environment Microsoft-13877129 (17.0.19+10) (build 17.0.19+10-LTS)
# Java VM: OpenJDK 64-Bit Server VM Microsoft-13877129 (17.0.19+10-LTS, mixed mode, sharing, tiered, compressed oops, compressed class ptrs, g1 gc, windows-amd64)
# No core dump will be written. Minidumps are not enabled by default on client versions of Windows
#

---------------  S U M M A R Y ------------

Command Line: --add-opens=java.base/java.lang=ALL-UNNAMED --add-opens=java.base/java.lang.invoke=ALL-UNNAMED --add-opens=java.base/java.util=ALL-UNNAMED --add-opens=java.prefs/java.util.prefs=ALL-UNNAMED --add-exports=jdk.compiler/com.sun.tools.javac.api=ALL-UNNAMED --add-exports=jdk.compiler/com.sun.tools.javac.util=ALL-UNNAMED --add-opens=java.base/java.util=ALL-UNNAMED --add-opens=java.prefs/java.util.prefs=ALL-UNNAMED --add-opens=java.base/java.nio.charset=ALL-UNNAMED --add-opens=java.base/java.net=ALL-UNNAMED --add-opens=java.base/java.util.concurrent=ALL-UNNAMED --add-opens=java.base/java.util.concurrent.atomic=ALL-UNNAMED --add-opens=java.xml/javax.xml.namespace=ALL-UNNAMED --add-opens=java.base/java.time=ALL-UNNAMED -Xmx2048m -Dfile.encoding=UTF-8 -Duser.country=CN -Duser.language=zh -Duser.variant -javaagent:C:\Users\16696\.gradle\wrapper\dists\gradle-9.4.1-bin\arn2x92ynaizyzdaamcbpbhtj\gradle-9.4.1\lib\agents\gradle-instrumentation-agent-9.4.1.jar org.gradle.launcher.daemon.bootstrap.GradleDaemon 9.4.1

Host: Intel(R) Core(TM) Ultra 5 225, 10 cores, 15G,  Windows 11 , 64 bit Build 26100 (10.0.26100.8521)
Time: Tue Jul 14 11:55:43 2026  Windows 11 , 64 bit Build 26100 (10.0.26100.8521) elapsed time: 85.151010 seconds (0d 0h 1m 25s)

---------------  T H R E A D  ---------------

Current thread (0x00000236afca9eb0):  VMThread "VM Thread" [stack: 0x00000038fcd00000,0x00000038fce00000] [id=24232]

Stack: [0x00000038fcd00000,0x00000038fce00000]
Native frames: (J=compiled Java code, j=interpreted, Vv=VM code, C=native code)
V  [jvm.dll+0x68cc89]  (no source info available)
V  [jvm.dll+0x845d89]  (no source info available)
V  [jvm.dll+0x847af8]  (no source info available)
V  [jvm.dll+0x848183]  (no source info available)
V  [jvm.dll+0x24d0bf]  (no source info available)
V  [jvm.dll+0x68c089]  (no source info available)
V  [jvm.dll+0x68064a]  (no source info available)
V  [jvm.dll+0x3102f0]  (no source info available)
V  [jvm.dll+0x310192]  (no source info available)
V  [jvm.dll+0x317709]  (no source info available)
V  [jvm.dll+0x369b09]  (no source info available)
V  [jvm.dll+0x369d3d]  (no source info available)
V  [jvm.dll+0x2e6afa]  (no source info available)
V  [jvm.dll+0x2e4ef1]  (no source info available)
V  [jvm.dll+0x2e468c]  (no source info available)
V  [jvm.dll+0x32903b]  (no source info available)
V  [jvm.dll+0x84ca0d]  (no source info available)
V  [jvm.dll+0x84d723]  (no source info available)
V  [jvm.dll+0x84dc54]  (no source info available)
V  [jvm.dll+0x84e038]  (no source info available)
V  [jvm.dll+0x84e12e]  (no source info available)
V  [jvm.dll+0x7f62cc]  (no source info available)
V  [jvm.dll+0x68e227]  (no source info available)
C  [ucrtbase.dll+0x2cd30]  (no source info available)
C  [KERNEL32.DLL+0x2e957]  (no source info available)
C  [ntdll.dll+0x87c1c]  (no source info available)

VM_Operation (0x00000038827fdfb0): G1CollectForAllocation, mode: safepoint, requested by thread 0x00000236fd39bba0


---------------  P R O C E S S  ---------------

Threads class SMR info:
_java_thread_list=0x00000236f7be7830, length=79, elements={
0x000002369103a200, 0x00000236afcace90, 0x00000236afcaf770, 0x00000236afccb3c0,
0x00000236afccbc90, 0x00000236afccc560, 0x00000236afcb5fc0, 0x00000236afcb6bc0,
0x00000236afcb74d0, 0x00000236afcb7de0, 0x0000023690dde350, 0x00000236afeeb9a0,
0x00000236f6fccba0, 0x00000236f74183d0, 0x00000236f72e7320, 0x00000236f70b2180,
0x00000236f7272cd0, 0x00000236f761d070, 0x00000236f6d02bc0, 0x00000236f7660830,
0x00000236f765e9d0, 0x00000236f7660320, 0x00000236f765d590, 0x00000236f765d080,
0x00000236f765daa0, 0x00000236f765e4c0, 0x00000236f765f3f0, 0x00000236f765f900,
0x00000236f765fe10, 0x00000236f765dfb0, 0x00000236f765eee0, 0x00000236f7b33d70,
0x00000236f7b34280, 0x00000236f7b34790, 0x00000236f7b32e40, 0x00000236f7b33350,
0x00000236f7b34ca0, 0x00000236f7b33860, 0x00000236f7b356c0, 0x00000236f7b365f0,
0x00000236f7b35bd0, 0x00000236f7b360e0, 0x00000236fa5b9bd0, 0x00000236fa5b8280,
0x00000236fa5b8ca0, 0x00000236fa5b8790, 0x00000236fa5bc450, 0x00000236fa5b96c0,
0x00000236fa5bce70, 0x00000236fa5bd380, 0x00000236fa5bab00, 0x00000236fa5bd890,
0x00000236fa5bdda0, 0x00000236fa5ba5f0, 0x00000236fa5be2b0, 0x00000236fa5be7c0,
0x00000236f9644590, 0x00000236f9643050, 0x00000236fa5bf1e0, 0x00000236fa5becd0,
0x00000236fa5bb010, 0x00000236fa5bf6f0, 0x00000236fa5bfc00, 0x00000236fd396fb0,
0x00000236fd399d40, 0x00000236fd397ee0, 0x00000236fd399320, 0x00000236fd3979d0,
0x00000236fd396590, 0x00000236fd398e10, 0x00000236fd39a250, 0x00000236fd396aa0,
0x00000236fd39a760, 0x00000236fd39ac70, 0x00000236fd3974c0, 0x00000236fd39b180,
0x00000236fd39b690, 0x00000236fd39bba0, 0x00000236fd3983f0
}

Java Threads: ( => current thread )
  0x000002369103a200 JavaThread "main" [_thread_blocked, id=4316, stack(0x00000038fc300000,0x00000038fc400000)]
  0x00000236afcace90 JavaThread "Reference Handler" daemon [_thread_blocked, id=21020, stack(0x00000038fce00000,0x00000038fcf00000)]
  0x00000236afcaf770 JavaThread "Finalizer" daemon [_thread_blocked, id=15380, stack(0x00000038fcf00000,0x00000038fd000000)]
  0x00000236afccb3c0 JavaThread "Signal Dispatcher" daemon [_thread_blocked, id=1744, stack(0x00000038fd000000,0x00000038fd100000)]
  0x00000236afccbc90 JavaThread "Attach Listener" daemon [_thread_blocked, id=20012, stack(0x00000038fd100000,0x00000038fd200000)]
  0x00000236afccc560 JavaThread "Service Thread" daemon [_thread_blocked, id=23932, stack(0x00000038fd200000,0x00000038fd300000)]
  0x00000236afcb5fc0 JavaThread "Monitor Deflation Thread" daemon [_thread_blocked, id=22952, stack(0x00000038fd300000,0x00000038fd400000)]
  0x00000236afcb6bc0 JavaThread "C2 CompilerThread0" daemon [_thread_blocked, id=23384, stack(0x00000038fd400000,0x00000038fd500000)]
  0x00000236afcb74d0 JavaThread "C1 CompilerThread0" daemon [_thread_blocked, id=21180, stack(0x00000038fd500000,0x00000038fd600000)]
  0x00000236afcb7de0 JavaThread "Sweeper thread" daemon [_thread_blocked, id=18048, stack(0x00000038fd600000,0x00000038fd700000)]
  0x0000023690dde350 JavaThread "Common-Cleaner" daemon [_thread_blocked, id=4136, stack(0x00000038fd700000,0x00000038fd800000)]
  0x00000236afeeb9a0 JavaThread "Notification Thread" daemon [_thread_blocked, id=19084, stack(0x00000038fd900000,0x00000038fda00000)]
  0x00000236f6fccba0 JavaThread "Daemon health stats" [_thread_blocked, id=23620, stack(0x00000038fe000000,0x00000038fe100000)]
  0x00000236f74183d0 JavaThread "Incoming local TCP Connector on port 56864" [_thread_in_native, id=16624, stack(0x00000038fe100000,0x00000038fe200000)]
  0x00000236f72e7320 JavaThread "Daemon periodic checks" [_thread_blocked, id=3276, stack(0x00000038fe200000,0x00000038fe300000)]
  0x00000236f70b2180 JavaThread "Daemon" [_thread_blocked, id=23868, stack(0x00000038fe300000,0x00000038fe400000)]
  0x00000236f7272cd0 JavaThread "Handler for socket connection from /127.0.0.1:56864 to /127.0.0.1:56865" [_thread_in_native, id=22884, stack(0x00000038fe400000,0x00000038fe500000)]
  0x00000236f761d070 JavaThread "Cancel handler" [_thread_blocked, id=9128, stack(0x00000038fe500000,0x00000038fe600000)]
  0x00000236f6d02bc0 JavaThread "Daemon worker" [_thread_blocked, id=21872, stack(0x00000038fe600000,0x00000038fe700000)]
  0x00000236f7660830 JavaThread "Asynchronous log dispatcher for DefaultDaemonConnection: socket connection from /127.0.0.1:56864 to /127.0.0.1:56865" [_thread_blocked, id=22496, stack(0x00000038fe700000,0x00000038fe800000)]
  0x00000236f765e9d0 JavaThread "Stdin handler" [_thread_blocked, id=19568, stack(0x00000038fe800000,0x00000038fe900000)]
  0x00000236f7660320 JavaThread "Daemon client event forwarder" [_thread_blocked, id=14056, stack(0x00000038fe900000,0x00000038fea00000)]
  0x00000236f765d590 JavaThread "Cache worker for journal cache (C:\Users\16696\.gradle\caches\journal-1)" [_thread_blocked, id=22732, stack(0x00000038fea00000,0x00000038feb00000)]
  0x00000236f765d080 JavaThread "File lock request listener" [_thread_in_native, id=23992, stack(0x00000038feb00000,0x00000038fec00000)]
  0x00000236f765daa0 JavaThread "Cache worker for file hash cache (C:\Users\16696\.gradle\caches\9.4.1\fileHashes)" [_thread_blocked, id=7264, stack(0x00000038fec00000,0x00000038fed00000)]
  0x00000236f765e4c0 JavaThread "Cache worker for file hash cache (D:\Code\Application\music1\.gradle\9.4.1\fileHashes)" [_thread_blocked, id=23308, stack(0x00000038ff200000,0x00000038ff300000)]
  0x00000236f765f3f0 JavaThread "Cache worker for Build Output Cleanup Cache (D:\Code\Application\music1\.gradle\buildOutputCleanup)" [_thread_blocked, id=17748, stack(0x00000038ff300000,0x00000038ff400000)]
  0x00000236f765f900 JavaThread "File watcher server" daemon [_thread_blocked, id=22320, stack(0x00000038ff400000,0x00000038ff500000)]
  0x00000236f765fe10 JavaThread "File watcher consumer" daemon [_thread_blocked, id=6576, stack(0x00000038ff500000,0x00000038ff600000)]
  0x00000236f765dfb0 JavaThread "Cache worker for file content cache (C:\Users\16696\.gradle\caches\9.4.1\fileContent)" [_thread_blocked, id=25264, stack(0x00000038ff600000,0x00000038ff700000)]
  0x00000236f765eee0 JavaThread "Cache worker for checksums cache (D:\Code\Application\music1\.gradle\9.4.1\checksums)" [_thread_blocked, id=19460, stack(0x00000038ff700000,0x00000038ff800000)]
  0x00000236f7b33d70 JavaThread "Cache worker for cache directory md-supplier (C:\Users\16696\.gradle\caches\9.4.1\md-supplier)" [_thread_blocked, id=22796, stack(0x00000038ff900000,0x00000038ffa00000)]
  0x00000236f7b34280 JavaThread "Cache worker for cache directory md-rule (C:\Users\16696\.gradle\caches\9.4.1\md-rule)" [_thread_blocked, id=19336, stack(0x00000038ffa00000,0x00000038ffb00000)]
  0x00000236f7b34790 JavaThread "Build operations" [_thread_blocked, id=24316, stack(0x00000038ffb00000,0x00000038ffc00000)]
  0x00000236f7b32e40 JavaThread "Build operations Thread 2" [_thread_blocked, id=6992, stack(0x00000038ffc00000,0x00000038ffd00000)]
  0x00000236f7b33350 JavaThread "Build operations Thread 3" [_thread_blocked, id=14880, stack(0x00000038ffd00000,0x00000038ffe00000)]
  0x00000236f7b34ca0 JavaThread "Build operations Thread 4" [_thread_blocked, id=16564, stack(0x00000038ffe00000,0x00000038fff00000)]
  0x00000236f7b33860 JavaThread "Build operations Thread 5" [_thread_blocked, id=11232, stack(0x00000038fff00000,0x0000003900000000)]
  0x00000236f7b356c0 JavaThread "Build operations Thread 6" [_thread_blocked, id=16952, stack(0x0000003880000000,0x0000003880100000)]
  0x00000236f7b365f0 JavaThread "Build operations Thread 7" [_thread_blocked, id=21564, stack(0x0000003880100000,0x0000003880200000)]
  0x00000236f7b35bd0 JavaThread "Build operations Thread 8" [_thread_blocked, id=10484, stack(0x0000003880200000,0x0000003880300000)]
  0x00000236f7b360e0 JavaThread "Build operations Thread 9" [_thread_blocked, id=19260, stack(0x0000003880300000,0x0000003880400000)]
  0x00000236fa5b9bd0 JavaThread "Build operations Thread 10" [_thread_blocked, id=12952, stack(0x0000003880400000,0x0000003880500000)]
  0x00000236fa5b8280 JavaThread "Memory manager" [_thread_blocked, id=11532, stack(0x0000003880500000,0x0000003880600000)]
  0x00000236fa5b8ca0 JavaThread "build event listener" [_thread_blocked, id=21920, stack(0x0000003880600000,0x0000003880700000)]
  0x00000236fa5b8790 JavaThread "included builds" [_thread_blocked, id=23132, stack(0x0000003880800000,0x0000003880900000)]
  0x00000236fa5bc450 JavaThread "Execution worker" [_thread_blocked, id=19920, stack(0x0000003880900000,0x0000003880a00000)]
  0x00000236fa5b96c0 JavaThread "Execution worker Thread 2" [_thread_blocked, id=22360, stack(0x0000003880a00000,0x0000003880b00000)]
  0x00000236fa5bce70 JavaThread "Execution worker Thread 3" [_thread_blocked, id=23904, stack(0x0000003880b00000,0x0000003880c00000)]
  0x00000236fa5bd380 JavaThread "Execution worker Thread 4" [_thread_blocked, id=5452, stack(0x0000003880c00000,0x0000003880d00000)]
  0x00000236fa5bab00 JavaThread "Execution worker Thread 5" [_thread_blocked, id=4132, stack(0x0000003880d00000,0x0000003880e00000)]
  0x00000236fa5bd890 JavaThread "Execution worker Thread 6" [_thread_blocked, id=14448, stack(0x0000003880e00000,0x0000003880f00000)]
  0x00000236fa5bdda0 JavaThread "Execution worker Thread 7" [_thread_blocked, id=23204, stack(0x0000003880f00000,0x0000003881000000)]
  0x00000236fa5ba5f0 JavaThread "Execution worker Thread 8" [_thread_blocked, id=15260, stack(0x0000003881000000,0x0000003881100000)]
  0x00000236fa5be2b0 JavaThread "Execution worker Thread 9" [_thread_blocked, id=22756, stack(0x0000003881100000,0x0000003881200000)]
  0x00000236fa5be7c0 JavaThread "Cache worker for execution history cache (D:\Code\Application\music1\.gradle\9.4.1\executionHistory)" [_thread_blocked, id=6676, stack(0x0000003881200000,0x0000003881300000)]
  0x00000236f9644590 JavaThread "C2 CompilerThread1" daemon [_thread_blocked, id=21128, stack(0x0000003880700000,0x0000003880800000)]
  0x00000236f9643050 JavaThread "C2 CompilerThread2" daemon [_thread_blocked, id=18332, stack(0x0000003881300000,0x0000003881400000)]
  0x00000236fa5bf1e0 JavaThread "WorkerExecutor Queue" [_thread_blocked, id=18268, stack(0x0000003881400000,0x0000003881500000)]
  0x00000236fa5becd0 JavaThread "WorkerExecutor Queue Thread 2" [_thread_blocked, id=7724, stack(0x0000003881500000,0x0000003881600000)]
  0x00000236fa5bb010 JavaThread "WorkerExecutor Queue Thread 3" [_thread_blocked, id=21960, stack(0x0000003881600000,0x0000003881700000)]
  0x00000236fa5bf6f0 JavaThread "WorkerExecutor Queue Thread 4" [_thread_blocked, id=25200, stack(0x0000003881700000,0x0000003881800000)]
  0x00000236fa5bfc00 JavaThread "WorkerExecutor Queue Thread 5" [_thread_blocked, id=20400, stack(0x0000003881800000,0x0000003881900000)]
  0x00000236fd396fb0 JavaThread "WorkerExecutor Queue Thread 6" [_thread_blocked, id=25376, stack(0x0000003881900000,0x0000003881a00000)]
  0x00000236fd399d40 JavaThread "WorkerExecutor Queue Thread 7" [_thread_blocked, id=9508, stack(0x0000003881a00000,0x0000003881b00000)]
  0x00000236fd397ee0 JavaThread "WorkerExecutor Queue Thread 8" [_thread_blocked, id=23056, stack(0x0000003881b00000,0x0000003881c00000)]
  0x00000236fd399320 JavaThread "WorkerExecutor Queue Thread 9" [_thread_blocked, id=18068, stack(0x0000003881c00000,0x0000003881d00000)]
  0x00000236fd3979d0 JavaThread "WorkerExecutor Queue Thread 10" [_thread_blocked, id=25072, stack(0x0000003881d00000,0x0000003881e00000)]
  0x00000236fd396590 JavaThread "WorkerExecutor Queue Thread 11" [_thread_blocked, id=20844, stack(0x0000003881e00000,0x0000003881f00000)]
  0x00000236fd398e10 JavaThread "ForkJoinPool-1-worker-1" daemon [_thread_blocked, id=24072, stack(0x0000003881f00000,0x0000003882000000)]
  0x00000236fd39a250 JavaThread "ForkJoinPool-1-worker-2" daemon [_thread_blocked, id=17676, stack(0x0000003882000000,0x0000003882100000)]
  0x00000236fd396aa0 JavaThread "ForkJoinPool-1-worker-3" daemon [_thread_blocked, id=12052, stack(0x0000003882100000,0x0000003882200000)]
  0x00000236fd39a760 JavaThread "ForkJoinPool-1-worker-4" daemon [_thread_blocked, id=24760, stack(0x0000003882200000,0x0000003882300000)]
  0x00000236fd39ac70 JavaThread "ForkJoinPool-1-worker-5" daemon [_thread_blocked, id=3992, stack(0x0000003882300000,0x0000003882400000)]
  0x00000236fd3974c0 JavaThread "ForkJoinPool-1-worker-6" daemon [_thread_blocked, id=24044, stack(0x0000003882400000,0x0000003882500000)]
  0x00000236fd39b180 JavaThread "ForkJoinPool-1-worker-7" daemon [_thread_blocked, id=14224, stack(0x0000003882500000,0x0000003882600000)]
  0x00000236fd39b690 JavaThread "ForkJoinPool-1-worker-8" daemon [_thread_blocked, id=18320, stack(0x0000003882600000,0x0000003882700000)]
  0x00000236fd39bba0 JavaThread "ForkJoinPool-1-worker-9" daemon [_thread_blocked, id=12424, stack(0x0000003882700000,0x0000003882800000)]
  0x00000236fd3983f0 JavaThread "ForkJoinPool-1-worker-10" daemon [_thread_blocked, id=4456, stack(0x0000003882800000,0x0000003882900000)]

Other Threads:
=>0x00000236afca9eb0 VMThread "VM Thread" [stack: 0x00000038fcd00000,0x00000038fce00000] [id=24232]
  0x000002369105c4c0 WatcherThread [stack: 0x00000038fda00000,0x00000038fdb00000] [id=5164]
  0x0000023690c213d0 GCTaskThread "GC Thread#0" [stack: 0x00000038fc800000,0x00000038fc900000] [id=3996]
  0x00000236f60b12c0 GCTaskThread "GC Thread#1" [stack: 0x00000038fdc00000,0x00000038fdd00000] [id=7304]
  0x00000236f6490960 GCTaskThread "GC Thread#2" [stack: 0x00000038fdd00000,0x00000038fde00000] [id=20196]
  0x00000236f6490c30 GCTaskThread "GC Thread#3" [stack: 0x00000038fde00000,0x00000038fdf00000] [id=24432]
  0x00000236f6a7a3b0 GCTaskThread "GC Thread#4" [stack: 0x00000038fdf00000,0x00000038fe000000] [id=22856]
  0x00000236f58daa70 GCTaskThread "GC Thread#5" [stack: 0x00000038fed00000,0x00000038fee00000] [id=6140]
  0x00000236f58d9990 GCTaskThread "GC Thread#6" [stack: 0x00000038fee00000,0x00000038fef00000] [id=24100]
  0x00000236f58da7a0 GCTaskThread "GC Thread#7" [stack: 0x00000038fef00000,0x00000038ff000000] [id=5432]
  0x00000236f58d9c60 GCTaskThread "GC Thread#8" [stack: 0x00000038ff000000,0x00000038ff100000] [id=19172]
  0x0000023690cd2f40 ConcurrentGCThread "G1 Main Marker" [stack: 0x00000038fc900000,0x00000038fca00000] [id=11152]
  0x0000023690cd4180 ConcurrentGCThread "G1 Conc#0" [stack: 0x00000038fca00000,0x00000038fcb00000] [id=19120]
  0x00000236f58dad40 ConcurrentGCThread "G1 Conc#1" [stack: 0x00000038ff100000,0x00000038ff200000] [id=9920]
  0x00000236afb70090 ConcurrentGCThread "G1 Refine#0" [stack: 0x00000038fcb00000,0x00000038fcc00000] [id=9112]
  0x00000236f7776870 ConcurrentGCThread "G1 Refine#1" [stack: 0x00000038ff800000,0x00000038ff900000] [id=18872]
  0x00000236afb70780 ConcurrentGCThread "G1 Service" [stack: 0x00000038fcc00000,0x00000038fcd00000] [id=22840]

Threads with active compile tasks:
C2 CompilerThread0  85203 12071   !   4       com.android.tools.r8.graph.m9::c (823 bytes)
C1 CompilerThread0  85203 12134   !   3       com.android.tools.r8.graph.d2::<init> (346 bytes)
C2 CompilerThread1  85203 12043       4       com.android.tools.r8.internal.p80::e (301 bytes)
C2 CompilerThread2  85203 12106   !   4       java.util.concurrent.ConcurrentHashMap::transfer (849 bytes)

VM state: at safepoint (normal execution)

VM Mutex/Monitor currently owned by a thread:  ([mutex/lock_event])
[0x0000023691028c90] Threads_lock - owner thread: 0x00000236afca9eb0
[0x0000023691027e80] Heap_lock - owner thread: 0x00000236fd39bba0

Heap address: 0x0000000080000000, size: 2048 MB, Compressed Oops mode: 32-bit

CDS archive(s) mapped at: [0x00000236b0000000-0x00000236b0bb0000-0x00000236b0bb0000), size 12255232, SharedBaseAddress: 0x00000236b0000000, ArchiveRelocationMode: 1.
Compressed class space mapped at: 0x00000236b1000000-0x00000236f1000000, reserved size: 1073741824
Narrow klass base: 0x00000236b0000000, Narrow klass shift: 0, Narrow klass range: 0x100000000

GC Precious Log:
 CPUs: 10 total, 10 available
 Memory: 15751M
 Large Page Support: Disabled
 NUMA Support: Disabled
 Compressed Oops: Enabled (32-bit)
 Heap Region Size: 1M
 Heap Min Capacity: 8M
 Heap Initial Capacity: 248M
 Heap Max Capacity: 2G
 Pre-touch: Disabled
 Parallel Workers: 9
 Concurrent Workers: 2
 Concurrent Refinement Workers: 9
 Periodic GC: Disabled

Heap:
 garbage-first heap   total 253952K, used 135692K [0x0000000080000000, 0x0000000100000000)
  region size 1024K, 6 young (6144K), 6 survivors (6144K)
 Metaspace       used 98123K, committed 99136K, reserved 1179648K
  class space    used 13785K, committed 14272K, reserved 1048576K

Heap Regions: E=young(eden), S=young(survivor), O=old, HS=humongous(starts), HC=humongous(continues), CS=collection set, F=free, OA=open archive, CA=closed archive, TAMS=top-at-mark-start (previous, next)
|   0|0x0000000080000000, 0x0000000080100000, 0x0000000080100000|100%|HS|  |TAMS 0x0000000080100000, 0x0000000080100000| Complete 
|   1|0x0000000080100000, 0x0000000080200000, 0x0000000080200000|100%|HC|  |TAMS 0x0000000080200000, 0x0000000080200000| Complete 
|   2|0x0000000080200000, 0x0000000080300000, 0x0000000080300000|100%|HC|  |TAMS 0x0000000080300000, 0x0000000080300000| Complete 
|   3|0x0000000080300000, 0x0000000080400000, 0x0000000080400000|100%|HC|  |TAMS 0x0000000080400000, 0x0000000080400000| Complete 
|   4|0x0000000080400000, 0x0000000080500000, 0x0000000080500000|100%| O|  |TAMS 0x0000000080500000, 0x0000000080500000| Untracked 
|   5|0x0000000080500000, 0x0000000080600000, 0x0000000080600000|100%| O|  |TAMS 0x0000000080600000, 0x0000000080600000| Untracked 
|   6|0x0000000080600000, 0x0000000080700000, 0x0000000080700000|100%| O|  |TAMS 0x0000000080600000, 0x0000000080600000| Untracked 
|   7|0x0000000080700000, 0x0000000080800000, 0x0000000080800000|100%| O|  |TAMS 0x0000000080800000, 0x0000000080800000| Untracked 
|   8|0x0000000080800000, 0x0000000080900000, 0x0000000080900000|100%| O|  |TAMS 0x0000000080900000, 0x0000000080900000| Untracked 
|   9|0x0000000080900000, 0x0000000080a00000, 0x0000000080a00000|100%|HS|  |TAMS 0x0000000080a00000, 0x0000000080a00000| Complete 
|  10|0x0000000080a00000, 0x0000000080b00000, 0x0000000080b00000|100%| O|  |TAMS 0x0000000080b00000, 0x0000000080b00000| Untracked 
|  11|0x0000000080b00000, 0x0000000080c00000, 0x0000000080c00000|100%| O|  |TAMS 0x0000000080c00000, 0x0000000080c00000| Untracked 
|  12|0x0000000080c00000, 0x0000000080d00000, 0x0000000080d00000|100%| O|  |TAMS 0x0000000080d00000, 0x0000000080d00000| Untracked 
|  13|0x0000000080d00000, 0x0000000080e00000, 0x0000000080e00000|100%| O|  |TAMS 0x0000000080d00000, 0x0000000080e00000| Untracked 
|  14|0x0000000080e00000, 0x0000000080f00000, 0x0000000080f00000|100%| O|  |TAMS 0x0000000080f00000, 0x0000000080f00000| Untracked 
|  15|0x0000000080f00000, 0x0000000081000000, 0x0000000081000000|100%| O|  |TAMS 0x0000000081000000, 0x0000000081000000| Untracked 
|  16|0x0000000081000000, 0x0000000081100000, 0x0000000081100000|100%| O|  |TAMS 0x0000000081100000, 0x0000000081100000| Untracked 
|  17|0x0000000081100000, 0x0000000081200000, 0x0000000081200000|100%| O|  |TAMS 0x0000000081200000, 0x0000000081200000| Untracked 
|  18|0x0000000081200000, 0x0000000081300000, 0x0000000081300000|100%| O|  |TAMS 0x0000000081300000, 0x0000000081300000| Untracked 
|  19|0x0000000081300000, 0x0000000081400000, 0x0000000081400000|100%| O|  |TAMS 0x0000000081400000, 0x0000000081400000| Untracked 
|  20|0x0000000081400000, 0x0000000081500000, 0x0000000081500000|100%| O|  |TAMS 0x0000000081500000, 0x0000000081500000| Untracked 
|  21|0x0000000081500000, 0x0000000081600000, 0x0000000081600000|100%| O|  |TAMS 0x0000000081600000, 0x0000000081600000| Untracked 
|  22|0x0000000081600000, 0x0000000081700000, 0x0000000081700000|100%| O|  |TAMS 0x0000000081700000, 0x0000000081700000| Untracked 
|  23|0x0000000081700000, 0x0000000081800000, 0x0000000081800000|100%| O|  |TAMS 0x0000000081800000, 0x0000000081800000| Untracked 
|  24|0x0000000081800000, 0x0000000081900000, 0x0000000081900000|100%| O|  |TAMS 0x0000000081900000, 0x0000000081900000| Untracked 
|  25|0x0000000081900000, 0x0000000081a00000, 0x0000000081a00000|100%| O|  |TAMS 0x0000000081a00000, 0x0000000081a00000| Untracked 
|  26|0x0000000081a00000, 0x0000000081b00000, 0x0000000081b00000|100%| O|  |TAMS 0x0000000081b00000, 0x0000000081b00000| Untracked 
|  27|0x0000000081b00000, 0x0000000081c00000, 0x0000000081c00000|100%| O|  |TAMS 0x0000000081c00000, 0x0000000081c00000| Untracked 
|  28|0x0000000081c00000, 0x0000000081d00000, 0x0000000081d00000|100%| O|  |TAMS 0x0000000081d00000, 0x0000000081d00000| Untracked 
|  29|0x0000000081d00000, 0x0000000081e00000, 0x0000000081e00000|100%| O|  |TAMS 0x0000000081e00000, 0x0000000081e00000| Untracked 
|  30|0x0000000081e00000, 0x0000000081f00000, 0x0000000081f00000|100%| O|  |TAMS 0x0000000081f00000, 0x0000000081f00000| Untracked 
|  31|0x0000000081f00000, 0x0000000082000000, 0x0000000082000000|100%| O|  |TAMS 0x0000000082000000, 0x0000000082000000| Untracked 
|  32|0x0000000082000000, 0x0000000082100000, 0x0000000082100000|100%| O|  |TAMS 0x0000000082100000, 0x0000000082100000| Untracked 
|  33|0x0000000082100000, 0x0000000082200000, 0x0000000082200000|100%| O|  |TAMS 0x0000000082200000, 0x0000000082200000| Untracked 
|  34|0x0000000082200000, 0x0000000082300000, 0x0000000082300000|100%| O|  |TAMS 0x0000000082300000, 0x0000000082300000| Untracked 
|  35|0x0000000082300000, 0x0000000082400000, 0x0000000082400000|100%| O|  |TAMS 0x0000000082400000, 0x0000000082400000| Untracked 
|  36|0x0000000082400000, 0x0000000082500000, 0x0000000082500000|100%| O|  |TAMS 0x0000000082500000, 0x0000000082500000| Untracked 
|  37|0x0000000082500000, 0x0000000082600000, 0x0000000082600000|100%| O|  |TAMS 0x0000000082600000, 0x0000000082600000| Untracked 
|  38|0x0000000082600000, 0x0000000082700000, 0x0000000082700000|100%| O|  |TAMS 0x0000000082700000, 0x0000000082700000| Untracked 
|  39|0x0000000082700000, 0x0000000082800000, 0x0000000082800000|100%| O|  |TAMS 0x0000000082800000, 0x0000000082800000| Untracked 
|  40|0x0000000082800000, 0x0000000082900000, 0x0000000082900000|100%| O|  |TAMS 0x0000000082900000, 0x0000000082900000| Untracked 
|  41|0x0000000082900000, 0x0000000082a00000, 0x0000000082a00000|100%|HS|  |TAMS 0x0000000082a00000, 0x0000000082a00000| Complete 
|  42|0x0000000082a00000, 0x0000000082b00000, 0x0000000082b00000|100%| O|  |TAMS 0x0000000082b00000, 0x0000000082b00000| Untracked 
|  43|0x0000000082b00000, 0x0000000082c00000, 0x0000000082c00000|100%|HS|  |TAMS 0x0000000082c00000, 0x0000000082c00000| Complete 
|  44|0x0000000082c00000, 0x0000000082d00000, 0x0000000082d00000|100%|HS|  |TAMS 0x0000000082d00000, 0x0000000082d00000| Complete 
|  45|0x0000000082d00000, 0x0000000082e00000, 0x0000000082e00000|100%|HC|  |TAMS 0x0000000082e00000, 0x0000000082e00000| Complete 
|  46|0x0000000082e00000, 0x0000000082f00000, 0x0000000082f00000|100%|HS|  |TAMS 0x0000000082f00000, 0x0000000082f00000| Complete 
|  47|0x0000000082f00000, 0x0000000083000000, 0x0000000083000000|100%|HS|  |TAMS 0x0000000083000000, 0x0000000083000000| Complete 
|  48|0x0000000083000000, 0x0000000083100000, 0x0000000083100000|100%| O|  |TAMS 0x0000000083100000, 0x0000000083100000| Untracked 
|  49|0x0000000083100000, 0x0000000083200000, 0x0000000083200000|100%| O|  |TAMS 0x0000000083200000, 0x0000000083200000| Untracked 
|  50|0x0000000083200000, 0x0000000083300000, 0x0000000083300000|100%| O|  |TAMS 0x0000000083300000, 0x0000000083300000| Untracked 
|  51|0x0000000083300000, 0x0000000083400000, 0x0000000083400000|100%| O|  |TAMS 0x0000000083400000, 0x0000000083400000| Untracked 
|  52|0x0000000083400000, 0x0000000083500000, 0x0000000083500000|100%| O|  |TAMS 0x0000000083500000, 0x0000000083500000| Untracked 
|  53|0x0000000083500000, 0x0000000083600000, 0x0000000083600000|100%|HS|  |TAMS 0x0000000083600000, 0x0000000083600000| Complete 
|  54|0x0000000083600000, 0x0000000083700000, 0x0000000083700000|100%|HS|  |TAMS 0x0000000083700000, 0x0000000083700000| Complete 
|  55|0x0000000083700000, 0x0000000083800000, 0x0000000083800000|100%| O|  |TAMS 0x0000000083800000, 0x0000000083800000| Untracked 
|  56|0x0000000083800000, 0x0000000083900000, 0x0000000083900000|100%| O|  |TAMS 0x0000000083900000, 0x0000000083900000| Untracked 
|  57|0x0000000083900000, 0x0000000083a00000, 0x0000000083a00000|100%|HS|  |TAMS 0x0000000083a00000, 0x0000000083a00000| Complete 
|  58|0x0000000083a00000, 0x0000000083b00000, 0x0000000083b00000|100%|HC|  |TAMS 0x0000000083b00000, 0x0000000083b00000| Complete 
|  59|0x0000000083b00000, 0x0000000083c00000, 0x0000000083c00000|100%| O|  |TAMS 0x0000000083c00000, 0x0000000083c00000| Untracked 
|  60|0x0000000083c00000, 0x0000000083d00000, 0x0000000083d00000|100%| O|  |TAMS 0x0000000083d00000, 0x0000000083d00000| Untracked 
|  61|0x0000000083d00000, 0x0000000083e00000, 0x0000000083e00000|100%| O|  |TAMS 0x0000000083e00000, 0x0000000083e00000| Untracked 
|  62|0x0000000083e00000, 0x0000000083f00000, 0x0000000083f00000|100%| O|  |TAMS 0x0000000083f00000, 0x0000000083f00000| Untracked 
|  63|0x0000000083f00000, 0x0000000084000000, 0x0000000084000000|100%| O|  |TAMS 0x0000000084000000, 0x0000000084000000| Untracked 
|  64|0x0000000084000000, 0x0000000084100000, 0x0000000084100000|100%|HS|  |TAMS 0x0000000084100000, 0x0000000084100000| Complete 
|  65|0x0000000084100000, 0x0000000084200000, 0x0000000084200000|100%| O|  |TAMS 0x0000000084200000, 0x0000000084200000| Untracked 
|  66|0x0000000084200000, 0x0000000084300000, 0x0000000084300000|100%| O|  |TAMS 0x0000000084300000, 0x0000000084300000| Untracked 
|  67|0x0000000084300000, 0x0000000084400000, 0x0000000084400000|100%| O|  |TAMS 0x0000000084400000, 0x0000000084400000| Untracked 
|  68|0x0000000084400000, 0x0000000084500000, 0x0000000084500000|100%| O|  |TAMS 0x0000000084500000, 0x0000000084500000| Untracked 
|  69|0x0000000084500000, 0x0000000084600000, 0x0000000084600000|100%| O|  |TAMS 0x0000000084600000, 0x0000000084600000| Untracked 
|  70|0x0000000084600000, 0x0000000084700000, 0x0000000084700000|100%| O|  |TAMS 0x0000000084700000, 0x0000000084700000| Untracked 
|  71|0x0000000084700000, 0x0000000084800000, 0x0000000084800000|100%| O|  |TAMS 0x0000000084800000, 0x0000000084800000| Untracked 
|  72|0x0000000084800000, 0x0000000084900000, 0x0000000084900000|100%| O|  |TAMS 0x0000000084900000, 0x0000000084900000| Untracked 
|  73|0x0000000084900000, 0x0000000084a00000, 0x0000000084a00000|100%| O|  |TAMS 0x0000000084a00000, 0x0000000084a00000| Untracked 
|  74|0x0000000084a00000, 0x0000000084b00000, 0x0000000084b00000|100%| O|  |TAMS 0x0000000084b00000, 0x0000000084b00000| Untracked 
|  75|0x0000000084b00000, 0x0000000084c00000, 0x0000000084c00000|100%| O|  |TAMS 0x0000000084c00000, 0x0000000084c00000| Untracked 
|  76|0x0000000084c00000, 0x0000000084d00000, 0x0000000084d00000|100%| O|  |TAMS 0x0000000084d00000, 0x0000000084d00000| Untracked 
|  77|0x0000000084d00000, 0x0000000084e00000, 0x0000000084e00000|100%| O|  |TAMS 0x0000000084e00000, 0x0000000084e00000| Untracked 
|  78|0x0000000084e00000, 0x0000000084f00000, 0x0000000084f00000|100%| O|  |TAMS 0x0000000084f00000, 0x0000000084f00000| Untracked 
|  79|0x0000000084f00000, 0x0000000085000000, 0x0000000085000000|100%| O|  |TAMS 0x0000000085000000, 0x0000000085000000| Untracked 
|  80|0x0000000085000000, 0x0000000085100000, 0x0000000085100000|100%| O|  |TAMS 0x0000000085100000, 0x0000000085100000| Untracked 
|  81|0x0000000085100000, 0x0000000085200000, 0x0000000085200000|100%| O|  |TAMS 0x0000000085200000, 0x0000000085200000| Untracked 
|  82|0x0000000085200000, 0x0000000085300000, 0x0000000085300000|100%|HS|  |TAMS 0x0000000085300000, 0x0000000085300000| Complete 
|  83|0x0000000085300000, 0x0000000085400000, 0x0000000085400000|100%|HC|  |TAMS 0x0000000085400000, 0x0000000085400000| Complete 
|  84|0x0000000085400000, 0x0000000085500000, 0x0000000085500000|100%| O|  |TAMS 0x0000000085500000, 0x0000000085500000| Untracked 
|  85|0x0000000085500000, 0x0000000085600000, 0x0000000085600000|100%| O|  |TAMS 0x0000000085600000, 0x0000000085600000| Untracked 
|  86|0x0000000085600000, 0x0000000085700000, 0x0000000085700000|100%| O|  |TAMS 0x0000000085700000, 0x0000000085700000| Untracked 
|  87|0x0000000085700000, 0x0000000085800000, 0x0000000085800000|100%| O|  |TAMS 0x0000000085800000, 0x0000000085800000| Untracked 
|  88|0x0000000085800000, 0x0000000085900000, 0x0000000085900000|100%| O|  |TAMS 0x0000000085900000, 0x0000000085900000| Untracked 
|  89|0x0000000085900000, 0x0000000085a00000, 0x0000000085a00000|100%| O|  |TAMS 0x0000000085a00000, 0x0000000085a00000| Untracked 
|  90|0x0000000085a00000, 0x0000000085b00000, 0x0000000085b00000|100%| O|  |TAMS 0x0000000085b00000, 0x0000000085b00000| Untracked 
|  91|0x0000000085b00000, 0x0000000085c00000, 0x0000000085c00000|100%| O|  |TAMS 0x0000000085c00000, 0x0000000085c00000| Untracked 
|  92|0x0000000085c00000, 0x0000000085d00000, 0x0000000085d00000|100%| O|  |TAMS 0x0000000085c3da00, 0x0000000085d00000| Untracked 
|  93|0x0000000085d00000, 0x0000000085e00000, 0x0000000085e00000|100%| O|  |TAMS 0x0000000085d00000, 0x0000000085e00000| Untracked 
|  94|0x0000000085e00000, 0x0000000085f00000, 0x0000000085f00000|100%| O|  |TAMS 0x0000000085e00000, 0x0000000085f00000| Untracked 
|  95|0x0000000085f00000, 0x0000000086000000, 0x0000000086000000|100%| O|  |TAMS 0x0000000085f00000, 0x0000000086000000| Untracked 
|  96|0x0000000086000000, 0x0000000086100000, 0x0000000086100000|100%| O|  |TAMS 0x0000000086000000, 0x0000000086100000| Untracked 
|  97|0x0000000086100000, 0x0000000086200000, 0x0000000086200000|100%| O|  |TAMS 0x0000000086100000, 0x0000000086200000| Untracked 
|  98|0x0000000086200000, 0x0000000086300000, 0x0000000086300000|100%| O|  |TAMS 0x0000000086200000, 0x0000000086300000| Untracked 
|  99|0x0000000086300000, 0x0000000086400000, 0x0000000086400000|100%| O|  |TAMS 0x0000000086300000, 0x0000000086400000| Untracked 
| 100|0x0000000086400000, 0x0000000086500000, 0x0000000086500000|100%| O|  |TAMS 0x0000000086400000, 0x0000000086500000| Untracked 
| 101|0x0000000086500000, 0x0000000086600000, 0x0000000086600000|100%| O|  |TAMS 0x0000000086500000, 0x0000000086600000| Untracked 
| 102|0x0000000086600000, 0x0000000086700000, 0x0000000086700000|100%| O|  |TAMS 0x0000000086600000, 0x0000000086700000| Untracked 
| 103|0x0000000086700000, 0x0000000086800000, 0x0000000086800000|100%| O|  |TAMS 0x0000000086700000, 0x0000000086800000| Untracked 
| 104|0x0000000086800000, 0x0000000086900000, 0x0000000086900000|100%| O|  |TAMS 0x0000000086800000, 0x0000000086900000| Untracked 
| 105|0x0000000086900000, 0x0000000086a00000, 0x0000000086a00000|100%| O|  |TAMS 0x0000000086900000, 0x0000000086a00000| Untracked 
| 106|0x0000000086a00000, 0x0000000086b00000, 0x0000000086b00000|100%| O|  |TAMS 0x0000000086a00000, 0x0000000086b00000| Untracked 
| 107|0x0000000086b00000, 0x0000000086c00000, 0x0000000086c00000|100%| O|  |TAMS 0x0000000086b00000, 0x0000000086c00000| Untracked 
| 108|0x0000000086c00000, 0x0000000086d00000, 0x0000000086d00000|100%| O|  |TAMS 0x0000000086c00000, 0x0000000086d00000| Untracked 
| 109|0x0000000086d00000, 0x0000000086e00000, 0x0000000086e00000|100%| O|  |TAMS 0x0000000086d00000, 0x0000000086e00000| Untracked 
| 110|0x0000000086e00000, 0x0000000086f00000, 0x0000000086f00000|100%| O|  |TAMS 0x0000000086e00000, 0x0000000086f00000| Untracked 
| 111|0x0000000086f00000, 0x0000000087000000, 0x0000000087000000|100%| O|  |TAMS 0x0000000086f00000, 0x0000000087000000| Untracked 
| 112|0x0000000087000000, 0x0000000087100000, 0x0000000087100000|100%| O|  |TAMS 0x0000000087000000, 0x0000000087100000| Untracked 
| 113|0x0000000087100000, 0x0000000087200000, 0x0000000087200000|100%| O|  |TAMS 0x0000000087100000, 0x0000000087200000| Untracked 
| 114|0x0000000087200000, 0x0000000087300000, 0x0000000087300000|100%| O|  |TAMS 0x0000000087200000, 0x0000000087300000| Untracked 
| 115|0x0000000087300000, 0x0000000087400000, 0x0000000087400000|100%| O|  |TAMS 0x0000000087300000, 0x0000000087400000| Untracked 
| 116|0x0000000087400000, 0x0000000087500000, 0x0000000087500000|100%| O|  |TAMS 0x0000000087400000, 0x0000000087500000| Untracked 
| 117|0x0000000087500000, 0x0000000087600000, 0x0000000087600000|100%| O|  |TAMS 0x0000000087500000, 0x0000000087600000| Untracked 
| 118|0x0000000087600000, 0x0000000087700000, 0x0000000087700000|100%| O|  |TAMS 0x0000000087600000, 0x0000000087700000| Untracked 
| 119|0x0000000087700000, 0x0000000087800000, 0x0000000087800000|100%| O|  |TAMS 0x0000000087700000, 0x000000008777cc00| Untracked 
| 120|0x0000000087800000, 0x0000000087900000, 0x0000000087900000|100%| O|  |TAMS 0x0000000087800000, 0x0000000087800000| Untracked 
| 121|0x0000000087900000, 0x0000000087a00000, 0x0000000087a00000|100%| O|  |TAMS 0x0000000087900000, 0x0000000087900000| Untracked 
| 122|0x0000000087a00000, 0x0000000087b00000, 0x0000000087b00000|100%| O|  |TAMS 0x0000000087a00000, 0x0000000087a00000| Untracked 
| 123|0x0000000087b00000, 0x0000000087c00000, 0x0000000087c00000|100%| O|  |TAMS 0x0000000087b00000, 0x0000000087b00000| Untracked 
| 124|0x0000000087c00000, 0x0000000087d00000, 0x0000000087d00000|100%| O|  |TAMS 0x0000000087c00000, 0x0000000087c00000| Untracked 
| 125|0x0000000087d00000, 0x0000000087e00000, 0x0000000087e00000|100%| O|  |TAMS 0x0000000087d00000, 0x0000000087d00000| Untracked 
| 126|0x0000000087e00000, 0x0000000087e83200, 0x0000000087f00000| 51%| O|  |TAMS 0x0000000087e00000, 0x0000000087e00000| Untracked 
| 127|0x0000000087f00000, 0x0000000087f00000, 0x0000000088000000|  0%| F|  |TAMS 0x0000000087f00000, 0x0000000087f00000| Untracked 
| 128|0x0000000088000000, 0x0000000088000000, 0x0000000088100000|  0%| F|  |TAMS 0x0000000088000000, 0x0000000088000000| Untracked 
| 129|0x0000000088100000, 0x0000000088100000, 0x0000000088200000|  0%| F|  |TAMS 0x0000000088100000, 0x0000000088100000| Untracked 
| 130|0x0000000088200000, 0x0000000088200000, 0x0000000088300000|  0%| F|  |TAMS 0x0000000088200000, 0x0000000088200000| Untracked 
| 131|0x0000000088300000, 0x0000000088300000, 0x0000000088400000|  0%| F|  |TAMS 0x0000000088300000, 0x0000000088300000| Untracked 
| 132|0x0000000088400000, 0x0000000088400000, 0x0000000088500000|  0%| F|  |TAMS 0x0000000088400000, 0x0000000088400000| Untracked 
| 133|0x0000000088500000, 0x0000000088500000, 0x0000000088600000|  0%| F|  |TAMS 0x0000000088500000, 0x0000000088500000| Untracked 
| 134|0x0000000088600000, 0x0000000088600000, 0x0000000088700000|  0%| F|  |TAMS 0x0000000088600000, 0x0000000088600000| Untracked 
| 135|0x0000000088700000, 0x0000000088700000, 0x0000000088800000|  0%| F|  |TAMS 0x0000000088700000, 0x0000000088700000| Untracked 
| 136|0x0000000088800000, 0x0000000088800000, 0x0000000088900000|  0%| F|  |TAMS 0x0000000088800000, 0x0000000088800000| Untracked 
| 137|0x0000000088900000, 0x0000000088900000, 0x0000000088a00000|  0%| F|  |TAMS 0x0000000088900000, 0x0000000088900000| Untracked 
| 138|0x0000000088a00000, 0x0000000088a00000, 0x0000000088b00000|  0%| F|  |TAMS 0x0000000088a00000, 0x0000000088a00000| Untracked 
| 139|0x0000000088b00000, 0x0000000088b00000, 0x0000000088c00000|  0%| F|  |TAMS 0x0000000088b00000, 0x0000000088b00000| Untracked 
| 140|0x0000000088c00000, 0x0000000088c00000, 0x0000000088d00000|  0%| F|  |TAMS 0x0000000088c00000, 0x0000000088c00000| Untracked 
| 141|0x0000000088d00000, 0x0000000088d00000, 0x0000000088e00000|  0%| F|  |TAMS 0x0000000088d00000, 0x0000000088d00000| Untracked 
| 142|0x0000000088e00000, 0x0000000088e00000, 0x0000000088f00000|  0%| F|  |TAMS 0x0000000088e00000, 0x0000000088e00000| Untracked 
| 143|0x0000000088f00000, 0x0000000088f00000, 0x0000000089000000|  0%| F|  |TAMS 0x0000000088f00000, 0x0000000088f00000| Untracked 
| 144|0x0000000089000000, 0x0000000089000000, 0x0000000089100000|  0%| F|  |TAMS 0x0000000089000000, 0x0000000089000000| Untracked 
| 145|0x0000000089100000, 0x0000000089100000, 0x0000000089200000|  0%| F|  |TAMS 0x0000000089100000, 0x0000000089100000| Untracked 
| 146|0x0000000089200000, 0x0000000089200000, 0x0000000089300000|  0%| F|  |TAMS 0x0000000089200000, 0x0000000089200000| Untracked 
| 147|0x0000000089300000, 0x0000000089300000, 0x0000000089400000|  0%| F|  |TAMS 0x0000000089300000, 0x0000000089300000| Untracked 
| 148|0x0000000089400000, 0x0000000089400000, 0x0000000089500000|  0%| F|  |TAMS 0x0000000089400000, 0x0000000089400000| Untracked 
| 149|0x0000000089500000, 0x0000000089500000, 0x0000000089600000|  0%| F|  |TAMS 0x0000000089500000, 0x0000000089500000| Untracked 
| 150|0x0000000089600000, 0x0000000089600000, 0x0000000089700000|  0%| F|  |TAMS 0x0000000089600000, 0x0000000089600000| Untracked 
| 151|0x0000000089700000, 0x0000000089700000, 0x0000000089800000|  0%| F|  |TAMS 0x0000000089700000, 0x0000000089700000| Untracked 
| 152|0x0000000089800000, 0x0000000089800000, 0x0000000089900000|  0%| F|  |TAMS 0x0000000089800000, 0x0000000089800000| Untracked 
| 153|0x0000000089900000, 0x0000000089a00000, 0x0000000089a00000|100%| S|CS|TAMS 0x0000000089900000, 0x0000000089900000| Complete 
| 154|0x0000000089a00000, 0x0000000089b00000, 0x0000000089b00000|100%| S|CS|TAMS 0x0000000089a00000, 0x0000000089a00000| Complete 
| 155|0x0000000089b00000, 0x0000000089c00000, 0x0000000089c00000|100%| S|CS|TAMS 0x0000000089b00000, 0x0000000089b00000| Complete 
| 156|0x0000000089c00000, 0x0000000089d00000, 0x0000000089d00000|100%| S|CS|TAMS 0x0000000089c00000, 0x0000000089c00000| Complete 
| 157|0x0000000089d00000, 0x0000000089e00000, 0x0000000089e00000|100%| S|CS|TAMS 0x0000000089d00000, 0x0000000089d00000| Complete 
| 158|0x0000000089e00000, 0x0000000089f00000, 0x0000000089f00000|100%| S|CS|TAMS 0x0000000089e00000, 0x0000000089e00000| Complete 
| 159|0x0000000089f00000, 0x0000000089f00000, 0x000000008a000000|  0%| F|  |TAMS 0x0000000089f00000, 0x0000000089f00000| Untracked 
| 160|0x000000008a000000, 0x000000008a000000, 0x000000008a100000|  0%| F|  |TAMS 0x000000008a000000, 0x000000008a000000| Untracked 
| 161|0x000000008a100000, 0x000000008a100000, 0x000000008a200000|  0%| F|  |TAMS 0x000000008a100000, 0x000000008a100000| Untracked 
| 162|0x000000008a200000, 0x000000008a200000, 0x000000008a300000|  0%| F|  |TAMS 0x000000008a200000, 0x000000008a200000| Untracked 
| 163|0x000000008a300000, 0x000000008a300000, 0x000000008a400000|  0%| F|  |TAMS 0x000000008a300000, 0x000000008a300000| Untracked 
| 164|0x000000008a400000, 0x000000008a400000, 0x000000008a500000|  0%| F|  |TAMS 0x000000008a400000, 0x000000008a400000| Untracked 
| 165|0x000000008a500000, 0x000000008a500000, 0x000000008a600000|  0%| F|  |TAMS 0x000000008a500000, 0x000000008a500000| Untracked 
| 166|0x000000008a600000, 0x000000008a600000, 0x000000008a700000|  0%| F|  |TAMS 0x000000008a600000, 0x000000008a600000| Untracked 
| 167|0x000000008a700000, 0x000000008a700000, 0x000000008a800000|  0%| F|  |TAMS 0x000000008a700000, 0x000000008a700000| Untracked 
| 168|0x000000008a800000, 0x000000008a800000, 0x000000008a900000|  0%| F|  |TAMS 0x000000008a800000, 0x000000008a800000| Untracked 
| 169|0x000000008a900000, 0x000000008a900000, 0x000000008aa00000|  0%| F|  |TAMS 0x000000008a900000, 0x000000008a900000| Untracked 
| 170|0x000000008aa00000, 0x000000008aa00000, 0x000000008ab00000|  0%| F|  |TAMS 0x000000008aa00000, 0x000000008aa00000| Untracked 
| 171|0x000000008ab00000, 0x000000008ab00000, 0x000000008ac00000|  0%| F|  |TAMS 0x000000008ab00000, 0x000000008ab00000| Untracked 
| 172|0x000000008ac00000, 0x000000008ac00000, 0x000000008ad00000|  0%| F|  |TAMS 0x000000008ac00000, 0x000000008ac00000| Untracked 
| 173|0x000000008ad00000, 0x000000008ad00000, 0x000000008ae00000|  0%| F|  |TAMS 0x000000008ad00000, 0x000000008ad00000| Untracked 
| 174|0x000000008ae00000, 0x000000008ae00000, 0x000000008af00000|  0%| F|  |TAMS 0x000000008ae00000, 0x000000008ae00000| Untracked 
| 175|0x000000008af00000, 0x000000008af00000, 0x000000008b000000|  0%| F|  |TAMS 0x000000008af00000, 0x000000008af00000| Untracked 
| 176|0x000000008b000000, 0x000000008b000000, 0x000000008b100000|  0%| F|  |TAMS 0x000000008b000000, 0x000000008b000000| Untracked 
| 177|0x000000008b100000, 0x000000008b100000, 0x000000008b200000|  0%| F|  |TAMS 0x000000008b100000, 0x000000008b100000| Untracked 
| 178|0x000000008b200000, 0x000000008b200000, 0x000000008b300000|  0%| F|  |TAMS 0x000000008b200000, 0x000000008b200000| Untracked 
| 179|0x000000008b300000, 0x000000008b300000, 0x000000008b400000|  0%| F|  |TAMS 0x000000008b300000, 0x000000008b300000| Untracked 
| 180|0x000000008b400000, 0x000000008b400000, 0x000000008b500000|  0%| F|  |TAMS 0x000000008b400000, 0x000000008b400000| Untracked 
| 181|0x000000008b500000, 0x000000008b500000, 0x000000008b600000|  0%| F|  |TAMS 0x000000008b500000, 0x000000008b500000| Untracked 
| 182|0x000000008b600000, 0x000000008b600000, 0x000000008b700000|  0%| F|  |TAMS 0x000000008b600000, 0x000000008b600000| Untracked 
| 183|0x000000008b700000, 0x000000008b700000, 0x000000008b800000|  0%| F|  |TAMS 0x000000008b700000, 0x000000008b700000| Untracked 
| 184|0x000000008b800000, 0x000000008b800000, 0x000000008b900000|  0%| F|  |TAMS 0x000000008b800000, 0x000000008b800000| Untracked 
| 185|0x000000008b900000, 0x000000008b900000, 0x000000008ba00000|  0%| F|  |TAMS 0x000000008b900000, 0x000000008b900000| Untracked 
| 186|0x000000008ba00000, 0x000000008ba00000, 0x000000008bb00000|  0%| F|  |TAMS 0x000000008ba00000, 0x000000008ba00000| Untracked 
| 187|0x000000008bb00000, 0x000000008bb00000, 0x000000008bc00000|  0%| F|  |TAMS 0x000000008bb00000, 0x000000008bb00000| Untracked 
| 188|0x000000008bc00000, 0x000000008bc00000, 0x000000008bd00000|  0%| F|  |TAMS 0x000000008bc00000, 0x000000008bc00000| Untracked 
| 189|0x000000008bd00000, 0x000000008bd00000, 0x000000008be00000|  0%| F|  |TAMS 0x000000008bd00000, 0x000000008bd00000| Untracked 
| 190|0x000000008be00000, 0x000000008be00000, 0x000000008bf00000|  0%| F|  |TAMS 0x000000008be00000, 0x000000008be00000| Untracked 
| 191|0x000000008bf00000, 0x000000008bf00000, 0x000000008c000000|  0%| F|  |TAMS 0x000000008bf00000, 0x000000008bf00000| Untracked 
| 192|0x000000008c000000, 0x000000008c000000, 0x000000008c100000|  0%| F|  |TAMS 0x000000008c000000, 0x000000008c000000| Untracked 
| 193|0x000000008c100000, 0x000000008c100000, 0x000000008c200000|  0%| F|  |TAMS 0x000000008c100000, 0x000000008c100000| Untracked 
| 194|0x000000008c200000, 0x000000008c200000, 0x000000008c300000|  0%| F|  |TAMS 0x000000008c200000, 0x000000008c200000| Untracked 
| 195|0x000000008c300000, 0x000000008c300000, 0x000000008c400000|  0%| F|  |TAMS 0x000000008c300000, 0x000000008c300000| Untracked 
| 196|0x000000008c400000, 0x000000008c400000, 0x000000008c500000|  0%| F|  |TAMS 0x000000008c400000, 0x000000008c400000| Untracked 
| 197|0x000000008c500000, 0x000000008c500000, 0x000000008c600000|  0%| F|  |TAMS 0x000000008c500000, 0x000000008c500000| Untracked 
| 198|0x000000008c600000, 0x000000008c600000, 0x000000008c700000|  0%| F|  |TAMS 0x000000008c600000, 0x000000008c600000| Untracked 
| 199|0x000000008c700000, 0x000000008c700000, 0x000000008c800000|  0%| F|  |TAMS 0x000000008c700000, 0x000000008c700000| Untracked 
| 200|0x000000008c800000, 0x000000008c800000, 0x000000008c900000|  0%| F|  |TAMS 0x000000008c800000, 0x000000008c800000| Untracked 
| 201|0x000000008c900000, 0x000000008c900000, 0x000000008ca00000|  0%| F|  |TAMS 0x000000008c900000, 0x000000008c900000| Untracked 
| 202|0x000000008ca00000, 0x000000008ca00000, 0x000000008cb00000|  0%| F|  |TAMS 0x000000008ca00000, 0x000000008ca00000| Untracked 
| 203|0x000000008cb00000, 0x000000008cb00000, 0x000000008cc00000|  0%| F|  |TAMS 0x000000008cb00000, 0x000000008cb00000| Untracked 
| 204|0x000000008cc00000, 0x000000008cc00000, 0x000000008cd00000|  0%| F|  |TAMS 0x000000008cc00000, 0x000000008cc00000| Untracked 
| 205|0x000000008cd00000, 0x000000008cd00000, 0x000000008ce00000|  0%| F|  |TAMS 0x000000008cd00000, 0x000000008cd00000| Untracked 
| 206|0x000000008ce00000, 0x000000008ce00000, 0x000000008cf00000|  0%| F|  |TAMS 0x000000008ce00000, 0x000000008ce00000| Untracked 
| 207|0x000000008cf00000, 0x000000008cf00000, 0x000000008d000000|  0%| F|  |TAMS 0x000000008cf00000, 0x000000008cf00000| Untracked 
| 208|0x000000008d000000, 0x000000008d000000, 0x000000008d100000|  0%| F|  |TAMS 0x000000008d000000, 0x000000008d000000| Untracked 
| 209|0x000000008d100000, 0x000000008d100000, 0x000000008d200000|  0%| F|  |TAMS 0x000000008d100000, 0x000000008d100000| Untracked 
| 210|0x000000008d200000, 0x000000008d200000, 0x000000008d300000|  0%| F|  |TAMS 0x000000008d200000, 0x000000008d200000| Untracked 
| 211|0x000000008d300000, 0x000000008d300000, 0x000000008d400000|  0%| F|  |TAMS 0x000000008d300000, 0x000000008d300000| Untracked 
| 212|0x000000008d400000, 0x000000008d400000, 0x000000008d500000|  0%| F|  |TAMS 0x000000008d400000, 0x000000008d400000| Untracked 
| 213|0x000000008d500000, 0x000000008d500000, 0x000000008d600000|  0%| F|  |TAMS 0x000000008d500000, 0x000000008d500000| Untracked 
| 214|0x000000008d600000, 0x000000008d600000, 0x000000008d700000|  0%| F|  |TAMS 0x000000008d600000, 0x000000008d600000| Untracked 
| 215|0x000000008d700000, 0x000000008d700000, 0x000000008d800000|  0%| F|  |TAMS 0x000000008d700000, 0x000000008d700000| Untracked 
| 216|0x000000008d800000, 0x000000008d800000, 0x000000008d900000|  0%| F|  |TAMS 0x000000008d800000, 0x000000008d800000| Untracked 
| 217|0x000000008d900000, 0x000000008d900000, 0x000000008da00000|  0%| F|  |TAMS 0x000000008d900000, 0x000000008d900000| Untracked 
| 218|0x000000008da00000, 0x000000008da00000, 0x000000008db00000|  0%| F|  |TAMS 0x000000008da00000, 0x000000008da00000| Untracked 
| 219|0x000000008db00000, 0x000000008db00000, 0x000000008dc00000|  0%| F|  |TAMS 0x000000008db00000, 0x000000008db00000| Untracked 
| 220|0x000000008dc00000, 0x000000008dc00000, 0x000000008dd00000|  0%| F|  |TAMS 0x000000008dc00000, 0x000000008dc00000| Untracked 
| 221|0x000000008dd00000, 0x000000008dd00000, 0x000000008de00000|  0%| F|  |TAMS 0x000000008dd00000, 0x000000008dd00000| Untracked 
| 222|0x000000008de00000, 0x000000008de00000, 0x000000008df00000|  0%| F|  |TAMS 0x000000008de00000, 0x000000008de00000| Untracked 
| 223|0x000000008df00000, 0x000000008df00000, 0x000000008e000000|  0%| F|  |TAMS 0x000000008df00000, 0x000000008df00000| Untracked 
| 224|0x000000008e000000, 0x000000008e000000, 0x000000008e100000|  0%| F|  |TAMS 0x000000008e000000, 0x000000008e000000| Untracked 
| 225|0x000000008e100000, 0x000000008e100000, 0x000000008e200000|  0%| F|  |TAMS 0x000000008e100000, 0x000000008e100000| Untracked 
| 226|0x000000008e200000, 0x000000008e200000, 0x000000008e300000|  0%| F|  |TAMS 0x000000008e200000, 0x000000008e200000| Untracked 
| 227|0x000000008e300000, 0x000000008e300000, 0x000000008e400000|  0%| F|  |TAMS 0x000000008e300000, 0x000000008e300000| Untracked 
| 228|0x000000008e400000, 0x000000008e400000, 0x000000008e500000|  0%| F|  |TAMS 0x000000008e400000, 0x000000008e400000| Untracked 
| 229|0x000000008e500000, 0x000000008e500000, 0x000000008e600000|  0%| F|  |TAMS 0x000000008e500000, 0x000000008e500000| Untracked 
| 230|0x000000008e600000, 0x000000008e600000, 0x000000008e700000|  0%| F|  |TAMS 0x000000008e600000, 0x000000008e600000| Untracked 
| 231|0x000000008e700000, 0x000000008e700000, 0x000000008e800000|  0%| F|  |TAMS 0x000000008e700000, 0x000000008e700000| Untracked 
| 232|0x000000008e800000, 0x000000008e800000, 0x000000008e900000|  0%| F|  |TAMS 0x000000008e800000, 0x000000008e800000| Untracked 
| 233|0x000000008e900000, 0x000000008e900000, 0x000000008ea00000|  0%| F|  |TAMS 0x000000008e900000, 0x000000008e900000| Untracked 
| 234|0x000000008ea00000, 0x000000008ea00000, 0x000000008eb00000|  0%| F|  |TAMS 0x000000008ea00000, 0x000000008ea00000| Untracked 
| 235|0x000000008eb00000, 0x000000008eb00000, 0x000000008ec00000|  0%| F|  |TAMS 0x000000008eb00000, 0x000000008eb00000| Untracked 
| 236|0x000000008ec00000, 0x000000008ec00000, 0x000000008ed00000|  0%| F|  |TAMS 0x000000008ec00000, 0x000000008ec00000| Untracked 
| 237|0x000000008ed00000, 0x000000008ed00000, 0x000000008ee00000|  0%| F|  |TAMS 0x000000008ed00000, 0x000000008ed00000| Untracked 
| 238|0x000000008ee00000, 0x000000008ee00000, 0x000000008ef00000|  0%| F|  |TAMS 0x000000008ee00000, 0x000000008ee00000| Untracked 
| 239|0x000000008ef00000, 0x000000008ef00000, 0x000000008f000000|  0%| F|  |TAMS 0x000000008ef00000, 0x000000008ef00000| Untracked 
| 240|0x000000008f000000, 0x000000008f000000, 0x000000008f100000|  0%| F|  |TAMS 0x000000008f000000, 0x000000008f000000| Untracked 
| 241|0x000000008f100000, 0x000000008f100000, 0x000000008f200000|  0%| F|  |TAMS 0x000000008f100000, 0x000000008f100000| Untracked 
| 242|0x000000008f200000, 0x000000008f200000, 0x000000008f300000|  0%| F|  |TAMS 0x000000008f200000, 0x000000008f200000| Untracked 
| 243|0x000000008f300000, 0x000000008f300000, 0x000000008f400000|  0%| F|  |TAMS 0x000000008f300000, 0x000000008f300000| Untracked 
| 244|0x000000008f400000, 0x000000008f400000, 0x000000008f500000|  0%| F|  |TAMS 0x000000008f400000, 0x000000008f400000| Untracked 
| 245|0x000000008f500000, 0x000000008f500000, 0x000000008f600000|  0%| F|  |TAMS 0x000000008f500000, 0x000000008f500000| Untracked 
| 246|0x000000008f600000, 0x000000008f600000, 0x000000008f700000|  0%| F|  |TAMS 0x000000008f600000, 0x000000008f600000| Untracked 
| 247|0x000000008f700000, 0x000000008f700000, 0x000000008f800000|  0%| F|  |TAMS 0x000000008f700000, 0x000000008f700000| Untracked 

Card table byte_map: [0x00000236a89c0000,0x00000236a8dc0000] _byte_map_base: 0x00000236a85c0000

Marking Bits (Prev, Next): (CMBitMap*) 0x0000023690cc2850, (CMBitMap*) 0x0000023690cc2890
 Prev Bits: [0x00000236a91c0000, 0x00000236ab1c0000)
 Next Bits: [0x00000236ab1c0000, 0x00000236ad1c0000)

Polling page: 0x000002368ee90000

Metaspace:

Usage:
  Non-class:     82.36 MB used.
      Class:     13.46 MB used.
       Both:     95.82 MB used.

Virtual space:
  Non-class space:      128.00 MB reserved,      82.88 MB ( 65%) committed,  2 nodes.
      Class space:        1.00 GB reserved,      13.94 MB (  1%) committed,  1 nodes.
             Both:        1.12 GB reserved,      96.81 MB (  8%) committed. 

Chunk freelists:
   Non-Class:  12.48 MB
       Class:  2.09 MB
        Both:  14.58 MB

MaxMetaspaceSize: unlimited
CompressedClassSpaceSize: 1.00 GB
Initial GC threshold: 21.00 MB
Current GC threshold: 160.94 MB
CDS: on
MetaspaceReclaimPolicy: balanced
 - commit_granule_bytes: 65536.
 - commit_granule_words: 8192.
 - virtual_space_node_default_size: 8388608.
 - enlarge_chunks_in_place: 1.
 - new_chunks_are_fully_committed: 0.
 - uncommit_free_chunks: 1.
 - use_allocation_guard: 0.
 - handle_deallocations: 1.


Internal statistics:

num_allocs_failed_limit: 6.
num_arena_births: 1350.
num_arena_deaths: 0.
num_vsnodes_births: 3.
num_vsnodes_deaths: 0.
num_space_committed: 1548.
num_space_uncommitted: 0.
num_chunks_returned_to_freelist: 6.
num_chunks_taken_from_freelist: 5598.
num_chunk_merges: 6.
num_chunk_splits: 3695.
num_chunks_enlarged: 2442.
num_inconsistent_stats: 0.

CodeHeap 'non-profiled nmethods': size=120000Kb used=7112Kb max_used=7112Kb free=112887Kb
 bounds [0x00000236a0610000, 0x00000236a0d10000, 0x00000236a7b40000]
CodeHeap 'profiled nmethods': size=120000Kb used=19860Kb max_used=19860Kb free=100139Kb
 bounds [0x0000023698b40000, 0x0000023699eb0000, 0x00000236a0070000]
CodeHeap 'non-nmethods': size=5760Kb used=1764Kb max_used=1830Kb free=3995Kb
 bounds [0x00000236a0070000, 0x00000236a02e0000, 0x00000236a0610000]
 total_blobs=11374 nmethods=10512 adapters=772
 compilation: enabled
              stopped_count=0, restarted_count=0
 full_count=0

Compilation events (20 events):
Event: 84.009 Thread 0x00000236afcb74d0 12115       3       com.android.tools.r8.internal.z51::b (35 bytes)
Event: 84.009 Thread 0x00000236afcb74d0 nmethod 12115 0x0000023699e94890 code [0x0000023699e94a60, 0x0000023699e94da8]
Event: 84.009 Thread 0x00000236afcb74d0 12113       3       com.android.tools.r8.internal.f94$$Lambda$2047/0x00000236b1da7b10::call (8 bytes)
Event: 84.009 Thread 0x00000236afcb74d0 nmethod 12113 0x0000023699e94f10 code [0x0000023699e950c0, 0x0000023699e952e8]
Event: 84.009 Thread 0x00000236afcb74d0 12117   !   3       com.android.tools.r8.internal.jv::a (50 bytes)
Event: 84.010 Thread 0x00000236afcb74d0 nmethod 12117 0x0000023699e95410 code [0x0000023699e956e0, 0x0000023699e96798]
Event: 84.010 Thread 0x00000236afcb74d0 12118       3       com.android.tools.r8.internal.jv$$Lambda$2046/0x00000236b1da78f0::a (20 bytes)
Event: 84.010 Thread 0x00000236afcb74d0 nmethod 12118 0x0000023699e96f10 code [0x0000023699e970c0, 0x0000023699e97208]
Event: 84.010 Thread 0x00000236afcb74d0 12119       3       com.android.tools.r8.graph.u0::c (58 bytes)
Event: 84.010 Thread 0x00000236afcb74d0 nmethod 12119 0x0000023699e97290 code [0x0000023699e97520, 0x0000023699e98428]
Event: 84.010 Thread 0x00000236afcb74d0 12116   !   3       com.android.tools.r8.graph.k9::a (829 bytes)
Event: 84.011 Thread 0x00000236afcb74d0 nmethod 12116 0x0000023699e98a10 code [0x0000023699e99020, 0x0000023699e9d478]
Event: 84.011 Thread 0x00000236afcb74d0 12122   !   3       com.android.tools.r8.graph.p9::a (310 bytes)
Event: 84.011 Thread 0x00000236f9643050 nmethod 12100 0x00000236a0cff990 code [0x00000236a0cffbe0, 0x00000236a0d01090]
Event: 84.012 Thread 0x00000236f9643050 12106   !   4       java.util.concurrent.ConcurrentHashMap::transfer (849 bytes)
Event: 84.012 Thread 0x00000236afcb74d0 nmethod 12122 0x0000023699e9eb90 code [0x0000023699e9ee80, 0x0000023699e9ffe8]
Event: 84.012 Thread 0x00000236afcb74d0 12123       3       com.android.tools.r8.graph.k9::a (444 bytes)
Event: 84.013 Thread 0x00000236afcb74d0 nmethod 12123 0x0000023699ea0810 code [0x0000023699ea0d80, 0x0000023699ea39b8]
Event: 84.013 Thread 0x00000236afcb74d0 12134   !   3       com.android.tools.r8.graph.d2::<init> (346 bytes)
Event: 84.014 Thread 0x00000236afcb74d0 nmethod 12134 0x0000023699ea4b10 code [0x0000023699ea4e40, 0x0000023699ea6428]

GC Heap History (20 events):
Event: 7.509 GC heap after
{Heap after GC invocations=46 (full 0):
 garbage-first heap   total 145408K, used 83065K [0x0000000080000000, 0x0000000100000000)
  region size 1024K, 4 young (4096K), 4 survivors (4096K)
 Metaspace       used 86210K, committed 87040K, reserved 1179648K
  class space    used 12176K, committed 12608K, reserved 1048576K
}
Event: 82.917 GC heap before
{Heap before GC invocations=46 (full 0):
 garbage-first heap   total 145408K, used 119929K [0x0000000080000000, 0x0000000100000000)
  region size 1024K, 41 young (41984K), 4 survivors (4096K)
 Metaspace       used 88962K, committed 89792K, reserved 1179648K
  class space    used 12680K, committed 13056K, reserved 1048576K
}
Event: 82.920 GC heap after
{Heap after GC invocations=47 (full 0):
 garbage-first heap   total 145408K, used 85240K [0x0000000080000000, 0x0000000100000000)
  region size 1024K, 5 young (5120K), 5 survivors (5120K)
 Metaspace       used 88962K, committed 89792K, reserved 1179648K
  class space    used 12680K, committed 13056K, reserved 1048576K
}
Event: 83.226 GC heap before
{Heap before GC invocations=48 (full 0):
 garbage-first heap   total 158720K, used 126200K [0x0000000080000000, 0x0000000100000000)
  region size 1024K, 41 young (41984K), 5 survivors (5120K)
 Metaspace       used 92090K, committed 92928K, reserved 1179648K
  class space    used 12965K, committed 13376K, reserved 1048576K
}
Event: 83.229 GC heap after
{Heap after GC invocations=49 (full 0):
 garbage-first heap   total 158720K, used 87237K [0x0000000080000000, 0x0000000100000000)
  region size 1024K, 5 young (5120K), 5 survivors (5120K)
 Metaspace       used 92090K, committed 92928K, reserved 1179648K
  class space    used 12965K, committed 13376K, reserved 1048576K
}
Event: 83.430 GC heap before
{Heap before GC invocations=49 (full 0):
 garbage-first heap   total 158720K, used 131269K [0x0000000080000000, 0x0000000100000000)
  region size 1024K, 49 young (50176K), 5 survivors (5120K)
 Metaspace       used 93180K, committed 94080K, reserved 1179648K
  class space    used 13100K, committed 13504K, reserved 1048576K
}
Event: 83.433 GC heap after
{Heap after GC invocations=50 (full 0):
 garbage-first heap   total 158720K, used 89352K [0x0000000080000000, 0x0000000100000000)
  region size 1024K, 5 young (5120K), 5 survivors (5120K)
 Metaspace       used 93180K, committed 94080K, reserved 1179648K
  class space    used 13100K, committed 13504K, reserved 1048576K
}
Event: 83.819 GC heap before
{Heap before GC invocations=51 (full 0):
 garbage-first heap   total 158720K, used 134408K [0x0000000080000000, 0x0000000100000000)
  region size 1024K, 48 young (49152K), 5 survivors (5120K)
 Metaspace       used 96350K, committed 97280K, reserved 1179648K
  class space    used 13535K, committed 14016K, reserved 1048576K
}
Event: 83.822 GC heap after
{Heap after GC invocations=52 (full 0):
 garbage-first heap   total 158720K, used 93872K [0x0000000080000000, 0x0000000100000000)
  region size 1024K, 5 young (5120K), 5 survivors (5120K)
 Metaspace       used 96350K, committed 97280K, reserved 1179648K
  class space    used 13535K, committed 14016K, reserved 1048576K
}
Event: 83.826 GC heap before
{Heap before GC invocations=52 (full 0):
 garbage-first heap   total 158720K, used 95920K [0x0000000080000000, 0x0000000100000000)
  region size 1024K, 8 young (8192K), 5 survivors (5120K)
 Metaspace       used 96395K, committed 97344K, reserved 1179648K
  class space    used 13537K, committed 14016K, reserved 1048576K
}
Event: 83.828 GC heap after
{Heap after GC invocations=53 (full 0):
 garbage-first heap   total 158720K, used 94454K [0x0000000080000000, 0x0000000100000000)
  region size 1024K, 1 young (1024K), 1 survivors (1024K)
 Metaspace       used 96395K, committed 97344K, reserved 1179648K
  class space    used 13537K, committed 14016K, reserved 1048576K
}
Event: 83.876 GC heap before
{Heap before GC invocations=53 (full 0):
 garbage-first heap   total 158720K, used 133366K [0x0000000080000000, 0x0000000100000000)
  region size 1024K, 40 young (40960K), 1 survivors (1024K)
 Metaspace       used 97424K, committed 98368K, reserved 1179648K
  class space    used 13698K, committed 14208K, reserved 1048576K
}
Event: 83.878 GC heap after
{Heap after GC invocations=54 (full 0):
 garbage-first heap   total 158720K, used 102641K [0x0000000080000000, 0x0000000100000000)
  region size 1024K, 5 young (5120K), 5 survivors (5120K)
 Metaspace       used 97424K, committed 98368K, reserved 1179648K
  class space    used 13698K, committed 14208K, reserved 1048576K
}
Event: 83.919 GC heap before
{Heap before GC invocations=54 (full 0):
 garbage-first heap   total 208896K, used 130289K [0x0000000080000000, 0x0000000100000000)
  region size 1024K, 33 young (33792K), 5 survivors (5120K)
 Metaspace       used 97899K, committed 98880K, reserved 1179648K
  class space    used 13775K, committed 14272K, reserved 1048576K
}
Event: 83.922 GC heap after
{Heap after GC invocations=55 (full 0):
 garbage-first heap   total 208896K, used 109348K [0x0000000080000000, 0x0000000100000000)
  region size 1024K, 5 young (5120K), 5 survivors (5120K)
 Metaspace       used 97899K, committed 98880K, reserved 1179648K
  class space    used 13775K, committed 14272K, reserved 1048576K
}
Event: 83.969 GC heap before
{Heap before GC invocations=56 (full 0):
 garbage-first heap   total 208896K, used 165668K [0x0000000080000000, 0x0000000100000000)
  region size 1024K, 60 young (61440K), 5 survivors (5120K)
 Metaspace       used 98091K, committed 99008K, reserved 1179648K
  class space    used 13784K, committed 14272K, reserved 1048576K
}
Event: 83.976 GC heap after
{Heap after GC invocations=57 (full 0):
 garbage-first heap   total 208896K, used 121184K [0x0000000080000000, 0x0000000100000000)
  region size 1024K, 8 young (8192K), 8 survivors (8192K)
 Metaspace       used 98091K, committed 99008K, reserved 1179648K
  class space    used 13784K, committed 14272K, reserved 1048576K
}
Event: 83.977 GC heap before
{Heap before GC invocations=57 (full 0):
 garbage-first heap   total 208896K, used 123232K [0x0000000080000000, 0x0000000100000000)
  region size 1024K, 10 young (10240K), 8 survivors (8192K)
 Metaspace       used 98095K, committed 99008K, reserved 1179648K
  class space    used 13784K, committed 14272K, reserved 1048576K
}
Event: 83.980 GC heap after
{Heap after GC invocations=58 (full 0):
 garbage-first heap   total 208896K, used 122654K [0x0000000080000000, 0x0000000100000000)
  region size 1024K, 2 young (2048K), 2 survivors (2048K)
 Metaspace       used 98095K, committed 99008K, reserved 1179648K
  class space    used 13784K, committed 14272K, reserved 1048576K
}
Event: 84.014 GC heap before
{Heap before GC invocations=58 (full 0):
 garbage-first heap   total 208896K, used 165662K [0x0000000080000000, 0x0000000100000000)
  region size 1024K, 45 young (46080K), 2 survivors (2048K)
 Metaspace       used 98123K, committed 99136K, reserved 1179648K
  class space    used 13785K, committed 14272K, reserved 1048576K
}

Dll operation events (15 events):
Event: 0.071 Loaded shared library C:\Users\16696\.jdks\ms-17.0.19\bin\java.dll
Event: 0.082 Loaded shared library C:\Users\16696\.jdks\ms-17.0.19\bin\jsvml.dll
Event: 0.104 Loaded shared library C:\Users\16696\.jdks\ms-17.0.19\bin\zip.dll
Event: 0.107 Loaded shared library C:\Users\16696\.jdks\ms-17.0.19\bin\instrument.dll
Event: 0.110 Loaded shared library C:\Users\16696\.jdks\ms-17.0.19\bin\net.dll
Event: 0.112 Loaded shared library C:\Users\16696\.jdks\ms-17.0.19\bin\nio.dll
Event: 0.114 Loaded shared library C:\Users\16696\.jdks\ms-17.0.19\bin\zip.dll
Event: 0.195 Loaded shared library C:\Users\16696\.jdks\ms-17.0.19\bin\jimage.dll
Event: 0.301 Loaded shared library C:\Users\16696\.jdks\ms-17.0.19\bin\verify.dll
Event: 0.316 Loaded shared library C:\Users\16696\.gradle\native\660c5614fbf4a5f2a75b1949f50a0caf5cd603558e7d8a26e50b933a0cfb79d1\windows-amd64\native-platform.dll
Event: 0.322 Loaded shared library C:\Users\16696\.gradle\native\0.2.8\x86_64-windows-gnu\gradle-fileevents.dll
Event: 0.808 Loaded shared library C:\Users\16696\.jdks\ms-17.0.19\bin\management.dll
Event: 0.809 Loaded shared library C:\Users\16696\.jdks\ms-17.0.19\bin\management_ext.dll
Event: 0.956 Loaded shared library C:\Users\16696\.jdks\ms-17.0.19\bin\extnet.dll
Event: 1.071 Loaded shared library C:\Users\16696\.jdks\ms-17.0.19\bin\sunmscapi.dll

Deoptimization events (20 events):
Event: 84.001 Thread 0x00000236fd39bba0 DEOPT PACKING pc=0x0000023699e5b34a sp=0x00000038827fe2e0
Event: 84.001 Thread 0x00000236fd39bba0 DEOPT UNPACKING pc=0x00000236a00c7143 sp=0x00000038827fd7f0 mode 0
Event: 84.003 Thread 0x00000236fd39a760 DEOPT PACKING pc=0x0000023699e5b34a sp=0x00000038822fe300
Event: 84.003 Thread 0x00000236fd39a760 DEOPT UNPACKING pc=0x00000236a00c7143 sp=0x00000038822fd810 mode 0
Event: 84.004 Thread 0x00000236fd396aa0 DEOPT PACKING pc=0x0000023699e5b329 sp=0x00000038821fe130
Event: 84.004 Thread 0x00000236fd396aa0 DEOPT UNPACKING pc=0x00000236a00c7143 sp=0x00000038821fd640 mode 0
Event: 84.005 Thread 0x00000236fd39a760 DEOPT PACKING pc=0x0000023699e5b34a sp=0x00000038822fe130
Event: 84.005 Thread 0x00000236fd39a250 DEOPT PACKING pc=0x0000023699e5b329 sp=0x00000038820fe4f0
Event: 84.005 Thread 0x00000236fd39bba0 DEOPT PACKING pc=0x0000023699e5b34a sp=0x00000038827fe170
Event: 84.005 Thread 0x00000236fd39a760 DEOPT UNPACKING pc=0x00000236a00c7143 sp=0x00000038822fd640 mode 0
Event: 84.005 Thread 0x00000236fd39a250 DEOPT UNPACKING pc=0x00000236a00c7143 sp=0x00000038820fda00 mode 0
Event: 84.005 Thread 0x00000236fd39bba0 DEOPT UNPACKING pc=0x00000236a00c7143 sp=0x00000038827fd680 mode 0
Event: 84.006 Thread 0x00000236fd39ac70 DEOPT PACKING pc=0x0000023699e5b329 sp=0x00000038823fe2b0
Event: 84.006 Thread 0x00000236fd39ac70 DEOPT UNPACKING pc=0x00000236a00c7143 sp=0x00000038823fd7c0 mode 0
Event: 84.009 Thread 0x00000236fd39a760 DEOPT PACKING pc=0x0000023699e5b34a sp=0x00000038822fe420
Event: 84.009 Thread 0x00000236fd39a760 DEOPT UNPACKING pc=0x00000236a00c7143 sp=0x00000038822fd930 mode 0
Event: 84.009 Thread 0x00000236fd39a250 DEOPT PACKING pc=0x0000023699e5b34a sp=0x00000038820fe750
Event: 84.009 Thread 0x00000236fd39a250 DEOPT UNPACKING pc=0x00000236a00c7143 sp=0x00000038820fdc60 mode 0
Event: 84.011 Thread 0x00000236fd39bba0 DEOPT PACKING pc=0x0000023699e5b34a sp=0x00000038827fe280
Event: 84.011 Thread 0x00000236fd39bba0 DEOPT UNPACKING pc=0x00000236a00c7143 sp=0x00000038827fd790 mode 0

Classes loaded (20 events):
Event: 83.497 Loading class jdk/internal/access/foreign/UnmapperProxy
Event: 83.497 Loading class jdk/internal/access/foreign/UnmapperProxy done
Event: 83.497 Loading class sun/nio/ch/FileChannelImpl$Unmapper done
Event: 83.497 Loading class sun/nio/ch/FileChannelImpl$DefaultUnmapper done
Event: 83.498 Loading class sun/nio/ch/Util$4
Event: 83.498 Loading class sun/nio/ch/Util$4 done
Event: 83.531 Loading class java/nio/file/TempFileHelper
Event: 83.531 Loading class java/nio/file/TempFileHelper done
Event: 83.545 Loading class java/nio/file/InvalidPathException
Event: 83.546 Loading class java/nio/file/InvalidPathException done
Event: 83.591 Loading class java/util/zip/ZipException
Event: 83.591 Loading class java/util/zip/ZipException done
Event: 83.598 Loading class java/util/zip/ZipOutputStream
Event: 83.599 Loading class java/util/zip/ZipOutputStream done
Event: 83.655 Loading class java/io/UTFDataFormatException
Event: 83.655 Loading class java/io/UTFDataFormatException done
Event: 83.816 Loading class java/util/concurrent/ForkJoinTask$AdaptedCallable
Event: 83.816 Loading class java/util/concurrent/ForkJoinTask$AdaptedCallable done
Event: 83.816 Loading class java/util/concurrent/ForkJoinPool$DefaultForkJoinWorkerThreadFactory$1
Event: 83.816 Loading class java/util/concurrent/ForkJoinPool$DefaultForkJoinWorkerThreadFactory$1 done

Classes unloaded (0 events):
No events

Classes redefined (0 events):
No events

Internal exceptions (20 events):
Event: 83.524 Thread 0x00000236fa5bab00 Exception <a 'sun/nio/fs/WindowsException'{0x00000000899076b8}> (0x00000000899076b8) 
thrown [s\src\hotspot\share\prims\jni.cpp, line 516]
Event: 83.542 Thread 0x00000236fa5bf1e0 Exception <a 'sun/nio/fs/WindowsException'{0x00000000890a55b8}> (0x00000000890a55b8) 
thrown [s\src\hotspot\share\prims\jni.cpp, line 516]
Event: 83.543 Thread 0x00000236fa5bf1e0 Exception <a 'sun/nio/fs/WindowsException'{0x00000000890ad010}> (0x00000000890ad010) 
thrown [s\src\hotspot\share\prims\jni.cpp, line 516]
Event: 83.546 Thread 0x00000236fa5bf1e0 Exception <a 'sun/nio/fs/WindowsException'{0x0000000088f335e8}> (0x0000000088f335e8) 
thrown [s\src\hotspot\share\prims\jni.cpp, line 516]
Event: 83.546 Thread 0x00000236fa5bf1e0 Exception <a 'sun/nio/fs/WindowsException'{0x0000000088f33768}> (0x0000000088f33768) 
thrown [s\src\hotspot\share\prims\jni.cpp, line 516]
Event: 83.807 Thread 0x00000236fa5bab00 Exception <a 'java/lang/NoSuchMethodError'{0x00000000873659c8}: 'java.lang.Object java.lang.invoke.DirectMethodHandle$Holder.invokeStaticInit(java.lang.Object, java.lang.Object, java.lang.Object, java.lang.Object, java.lang.Object, java.lang.Object, java.lang.Object, java.lang.Object, java.lang.Object, java.lang.Object, java.lang.Object, java.lang.Object, java.lang.Object, java.lang.Object, java.lang.Object, java.lang.Object, java.lang.Object, java.lang.Object, java.lang.Object, java.lang.Object, int, java
Event: 83.807 Thread 0x00000236fa5bab00 Exception <a 'java/lang/IncompatibleClassChangeError'{0x000000008737f6b0}: Found class java.lang.Object, but interface was expected> (0x000000008737f6b0) 
thrown [s\src\hotspot\share\interpreter\linkResolver.cpp, line 826]
Event: 83.807 Thread 0x00000236fa5bab00 Exception <a 'java/lang/IncompatibleClassChangeError'{0x000000008738b320}: Found class java.lang.Object, but interface was expected> (0x000000008738b320) 
thrown [s\src\hotspot\share\interpreter\linkResolver.cpp, line 826]
Event: 83.817 Thread 0x00000236fd398e10 Implicit null exception at 0x00000236a0b2b8a6 to 0x00000236a0b330bc
Event: 83.828 Thread 0x00000236fd39bba0 Implicit null exception at 0x00000236a081040c to 0x00000236a08104a4
Event: 83.838 Thread 0x00000236fd39bba0 Exception <a 'java/lang/IncompatibleClassChangeError'{0x0000000089101588}: Found class java.lang.Object, but interface was expected> (0x0000000089101588) 
thrown [s\src\hotspot\share\interpreter\linkResolver.cpp, line 826]
Event: 83.838 Thread 0x00000236fd39a250 Exception <a 'java/lang/IncompatibleClassChangeError'{0x00000000893ee908}: Found class java.lang.Object, but interface was expected> (0x00000000893ee908) 
thrown [s\src\hotspot\share\interpreter\linkResolver.cpp, line 826]
Event: 83.838 Thread 0x00000236fd39a760 Exception <a 'java/lang/IncompatibleClassChangeError'{0x00000000893f1c68}: Found class java.lang.Object, but interface was expected> (0x00000000893f1c68) 
thrown [s\src\hotspot\share\interpreter\linkResolver.cpp, line 826]
Event: 83.838 Thread 0x00000236fd39ac70 Exception <a 'java/lang/IncompatibleClassChangeError'{0x00000000893dd590}: Found class java.lang.Object, but interface was expected> (0x00000000893dd590) 
thrown [s\src\hotspot\share\interpreter\linkResolver.cpp, line 826]
Event: 83.838 Thread 0x00000236fd3983f0 Exception <a 'java/lang/IncompatibleClassChangeError'{0x00000000893ebc18}: Found class java.lang.Object, but interface was expected> (0x00000000893ebc18) 
thrown [s\src\hotspot\share\interpreter\linkResolver.cpp, line 826]
Event: 83.887 Thread 0x00000236fd396aa0 Exception <a 'java/lang/NoSuchMethodError'{0x00000000895573b8}: 'long java.lang.invoke.DirectMethodHandle$Holder.invokeStaticInit(java.lang.Object, java.lang.Object)'> (0x00000000895573b8) 
thrown [s\src\hotspot\share\interpreter\linkResolver.cpp, line 759]
Event: 83.887 Thread 0x00000236fd3974c0 Exception <a 'java/lang/NoSuchMethodError'{0x00000000898651f8}: 'long java.lang.invoke.DirectMethodHandle$Holder.invokeStaticInit(java.lang.Object, java.lang.Object)'> (0x00000000898651f8) 
thrown [s\src\hotspot\share\interpreter\linkResolver.cpp, line 759]
Event: 83.887 Thread 0x00000236fd39ac70 Exception <a 'java/lang/NoSuchMethodError'{0x00000000897592c0}: 'long java.lang.invoke.DirectMethodHandle$Holder.invokeStaticInit(java.lang.Object, java.lang.Object)'> (0x00000000897592c0) 
thrown [s\src\hotspot\share\interpreter\linkResolver.cpp, line 759]
Event: 83.887 Thread 0x00000236fd39bba0 Exception <a 'java/lang/NoSuchMethodError'{0x0000000089868690}: 'long java.lang.invoke.DirectMethodHandle$Holder.invokeStaticInit(java.lang.Object, java.lang.Object)'> (0x0000000089868690) 
thrown [s\src\hotspot\share\interpreter\linkResolver.cpp, line 759]
Event: 83.887 Thread 0x00000236fd39b180 Exception <a 'java/lang/NoSuchMethodError'{0x00000000898df470}: 'long java.lang.invoke.DirectMethodHandle$Holder.invokeStaticInit(java.lang.Object, java.lang.Object)'> (0x00000000898df470) 
thrown [s\src\hotspot\share\interpreter\linkResolver.cpp, line 759]

VM Operations (20 events):
Event: 83.828 Executing VM operation: G1CollectForAllocation done
Event: 83.842 Executing VM operation: HandshakeAllThreads
Event: 83.842 Executing VM operation: HandshakeAllThreads done
Event: 83.876 Executing VM operation: G1CollectForAllocation
Event: 83.876 Executing VM operation: G1CollectForAllocation done
Event: 83.876 Executing VM operation: G1CollectForAllocation
Event: 83.878 Executing VM operation: G1CollectForAllocation done
Event: 83.907 Executing VM operation: G1PauseRemark
Event: 83.910 Executing VM operation: G1PauseRemark done
Event: 83.918 Executing VM operation: G1CollectForAllocation
Event: 83.918 Executing VM operation: G1CollectForAllocation done
Event: 83.918 Executing VM operation: G1CollectForAllocation
Event: 83.922 Executing VM operation: G1CollectForAllocation done
Event: 83.929 Executing VM operation: G1PauseCleanup
Event: 83.929 Executing VM operation: G1PauseCleanup done
Event: 83.968 Executing VM operation: G1CollectForAllocation
Event: 83.976 Executing VM operation: G1CollectForAllocation done
Event: 83.977 Executing VM operation: G1CollectForAllocation
Event: 83.980 Executing VM operation: G1CollectForAllocation done
Event: 84.014 Executing VM operation: G1CollectForAllocation

Memory protections (0 events):
No events

Nmethod flushes (20 events):
Event: 7.503 Thread 0x00000236afcb7de0 flushing  nmethod 0x0000023699b18810
Event: 7.503 Thread 0x00000236afcb7de0 flushing  nmethod 0x0000023699b33710
Event: 7.503 Thread 0x00000236afcb7de0 flushing  nmethod 0x0000023699b40910
Event: 7.503 Thread 0x00000236afcb7de0 flushing  nmethod 0x0000023699b66a90
Event: 7.503 Thread 0x00000236afcb7de0 flushing  nmethod 0x0000023699bb6a10
Event: 7.503 Thread 0x00000236afcb7de0 flushing  nmethod 0x0000023699bcbf90
Event: 7.503 Thread 0x00000236afcb7de0 flushing  nmethod 0x0000023699be0d10
Event: 7.503 Thread 0x00000236afcb7de0 flushing  nmethod 0x0000023699bf8590
Event: 7.503 Thread 0x00000236afcb7de0 flushing  nmethod 0x0000023699bf8910
Event: 7.503 Thread 0x00000236afcb7de0 flushing  nmethod 0x0000023699c62990
Event: 7.503 Thread 0x00000236afcb7de0 flushing  nmethod 0x0000023699c64010
Event: 7.503 Thread 0x00000236afcb7de0 flushing  nmethod 0x0000023699c64490
Event: 7.503 Thread 0x00000236afcb7de0 flushing  nmethod 0x0000023699c64c10
Event: 7.503 Thread 0x00000236afcb7de0 flushing  nmethod 0x0000023699c65390
Event: 7.503 Thread 0x00000236afcb7de0 flushing  nmethod 0x0000023699c66990
Event: 83.844 Thread 0x00000236afcb7de0 flushing  nmethod 0x00000236a0c01390
Event: 83.847 Thread 0x00000236afcb7de0 flushing  nmethod 0x000002369904fc90
Event: 83.848 Thread 0x00000236afcb7de0 flushing  nmethod 0x00000236992fe110
Event: 83.851 Thread 0x00000236afcb7de0 flushing  nmethod 0x0000023699a2eb90
Event: 83.851 Thread 0x00000236afcb7de0 flushing  nmethod 0x0000023699b15a10

Events (20 events):
Event: 83.371 Thread 0x00000236fa5b96c0 Thread added: 0x00000236fa5becd0
Event: 83.425 Thread 0x00000236fa5bc450 Thread added: 0x00000236fa5bb010
Event: 83.426 Thread 0x00000236fa5bc450 Thread added: 0x00000236fa5bf6f0
Event: 83.426 Thread 0x00000236fa5bc450 Thread added: 0x00000236fa5bfc00
Event: 83.427 Thread 0x00000236fa5bc450 Thread added: 0x00000236fd396fb0
Event: 83.427 Thread 0x00000236fa5bc450 Thread added: 0x00000236fd399d40
Event: 83.427 Thread 0x00000236fa5bc450 Thread added: 0x00000236fd397ee0
Event: 83.428 Thread 0x00000236fa5bc450 Thread added: 0x00000236fd399320
Event: 83.428 Thread 0x00000236fa5bc450 Thread added: 0x00000236fd3979d0
Event: 83.428 Thread 0x00000236fa5bc450 Thread added: 0x00000236fd396590
Event: 83.817 Thread 0x00000236fa5bab00 Thread added: 0x00000236fd398e10
Event: 83.817 Thread 0x00000236fd398e10 Thread added: 0x00000236fd39a250
Event: 83.817 Thread 0x00000236fd39a250 Thread added: 0x00000236fd396aa0
Event: 83.817 Thread 0x00000236fd396aa0 Thread added: 0x00000236fd39a760
Event: 83.817 Thread 0x00000236fd39a760 Thread added: 0x00000236fd39ac70
Event: 83.818 Thread 0x00000236fd39ac70 Thread added: 0x00000236fd3974c0
Event: 83.818 Thread 0x00000236fd3974c0 Thread added: 0x00000236fd39b180
Event: 83.818 Thread 0x00000236fd39b180 Thread added: 0x00000236fd39b690
Event: 83.818 Thread 0x00000236fd39b690 Thread added: 0x00000236fd39bba0
Event: 83.818 Thread 0x00000236fd39bba0 Thread added: 0x00000236fd3983f0


Dynamic libraries:
0x00007ff6e3ea0000 - 0x00007ff6e3eae000 	C:\Users\16696\.jdks\ms-17.0.19\bin\java.exe
0x00007ffa8e760000 - 0x00007ffa8e9c6000 	C:\Windows\SYSTEM32\ntdll.dll
0x00007ffa8cdd0000 - 0x00007ffa8ce99000 	C:\Windows\System32\KERNEL32.DLL
0x00007ffa8ba80000 - 0x00007ffa8be7a000 	C:\Windows\System32\KERNELBASE.dll
0x00007ffa69220000 - 0x00007ffa692cf000 	d:\Trea\Trae CN\resources\app\modules\sandbox\x64\sbox_core.dll
0x00007ffa8c090000 - 0x00007ffa8c1dc000 	C:\Windows\System32\ucrtbase.dll
0x00007ffa7db70000 - 0x00007ffa7db88000 	C:\Users\16696\.jdks\ms-17.0.19\bin\jli.dll
0x00007ffa7dae0000 - 0x00007ffa7dafe000 	C:\Users\16696\.jdks\ms-17.0.19\bin\VCRUNTIME140.dll
0x00007ffa8cff0000 - 0x00007ffa8d1b7000 	C:\Windows\System32\USER32.dll
0x00007ffa8be80000 - 0x00007ffa8bea7000 	C:\Windows\System32\win32u.dll
0x00007ffa6f9b0000 - 0x00007ffa6fc42000 	C:\Windows\WinSxS\amd64_microsoft.windows.common-controls_6595b64144ccf1df_6.0.26100.8521_none_3e08b75ce33403b3\COMCTL32.dll
0x00007ffa8cd20000 - 0x00007ffa8cd4b000 	C:\Windows\System32\GDI32.dll
0x00007ffa8ca70000 - 0x00007ffa8cb19000 	C:\Windows\System32\msvcrt.dll
0x00007ffa8beb0000 - 0x00007ffa8bfdb000 	C:\Windows\System32\gdi32full.dll
0x00007ffa8bfe0000 - 0x00007ffa8c083000 	C:\Windows\System32\msvcp_win.dll
0x00007ffa6d100000 - 0x00007ffa6d190000 	d:\Trea\Trae CN\resources\app\modules\sandbox\x64\sbox_ipc.dll
0x00007ffa8cb20000 - 0x00007ffa8cb52000 	C:\Windows\System32\IMM32.DLL
0x00007ffa88de0000 - 0x00007ffa89022000 	C:\Windows\SYSTEM32\dbghelp.dll
0x00007ffa8de90000 - 0x00007ffa8e213000 	C:\Windows\System32\combase.dll
0x00007ffa8dbc0000 - 0x00007ffa8dcd8000 	C:\Windows\System32\RPCRT4.dll
0x00007ffa8da50000 - 0x00007ffa8db29000 	C:\Windows\System32\OLEAUT32.dll
0x00007ffa87870000 - 0x00007ffa8787c000 	C:\Users\16696\.jdks\ms-17.0.19\bin\vcruntime140_1.dll
0x00007ffa68e40000 - 0x00007ffa68e7b000 	C:\Windows\SYSTEM32\dbgcore.DLL
0x00007ffa783f0000 - 0x00007ffa78479000 	C:\Users\16696\.jdks\ms-17.0.19\bin\msvcp140.dll
0x00007ff9bc970000 - 0x00007ff9bd5eb000 	C:\Users\16696\.jdks\ms-17.0.19\bin\server\jvm.dll
0x00007ffa8e5d0000 - 0x00007ffa8e686000 	C:\Windows\System32\ADVAPI32.dll
0x00007ffa8c9c0000 - 0x00007ffa8ca6a000 	C:\Windows\System32\sechost.dll
0x00007ffa8e690000 - 0x00007ffa8e710000 	C:\Windows\System32\WS2_32.dll
0x00007ffa8b850000 - 0x00007ffa8b8ae000 	C:\Windows\SYSTEM32\POWRPROF.dll
0x00007ffa84500000 - 0x00007ffa84536000 	C:\Windows\SYSTEM32\WINMM.dll
0x00007ffa839c0000 - 0x00007ffa839cb000 	C:\Windows\SYSTEM32\VERSION.dll
0x00007ffa8b830000 - 0x00007ffa8b844000 	C:\Windows\SYSTEM32\UMPDC.dll
0x00007ffa8a750000 - 0x00007ffa8a76b000 	C:\Windows\SYSTEM32\kernel.appcore.dll
0x00007ffa7cf40000 - 0x00007ffa7cf4a000 	C:\Users\16696\.jdks\ms-17.0.19\bin\jimage.dll
0x00007ffa8c1e0000 - 0x00007ffa8c288000 	C:\Windows\System32\bcryptPrimitives.dll
0x00007ffa8a1b0000 - 0x00007ffa8a2fa000 	C:\Windows\SYSTEM32\dnsapi.dll
0x00007ffa8aac0000 - 0x00007ffa8aacd000 	C:\Windows\SYSTEM32\DSPARSE.dll
0x00007ffa8a120000 - 0x00007ffa8a153000 	C:\Windows\SYSTEM32\IPHLPAPI.DLL
0x00007ffa8dce0000 - 0x00007ffa8dcea000 	C:\Windows\System32\NSI.dll
0x00007ffa7cf30000 - 0x00007ffa7cf3f000 	C:\Users\16696\.jdks\ms-17.0.19\bin\instrument.dll
0x00007ffa7cf00000 - 0x00007ffa7cf26000 	C:\Users\16696\.jdks\ms-17.0.19\bin\java.dll
0x00007ffa8d1c0000 - 0x00007ffa8d944000 	C:\Windows\System32\Shell32.dll
0x00007ffa89590000 - 0x00007ffa89e10000 	C:\Windows\SYSTEM32\windows.storage.dll
0x00007ffa8cc20000 - 0x00007ffa8cd16000 	C:\Windows\System32\shcore.dll
0x00007ffa87d40000 - 0x00007ffa87dea000 	C:\Windows\system32\uxtheme.dll
0x00007ffa8e400000 - 0x00007ffa8e467000 	C:\Windows\System32\shlwapi.dll
0x00007ffa8cf30000 - 0x00007ffa8cfde000 	C:\Windows\System32\clbcatq.dll
0x00007ffa70d30000 - 0x00007ffa71387000 	C:\Windows\System32\OneCoreUAPCommonProxyStub.dll
0x00007ffa8dcf0000 - 0x00007ffa8de88000 	C:\Windows\System32\ole32.dll
0x00007ffa8b570000 - 0x00007ffa8b5c1000 	C:\Windows\SYSTEM32\CFGMGR32.dll
0x00007ffa6f370000 - 0x00007ffa6f54d000 	C:\Windows\System32\urlmon.dll
0x00007ffa71eb0000 - 0x00007ffa72175000 	C:\Windows\System32\iertutil.dll
0x00007ffa774b0000 - 0x00007ffa774d9000 	C:\Windows\System32\srvcli.dll
0x00007ffa8a110000 - 0x00007ffa8a11d000 	C:\Windows\System32\netutils.dll
0x00007ffa8a9f0000 - 0x00007ffa8aa39000 	C:\Windows\System32\SspiCli.dll
0x00007ffa85980000 - 0x00007ffa85a86000 	C:\Windows\System32\PROPSYS.dll
0x00007ffa839a0000 - 0x00007ffa839b7000 	C:\Windows\SYSTEM32\virtdisk.dll
0x00007ffa694a0000 - 0x00007ffa69618000 	C:\Windows\System32\Windows.System.Launcher.dll
0x00007ffa70d10000 - 0x00007ffa70d2d000 	C:\Windows\SYSTEM32\windows.staterepositorycore.dll
0x00007ffa85170000 - 0x00007ffa852da000 	C:\Windows\System32\wintypes.dll
0x00007ffa69b70000 - 0x00007ffa69c34000 	C:\Windows\System32\Windows.StateRepositoryPS.dll
0x00007ffa8a870000 - 0x00007ffa8a8a6000 	C:\Windows\SYSTEM32\ntmarta.dll
0x00007ffa68a50000 - 0x00007ffa68b10000 	C:\Windows\System32\Windows.FileExplorer.Common.dll
0x00007ffa70a90000 - 0x00007ffa70ad7000 	C:\Windows\SYSTEM32\windows.staterepositoryclient.dll
0x00007ffa64750000 - 0x00007ffa64780000 	C:\Windows\System32\cldapi.dll
0x00007ffa8b8e0000 - 0x00007ffa8b90a000 	C:\Windows\SYSTEM32\bcrypt.dll
0x00007ffa8b910000 - 0x00007ffa8b939000 	C:\Windows\SYSTEM32\profapi.dll
0x00007ffa18be0000 - 0x00007ffa18cb6000 	C:\Users\16696\.jdks\ms-17.0.19\bin\jsvml.dll
0x00007ffa783d0000 - 0x00007ffa783e8000 	C:\Users\16696\.jdks\ms-17.0.19\bin\zip.dll
0x00007ffa783b0000 - 0x00007ffa783cb000 	C:\Users\16696\.jdks\ms-17.0.19\bin\net.dll
0x00007ffa843b0000 - 0x00007ffa844d9000 	C:\Windows\SYSTEM32\WINHTTP.dll
0x00007ffa8acd0000 - 0x00007ffa8ad3c000 	C:\Windows\system32\mswsock.dll
0x00007ffa78390000 - 0x00007ffa783a6000 	C:\Users\16696\.jdks\ms-17.0.19\bin\nio.dll
0x00007ffa78380000 - 0x00007ffa78390000 	C:\Users\16696\.jdks\ms-17.0.19\bin\verify.dll
0x00007ff9f88f0000 - 0x00007ff9f8917000 	C:\Users\16696\.gradle\native\660c5614fbf4a5f2a75b1949f50a0caf5cd603558e7d8a26e50b933a0cfb79d1\windows-amd64\native-platform.dll
0x00007ffa18b60000 - 0x00007ffa18bd7000 	C:\Users\16696\.gradle\native\0.2.8\x86_64-windows-gnu\gradle-fileevents.dll
0x00007ffa78370000 - 0x00007ffa7837a000 	C:\Users\16696\.jdks\ms-17.0.19\bin\management.dll
0x00007ffa78360000 - 0x00007ffa7836c000 	C:\Users\16696\.jdks\ms-17.0.19\bin\management_ext.dll
0x00007ffa8cbc0000 - 0x00007ffa8cbc8000 	C:\Windows\System32\PSAPI.DLL
0x00007ffa84130000 - 0x00007ffa8414d000 	C:\Windows\SYSTEM32\dhcpcsvc6.DLL
0x00007ffa84100000 - 0x00007ffa84125000 	C:\Windows\SYSTEM32\dhcpcsvc.DLL
0x00007ffa78350000 - 0x00007ffa78359000 	C:\Users\16696\.jdks\ms-17.0.19\bin\extnet.dll
0x00007ffa8afe0000 - 0x00007ffa8affb000 	C:\Windows\SYSTEM32\CRYPTSP.dll
0x00007ffa8a6b0000 - 0x00007ffa8a6e9000 	C:\Windows\system32\rsaenh.dll
0x00007ffa8ad80000 - 0x00007ffa8adb3000 	C:\Windows\SYSTEM32\USERENV.dll
0x00007ffa8afd0000 - 0x00007ffa8afdc000 	C:\Windows\SYSTEM32\CRYPTBASE.dll
0x00007ffa53000000 - 0x00007ffa5300e000 	C:\Users\16696\.jdks\ms-17.0.19\bin\sunmscapi.dll
0x00007ffa8c350000 - 0x00007ffa8c4c8000 	C:\Windows\System32\CRYPT32.dll
0x00007ffa8b1f0000 - 0x00007ffa8b220000 	C:\Windows\SYSTEM32\ncrypt.dll
0x00007ffa8b1a0000 - 0x00007ffa8b1df000 	C:\Windows\SYSTEM32\NTASN1.dll
0x00007ffa7c1a0000 - 0x00007ffa7c1a8000 	C:\Windows\system32\wshunix.dll
0x00007ffa8cd50000 - 0x00007ffa8cdcc000 	C:\Windows\System32\coml2.dll
0x00007ffa87920000 - 0x00007ffa879c0000 	C:\Windows\SYSTEM32\apphelp.dll
0x00007ffa45600000 - 0x00007ffa456a8000 	C:\Windows\system32\ntshrui.dll
0x00007ffa866c0000 - 0x00007ffa866df000 	C:\Program Files\TortoiseGit\bin\TortoiseGitStub.dll
0x00007ff9bb690000 - 0x00007ff9bbae0000 	C:\Program Files\TortoiseGit\bin\TortoiseGit.dll
0x00007ff9bb4d0000 - 0x00007ff9bb684000 	C:\Program Files\TortoiseGit\bin\libgit2_tgit.dll
0x00007ff9b3c90000 - 0x00007ff9b3e6b000 	C:\Program Files\TortoiseGit\bin\gitdll.dll
0x00007ff9f80f0000 - 0x00007ff9f8108000 	C:\Program Files\TortoiseGit\bin\zlib1_tgit.dll
0x00007ffa6fed0000 - 0x00007ffa6fee3000 	C:\Windows\SYSTEM32\cscapi.dll
0x00007ffa446f0000 - 0x00007ffa446ff000 	C:\Windows\SYSTEM32\LINKINFO.dll
0x00007ffa4adb0000 - 0x00007ffa4adcb000 	C:\Windows\system32\NetworkExplorer.dll
0x00007ffa699d0000 - 0x00007ffa699f1000 	C:\Windows\SYSTEM32\MPR.dll
0x00007ffa63cd0000 - 0x00007ffa63cf2000 	C:\Windows\System32\p9np.dll
0x00007ffa63cc0000 - 0x00007ffa63ccd000 	C:\Windows\System32\drprov.dll
0x00007ffa63c90000 - 0x00007ffa63cb4000 	C:\Windows\System32\ntlanman.dll
0x00007ffa63b60000 - 0x00007ffa63b81000 	C:\Windows\System32\davclnt.dll
0x00007ffa687b0000 - 0x00007ffa688f2000 	C:\Windows\system32\Windows.Storage.Search.dll
0x00007ffa6f8e0000 - 0x00007ffa6f9a5000 	C:\Windows\System32\StructuredQuery.dll
0x00007ffa78ea0000 - 0x00007ffa79140000 	C:\Windows\System32\icu.dll
0x00007ffa64600000 - 0x00007ffa64629000 	C:\Windows\SYSTEM32\edputil.dll

dbghelp: loaded successfully - version: 4.0.5 - missing functions: none
symbol engine: initialized successfully - sym options: 0x614 - pdb path: .;C:\Users\16696\.jdks\ms-17.0.19\bin;C:\Windows\SYSTEM32;d:\Trea\Trae CN\resources\app\modules\sandbox\x64;C:\Windows\WinSxS\amd64_microsoft.windows.common-controls_6595b64144ccf1df_6.0.26100.8521_none_3e08b75ce33403b3;C:\Users\16696\.jdks\ms-17.0.19\bin\server;C:\Users\16696\.gradle\native\660c5614fbf4a5f2a75b1949f50a0caf5cd603558e7d8a26e50b933a0cfb79d1\windows-amd64;C:\Users\16696\.gradle\native\0.2.8\x86_64-windows-gnu;C:\Program Files\TortoiseGit\bin

VM Arguments:
jvm_args: --add-opens=java.base/java.lang=ALL-UNNAMED --add-opens=java.base/java.lang.invoke=ALL-UNNAMED --add-opens=java.base/java.util=ALL-UNNAMED --add-opens=java.prefs/java.util.prefs=ALL-UNNAMED --add-exports=jdk.compiler/com.sun.tools.javac.api=ALL-UNNAMED --add-exports=jdk.compiler/com.sun.tools.javac.util=ALL-UNNAMED --add-opens=java.base/java.util=ALL-UNNAMED --add-opens=java.prefs/java.util.prefs=ALL-UNNAMED --add-opens=java.base/java.nio.charset=ALL-UNNAMED --add-opens=java.base/java.net=ALL-UNNAMED --add-opens=java.base/java.util.concurrent=ALL-UNNAMED --add-opens=java.base/java.util.concurrent.atomic=ALL-UNNAMED --add-opens=java.xml/javax.xml.namespace=ALL-UNNAMED --add-opens=java.base/java.time=ALL-UNNAMED -Xmx2048m -Dfile.encoding=UTF-8 -Duser.country=CN -Duser.language=zh -Duser.variant -javaagent:C:\Users\16696\.gradle\wrapper\dists\gradle-9.4.1-bin\arn2x92ynaizyzdaamcbpbhtj\gradle-9.4.1\lib\agents\gradle-instrumentation-agent-9.4.1.jar 
java_command: org.gradle.launcher.daemon.bootstrap.GradleDaemon 9.4.1
java_class_path (initial): C:\Users\16696\.gradle\wrapper\dists\gradle-9.4.1-bin\arn2x92ynaizyzdaamcbpbhtj\gradle-9.4.1\lib\gradle-daemon-main-9.4.1.jar
Launcher Type: SUN_STANDARD

[Global flags]
     intx CICompilerCount                          = 4                                         {product} {ergonomic}
     uint ConcGCThreads                            = 2                                         {product} {ergonomic}
     uint G1ConcRefinementThreads                  = 9                                         {product} {ergonomic}
   size_t G1HeapRegionSize                         = 1048576                                   {product} {ergonomic}
    uintx GCDrainStackTargetSize                   = 64                                        {product} {ergonomic}
   size_t InitialHeapSize                          = 260046848                                 {product} {ergonomic}
   size_t MarkStackSize                            = 4194304                                   {product} {ergonomic}
   size_t MaxHeapSize                              = 2147483648                                {product} {command line}
   size_t MaxNewSize                               = 1287651328                                {product} {ergonomic}
   size_t MinHeapDeltaBytes                        = 1048576                                   {product} {ergonomic}
   size_t MinHeapSize                              = 8388608                                   {product} {ergonomic}
    uintx NonNMethodCodeHeapSize                   = 5839372                                {pd product} {ergonomic}
    uintx NonProfiledCodeHeapSize                  = 122909434                              {pd product} {ergonomic}
    uintx ProfiledCodeHeapSize                     = 122909434                              {pd product} {ergonomic}
    uintx ReservedCodeCacheSize                    = 251658240                              {pd product} {ergonomic}
     bool SegmentedCodeCache                       = true                                      {product} {ergonomic}
   size_t SoftMaxHeapSize                          = 2147483648                             {manageable} {ergonomic}
     bool UseCompressedClassPointers               = true                           {product lp64_product} {ergonomic}
     bool UseCompressedOops                        = true                           {product lp64_product} {ergonomic}
     bool UseG1GC                                  = true                                      {product} {ergonomic}
     bool UseLargePagesIndividualAllocation        = false                                  {pd product} {ergonomic}

Logging:
Log output configuration:
 #0: stdout all=warning uptime,level,tags
 #1: stderr all=off uptime,level,tags

Environment Variables:
PATH=d:\Trea\Trae CN\resources\app\modules\ai-agent\bin;c:\Users\16696\.trae-cn\tools\trae-gopls\current;c:\Users\16696\.trae-cn\sdks\workspaces\5d727ef8\versions\node\current;c:\Users\16696\.trae-cn\sdks\versions\node\current;D:\Android\jdk-8.0.492.9-hotspot\bin;C:\Program Files (x86)\VMware\VMware Workstation\bin\;C:\Windows\system32;C:\Windows;C:\Windows\System32\Wbem;C:\Windows\System32\WindowsPowerShell\v1.0\;C:\Windows\System32\OpenSSH\;D:\Git\Git\cmd;D:\Cmake\bin;D:\Windows Kits\10\Windows Performance Toolkit\;C:\Program Files\CMake\bin;C:\Program Files\TortoiseGit\bin;C:\NXP\S32DS.3.5\S32DS\build_tools\gcc-10.2-arm32-eabi\bin;D:\Xshell\;C:\Users\16696\AppData\Local\Programs\Python\Python314\Scripts\;C:\Users\16696\AppData\Local\Programs\Python\Python314\;C:\Users\16696\AppData\Local\Microsoft\WindowsApps;D:\pycharm\PyCharm 2026.1.2\bin;D:\vscode\Microsoft VS Code\bin;D:\Android\Sdk\platform-tools;;c:\Users\16696\.trae-cn\extensions\vscjava.vscode-java-debug-0.59.0-universal\bundled\scripts\noConfigScripts;d:\Trea\Trae CN\resources\app\modules\ai-agent\bin;D:\Android\jdk-8.0.492.9-hotspot\bin;C:\Program Files (x86)\VMware\VMware Workstation\bin\;C:\Windows\system32;C:\Windows;C:\Windows\System32\Wbem;C:\Windows\System32\WindowsPowerShell\v1.0\;C:\Windows\System32\OpenSSH\;D:\Git\Git\cmd;D:\Cmake\bin;D:\Windows Kits\10\Windows Performance Toolkit\;C:\Program Files\CMake\bin;C:\Program Files\TortoiseGit\bin;C:\NXP\S32DS.3.5\S32DS\build_tools\gcc-10.2-arm32-eabi\bin;D:\Xshell\;C:\Users\16696\AppData\Local\Programs\Python\Python314\Scripts\;C:\Users\16696\AppData\Local\Programs\Python\Python314\;C:\Users\16696\AppData\Local\Microsoft\WindowsApps;D:\pycharm\PyCharm 2026.1.2\bin;D:\vscode\Microsoft VS Code\bin;D:\Android\Sdk\platform-tools;;d:\Trea\Trae CN\resources\app\bin\lib;d:\Trea\Trae CN\resources\app\node_modules\@vscode\ripgrep\bin
USERNAME=16696
LANG=zh_CN.UTF-8
TERM=dumb
OS=Windows_NT
PROCESSOR_IDENTIFIER=Intel64 Family 6 Model 198 Stepping 2, GenuineIntel
TMP=C:\Users\16696\AppData\Local\Temp
TEMP=C:\Users\16696\AppData\Local\Temp



Periodic native trim disabled


---------------  S Y S T E M  ---------------

OS:
 Windows 11 , 64 bit Build 26100 (10.0.26100.8521)
OS uptime: 1 days 2:57 hours
Hyper-V role detected

CPU: total 10 (initial active 10) (10 cores per cpu, 1 threads per core) family 6 model 198 stepping 2 microcode 0x118, cx8, cmov, fxsr, mmx, 3dnowpref, sse, sse2, sse3, ssse3, sse4.1, sse4.2, popcnt, lzcnt, tsc, tscinvbit, avx, avx2, aes, erms, clmul, bmi1, bmi2, adx, sha, fma, vzeroupper, clflush, clflushopt, clwb, hv
Processor Information for processor 0
  Max Mhz: 3300, Current Mhz: 3300, Mhz Limit: 3300
Processor Information for processor 1
  Max Mhz: 3300, Current Mhz: 3300, Mhz Limit: 3300
Processor Information for processor 2
  Max Mhz: 2700, Current Mhz: 2700, Mhz Limit: 2700
Processor Information for processor 3
  Max Mhz: 2700, Current Mhz: 2700, Mhz Limit: 2700
Processor Information for processor 4
  Max Mhz: 2700, Current Mhz: 2700, Mhz Limit: 2700
Processor Information for processor 5
  Max Mhz: 2700, Current Mhz: 2700, Mhz Limit: 2700
Processor Information for processor 6
  Max Mhz: 3300, Current Mhz: 3300, Mhz Limit: 3300
Processor Information for processor 7
  Max Mhz: 3300, Current Mhz: 3300, Mhz Limit: 3300
Processor Information for processor 8
  Max Mhz: 3300, Current Mhz: 3300, Mhz Limit: 3300
Processor Information for processor 9
  Max Mhz: 3300, Current Mhz: 3300, Mhz Limit: 3300

Memory: 4k page, system-wide physical 15751M (864M free)
TotalPageFile size 54151M (AvailPageFile size 139M)
current process WorkingSet (physical memory assigned to process): 532M, peak: 532M
current process commit charge ("private bytes"): 602M, peak: 966M

vm_info: OpenJDK 64-Bit Server VM (17.0.19+10-LTS) for windows-amd64 JRE (17.0.19+10-LTS), built on Apr 18 2026 18:24:40 by "MicrosoftCorporation" with MS VC++ 17.14 (VS2022)

END.
