#
# There is insufficient memory for the Java Runtime Environment to continue.
# Native memory allocation (malloc) failed to allocate 1287456 bytes. Error detail: Chunk::new
# Possible reasons:
#   The system is out of physical RAM or swap space
#   This process is running with CompressedOops enabled, and the Java Heap may be blocking the growth of the native heap
# Possible solutions:
#   Reduce memory load on the system
#   Increase physical memory or swap space
#   Check if swap backing store is full
#   Decrease Java heap size (-Xmx/-Xms)
#   Decrease number of Java threads
#   Decrease Java thread stack sizes (-Xss)
#   Set larger code cache with -XX:ReservedCodeCacheSize=
#   JVM is running with Unscaled Compressed Oops mode in which the Java heap is
#     placed in the first 4GB address space. The Java Heap base address is the
#     maximum limit for the native heap growth. Please use -XX:HeapBaseMinAddress
#     to set the Java Heap base and to place the Java Heap above 4GB virtual address.
# This output file may be truncated or incomplete.
#
#  Out of Memory Error (arena.cpp:168), pid=7172, tid=27572
#
# JRE version: OpenJDK Runtime Environment Temurin-21.0.7+6 (21.0.7+6) (build 21.0.7+6-LTS)
# Java VM: OpenJDK 64-Bit Server VM Temurin-21.0.7+6 (21.0.7+6-LTS, mixed mode, sharing, tiered, compressed oops, compressed class ptrs, g1 gc, windows-amd64)
# No core dump will be written. Minidumps are not enabled by default on client versions of Windows
#

---------------  S U M M A R Y ------------

Command Line: --add-opens=java.base/java.lang=ALL-UNNAMED --add-opens=java.base/java.lang.invoke=ALL-UNNAMED --add-opens=java.base/java.util=ALL-UNNAMED --add-opens=java.prefs/java.util.prefs=ALL-UNNAMED --add-exports=jdk.compiler/com.sun.tools.javac.api=ALL-UNNAMED --add-exports=jdk.compiler/com.sun.tools.javac.util=ALL-UNNAMED --add-opens=java.base/java.util=ALL-UNNAMED --add-opens=java.prefs/java.util.prefs=ALL-UNNAMED --add-opens=java.base/java.nio.charset=ALL-UNNAMED --add-opens=java.base/java.net=ALL-UNNAMED --add-opens=java.base/java.util.concurrent=ALL-UNNAMED --add-opens=java.base/java.util.concurrent.atomic=ALL-UNNAMED --add-opens=java.xml/javax.xml.namespace=ALL-UNNAMED --add-opens=java.base/java.time=ALL-UNNAMED -Xmx2048m -Dfile.encoding=UTF-8 -Duser.country=CN -Duser.language=zh -Duser.variant -javaagent:C:\Users\16696\.gradle\wrapper\dists\gradle-9.4.1-bin\arn2x92ynaizyzdaamcbpbhtj\gradle-9.4.1\lib\agents\gradle-instrumentation-agent-9.4.1.jar org.gradle.launcher.daemon.bootstrap.GradleDaemon 9.4.1

Host: Intel(R) Core(TM) Ultra 5 225, 10 cores, 15G,  Windows 11 , 64 bit Build 26100 (10.0.26100.8521)
Time: Thu Jul  2 18:09:54 2026  Windows 11 , 64 bit Build 26100 (10.0.26100.8521) elapsed time: 5.195381 seconds (0d 0h 0m 5s)

---------------  T H R E A D  ---------------

Current thread (0x000002d41fa32250):  JavaThread "C2 CompilerThread0" daemon [_thread_in_native, id=27572, stack(0x000000e102700000,0x000000e102800000) (1024K)]


Current CompileTask:
C2:5195 7191       4       org.gradle.cache.internal.btree.CachingBlockStore::read (56 bytes)

Stack: [0x000000e102700000,0x000000e102800000]
Native frames: (J=compiled Java code, j=interpreted, Vv=VM code, C=native code)
V  [jvm.dll+0x6ce119]
V  [jvm.dll+0x8a84a1]
V  [jvm.dll+0x8aa9ce]
V  [jvm.dll+0x8ab0b3]
V  [jvm.dll+0x27f8a6]
V  [jvm.dll+0xc507d]
V  [jvm.dll+0xc55b3]
V  [jvm.dll+0x3b692c]
V  [jvm.dll+0x1dfe33]
V  [jvm.dll+0x247c42]
V  [jvm.dll+0x2470cf]
V  [jvm.dll+0x1c760e]
V  [jvm.dll+0x25695a]
V  [jvm.dll+0x254efa]
V  [jvm.dll+0x3f03f6]
V  [jvm.dll+0x851f6b]
V  [jvm.dll+0x6cc7dd]
C  [ucrtbase.dll+0x2cd30]
C  [KERNEL32.DLL+0x2e957]
C  [ntdll.dll+0x87c1c]


---------------  P R O C E S S  ---------------

Threads class SMR info:
_java_thread_list=0x000002d466165b90, length=44, elements={
0x000002d4024fa470, 0x000002d41f9f1490, 0x000002d41f9f1ee0, 0x000002d41f9fd170,
0x000002d41f9ffbd0, 0x000002d41fa00620, 0x000002d41fa0d4a0, 0x000002d41fa32250,
0x000002d41fa365f0, 0x000002d41fb2fba0, 0x000002d41fc8e7c0, 0x000002d4650ad130,
0x000002d4650ad800, 0x000002d466b83a90, 0x000002d4661d3b70, 0x000002d466111de0,
0x000002d466b20b00, 0x000002d4675b7380, 0x000002d4672855a0, 0x000002d46770e620,
0x000002d46770ecb0, 0x000002d46770f340, 0x000002d46770d900, 0x000002d46770df90,
0x000002d46770f9d0, 0x000002d467710060, 0x000002d467bbb4a0, 0x000002d467bbae10,
0x000002d467bb8020, 0x000002d467bb93d0, 0x000002d467bb86b0, 0x000002d467bb8d40,
0x000002d467bbd570, 0x000002d467bbbb30, 0x000002d467bba780, 0x000002d467bbc1c0,
0x000002d467bbefb0, 0x000002d46aa986f0, 0x000002d46aa9b4e0, 0x000002d46aa98060,
0x000002d46aa9a130, 0x000002d46aa9bb70, 0x000002d46aa99410, 0x000002d46aa9a7c0
}

Java Threads: ( => current thread )
  0x000002d4024fa470 JavaThread "main"                              [_thread_blocked, id=19096, stack(0x000000e101500000,0x000000e101600000) (1024K)]
  0x000002d41f9f1490 JavaThread "Reference Handler"          daemon [_thread_blocked, id=25100, stack(0x000000e102100000,0x000000e102200000) (1024K)]
  0x000002d41f9f1ee0 JavaThread "Finalizer"                  daemon [_thread_blocked, id=14840, stack(0x000000e102200000,0x000000e102300000) (1024K)]
  0x000002d41f9fd170 JavaThread "Signal Dispatcher"          daemon [_thread_blocked, id=18700, stack(0x000000e102300000,0x000000e102400000) (1024K)]
  0x000002d41f9ffbd0 JavaThread "Attach Listener"            daemon [_thread_blocked, id=22680, stack(0x000000e102400000,0x000000e102500000) (1024K)]
  0x000002d41fa00620 JavaThread "Service Thread"             daemon [_thread_blocked, id=14724, stack(0x000000e102500000,0x000000e102600000) (1024K)]
  0x000002d41fa0d4a0 JavaThread "Monitor Deflation Thread"   daemon [_thread_blocked, id=18344, stack(0x000000e102600000,0x000000e102700000) (1024K)]
=>0x000002d41fa32250 JavaThread "C2 CompilerThread0"         daemon [_thread_in_native, id=27572, stack(0x000000e102700000,0x000000e102800000) (1024K)]
  0x000002d41fa365f0 JavaThread "C1 CompilerThread0"         daemon [_thread_blocked, id=26508, stack(0x000000e102800000,0x000000e102900000) (1024K)]
  0x000002d41fb2fba0 JavaThread "Common-Cleaner"             daemon [_thread_blocked, id=9500, stack(0x000000e102900000,0x000000e102a00000) (1024K)]
  0x000002d41fc8e7c0 JavaThread "Notification Thread"        daemon [_thread_blocked, id=10008, stack(0x000000e102a00000,0x000000e102b00000) (1024K)]
  0x000002d4650ad130 JavaThread "C2 CompilerThread1"         daemon [_thread_in_native, id=14184, stack(0x000000e102b00000,0x000000e102c00000) (1024K)]
  0x000002d4650ad800 JavaThread "C2 CompilerThread2"         daemon [_thread_in_native, id=8384, stack(0x000000e102c00000,0x000000e102d00000) (1024K)]
  0x000002d466b83a90 JavaThread "Daemon health stats"               [_thread_blocked, id=17664, stack(0x000000e103100000,0x000000e103200000) (1024K)]
  0x000002d4661d3b70 JavaThread "Incoming local TCP Connector on port 49675"        [_thread_in_native, id=28908, stack(0x000000e103200000,0x000000e103300000) (1024K)]
  0x000002d466111de0 JavaThread "Daemon periodic checks"            [_thread_blocked, id=21944, stack(0x000000e103300000,0x000000e103400000) (1024K)]
  0x000002d466b20b00 JavaThread "Daemon"                            [_thread_blocked, id=17428, stack(0x000000e103400000,0x000000e103500000) (1024K)]
  0x000002d4675b7380 JavaThread "Handler for socket connection from /127.0.0.1:49675 to /127.0.0.1:49676"        [_thread_in_native, id=19680, stack(0x000000e103500000,0x000000e103600000) (1024K)]
  0x000002d4672855a0 JavaThread "Cancel handler"                    [_thread_blocked, id=8756, stack(0x000000e103600000,0x000000e103700000) (1024K)]
  0x000002d46770e620 JavaThread "Daemon worker"                     [_thread_in_Java, id=30544, stack(0x000000e103700000,0x000000e103800000) (1024K)]
  0x000002d46770ecb0 JavaThread "Asynchronous log dispatcher for DefaultDaemonConnection: socket connection from /127.0.0.1:49675 to /127.0.0.1:49676"        [_thread_blocked, id=376, stack(0x000000e103800000,0x000000e103900000) (1024K)]
  0x000002d46770f340 JavaThread "Stdin handler"                     [_thread_blocked, id=24452, stack(0x000000e103900000,0x000000e103a00000) (1024K)]
  0x000002d46770d900 JavaThread "Daemon client event forwarder"        [_thread_blocked, id=25700, stack(0x000000e103a00000,0x000000e103b00000) (1024K)]
  0x000002d46770df90 JavaThread "Cache worker for journal cache (C:\Users\16696\.gradle\caches\journal-1)"        [_thread_blocked, id=20812, stack(0x000000e103b00000,0x000000e103c00000) (1024K)]
  0x000002d46770f9d0 JavaThread "File lock request listener"        [_thread_in_native, id=5720, stack(0x000000e103c00000,0x000000e103d00000) (1024K)]
  0x000002d467710060 JavaThread "Cache worker for file hash cache (C:\Users\16696\.gradle\caches\9.4.1\fileHashes)"        [_thread_in_Java, id=27340, stack(0x000000e103d00000,0x000000e103e00000) (1024K)]
  0x000002d467bbb4a0 JavaThread "Cache worker for file hash cache (D:\Code\Application\music1\.gradle\9.4.1\fileHashes)"        [_thread_blocked, id=28376, stack(0x000000e104300000,0x000000e104400000) (1024K)]
  0x000002d467bbae10 JavaThread "Cache worker for Build Output Cleanup Cache (D:\Code\Application\music1\.gradle\buildOutputCleanup)"        [_thread_blocked, id=17528, stack(0x000000e104400000,0x000000e104500000) (1024K)]
  0x000002d467bb8020 JavaThread "File watcher server"        daemon [_thread_in_native, id=24556, stack(0x000000e104500000,0x000000e104600000) (1024K)]
  0x000002d467bb93d0 JavaThread "File watcher consumer"      daemon [_thread_blocked, id=22520, stack(0x000000e104600000,0x000000e104700000) (1024K)]
  0x000002d467bb86b0 JavaThread "Cache worker for file content cache (C:\Users\16696\.gradle\caches\9.4.1\fileContent)"        [_thread_blocked, id=16880, stack(0x000000e104700000,0x000000e104800000) (1024K)]
  0x000002d467bb8d40 JavaThread "Cache worker for checksums cache (D:\Code\Application\music1\.gradle\9.4.1\checksums)"        [_thread_blocked, id=17128, stack(0x000000e104800000,0x000000e104900000) (1024K)]
  0x000002d467bbd570 JavaThread "Cache worker for cache directory md-supplier (C:\Users\16696\.gradle\caches\9.4.1\md-supplier)"        [_thread_blocked, id=12892, stack(0x000000e104900000,0x000000e104a00000) (1024K)]
  0x000002d467bbbb30 JavaThread "Cache worker for cache directory md-rule (C:\Users\16696\.gradle\caches\9.4.1\md-rule)"        [_thread_blocked, id=27452, stack(0x000000e104a00000,0x000000e104b00000) (1024K)]
  0x000002d467bba780 JavaThread "Build operations"                  [_thread_in_native, id=20864, stack(0x000000e104b00000,0x000000e104c00000) (1024K)]
  0x000002d467bbc1c0 JavaThread "Build operations Thread 2"         [_thread_blocked, id=17668, stack(0x000000e104c00000,0x000000e104d00000) (1024K)]
  0x000002d467bbefb0 JavaThread "Build operations Thread 3"         [_thread_blocked, id=20036, stack(0x000000e104d00000,0x000000e104e00000) (1024K)]
  0x000002d46aa986f0 JavaThread "Build operations Thread 4"         [_thread_in_native, id=28816, stack(0x000000e104e00000,0x000000e104f00000) (1024K)]
  0x000002d46aa9b4e0 JavaThread "Build operations Thread 5"         [_thread_in_Java, id=30464, stack(0x000000e104f00000,0x000000e105000000) (1024K)]
  0x000002d46aa98060 JavaThread "Build operations Thread 6"         [_thread_in_native, id=5344, stack(0x000000e105000000,0x000000e105100000) (1024K)]
  0x000002d46aa9a130 JavaThread "Build operations Thread 7"         [_thread_in_native, id=16596, stack(0x000000e105100000,0x000000e105200000) (1024K)]
  0x000002d46aa9bb70 JavaThread "Build operations Thread 8"         [_thread_in_native, id=30608, stack(0x000000e105200000,0x000000e105300000) (1024K)]
  0x000002d46aa99410 JavaThread "Build operations Thread 9"         [_thread_in_native, id=15676, stack(0x000000e105300000,0x000000e105400000) (1024K)]
  0x000002d46aa9a7c0 JavaThread "Build operations Thread 10"        [_thread_in_native, id=21792, stack(0x000000e105400000,0x000000e105500000) (1024K)]
Total: 44

Other Threads:
  0x000002d40219eb70 VMThread "VM Thread"                           [id=26952, stack(0x000000e102000000,0x000000e102100000) (1024K)]
  0x000002d402194170 WatcherThread "VM Periodic Task Thread"        [id=29720, stack(0x000000e101f00000,0x000000e102000000) (1024K)]
  0x000002d4020811c0 WorkerThread "GC Thread#0"                     [id=30628, stack(0x000000e101a00000,0x000000e101b00000) (1024K)]
  0x000002d4651c4020 WorkerThread "GC Thread#1"                     [id=29596, stack(0x000000e102d00000,0x000000e102e00000) (1024K)]
  0x000002d465f801a0 WorkerThread "GC Thread#2"                     [id=10536, stack(0x000000e102e00000,0x000000e102f00000) (1024K)]
  0x000002d465cb8730 WorkerThread "GC Thread#3"                     [id=26024, stack(0x000000e102f00000,0x000000e103000000) (1024K)]
  0x000002d465cb8ad0 WorkerThread "GC Thread#4"                     [id=17380, stack(0x000000e103000000,0x000000e103100000) (1024K)]
  0x000002d4678c94b0 WorkerThread "GC Thread#5"                     [id=28192, stack(0x000000e103e00000,0x000000e103f00000) (1024K)]
  0x000002d4678c9110 WorkerThread "GC Thread#6"                     [id=8996, stack(0x000000e103f00000,0x000000e104000000) (1024K)]
  0x000002d4678c9850 WorkerThread "GC Thread#7"                     [id=17180, stack(0x000000e104000000,0x000000e104100000) (1024K)]
  0x000002d4678c7ef0 WorkerThread "GC Thread#8"                     [id=22488, stack(0x000000e104100000,0x000000e104200000) (1024K)]
  0x000002d40208a760 ConcurrentGCThread "G1 Main Marker"            [id=16156, stack(0x000000e101b00000,0x000000e101c00000) (1024K)]
  0x000002d40208af10 WorkerThread "G1 Conc#0"                       [id=8976, stack(0x000000e101c00000,0x000000e101d00000) (1024K)]
  0x000002d4678c8290 WorkerThread "G1 Conc#1"                       [id=7088, stack(0x000000e104200000,0x000000e104300000) (1024K)]
  0x000002d4021855d0 ConcurrentGCThread "G1 Refine#0"               [id=19716, stack(0x000000e101d00000,0x000000e101e00000) (1024K)]
  0x000002d402185df0 ConcurrentGCThread "G1 Service"                [id=5432, stack(0x000000e101e00000,0x000000e101f00000) (1024K)]
Total: 16

Threads with active compile tasks:
C2 CompilerThread0  5235 7191       4       org.gradle.cache.internal.btree.CachingBlockStore::read (56 bytes)
C2 CompilerThread1  5235 7414       4       com.google.common.cache.LocalCache$Segment::getEntry (73 bytes)
C2 CompilerThread2  5235 7192       4       org.gradle.cache.internal.btree.FreeListBlockStore::read (12 bytes)
Total: 3

VM state: not at safepoint (normal execution)

VM Mutex/Monitor currently owned by a thread: None

Heap address: 0x0000000080000000, size: 2048 MB, Compressed Oops mode: 32-bit

CDS archive(s) mapped at: [0x000002d420000000-0x000002d420c80000-0x000002d420c80000), size 13107200, SharedBaseAddress: 0x000002d420000000, ArchiveRelocationMode: 1.
Compressed class space mapped at: 0x000002d421000000-0x000002d461000000, reserved size: 1073741824
Narrow klass base: 0x000002d420000000, Narrow klass shift: 0, Narrow klass range: 0x100000000

GC Precious Log:
 CardTable entry size: 512
 Card Set container configuration: InlinePtr #cards 5 size 8 Array Of Cards #cards 12 size 40 Howl #buckets 4 coarsen threshold 1843 Howl Bitmap #cards 512 size 80 coarsen threshold 460 Card regions per heap region 1 cards per card region 2048
 CPUs: 10 total, 10 available
 Memory: 15751M
 Large Page Support: Disabled
 NUMA Support: Disabled
 Compressed Oops: Enabled (32-bit)
 Heap Region Size: 1M
 Heap Min Capacity: 8M
 Heap Initial Capacity: 248M
 Heap Max Capacity: 2G
 Pre-touch: Disabled
 Parallel Workers: 9
 Concurrent Workers: 2
 Concurrent Refinement Workers: 9
 Periodic GC: Disabled

Heap:
 garbage-first heap   total 122880K, used 85532K [0x0000000080000000, 0x0000000100000000)
  region size 1024K, 52 young (53248K), 9 survivors (9216K)
 Metaspace       used 54097K, committed 55936K, reserved 1114112K
  class space    used 7666K, committed 8576K, reserved 1048576K

Heap Regions: E=young(eden), S=young(survivor), O=old, HS=humongous(starts), HC=humongous(continues), CS=collection set, F=free, TAMS=top-at-mark-start, PB=parsable bottom
|   0|0x0000000080000000, 0x0000000080100000, 0x0000000080100000|100%|HS|  |TAMS 0x0000000080000000| PB 0x0000000080000000| Complete 
|   1|0x0000000080100000, 0x0000000080200000, 0x0000000080200000|100%|HC|  |TAMS 0x0000000080100000| PB 0x0000000080100000| Complete 
|   2|0x0000000080200000, 0x0000000080300000, 0x0000000080300000|100%|HC|  |TAMS 0x0000000080200000| PB 0x0000000080200000| Complete 
|   3|0x0000000080300000, 0x0000000080400000, 0x0000000080400000|100%|HC|  |TAMS 0x0000000080300000| PB 0x0000000080300000| Complete 
|   4|0x0000000080400000, 0x0000000080500000, 0x0000000080500000|100%| O|  |TAMS 0x0000000080400000| PB 0x0000000080400000| Untracked 
|   5|0x0000000080500000, 0x0000000080600000, 0x0000000080600000|100%| O|  |TAMS 0x0000000080500000| PB 0x0000000080500000| Untracked 
|   6|0x0000000080600000, 0x0000000080700000, 0x0000000080700000|100%| O|  |TAMS 0x0000000080600000| PB 0x0000000080600000| Untracked 
|   7|0x0000000080700000, 0x0000000080800000, 0x0000000080800000|100%| O|  |TAMS 0x0000000080700000| PB 0x0000000080700000| Untracked 
|   8|0x0000000080800000, 0x0000000080900000, 0x0000000080900000|100%|HS|  |TAMS 0x0000000080800000| PB 0x0000000080800000| Complete 
|   9|0x0000000080900000, 0x0000000080a00000, 0x0000000080a00000|100%| O|  |TAMS 0x0000000080900000| PB 0x0000000080900000| Untracked 
|  10|0x0000000080a00000, 0x0000000080b00000, 0x0000000080b00000|100%| O|  |TAMS 0x0000000080a00000| PB 0x0000000080a00000| Untracked 
|  11|0x0000000080b00000, 0x0000000080c00000, 0x0000000080c00000|100%| O|  |TAMS 0x0000000080b00000| PB 0x0000000080b00000| Untracked 
|  12|0x0000000080c00000, 0x0000000080d00000, 0x0000000080d00000|100%| O|  |TAMS 0x0000000080c00000| PB 0x0000000080c00000| Untracked 
|  13|0x0000000080d00000, 0x0000000080e00000, 0x0000000080e00000|100%| O|  |TAMS 0x0000000080d00000| PB 0x0000000080d00000| Untracked 
|  14|0x0000000080e00000, 0x0000000080f00000, 0x0000000080f00000|100%| O|  |TAMS 0x0000000080e00000| PB 0x0000000080e00000| Untracked 
|  15|0x0000000080f00000, 0x0000000081000000, 0x0000000081000000|100%| O|  |TAMS 0x0000000080f00000| PB 0x0000000080f00000| Untracked 
|  16|0x0000000081000000, 0x0000000081100000, 0x0000000081100000|100%| O|  |TAMS 0x0000000081000000| PB 0x0000000081000000| Untracked 
|  17|0x0000000081100000, 0x0000000081200000, 0x0000000081200000|100%| O|  |TAMS 0x0000000081100000| PB 0x0000000081100000| Untracked 
|  18|0x0000000081200000, 0x0000000081300000, 0x0000000081300000|100%| O|  |TAMS 0x0000000081200000| PB 0x0000000081200000| Untracked 
|  19|0x0000000081300000, 0x0000000081400000, 0x0000000081400000|100%| O|  |TAMS 0x0000000081300000| PB 0x0000000081300000| Untracked 
|  20|0x0000000081400000, 0x0000000081500000, 0x0000000081500000|100%| O|  |TAMS 0x0000000081400000| PB 0x0000000081400000| Untracked 
|  21|0x0000000081500000, 0x0000000081600000, 0x0000000081600000|100%| O|  |TAMS 0x0000000081500000| PB 0x0000000081500000| Untracked 
|  22|0x0000000081600000, 0x0000000081700000, 0x0000000081700000|100%| O|  |TAMS 0x0000000081600000| PB 0x0000000081600000| Untracked 
|  23|0x0000000081700000, 0x0000000081800000, 0x0000000081800000|100%| O|  |TAMS 0x0000000081700000| PB 0x0000000081700000| Untracked 
|  24|0x0000000081800000, 0x0000000081900000, 0x0000000081900000|100%| O|  |TAMS 0x0000000081800000| PB 0x0000000081800000| Untracked 
|  25|0x0000000081900000, 0x0000000081a00000, 0x0000000081a00000|100%| O|  |TAMS 0x0000000081900000| PB 0x0000000081900000| Untracked 
|  26|0x0000000081a00000, 0x0000000081b00000, 0x0000000081b00000|100%| O|  |TAMS 0x0000000081a00000| PB 0x0000000081a00000| Untracked 
|  27|0x0000000081b00000, 0x0000000081c00000, 0x0000000081c00000|100%| O|  |TAMS 0x0000000081b00000| PB 0x0000000081b00000| Untracked 
|  28|0x0000000081c00000, 0x0000000081d00000, 0x0000000081d00000|100%| O|  |TAMS 0x0000000081c00000| PB 0x0000000081c00000| Untracked 
|  29|0x0000000081d00000, 0x0000000081d87318, 0x0000000081e00000| 52%| O|  |TAMS 0x0000000081d00000| PB 0x0000000081d00000| Untracked 
|  30|0x0000000081e00000, 0x0000000081e00000, 0x0000000081f00000|  0%| F|  |TAMS 0x0000000081e00000| PB 0x0000000081e00000| Untracked 
|  31|0x0000000081f00000, 0x0000000081f00000, 0x0000000082000000|  0%| F|  |TAMS 0x0000000081f00000| PB 0x0000000081f00000| Untracked 
|  32|0x0000000082000000, 0x0000000082000000, 0x0000000082100000|  0%| F|  |TAMS 0x0000000082000000| PB 0x0000000082000000| Untracked 
|  33|0x0000000082100000, 0x0000000082100000, 0x0000000082200000|  0%| F|  |TAMS 0x0000000082100000| PB 0x0000000082100000| Untracked 
|  34|0x0000000082200000, 0x0000000082200000, 0x0000000082300000|  0%| F|  |TAMS 0x0000000082200000| PB 0x0000000082200000| Untracked 
|  35|0x0000000082300000, 0x0000000082400000, 0x0000000082400000|100%| S|CS|TAMS 0x0000000082300000| PB 0x0000000082300000| Complete 
|  36|0x0000000082400000, 0x0000000082500000, 0x0000000082500000|100%| S|CS|TAMS 0x0000000082400000| PB 0x0000000082400000| Complete 
|  37|0x0000000082500000, 0x0000000082600000, 0x0000000082600000|100%| S|CS|TAMS 0x0000000082500000| PB 0x0000000082500000| Complete 
|  38|0x0000000082600000, 0x0000000082700000, 0x0000000082700000|100%| S|CS|TAMS 0x0000000082600000| PB 0x0000000082600000| Complete 
|  39|0x0000000082700000, 0x0000000082800000, 0x0000000082800000|100%| S|CS|TAMS 0x0000000082700000| PB 0x0000000082700000| Complete 
|  40|0x0000000082800000, 0x0000000082900000, 0x0000000082900000|100%| S|CS|TAMS 0x0000000082800000| PB 0x0000000082800000| Complete 
|  41|0x0000000082900000, 0x0000000082a00000, 0x0000000082a00000|100%| S|CS|TAMS 0x0000000082900000| PB 0x0000000082900000| Complete 
|  42|0x0000000082a00000, 0x0000000082b00000, 0x0000000082b00000|100%| S|CS|TAMS 0x0000000082a00000| PB 0x0000000082a00000| Complete 
|  43|0x0000000082b00000, 0x0000000082c00000, 0x0000000082c00000|100%| S|CS|TAMS 0x0000000082b00000| PB 0x0000000082b00000| Complete 
|  44|0x0000000082c00000, 0x0000000082c00000, 0x0000000082d00000|  0%| F|  |TAMS 0x0000000082c00000| PB 0x0000000082c00000| Untracked 
|  45|0x0000000082d00000, 0x0000000082d00000, 0x0000000082e00000|  0%| F|  |TAMS 0x0000000082d00000| PB 0x0000000082d00000| Untracked 
|  46|0x0000000082e00000, 0x0000000082e00000, 0x0000000082f00000|  0%| F|  |TAMS 0x0000000082e00000| PB 0x0000000082e00000| Untracked 
|  47|0x0000000082f00000, 0x0000000082f00000, 0x0000000083000000|  0%| F|  |TAMS 0x0000000082f00000| PB 0x0000000082f00000| Untracked 
|  48|0x0000000083000000, 0x0000000083000000, 0x0000000083100000|  0%| F|  |TAMS 0x0000000083000000| PB 0x0000000083000000| Untracked 
|  49|0x0000000083100000, 0x0000000083100000, 0x0000000083200000|  0%| F|  |TAMS 0x0000000083100000| PB 0x0000000083100000| Untracked 
|  50|0x0000000083200000, 0x0000000083200000, 0x0000000083300000|  0%| F|  |TAMS 0x0000000083200000| PB 0x0000000083200000| Untracked 
|  51|0x0000000083300000, 0x0000000083300000, 0x0000000083400000|  0%| F|  |TAMS 0x0000000083300000| PB 0x0000000083300000| Untracked 
|  52|0x0000000083400000, 0x0000000083400000, 0x0000000083500000|  0%| F|  |TAMS 0x0000000083400000| PB 0x0000000083400000| Untracked 
|  53|0x0000000083500000, 0x0000000083500000, 0x0000000083600000|  0%| F|  |TAMS 0x0000000083500000| PB 0x0000000083500000| Untracked 
|  54|0x0000000083600000, 0x0000000083600000, 0x0000000083700000|  0%| F|  |TAMS 0x0000000083600000| PB 0x0000000083600000| Untracked 
|  55|0x0000000083700000, 0x0000000083700000, 0x0000000083800000|  0%| F|  |TAMS 0x0000000083700000| PB 0x0000000083700000| Untracked 
|  56|0x0000000083800000, 0x0000000083800000, 0x0000000083900000|  0%| F|  |TAMS 0x0000000083800000| PB 0x0000000083800000| Untracked 
|  57|0x0000000083900000, 0x0000000083900000, 0x0000000083a00000|  0%| F|  |TAMS 0x0000000083900000| PB 0x0000000083900000| Untracked 
|  58|0x0000000083a00000, 0x0000000083a00000, 0x0000000083b00000|  0%| F|  |TAMS 0x0000000083a00000| PB 0x0000000083a00000| Untracked 
|  59|0x0000000083b00000, 0x0000000083b00000, 0x0000000083c00000|  0%| F|  |TAMS 0x0000000083b00000| PB 0x0000000083b00000| Untracked 
|  60|0x0000000083c00000, 0x0000000083c00000, 0x0000000083d00000|  0%| F|  |TAMS 0x0000000083c00000| PB 0x0000000083c00000| Untracked 
|  61|0x0000000083d00000, 0x0000000083d00000, 0x0000000083e00000|  0%| F|  |TAMS 0x0000000083d00000| PB 0x0000000083d00000| Untracked 
|  62|0x0000000083e00000, 0x0000000083e00000, 0x0000000083f00000|  0%| F|  |TAMS 0x0000000083e00000| PB 0x0000000083e00000| Untracked 
|  63|0x0000000083f00000, 0x0000000083f00000, 0x0000000084000000|  0%| F|  |TAMS 0x0000000083f00000| PB 0x0000000083f00000| Untracked 
|  64|0x0000000084000000, 0x0000000084000000, 0x0000000084100000|  0%| F|  |TAMS 0x0000000084000000| PB 0x0000000084000000| Untracked 
|  65|0x0000000084100000, 0x0000000084100000, 0x0000000084200000|  0%| F|  |TAMS 0x0000000084100000| PB 0x0000000084100000| Untracked 
|  66|0x0000000084200000, 0x0000000084200000, 0x0000000084300000|  0%| F|  |TAMS 0x0000000084200000| PB 0x0000000084200000| Untracked 
|  67|0x0000000084300000, 0x0000000084300000, 0x0000000084400000|  0%| F|  |TAMS 0x0000000084300000| PB 0x0000000084300000| Untracked 
|  68|0x0000000084400000, 0x0000000084400000, 0x0000000084500000|  0%| F|  |TAMS 0x0000000084400000| PB 0x0000000084400000| Untracked 
|  69|0x0000000084500000, 0x0000000084500000, 0x0000000084600000|  0%| F|  |TAMS 0x0000000084500000| PB 0x0000000084500000| Untracked 
|  70|0x0000000084600000, 0x0000000084600000, 0x0000000084700000|  0%| F|  |TAMS 0x0000000084600000| PB 0x0000000084600000| Untracked 
|  71|0x0000000084700000, 0x0000000084700000, 0x0000000084800000|  0%| F|  |TAMS 0x0000000084700000| PB 0x0000000084700000| Untracked 
|  72|0x0000000084800000, 0x00000000848220e0, 0x0000000084900000| 13%| E|  |TAMS 0x0000000084800000| PB 0x0000000084800000| Complete 
|  73|0x0000000084900000, 0x0000000084a00000, 0x0000000084a00000|100%| E|CS|TAMS 0x0000000084900000| PB 0x0000000084900000| Complete 
|  74|0x0000000084a00000, 0x0000000084b00000, 0x0000000084b00000|100%| E|CS|TAMS 0x0000000084a00000| PB 0x0000000084a00000| Complete 
|  75|0x0000000084b00000, 0x0000000084c00000, 0x0000000084c00000|100%| E|CS|TAMS 0x0000000084b00000| PB 0x0000000084b00000| Complete 
|  76|0x0000000084c00000, 0x0000000084d00000, 0x0000000084d00000|100%| E|CS|TAMS 0x0000000084c00000| PB 0x0000000084c00000| Complete 
|  77|0x0000000084d00000, 0x0000000084e00000, 0x0000000084e00000|100%| E|CS|TAMS 0x0000000084d00000| PB 0x0000000084d00000| Complete 
|  78|0x0000000084e00000, 0x0000000084f00000, 0x0000000084f00000|100%| E|CS|TAMS 0x0000000084e00000| PB 0x0000000084e00000| Complete 
|  79|0x0000000084f00000, 0x0000000085000000, 0x0000000085000000|100%| E|CS|TAMS 0x0000000084f00000| PB 0x0000000084f00000| Complete 
|  80|0x0000000085000000, 0x0000000085100000, 0x0000000085100000|100%| E|CS|TAMS 0x0000000085000000| PB 0x0000000085000000| Complete 
|  81|0x0000000085100000, 0x0000000085200000, 0x0000000085200000|100%| E|CS|TAMS 0x0000000085100000| PB 0x0000000085100000| Complete 
|  82|0x0000000085200000, 0x0000000085300000, 0x0000000085300000|100%| E|CS|TAMS 0x0000000085200000| PB 0x0000000085200000| Complete 
|  83|0x0000000085300000, 0x0000000085400000, 0x0000000085400000|100%| E|CS|TAMS 0x0000000085300000| PB 0x0000000085300000| Complete 
|  84|0x0000000085400000, 0x0000000085500000, 0x0000000085500000|100%| E|CS|TAMS 0x0000000085400000| PB 0x0000000085400000| Complete 
|  85|0x0000000085500000, 0x0000000085600000, 0x0000000085600000|100%| E|CS|TAMS 0x0000000085500000| PB 0x0000000085500000| Complete 
|  86|0x0000000085600000, 0x0000000085700000, 0x0000000085700000|100%| E|CS|TAMS 0x0000000085600000| PB 0x0000000085600000| Complete 
|  87|0x0000000085700000, 0x0000000085800000, 0x0000000085800000|100%| E|CS|TAMS 0x0000000085700000| PB 0x0000000085700000| Complete 
|  88|0x0000000085800000, 0x0000000085900000, 0x0000000085900000|100%| E|CS|TAMS 0x0000000085800000| PB 0x0000000085800000| Complete 
|  89|0x0000000085900000, 0x0000000085a00000, 0x0000000085a00000|100%| E|CS|TAMS 0x0000000085900000| PB 0x0000000085900000| Complete 
|  90|0x0000000085a00000, 0x0000000085b00000, 0x0000000085b00000|100%| E|CS|TAMS 0x0000000085a00000| PB 0x0000000085a00000| Complete 
|  91|0x0000000085b00000, 0x0000000085c00000, 0x0000000085c00000|100%| E|CS|TAMS 0x0000000085b00000| PB 0x0000000085b00000| Complete 
|  92|0x0000000085c00000, 0x0000000085d00000, 0x0000000085d00000|100%| E|CS|TAMS 0x0000000085c00000| PB 0x0000000085c00000| Complete 
|  93|0x0000000085d00000, 0x0000000085e00000, 0x0000000085e00000|100%| E|CS|TAMS 0x0000000085d00000| PB 0x0000000085d00000| Complete 
|  94|0x0000000085e00000, 0x0000000085f00000, 0x0000000085f00000|100%| E|CS|TAMS 0x0000000085e00000| PB 0x0000000085e00000| Complete 
|  95|0x0000000085f00000, 0x0000000086000000, 0x0000000086000000|100%| E|CS|TAMS 0x0000000085f00000| PB 0x0000000085f00000| Complete 
|  96|0x0000000086000000, 0x0000000086100000, 0x0000000086100000|100%| E|CS|TAMS 0x0000000086000000| PB 0x0000000086000000| Complete 
|  97|0x0000000086100000, 0x0000000086200000, 0x0000000086200000|100%| E|CS|TAMS 0x0000000086100000| PB 0x0000000086100000| Complete 
|  98|0x0000000086200000, 0x0000000086300000, 0x0000000086300000|100%| E|CS|TAMS 0x0000000086200000| PB 0x0000000086200000| Complete 
|  99|0x0000000086300000, 0x0000000086400000, 0x0000000086400000|100%| E|CS|TAMS 0x0000000086300000| PB 0x0000000086300000| Complete 
| 100|0x0000000086400000, 0x0000000086500000, 0x0000000086500000|100%| E|CS|TAMS 0x0000000086400000| PB 0x0000000086400000| Complete 
| 101|0x0000000086500000, 0x0000000086600000, 0x0000000086600000|100%| E|CS|TAMS 0x0000000086500000| PB 0x0000000086500000| Complete 
| 131|0x0000000088300000, 0x0000000088400000, 0x0000000088400000|100%| E|CS|TAMS 0x0000000088300000| PB 0x0000000088300000| Complete 
| 132|0x0000000088400000, 0x0000000088500000, 0x0000000088500000|100%| E|CS|TAMS 0x0000000088400000| PB 0x0000000088400000| Complete 
| 133|0x0000000088500000, 0x0000000088600000, 0x0000000088600000|100%| E|CS|TAMS 0x0000000088500000| PB 0x0000000088500000| Complete 
| 134|0x0000000088600000, 0x0000000088700000, 0x0000000088700000|100%| E|CS|TAMS 0x0000000088600000| PB 0x0000000088600000| Complete 
| 135|0x0000000088700000, 0x0000000088800000, 0x0000000088800000|100%| E|CS|TAMS 0x0000000088700000| PB 0x0000000088700000| Complete 
| 136|0x0000000088800000, 0x0000000088900000, 0x0000000088900000|100%| E|CS|TAMS 0x0000000088800000| PB 0x0000000088800000| Complete 
| 137|0x0000000088900000, 0x0000000088a00000, 0x0000000088a00000|100%| E|CS|TAMS 0x0000000088900000| PB 0x0000000088900000| Complete 
| 138|0x0000000088a00000, 0x0000000088b00000, 0x0000000088b00000|100%| E|CS|TAMS 0x0000000088a00000| PB 0x0000000088a00000| Complete 
| 139|0x0000000088b00000, 0x0000000088c00000, 0x0000000088c00000|100%| E|  |TAMS 0x0000000088b00000| PB 0x0000000088b00000| Complete 
| 140|0x0000000088c00000, 0x0000000088d00000, 0x0000000088d00000|100%| E|CS|TAMS 0x0000000088c00000| PB 0x0000000088c00000| Complete 
| 141|0x0000000088d00000, 0x0000000088e00000, 0x0000000088e00000|100%| E|CS|TAMS 0x0000000088d00000| PB 0x0000000088d00000| Complete 
| 142|0x0000000088e00000, 0x0000000088f00000, 0x0000000088f00000|100%| E|CS|TAMS 0x0000000088e00000| PB 0x0000000088e00000| Complete 
| 246|0x000000008f600000, 0x000000008f700000, 0x000000008f700000|100%| E|CS|TAMS 0x000000008f600000| PB 0x000000008f600000| Complete 
| 247|0x000000008f700000, 0x000000008f800000, 0x000000008f800000|100%| E|CS|TAMS 0x000000008f700000| PB 0x000000008f700000| Complete 
|2044|0x00000000ffc00000, 0x00000000ffd00000, 0x00000000ffd00000|100%| O|  |TAMS 0x00000000ffc00000| PB 0x00000000ffc00000| Untracked 
|2045|0x00000000ffd00000, 0x00000000ffe00000, 0x00000000ffe00000|100%| O|  |TAMS 0x00000000ffd00000| PB 0x00000000ffd00000| Untracked 
|2046|0x00000000ffe00000, 0x00000000fff00000, 0x00000000fff00000|100%| O|  |TAMS 0x00000000ffe00000| PB 0x00000000ffe00000| Untracked 
|2047|0x00000000fff00000, 0x0000000100000000, 0x0000000100000000|100%| O|  |TAMS 0x00000000fff00000| PB 0x00000000fff00000| Untracked 

Card table byte_map: [0x000002d41ab00000,0x000002d41af00000] _byte_map_base: 0x000002d41a700000

Marking Bits: (CMBitMap*) 0x000002d402081570
 Bits: [0x000002d41af00000, 0x000002d41cf00000)

Polling page: 0x000002d4003d0000

Metaspace:

Usage:
  Non-class:     45.34 MB used.
      Class:      7.49 MB used.
       Both:     52.83 MB used.

Virtual space:
  Non-class space:       64.00 MB reserved,      46.25 MB ( 72%) committed,  1 nodes.
      Class space:        1.00 GB reserved,       8.38 MB ( <1%) committed,  1 nodes.
             Both:        1.06 GB reserved,      54.62 MB (  5%) committed. 

Chunk freelists:
   Non-Class:  1.52 MB
       Class:  7.59 MB
        Both:  9.11 MB

MaxMetaspaceSize: unlimited
CompressedClassSpaceSize: 1.00 GB
Initial GC threshold: 21.00 MB
Current GC threshold: 59.62 MB
CDS: on
 - commit_granule_bytes: 65536.
 - commit_granule_words: 8192.
 - virtual_space_node_default_size: 8388608.
 - enlarge_chunks_in_place: 1.
 - use_allocation_guard: 0.


Internal statistics:

num_allocs_failed_limit: 9.
num_arena_births: 3212.
num_arena_deaths: 0.
num_vsnodes_births: 2.
num_vsnodes_deaths: 0.
num_space_committed: 874.
num_space_uncommitted: 0.
num_chunks_returned_to_freelist: 9.
num_chunks_taken_from_freelist: 5891.
num_chunk_merges: 6.
num_chunk_splits: 3786.
num_chunks_enlarged: 2275.
num_inconsistent_stats: 0.

CodeHeap 'non-profiled nmethods': size=120000Kb used=3858Kb max_used=3858Kb free=116141Kb
 bounds [0x000002d412660000, 0x000002d412a30000, 0x000002d419b90000]
CodeHeap 'profiled nmethods': size=120000Kb used=12894Kb max_used=12894Kb free=107105Kb
 bounds [0x000002d40ab90000, 0x000002d40b830000, 0x000002d4120c0000]
CodeHeap 'non-nmethods': size=5760Kb used=2022Kb max_used=2063Kb free=3737Kb
 bounds [0x000002d4120c0000, 0x000002d412330000, 0x000002d412660000]
 total_blobs=7723 nmethods=6955 adapters=672
 compilation: enabled
              stopped_count=0, restarted_count=0
 full_count=0

Compilation events (20 events):
Event: 4.186 Thread 0x000002d41fa365f0 nmethod 7358 0x000002d40b7fac90 code [0x000002d40b7faf00, 0x000002d40b7fba18]
Event: 4.186 Thread 0x000002d41fa365f0 7359       3       org.gradle.internal.vfs.impl.DefaultFileSystemAccess::lambda$readSnapshotFromLocation$9 (19 bytes)
Event: 4.186 Thread 0x000002d41fa365f0 nmethod 7359 0x000002d40b7fbe10 code [0x000002d40b7fc060, 0x000002d40b7fcaf0]
Event: 4.186 Thread 0x000002d41fa365f0 7360       3       org.gradle.internal.vfs.impl.DefaultFileSystemAccess$$Lambda/0x000002d4215c1668::get (12 bytes)
Event: 4.186 Thread 0x000002d41fa365f0 nmethod 7360 0x000002d40b7fce90 code [0x000002d40b7fd040, 0x000002d40b7fd200]
Event: 4.186 Thread 0x000002d41fa365f0 7361       3       org.gradle.internal.vfs.impl.DefaultFileSystemAccess::lambda$read$5 (9 bytes)
Event: 4.186 Thread 0x000002d41fa365f0 nmethod 7361 0x000002d40b7fd310 code [0x000002d40b7fd4c0, 0x000002d40b7fd608]
Event: 4.186 Thread 0x000002d41fa365f0 7362       3       org.gradle.internal.vfs.impl.AbstractVirtualFileSystem::findRootSnapshotsUnder (11 bytes)
Event: 4.186 Thread 0x000002d41fa365f0 nmethod 7362 0x000002d40b7fd690 code [0x000002d40b7fd840, 0x000002d40b7fda18]
Event: 4.186 Thread 0x000002d41fa365f0 7363       3       org.gradle.internal.vfs.impl.DefaultFileSystemAccess::snapshot (60 bytes)
Event: 4.187 Thread 0x000002d41fa365f0 nmethod 7363 0x000002d40b7fdb10 code [0x000002d40b7fdd80, 0x000002d40b7fe8c8]
Event: 4.187 Thread 0x000002d41fa365f0 7364       3       org.gradle.internal.vfs.impl.DefaultFileSystemAccess::snapshotAndReuse (23 bytes)
Event: 4.187 Thread 0x000002d41fa365f0 nmethod 7364 0x000002d40b7fec90 code [0x000002d40b7feec0, 0x000002d40b7ff788]
Event: 4.187 Thread 0x000002d41fa365f0 7365       3       org.gradle.internal.vfs.impl.DefaultFileSystemAccess$$Lambda/0x000002d4215c2978::snapshot (21 bytes)
Event: 4.187 Thread 0x000002d41fa365f0 nmethod 7365 0x000002d40b7ffa90 code [0x000002d40b7ffc40, 0x000002d40b7ffd98]
Event: 4.187 Thread 0x000002d41fa365f0 7366       3       org.gradle.internal.vfs.impl.DefaultFileSystemAccess::lambda$snapshotAndReuse$11 (206 bytes)
Event: 4.188 Thread 0x000002d41fa365f0 nmethod 7366 0x000002d40b7ffe90 code [0x000002d40b8002c0, 0x000002d40b802080]
Event: 4.188 Thread 0x000002d41fa365f0 7367   !   3       org.gradle.internal.file.nio.NioFileMetadataAccessor::stat (155 bytes)
Event: 4.189 Thread 0x000002d41fa365f0 nmethod 7367 0x000002d40b802d10 code [0x000002d40b803120, 0x000002d40b804868]
Event: 4.189 Thread 0x000002d41fa365f0 7372       3       org.gradle.internal.watch.vfs.impl.WatchingVirtualFileSystem::updateNotifyingListeners (47 bytes)

GC Heap History (18 events):
Event: 0.410 GC heap before
{Heap before GC invocations=0 (full 0):
 garbage-first heap   total 253952K, used 27648K [0x0000000080000000, 0x0000000100000000)
  region size 1024K, 23 young (23552K), 0 survivors (0K)
 Metaspace       used 3111K, committed 3328K, reserved 1114112K
  class space    used 363K, committed 448K, reserved 1048576K
}
Event: 0.414 GC heap after
{Heap after GC invocations=1 (full 0):
 garbage-first heap   total 253952K, used 11070K [0x0000000080000000, 0x0000000100000000)
  region size 1024K, 3 young (3072K), 3 survivors (3072K)
 Metaspace       used 3111K, committed 3328K, reserved 1114112K
  class space    used 363K, committed 448K, reserved 1048576K
}
Event: 0.616 GC heap before
{Heap before GC invocations=1 (full 0):
 garbage-first heap   total 253952K, used 40766K [0x0000000080000000, 0x0000000100000000)
  region size 1024K, 31 young (31744K), 3 survivors (3072K)
 Metaspace       used 4667K, committed 4928K, reserved 1114112K
  class space    used 576K, committed 704K, reserved 1048576K
}
Event: 0.619 GC heap after
{Heap after GC invocations=2 (full 0):
 garbage-first heap   total 253952K, used 16397K [0x0000000080000000, 0x0000000100000000)
  region size 1024K, 4 young (4096K), 4 survivors (4096K)
 Metaspace       used 4667K, committed 4928K, reserved 1114112K
  class space    used 576K, committed 704K, reserved 1048576K
}
Event: 1.630 GC heap before
{Heap before GC invocations=2 (full 0):
 garbage-first heap   total 253952K, used 119821K [0x0000000080000000, 0x0000000100000000)
  region size 1024K, 105 young (107520K), 4 survivors (4096K)
 Metaspace       used 20912K, committed 21504K, reserved 1114112K
  class space    used 2804K, committed 3072K, reserved 1048576K
}
Event: 1.634 GC heap after
{Heap after GC invocations=3 (full 0):
 garbage-first heap   total 253952K, used 24555K [0x0000000080000000, 0x0000000100000000)
  region size 1024K, 12 young (12288K), 12 survivors (12288K)
 Metaspace       used 20912K, committed 21504K, reserved 1114112K
  class space    used 2804K, committed 3072K, reserved 1048576K
}
Event: 2.106 GC heap before
{Heap before GC invocations=4 (full 0):
 garbage-first heap   total 86016K, used 84971K [0x0000000080000000, 0x0000000100000000)
  region size 1024K, 71 young (72704K), 12 survivors (12288K)
 Metaspace       used 28650K, committed 29824K, reserved 1114112K
  class space    used 4056K, committed 4608K, reserved 1048576K
}
Event: 2.111 GC heap after
{Heap after GC invocations=5 (full 0):
 garbage-first heap   total 102400K, used 28509K [0x0000000080000000, 0x0000000100000000)
  region size 1024K, 12 young (12288K), 12 survivors (12288K)
 Metaspace       used 28650K, committed 29824K, reserved 1114112K
  class space    used 4056K, committed 4608K, reserved 1048576K
}
Event: 2.419 GC heap before
{Heap before GC invocations=5 (full 0):
 garbage-first heap   total 102400K, used 70493K [0x0000000080000000, 0x0000000100000000)
  region size 1024K, 55 young (56320K), 12 survivors (12288K)
 Metaspace       used 34781K, committed 36096K, reserved 1114112K
  class space    used 4840K, committed 5504K, reserved 1048576K
}
Event: 2.423 GC heap after
{Heap after GC invocations=6 (full 0):
 garbage-first heap   total 102400K, used 30829K [0x0000000080000000, 0x0000000100000000)
  region size 1024K, 7 young (7168K), 7 survivors (7168K)
 Metaspace       used 34781K, committed 36096K, reserved 1114112K
  class space    used 4840K, committed 5504K, reserved 1048576K
}
Event: 2.444 GC heap before
{Heap before GC invocations=6 (full 0):
 garbage-first heap   total 102400K, used 31853K [0x0000000080000000, 0x0000000100000000)
  region size 1024K, 9 young (9216K), 7 survivors (7168K)
 Metaspace       used 35108K, committed 36416K, reserved 1114112K
  class space    used 4887K, committed 5568K, reserved 1048576K
}
Event: 2.446 GC heap after
{Heap after GC invocations=7 (full 0):
 garbage-first heap   total 102400K, used 32022K [0x0000000080000000, 0x0000000100000000)
  region size 1024K, 5 young (5120K), 5 survivors (5120K)
 Metaspace       used 35108K, committed 36416K, reserved 1114112K
  class space    used 4887K, committed 5568K, reserved 1048576K
}
Event: 2.839 GC heap before
{Heap before GC invocations=8 (full 0):
 garbage-first heap   total 102400K, used 84246K [0x0000000080000000, 0x0000000100000000)
  region size 1024K, 56 young (57344K), 5 survivors (5120K)
 Metaspace       used 40259K, committed 41856K, reserved 1114112K
  class space    used 5750K, committed 6528K, reserved 1048576K
}
Event: 2.841 GC heap after
{Heap after GC invocations=9 (full 0):
 garbage-first heap   total 122880K, used 34576K [0x0000000080000000, 0x0000000100000000)
  region size 1024K, 7 young (7168K), 7 survivors (7168K)
 Metaspace       used 40259K, committed 41856K, reserved 1114112K
  class space    used 5750K, committed 6528K, reserved 1048576K
}
Event: 3.397 GC heap before
{Heap before GC invocations=9 (full 0):
 garbage-first heap   total 122880K, used 101136K [0x0000000080000000, 0x0000000100000000)
  region size 1024K, 72 young (73728K), 7 survivors (7168K)
 Metaspace       used 48359K, committed 50048K, reserved 1114112K
  class space    used 6911K, committed 7744K, reserved 1048576K
}
Event: 3.400 GC heap after
{Heap after GC invocations=10 (full 0):
 garbage-first heap   total 122880K, used 37156K [0x0000000080000000, 0x0000000100000000)
  region size 1024K, 7 young (7168K), 7 survivors (7168K)
 Metaspace       used 48359K, committed 50048K, reserved 1114112K
  class space    used 6911K, committed 7744K, reserved 1048576K
}
Event: 4.043 GC heap before
{Heap before GC invocations=10 (full 0):
 garbage-first heap   total 122880K, used 102692K [0x0000000080000000, 0x0000000100000000)
  region size 1024K, 72 young (73728K), 7 survivors (7168K)
 Metaspace       used 53719K, committed 55488K, reserved 1114112K
  class space    used 7666K, committed 8576K, reserved 1048576K
}
Event: 4.048 GC heap after
{Heap after GC invocations=11 (full 0):
 garbage-first heap   total 122880K, used 43548K [0x0000000080000000, 0x0000000100000000)
  region size 1024K, 9 young (9216K), 9 survivors (9216K)
 Metaspace       used 53719K, committed 55488K, reserved 1114112K
  class space    used 7666K, committed 8576K, reserved 1048576K
}

Dll operation events (15 events):
Event: 0.078 Loaded shared library C:\Users\16696\.gradle\jdks\eclipse_adoptium-21-amd64-windows.2\bin\java.dll
Event: 0.099 Loaded shared library C:\Users\16696\.gradle\jdks\eclipse_adoptium-21-amd64-windows.2\bin\jsvml.dll
Event: 0.118 Loaded shared library C:\Users\16696\.gradle\jdks\eclipse_adoptium-21-amd64-windows.2\bin\zip.dll
Event: 0.121 Loaded shared library C:\Users\16696\.gradle\jdks\eclipse_adoptium-21-amd64-windows.2\bin\instrument.dll
Event: 0.124 Loaded shared library C:\Users\16696\.gradle\jdks\eclipse_adoptium-21-amd64-windows.2\bin\net.dll
Event: 0.127 Loaded shared library C:\Users\16696\.gradle\jdks\eclipse_adoptium-21-amd64-windows.2\bin\nio.dll
Event: 0.130 Loaded shared library C:\Users\16696\.gradle\jdks\eclipse_adoptium-21-amd64-windows.2\bin\zip.dll
Event: 0.218 Loaded shared library C:\Users\16696\.gradle\jdks\eclipse_adoptium-21-amd64-windows.2\bin\jimage.dll
Event: 0.336 Loaded shared library C:\Users\16696\.gradle\jdks\eclipse_adoptium-21-amd64-windows.2\bin\verify.dll
Event: 0.356 Loaded shared library C:\Users\16696\.gradle\native\660c5614fbf4a5f2a75b1949f50a0caf5cd603558e7d8a26e50b933a0cfb79d1\windows-amd64\native-platform.dll
Event: 0.362 Loaded shared library C:\Users\16696\.gradle\native\0.2.8\x86_64-windows-gnu\gradle-fileevents.dll
Event: 0.755 Loaded shared library C:\Users\16696\.gradle\jdks\eclipse_adoptium-21-amd64-windows.2\bin\management.dll
Event: 0.758 Loaded shared library C:\Users\16696\.gradle\jdks\eclipse_adoptium-21-amd64-windows.2\bin\management_ext.dll
Event: 0.848 Loaded shared library C:\Users\16696\.gradle\jdks\eclipse_adoptium-21-amd64-windows.2\bin\extnet.dll
Event: 0.982 Loaded shared library C:\Users\16696\.gradle\jdks\eclipse_adoptium-21-amd64-windows.2\bin\sunmscapi.dll

Deoptimization events (20 events):
Event: 4.068 Thread 0x000002d46aa986f0 Uncommon trap: trap_request=0xffffff45 fr.pc=0x000002d412981840 relative=0x0000000000000e40
Event: 4.068 Thread 0x000002d46aa986f0 Uncommon trap: reason=unstable_if action=reinterpret pc=0x000002d412981840 method=java.util.concurrent.ConcurrentHashMap.computeIfAbsent(Ljava/lang/Object;Ljava/util/function/Function;)Ljava/lang/Object; @ 279 c2
Event: 4.068 Thread 0x000002d46aa986f0 DEOPT PACKING pc=0x000002d412981840 sp=0x000000e104efd820
Event: 4.068 Thread 0x000002d46aa986f0 DEOPT UNPACKING pc=0x000002d4121146a2 sp=0x000000e104efd798 mode 2
Event: 4.068 Thread 0x000002d467bba780 Uncommon trap: trap_request=0xffffff45 fr.pc=0x000002d412981840 relative=0x0000000000000e40
Event: 4.068 Thread 0x000002d467bba780 Uncommon trap: reason=unstable_if action=reinterpret pc=0x000002d412981840 method=java.util.concurrent.ConcurrentHashMap.computeIfAbsent(Ljava/lang/Object;Ljava/util/function/Function;)Ljava/lang/Object; @ 279 c2
Event: 4.068 Thread 0x000002d467bba780 DEOPT PACKING pc=0x000002d412981840 sp=0x000000e104bfd8d0
Event: 4.068 Thread 0x000002d467bba780 DEOPT UNPACKING pc=0x000002d4121146a2 sp=0x000000e104bfd848 mode 2
Event: 4.195 Thread 0x000002d46aa98060 Uncommon trap: trap_request=0xffffff45 fr.pc=0x000002d412a08bc0 relative=0x0000000000000260
Event: 4.195 Thread 0x000002d467bba780 Uncommon trap: trap_request=0xffffff45 fr.pc=0x000002d412a08bc0 relative=0x0000000000000260
Event: 4.197 Thread 0x000002d46aa9a7c0 Uncommon trap: trap_request=0xffffff45 fr.pc=0x000002d4127d63b8 relative=0x0000000000001478
Event: 4.198 Thread 0x000002d46aa9b4e0 Uncommon trap: trap_request=0xffffff45 fr.pc=0x000002d4127d63b8 relative=0x0000000000001478
Event: 4.202 Thread 0x000002d46aa99410 Uncommon trap: trap_request=0xffffff45 fr.pc=0x000002d4127d63b8 relative=0x0000000000001478
Event: 4.205 Thread 0x000002d46770e620 Uncommon trap: trap_request=0xffffff45 fr.pc=0x000002d412a08bc0 relative=0x0000000000000260
Event: 5.192 Thread 0x000002d46aa98060 Uncommon trap: reason=unstable_if action=reinterpret pc=0x000002d412a08bc0 method=java.util.concurrent.ConcurrentHashMap.addCount(JI)V @ 171 c2
Event: 5.192 Thread 0x000002d467bba780 Uncommon trap: reason=unstable_if action=reinterpret pc=0x000002d412a08bc0 method=java.util.concurrent.ConcurrentHashMap.addCount(JI)V @ 171 c2
Event: 5.192 Thread 0x000002d46aa9a7c0 Uncommon trap: reason=unstable_if action=reinterpret pc=0x000002d4127d63b8 method=java.util.concurrent.ConcurrentHashMap.transfer([Ljava/util/concurrent/ConcurrentHashMap$Node;[Ljava/util/concurrent/ConcurrentHashMap$Node;)V @ 34 c2
Event: 5.192 Thread 0x000002d46aa9b4e0 Uncommon trap: reason=unstable_if action=reinterpret pc=0x000002d4127d63b8 method=java.util.concurrent.ConcurrentHashMap.transfer([Ljava/util/concurrent/ConcurrentHashMap$Node;[Ljava/util/concurrent/ConcurrentHashMap$Node;)V @ 34 c2
Event: 5.192 Thread 0x000002d46aa99410 Uncommon trap: reason=unstable_if action=reinterpret pc=0x000002d4127d63b8 method=java.util.concurrent.ConcurrentHashMap.transfer([Ljava/util/concurrent/ConcurrentHashMap$Node;[Ljava/util/concurrent/ConcurrentHashMap$Node;)V @ 34 c2
Event: 5.192 Thread 0x000002d46770e620 Uncommon trap: reason=unstable_if action=reinterpret pc=0x000002d412a08bc0 method=java.util.concurrent.ConcurrentHashMap.addCount(JI)V @ 171 c2

Classes loaded (20 events):
Event: 3.750 Loading class jdk/internal/logger/LoggerFinderLoader$TemporaryLoggerFinder
Event: 3.750 Loading class jdk/internal/logger/LoggerFinderLoader$TemporaryLoggerFinder done
Event: 3.750 Loading class sun/util/logging/internal/LoggingProviderImpl$JULWrapper
Event: 3.750 Loading class sun/util/logging/PlatformLogger$ConfigurableBridge$LoggerConfiguration
Event: 3.750 Loading class sun/util/logging/PlatformLogger$ConfigurableBridge$LoggerConfiguration done
Event: 3.750 Loading class sun/util/logging/internal/LoggingProviderImpl$JULWrapper done
Event: 3.750 Loading class java/io/ObjectInputFilter$Config$BuiltinFilterFactory
Event: 3.750 Loading class java/io/ObjectInputFilter$Config$BuiltinFilterFactory done
Event: 3.750 Loading class jdk/internal/access/JavaObjectInputFilterAccess
Event: 3.750 Loading class jdk/internal/access/JavaObjectInputFilterAccess done
Event: 3.751 Loading class jdk/internal/event/DeserializationEvent
Event: 3.751 Loading class jdk/internal/event/DeserializationEvent done
Event: 3.751 Loading class java/io/ObjectInputStream$FieldValues
Event: 3.751 Loading class java/io/ObjectInputStream$GetField
Event: 3.751 Loading class java/io/ObjectInputStream$GetField done
Event: 3.751 Loading class java/io/ObjectInputStream$FieldValues done
Event: 3.941 Loading class java/util/LinkedList$LLSpliterator
Event: 3.941 Loading class java/util/LinkedList$LLSpliterator done
Event: 4.055 Loading class java/lang/foreign/MemorySegment
Event: 4.056 Loading class java/lang/foreign/MemorySegment done

Classes unloaded (0 events):
No events

Classes redefined (0 events):
No events

Internal exceptions (20 events):
Event: 3.085 Thread 0x000002d46770e620 Exception <a 'java/lang/NoSuchMethodError'{0x00000000856175d8}: 'java.lang.Object java.lang.invoke.DirectMethodHandle$Holder.invokeSpecialIFC(java.lang.Object, java.lang.Object, java.lang.Object)'> (0x00000000856175d8) 
thrown [s\src\hotspot\share\interpreter\linkResolver.cpp, line 773]
Event: 3.147 Thread 0x000002d46770e620 Exception <a 'java/lang/NoSuchMethodError'{0x00000000851257a0}: 'long java.lang.invoke.DirectMethodHandle$Holder.invokeStatic(java.lang.Object, java.lang.Object)'> (0x00000000851257a0) 
thrown [s\src\hotspot\share\interpreter\linkResolver.cpp, line 773]
Event: 3.351 Thread 0x000002d46770e620 Exception <a 'java/lang/ClassNotFoundException'{0x00000000837ea728}: sun/misc/SharedSecrets> (0x00000000837ea728) 
thrown [s\src\hotspot\share\classfile\systemDictionary.cpp, line 312]
Event: 3.395 Thread 0x000002d46770e620 Exception <a 'sun/nio/fs/WindowsException'{0x00000000833d8490}> (0x00000000833d8490) 
thrown [s\src\hotspot\share\prims\jni.cpp, line 520]
Event: 3.395 Thread 0x000002d46770e620 Exception <a 'sun/nio/fs/WindowsException'{0x00000000833d9ac8}> (0x00000000833d9ac8) 
thrown [s\src\hotspot\share\prims\jni.cpp, line 520]
Event: 3.396 Thread 0x000002d46770e620 Exception <a 'sun/nio/fs/WindowsException'{0x00000000833e23d8}> (0x00000000833e23d8) 
thrown [s\src\hotspot\share\prims\jni.cpp, line 520]
Event: 3.470 Thread 0x000002d46770e620 Exception <a 'java/lang/NoSuchMethodError'{0x00000000888338e8}: 'void java.lang.invoke.DirectMethodHandle$Holder.invokeStatic(java.lang.Object, java.lang.Object, java.lang.Object, java.lang.Object, java.lang.Object, java.lang.Object, java.lang.Object)'> (0x00000000888338e8) 
thrown [s\src\hotspot\share\interpreter\linkResolver.cpp, line 773]
Event: 3.634 Thread 0x000002d46770e620 Exception <a 'java/lang/NoSuchMethodError'{0x000000008592eed8}: 'long java.lang.invoke.DirectMethodHandle$Holder.invokeStatic(java.lang.Object, long)'> (0x000000008592eed8) 
thrown [s\src\hotspot\share\interpreter\linkResolver.cpp, line 773]
Event: 3.651 Thread 0x000002d46770e620 Implicit null exception at 0x000002d4128cdd43 to 0x000002d4128ce07c
Event: 3.731 Thread 0x000002d46770e620 Exception <a 'java/lang/NoSuchMethodError'{0x0000000085241470}: static Lorg/gradle/api/internal/catalog/DefaultVersionCatalog;.<clinit>()V> (0x0000000085241470) 
thrown [s\src\hotspot\share\prims\jni.cpp, line 1111]
Event: 3.734 Thread 0x000002d46770e620 Exception <a 'java/lang/NoSuchMethodError'{0x0000000085264830}: 'long java.lang.invoke.DirectMethodHandle$Holder.invokeSpecial(java.lang.Object, java.lang.Object)'> (0x0000000085264830) 
thrown [s\src\hotspot\share\interpreter\linkResolver.cpp, line 773]
Event: 3.734 Thread 0x000002d46770e620 Exception <a 'java/lang/NoSuchMethodError'{0x0000000085268cb8}: 'long java.lang.invoke.Invokers$Holder.invokeExact_MT(java.lang.Object, java.lang.Object)'> (0x0000000085268cb8) 
thrown [s\src\hotspot\share\interpreter\linkResolver.cpp, line 773]
Event: 3.736 Thread 0x000002d46770e620 Exception <a 'java/lang/NoSuchMethodError'{0x000000008529e2d0}: static [Ljava/lang/Object;.<clinit>()V> (0x000000008529e2d0) 
thrown [s\src\hotspot\share\prims\jni.cpp, line 1111]
Event: 3.738 Thread 0x000002d46770e620 Exception <a 'java/lang/NoSuchMethodError'{0x00000000852dba00}: static Lorg/gradle/api/internal/catalog/DependencyModel;.<clinit>()V> (0x00000000852dba00) 
thrown [s\src\hotspot\share\prims\jni.cpp, line 1111]
Event: 3.738 Thread 0x000002d46770e620 Exception <a 'java/lang/NoSuchMethodError'{0x00000000852df620}: static Lorg/gradle/api/internal/catalog/AbstractContextAwareModel;.<clinit>()V> (0x00000000852df620) 
thrown [s\src\hotspot\share\prims\jni.cpp, line 1111]
Event: 3.739 Thread 0x000002d46770e620 Exception <a 'java/lang/NoSuchMethodError'{0x00000000852f8bb8}: static Lorg/gradle/api/internal/artifacts/dependencies/AbstractVersionConstraint;.<clinit>()V> (0x00000000852f8bb8) 
thrown [s\src\hotspot\share\prims\jni.cpp, line 1111]
Event: 3.745 Thread 0x000002d46770e620 Exception <a 'java/lang/NoSuchMethodError'{0x00000000851942e8}: static Lorg/gradle/api/internal/catalog/PluginModel;.<clinit>()V> (0x00000000851942e8) 
thrown [s\src\hotspot\share\prims\jni.cpp, line 1111]
Event: 3.746 Thread 0x000002d46770e620 Exception <a 'java/lang/NoSuchMethodError'{0x00000000851ab9e8}: static Lorg/gradle/api/internal/catalog/VersionModel;.<clinit>()V> (0x00000000851ab9e8) 
thrown [s\src\hotspot\share\prims\jni.cpp, line 1111]
Event: 3.747 Thread 0x000002d46770e620 Exception <a 'java/lang/NoSuchMethodError'{0x00000000851b4810}: 'void java.lang.invoke.DirectMethodHandle$Holder.invokeSpecial(java.lang.Object, java.lang.Object, java.lang.Object, int)'> (0x00000000851b4810) 
thrown [s\src\hotspot\share\interpreter\linkResolver.cpp, line 773]
Event: 3.942 Thread 0x000002d46770e620 Exception <a 'java/lang/IncompatibleClassChangeError'{0x0000000084646c30}: Found class java.lang.Object, but interface was expected> (0x0000000084646c30) 
thrown [s\src\hotspot\share\interpreter\linkResolver.cpp, line 840]

ZGC Phase Switch (0 events):
No events

VM Operations (20 events):
Event: 3.358 Executing VM operation: ICBufferFull done
Event: 3.397 Executing VM operation: G1CollectForAllocation (G1 Evacuation Pause)
Event: 3.400 Executing VM operation: G1CollectForAllocation (G1 Evacuation Pause) done
Event: 3.529 Executing VM operation: ICBufferFull
Event: 3.529 Executing VM operation: ICBufferFull done
Event: 3.725 Executing VM operation: ICBufferFull
Event: 3.726 Executing VM operation: ICBufferFull done
Event: 3.733 Executing VM operation: HandshakeAllThreads (Deoptimize)
Event: 3.733 Executing VM operation: HandshakeAllThreads (Deoptimize) done
Event: 3.876 Executing VM operation: ICBufferFull
Event: 3.876 Executing VM operation: ICBufferFull done
Event: 3.972 Executing VM operation: ICBufferFull
Event: 3.972 Executing VM operation: ICBufferFull done
Event: 4.033 Executing VM operation: ICBufferFull
Event: 4.033 Executing VM operation: ICBufferFull done
Event: 4.043 Executing VM operation: G1CollectForAllocation (G1 Evacuation Pause)
Event: 4.048 Executing VM operation: G1CollectForAllocation (G1 Evacuation Pause) done
Event: 4.115 Executing VM operation: ICBufferFull
Event: 4.115 Executing VM operation: ICBufferFull done
Event: 5.116 Executing VM operation: Cleanup

Memory protections (0 events):
No events

Nmethod flushes (20 events):
Event: 2.455 Thread 0x000002d40219eb70 flushing  nmethod 0x000002d40ab9df90
Event: 2.455 Thread 0x000002d40219eb70 flushing  nmethod 0x000002d40ab9e610
Event: 2.455 Thread 0x000002d40219eb70 flushing  nmethod 0x000002d40ac03e90
Event: 2.455 Thread 0x000002d40219eb70 flushing  nmethod 0x000002d40ac05690
Event: 2.455 Thread 0x000002d40219eb70 flushing  nmethod 0x000002d40ac06a10
Event: 2.455 Thread 0x000002d40219eb70 flushing  nmethod 0x000002d40ac0c510
Event: 2.455 Thread 0x000002d40219eb70 flushing  nmethod 0x000002d40ac0cc90
Event: 2.455 Thread 0x000002d40219eb70 flushing  nmethod 0x000002d40ac0d990
Event: 2.455 Thread 0x000002d40219eb70 flushing  nmethod 0x000002d40ac8ad90
Event: 2.455 Thread 0x000002d40219eb70 flushing  nmethod 0x000002d40ac94890
Event: 2.455 Thread 0x000002d40219eb70 flushing  nmethod 0x000002d40acebe10
Event: 2.455 Thread 0x000002d40219eb70 flushing  nmethod 0x000002d40ad32210
Event: 2.455 Thread 0x000002d40219eb70 flushing  nmethod 0x000002d40ad37210
Event: 2.455 Thread 0x000002d40219eb70 flushing  nmethod 0x000002d40ad37510
Event: 2.455 Thread 0x000002d40219eb70 flushing  nmethod 0x000002d40aea8510
Event: 2.455 Thread 0x000002d40219eb70 flushing  nmethod 0x000002d40aea9090
Event: 2.455 Thread 0x000002d40219eb70 flushing  nmethod 0x000002d40aea9a10
Event: 2.455 Thread 0x000002d40219eb70 flushing  nmethod 0x000002d40aeaa690
Event: 2.455 Thread 0x000002d40219eb70 flushing  nmethod 0x000002d40aecf890
Event: 2.455 Thread 0x000002d40219eb70 flushing  nmethod 0x000002d40aed4c90

Events (20 events):
Event: 1.252 Thread 0x000002d46770e620 Thread added: 0x000002d46770f9d0
Event: 1.282 Thread 0x000002d46770e620 Thread added: 0x000002d467710060
Event: 1.837 Thread 0x000002d46770e620 Thread added: 0x000002d467bbb4a0
Event: 1.843 Thread 0x000002d46770e620 Thread added: 0x000002d467bbae10
Event: 1.980 Thread 0x000002d46770e620 Thread added: 0x000002d467bb8020
Event: 1.982 Thread 0x000002d46770e620 Thread added: 0x000002d467bb93d0
Event: 2.050 Thread 0x000002d46770e620 Thread added: 0x000002d467bb86b0
Event: 2.085 Thread 0x000002d46770e620 Thread added: 0x000002d467bb8d40
Event: 2.216 Thread 0x000002d46770e620 Thread added: 0x000002d467bbd570
Event: 2.253 Thread 0x000002d46770e620 Thread added: 0x000002d467bbbb30
Event: 3.036 Thread 0x000002d46770e620 Thread added: 0x000002d467bba780
Event: 3.065 Thread 0x000002d46770e620 Thread added: 0x000002d467bbc1c0
Event: 3.085 Thread 0x000002d46770e620 Thread added: 0x000002d467bbefb0
Event: 3.950 Thread 0x000002d46770e620 Thread added: 0x000002d46aa986f0
Event: 3.950 Thread 0x000002d46770e620 Thread added: 0x000002d46aa9b4e0
Event: 3.950 Thread 0x000002d46770e620 Thread added: 0x000002d46aa98060
Event: 3.951 Thread 0x000002d46770e620 Thread added: 0x000002d46aa9a130
Event: 3.951 Thread 0x000002d46770e620 Thread added: 0x000002d46aa9bb70
Event: 3.951 Thread 0x000002d46770e620 Thread added: 0x000002d46aa99410
Event: 3.951 Thread 0x000002d46770e620 Thread added: 0x000002d46aa9a7c0


Dynamic libraries:
0x00007ff6b8e40000 - 0x00007ff6b8e4e000 	C:\Users\16696\.gradle\jdks\eclipse_adoptium-21-amd64-windows.2\bin\java.exe
0x00007ffcb7e20000 - 0x00007ffcb8086000 	C:\Windows\SYSTEM32\ntdll.dll
0x00007ffcb6ef0000 - 0x00007ffcb6fb9000 	C:\Windows\System32\KERNEL32.DLL
0x00007ffcb5790000 - 0x00007ffcb5b8a000 	C:\Windows\System32\KERNELBASE.dll
0x00007ffc90560000 - 0x00007ffc9060f000 	d:\Trea\Trae CN\resources\app\modules\sandbox\x64\sbox_core.dll
0x00007ffcb50e0000 - 0x00007ffcb522c000 	C:\Windows\System32\ucrtbase.dll
0x00007ffc930b0000 - 0x00007ffc930c8000 	C:\Users\16696\.gradle\jdks\eclipse_adoptium-21-amd64-windows.2\bin\jli.dll
0x00007ffc904f0000 - 0x00007ffc9050e000 	C:\Users\16696\.gradle\jdks\eclipse_adoptium-21-amd64-windows.2\bin\VCRUNTIME140.dll
0x00007ffcb78e0000 - 0x00007ffcb7aa7000 	C:\Windows\System32\USER32.dll
0x00007ffcb50b0000 - 0x00007ffcb50d7000 	C:\Windows\System32\win32u.dll
0x00007ffc987f0000 - 0x00007ffc98a82000 	C:\Windows\WinSxS\amd64_microsoft.windows.common-controls_6595b64144ccf1df_6.0.26100.8521_none_3e08b75ce33403b3\COMCTL32.dll
0x00007ffcb7ab0000 - 0x00007ffcb7adb000 	C:\Windows\System32\GDI32.dll
0x00007ffcb5230000 - 0x00007ffcb535b000 	C:\Windows\System32\gdi32full.dll
0x00007ffcb6ce0000 - 0x00007ffcb6d89000 	C:\Windows\System32\msvcrt.dll
0x00007ffcb5410000 - 0x00007ffcb54b3000 	C:\Windows\System32\msvcp_win.dll
0x00007ffc90610000 - 0x00007ffc906a0000 	d:\Trea\Trae CN\resources\app\modules\sandbox\x64\sbox_ipc.dll
0x00007ffcb7ae0000 - 0x00007ffcb7b12000 	C:\Windows\System32\IMM32.DLL
0x00007ffcb2620000 - 0x00007ffcb2862000 	C:\Windows\SYSTEM32\dbghelp.dll
0x00007ffcb64a0000 - 0x00007ffcb6823000 	C:\Windows\System32\combase.dll
0x00007ffcb77c0000 - 0x00007ffcb78d8000 	C:\Windows\System32\RPCRT4.dll
0x00007ffcb6320000 - 0x00007ffcb63f9000 	C:\Windows\System32\OLEAUT32.dll
0x00007ffc90f00000 - 0x00007ffc90f3b000 	C:\Windows\SYSTEM32\dbgcore.DLL
0x00007ffca0210000 - 0x00007ffca021c000 	C:\Users\16696\.gradle\jdks\eclipse_adoptium-21-amd64-windows.2\bin\vcruntime140_1.dll
0x00007ffc90460000 - 0x00007ffc904ed000 	C:\Users\16696\.gradle\jdks\eclipse_adoptium-21-amd64-windows.2\bin\msvcp140.dll
0x00007ffc380c0000 - 0x00007ffc38e50000 	C:\Users\16696\.gradle\jdks\eclipse_adoptium-21-amd64-windows.2\bin\server\jvm.dll
0x00007ffcb70c0000 - 0x00007ffcb7176000 	C:\Windows\System32\ADVAPI32.dll
0x00007ffcb7280000 - 0x00007ffcb732a000 	C:\Windows\System32\sechost.dll
0x00007ffcb6400000 - 0x00007ffcb6480000 	C:\Windows\System32\WS2_32.dll
0x00007ffcb4f10000 - 0x00007ffcb4f6e000 	C:\Windows\SYSTEM32\POWRPROF.dll
0x00007ffcae0c0000 - 0x00007ffcae0f6000 	C:\Windows\SYSTEM32\WINMM.dll
0x00007ffcade90000 - 0x00007ffcade9b000 	C:\Windows\SYSTEM32\VERSION.dll
0x00007ffcb4ef0000 - 0x00007ffcb4f04000 	C:\Windows\SYSTEM32\UMPDC.dll
0x00007ffcb3e10000 - 0x00007ffcb3e2b000 	C:\Windows\SYSTEM32\kernel.appcore.dll
0x00007ffc9ae50000 - 0x00007ffc9ae5a000 	C:\Users\16696\.gradle\jdks\eclipse_adoptium-21-amd64-windows.2\bin\jimage.dll
0x00007ffcb5360000 - 0x00007ffcb5408000 	C:\Windows\System32\bcryptPrimitives.dll
0x00007ffcb38d0000 - 0x00007ffcb3a1a000 	C:\Windows\SYSTEM32\dnsapi.dll
0x00007ffcb4190000 - 0x00007ffcb419d000 	C:\Windows\SYSTEM32\DSPARSE.dll
0x00007ffcb3830000 - 0x00007ffcb3863000 	C:\Windows\SYSTEM32\IPHLPAPI.DLL
0x00007ffcb6490000 - 0x00007ffcb649a000 	C:\Windows\System32\NSI.dll
0x00007ffc98cf0000 - 0x00007ffc98cff000 	C:\Users\16696\.gradle\jdks\eclipse_adoptium-21-amd64-windows.2\bin\instrument.dll
0x00007ffc90440000 - 0x00007ffc9045f000 	C:\Users\16696\.gradle\jdks\eclipse_adoptium-21-amd64-windows.2\bin\java.dll
0x00007ffcb5b90000 - 0x00007ffcb6314000 	C:\Windows\System32\Shell32.dll
0x00007ffcb2c50000 - 0x00007ffcb34d0000 	C:\Windows\SYSTEM32\windows.storage.dll
0x00007ffcb6fc0000 - 0x00007ffcb70b6000 	C:\Windows\System32\shcore.dll
0x00007ffcb13e0000 - 0x00007ffcb148a000 	C:\Windows\system32\uxtheme.dll
0x00007ffcb7ba0000 - 0x00007ffcb7c07000 	C:\Windows\System32\shlwapi.dll
0x00007ffcb6830000 - 0x00007ffcb68de000 	C:\Windows\System32\clbcatq.dll
0x00007ffc9a690000 - 0x00007ffc9ace7000 	C:\Windows\System32\OneCoreUAPCommonProxyStub.dll
0x00007ffcb7c40000 - 0x00007ffcb7dd8000 	C:\Windows\System32\ole32.dll
0x00007ffcb4c30000 - 0x00007ffcb4c81000 	C:\Windows\SYSTEM32\CFGMGR32.dll
0x00007ffc97b10000 - 0x00007ffc97ced000 	C:\Windows\System32\urlmon.dll
0x00007ffc99300000 - 0x00007ffc995c5000 	C:\Windows\System32\iertutil.dll
0x00007ffc9b5a0000 - 0x00007ffc9b5c9000 	C:\Windows\System32\srvcli.dll
0x00007ffcb37a0000 - 0x00007ffcb37ad000 	C:\Windows\System32\netutils.dll
0x00007ffcb40c0000 - 0x00007ffcb4109000 	C:\Windows\System32\SspiCli.dll
0x00007ffcafb30000 - 0x00007ffcafc36000 	C:\Windows\System32\PROPSYS.dll
0x00007ffcaddb0000 - 0x00007ffcaddc7000 	C:\Windows\SYSTEM32\virtdisk.dll
0x00007ffc90d80000 - 0x00007ffc90ef8000 	C:\Windows\System32\Windows.System.Launcher.dll
0x00007ffc990e0000 - 0x00007ffc990fd000 	C:\Windows\SYSTEM32\windows.staterepositorycore.dll
0x00007ffcae880000 - 0x00007ffcae9ea000 	C:\Windows\System32\wintypes.dll
0x00007ffc919f0000 - 0x00007ffc91ab4000 	C:\Windows\System32\Windows.StateRepositoryPS.dll
0x00007ffcb3f40000 - 0x00007ffcb3f76000 	C:\Windows\SYSTEM32\ntmarta.dll
0x00007ffc90ac0000 - 0x00007ffc90b80000 	C:\Windows\System32\Windows.FileExplorer.Common.dll
0x00007ffc99070000 - 0x00007ffc990b7000 	C:\Windows\SYSTEM32\windows.staterepositoryclient.dll
0x00007ffc906e0000 - 0x00007ffc90710000 	C:\Windows\System32\cldapi.dll
0x00007ffcb4fa0000 - 0x00007ffcb4fca000 	C:\Windows\SYSTEM32\bcrypt.dll
0x00007ffcb4fd0000 - 0x00007ffcb4ff9000 	C:\Windows\SYSTEM32\profapi.dll
0x00007ffc685f0000 - 0x00007ffc686c7000 	C:\Users\16696\.gradle\jdks\eclipse_adoptium-21-amd64-windows.2\bin\jsvml.dll
0x00007ffc90420000 - 0x00007ffc90438000 	C:\Users\16696\.gradle\jdks\eclipse_adoptium-21-amd64-windows.2\bin\zip.dll
0x00007ffc985f0000 - 0x00007ffc98600000 	C:\Users\16696\.gradle\jdks\eclipse_adoptium-21-amd64-windows.2\bin\net.dll
0x00007ffcae100000 - 0x00007ffcae229000 	C:\Windows\SYSTEM32\WINHTTP.dll
0x00007ffcb4390000 - 0x00007ffcb43fc000 	C:\Windows\system32\mswsock.dll
0x00007ffc8fc80000 - 0x00007ffc8fc96000 	C:\Users\16696\.gradle\jdks\eclipse_adoptium-21-amd64-windows.2\bin\nio.dll
0x00007ffc93c40000 - 0x00007ffc93c50000 	C:\Users\16696\.gradle\jdks\eclipse_adoptium-21-amd64-windows.2\bin\verify.dll
0x00007ffc937e0000 - 0x00007ffc93807000 	C:\Users\16696\.gradle\native\660c5614fbf4a5f2a75b1949f50a0caf5cd603558e7d8a26e50b933a0cfb79d1\windows-amd64\native-platform.dll
0x00007ffc90390000 - 0x00007ffc90407000 	C:\Users\16696\.gradle\native\0.2.8\x86_64-windows-gnu\gradle-fileevents.dll
0x00007ffc937a0000 - 0x00007ffc937aa000 	C:\Users\16696\.gradle\jdks\eclipse_adoptium-21-amd64-windows.2\bin\management.dll
0x00007ffc934c0000 - 0x00007ffc934cb000 	C:\Users\16696\.gradle\jdks\eclipse_adoptium-21-amd64-windows.2\bin\management_ext.dll
0x00007ffcb6be0000 - 0x00007ffcb6be8000 	C:\Windows\System32\PSAPI.DLL
0x00007ffc91580000 - 0x00007ffc91589000 	C:\Users\16696\.gradle\jdks\eclipse_adoptium-21-amd64-windows.2\bin\extnet.dll
0x00007ffcb46a0000 - 0x00007ffcb46bb000 	C:\Windows\SYSTEM32\CRYPTSP.dll
0x00007ffcb3d70000 - 0x00007ffcb3da9000 	C:\Windows\system32\rsaenh.dll
0x00007ffcb4440000 - 0x00007ffcb4473000 	C:\Windows\SYSTEM32\USERENV.dll
0x00007ffcb4690000 - 0x00007ffcb469c000 	C:\Windows\SYSTEM32\CRYPTBASE.dll
0x00007ffc90410000 - 0x00007ffc9041e000 	C:\Users\16696\.gradle\jdks\eclipse_adoptium-21-amd64-windows.2\bin\sunmscapi.dll
0x00007ffcb5610000 - 0x00007ffcb5788000 	C:\Windows\System32\CRYPT32.dll
0x00007ffcb48b0000 - 0x00007ffcb48e0000 	C:\Windows\SYSTEM32\ncrypt.dll
0x00007ffcb4860000 - 0x00007ffcb489f000 	C:\Windows\SYSTEM32\NTASN1.dll
0x00007ffc9f470000 - 0x00007ffc9f478000 	C:\Windows\system32\wshunix.dll
0x00007ffcb7b20000 - 0x00007ffcb7b9c000 	C:\Windows\System32\coml2.dll

dbghelp: loaded successfully - version: 4.0.5 - missing functions: none
symbol engine: initialized successfully - sym options: 0x614 - pdb path: .;C:\Users\16696\.gradle\jdks\eclipse_adoptium-21-amd64-windows.2\bin;C:\Windows\SYSTEM32;d:\Trea\Trae CN\resources\app\modules\sandbox\x64;C:\Windows\WinSxS\amd64_microsoft.windows.common-controls_6595b64144ccf1df_6.0.26100.8521_none_3e08b75ce33403b3;C:\Users\16696\.gradle\jdks\eclipse_adoptium-21-amd64-windows.2\bin\server;C:\Users\16696\.gradle\native\660c5614fbf4a5f2a75b1949f50a0caf5cd603558e7d8a26e50b933a0cfb79d1\windows-amd64;C:\Users\16696\.gradle\native\0.2.8\x86_64-windows-gnu

VM Arguments:
jvm_args: --add-opens=java.base/java.lang=ALL-UNNAMED --add-opens=java.base/java.lang.invoke=ALL-UNNAMED --add-opens=java.base/java.util=ALL-UNNAMED --add-opens=java.prefs/java.util.prefs=ALL-UNNAMED --add-exports=jdk.compiler/com.sun.tools.javac.api=ALL-UNNAMED --add-exports=jdk.compiler/com.sun.tools.javac.util=ALL-UNNAMED --add-opens=java.base/java.util=ALL-UNNAMED --add-opens=java.prefs/java.util.prefs=ALL-UNNAMED --add-opens=java.base/java.nio.charset=ALL-UNNAMED --add-opens=java.base/java.net=ALL-UNNAMED --add-opens=java.base/java.util.concurrent=ALL-UNNAMED --add-opens=java.base/java.util.concurrent.atomic=ALL-UNNAMED --add-opens=java.xml/javax.xml.namespace=ALL-UNNAMED --add-opens=java.base/java.time=ALL-UNNAMED -Xmx2048m -Dfile.encoding=UTF-8 -Duser.country=CN -Duser.language=zh -Duser.variant -javaagent:C:\Users\16696\.gradle\wrapper\dists\gradle-9.4.1-bin\arn2x92ynaizyzdaamcbpbhtj\gradle-9.4.1\lib\agents\gradle-instrumentation-agent-9.4.1.jar 
java_command: org.gradle.launcher.daemon.bootstrap.GradleDaemon 9.4.1
java_class_path (initial): C:\Users\16696\.gradle\wrapper\dists\gradle-9.4.1-bin\arn2x92ynaizyzdaamcbpbhtj\gradle-9.4.1\lib\gradle-daemon-main-9.4.1.jar
Launcher Type: SUN_STANDARD

[Global flags]
     intx CICompilerCount                          = 4                                         {product} {ergonomic}
     uint ConcGCThreads                            = 2                                         {product} {ergonomic}
     uint G1ConcRefinementThreads                  = 9                                         {product} {ergonomic}
   size_t G1HeapRegionSize                         = 1048576                                   {product} {ergonomic}
    uintx GCDrainStackTargetSize                   = 64                                        {product} {ergonomic}
   size_t InitialHeapSize                          = 260046848                                 {product} {ergonomic}
   size_t MarkStackSize                            = 4194304                                   {product} {ergonomic}
   size_t MaxHeapSize                              = 2147483648                                {product} {command line}
   size_t MaxNewSize                               = 1287651328                                {product} {ergonomic}
   size_t MinHeapDeltaBytes                        = 1048576                                   {product} {ergonomic}
   size_t MinHeapSize                              = 8388608                                   {product} {ergonomic}
    uintx NonNMethodCodeHeapSize                   = 5839372                                {pd product} {ergonomic}
    uintx NonProfiledCodeHeapSize                  = 122909434                              {pd product} {ergonomic}
    uintx ProfiledCodeHeapSize                     = 122909434                              {pd product} {ergonomic}
    uintx ReservedCodeCacheSize                    = 251658240                              {pd product} {ergonomic}
     bool SegmentedCodeCache                       = true                                      {product} {ergonomic}
   size_t SoftMaxHeapSize                          = 2147483648                             {manageable} {ergonomic}
     bool UseCompressedOops                        = true                           {product lp64_product} {ergonomic}
     bool UseG1GC                                  = true                                      {product} {ergonomic}
     bool UseLargePagesIndividualAllocation        = false                                  {pd product} {ergonomic}

Logging:
Log output configuration:
 #0: stdout all=warning uptime,level,tags foldmultilines=false
 #1: stderr all=off uptime,level,tags foldmultilines=false

Environment Variables:
PATH=c:\Users\16696\.trae-cn\tools\trae-gopls\current;c:\Users\16696\.trae-cn\sdks\workspaces\5d727ef8\versions\node\current;c:\Users\16696\.trae-cn\sdks\versions\node\current;D:\Android\jdk-8.0.492.9-hotspot\bin;C:\Program Files (x86)\VMware\VMware Workstation\bin\;C:\Windows\system32;C:\Windows;C:\Windows\System32\Wbem;C:\Windows\System32\WindowsPowerShell\v1.0\;C:\Windows\System32\OpenSSH\;D:\Git\Git\cmd;D:\Cmake\bin;D:\Windows Kits\10\Windows Performance Toolkit\;C:\Program Files\CMake\bin;C:\Program Files\TortoiseGit\bin;C:\NXP\S32DS.3.5\S32DS\build_tools\gcc-10.2-arm32-eabi\bin;C:\Users\16696\AppData\Local\Programs\Python\Python314\Scripts\;C:\Users\16696\AppData\Local\Programs\Python\Python314\;C:\Users\16696\AppData\Local\Microsoft\WindowsApps;D:\pycharm\PyCharm 2026.1.2\bin;D:\vscode\Microsoft VS Code\bin;D:\Android\Sdk\platform-tools;;c:\Users\16696\.trae-cn\extensions\vscjava.vscode-java-debug-0.59.0-universal\bundled\scripts\noConfigScripts;d:\Trea\Trae CN\resources\app\node_modules\@vscode\ripgrep\bin;d:\Trea\Trae CN\resources\app\node_modules\@vscode\ripgrep\bin
USERNAME=16696
LANG=zh_CN.UTF-8
OS=Windows_NT
PROCESSOR_IDENTIFIER=Intel64 Family 6 Model 198 Stepping 2, GenuineIntel
TMP=C:\Users\16696\AppData\Local\Temp
TEMP=C:\Users\16696\AppData\Local\Temp




Periodic native trim disabled

---------------  S Y S T E M  ---------------

OS:
 Windows 11 , 64 bit Build 26100 (10.0.26100.8521)
OS uptime: 1 days 9:06 hours
Hyper-V role detected

CPU: total 10 (initial active 10) (10 cores per cpu, 1 threads per core) family 6 model 198 stepping 2 microcode 0x118, cx8, cmov, fxsr, mmx, 3dnowpref, sse, sse2, sse3, ssse3, sse4.1, sse4.2, popcnt, lzcnt, tsc, tscinvbit, avx, avx2, aes, erms, clmul, bmi1, bmi2, adx, sha, fma, vzeroupper, clflush, clflushopt, clwb, hv, serialize, rdtscp, rdpid, fsrm, f16c, cet_ibt, cet_ss
Processor Information for processor 0
  Max Mhz: 3300, Current Mhz: 3300, Mhz Limit: 3300
Processor Information for processor 1
  Max Mhz: 3300, Current Mhz: 3300, Mhz Limit: 3300
Processor Information for processor 2
  Max Mhz: 2700, Current Mhz: 2700, Mhz Limit: 2700
Processor Information for processor 3
  Max Mhz: 2700, Current Mhz: 2700, Mhz Limit: 2700
Processor Information for processor 4
  Max Mhz: 2700, Current Mhz: 2700, Mhz Limit: 2700
Processor Information for processor 5
  Max Mhz: 2700, Current Mhz: 2700, Mhz Limit: 2700
Processor Information for processor 6
  Max Mhz: 3300, Current Mhz: 3300, Mhz Limit: 3300
Processor Information for processor 7
  Max Mhz: 3300, Current Mhz: 3300, Mhz Limit: 3300
Processor Information for processor 8
  Max Mhz: 3300, Current Mhz: 3300, Mhz Limit: 3300
Processor Information for processor 9
  Max Mhz: 3300, Current Mhz: 3300, Mhz Limit: 3300

Memory: 4k page, system-wide physical 15751M (1382M free)
TotalPageFile size 54151M (AvailPageFile size 143M)
current process WorkingSet (physical memory assigned to process): 345M, peak: 362M
current process commit charge ("private bytes"): 376M, peak: 442M

vm_info: OpenJDK 64-Bit Server VM (21.0.7+6-LTS) for windows-amd64 JRE (21.0.7+6-LTS), built on 2025-04-15T00:00:00Z by "admin" with MS VC++ 17.7 (VS2022)

END.
