#
# There is insufficient memory for the Java Runtime Environment to continue.
# Native memory allocation (malloc) failed to allocate 1378800 bytes. Error detail: Chunk::new
# Possible reasons:
#   The system is out of physical RAM or swap space
#   This process is running with CompressedOops enabled, and the Java Heap may be blocking the growth of the native heap
# Possible solutions:
#   Reduce memory load on the system
#   Increase physical memory or swap space
#   Check if swap backing store is full
#   Decrease Java heap size (-Xmx/-Xms)
#   Decrease number of Java threads
#   Decrease Java thread stack sizes (-Xss)
#   Set larger code cache with -XX:ReservedCodeCacheSize=
#   JVM is running with Unscaled Compressed Oops mode in which the Java heap is
#     placed in the first 4GB address space. The Java Heap base address is the
#     maximum limit for the native heap growth. Please use -XX:HeapBaseMinAddress
#     to set the Java Heap base and to place the Java Heap above 4GB virtual address.
# This output file may be truncated or incomplete.
#
#  Out of Memory Error (arena.cpp:191), pid=8212, tid=12448
#
# JRE version: OpenJDK Runtime Environment Microsoft-13877129 (17.0.19+10) (build 17.0.19+10-LTS)
# Java VM: OpenJDK 64-Bit Server VM Microsoft-13877129 (17.0.19+10-LTS, mixed mode, sharing, tiered, compressed oops, compressed class ptrs, g1 gc, windows-amd64)
# No core dump will be written. Minidumps are not enabled by default on client versions of Windows
#

---------------  S U M M A R Y ------------

Command Line: --add-opens=java.base/java.lang=ALL-UNNAMED --add-opens=java.base/java.lang.invoke=ALL-UNNAMED --add-opens=java.base/java.util=ALL-UNNAMED --add-opens=java.prefs/java.util.prefs=ALL-UNNAMED --add-exports=jdk.compiler/com.sun.tools.javac.api=ALL-UNNAMED --add-exports=jdk.compiler/com.sun.tools.javac.util=ALL-UNNAMED --add-opens=java.base/java.util=ALL-UNNAMED --add-opens=java.prefs/java.util.prefs=ALL-UNNAMED --add-opens=java.base/java.nio.charset=ALL-UNNAMED --add-opens=java.base/java.net=ALL-UNNAMED --add-opens=java.base/java.util.concurrent.atomic=ALL-UNNAMED --add-opens=java.xml/javax.xml.namespace=ALL-UNNAMED -Xmx1536m -Dfile.encoding=UTF-8 -Duser.country=CN -Duser.language=zh -Duser.variant -javaagent:C:\Users\16696\.gradle\wrapper\dists\gradle-8.13-bin\5xuhj0ry160q40clulazy9h7d\gradle-8.13\lib\agents\gradle-instrumentation-agent-8.13.jar org.gradle.launcher.daemon.bootstrap.GradleDaemon 8.13

Host: Intel(R) Core(TM) Ultra 5 225, 10 cores, 15G,  Windows 11 , 64 bit Build 26100 (10.0.26100.8521)
Time: Thu Jul 16 10:35:46 2026  Windows 11 , 64 bit Build 26100 (10.0.26100.8521) elapsed time: 25.926035 seconds (0d 0h 0m 25s)

---------------  T H R E A D  ---------------

Current thread (0x000001df4b13a0c0):  JavaThread "C2 CompilerThread0" daemon [_thread_in_native, id=12448, stack(0x0000003409700000,0x0000003409800000)]


Current CompileTask:
C2:25926 9504       4       com.google.common.collect.ImmutableSet$RegularSetBuilderImpl::add (68 bytes)

Stack: [0x0000003409700000,0x0000003409800000]
Native frames: (J=compiled Java code, j=interpreted, Vv=VM code, C=native code)
V  [jvm.dll+0x68cc89]  (no source info available)
V  [jvm.dll+0x845d89]  (no source info available)
V  [jvm.dll+0x847af8]  (no source info available)
V  [jvm.dll+0x848183]  (no source info available)
V  [jvm.dll+0x24d0bf]  (no source info available)
V  [jvm.dll+0xaed56]  (no source info available)
V  [jvm.dll+0xaf3fc]  (no source info available)
V  [jvm.dll+0x3718be]  (no source info available)
V  [jvm.dll+0x33baf5]  (no source info available)
V  [jvm.dll+0x33af5a]  (no source info available)
V  [jvm.dll+0x21dfc9]  (no source info available)
V  [jvm.dll+0x21d412]  (no source info available)
V  [jvm.dll+0x1a8db6]  (no source info available)
V  [jvm.dll+0x22dc6b]  (no source info available)
V  [jvm.dll+0x22bdf6]  (no source info available)
V  [jvm.dll+0x7fbecb]  (no source info available)
V  [jvm.dll+0x7f62cc]  (no source info available)
V  [jvm.dll+0x68e227]  (no source info available)
C  [ucrtbase.dll+0x2cd30]  (no source info available)
C  [KERNEL32.DLL+0x2e957]  (no source info available)
C  [ntdll.dll+0x87c1c]  (no source info available)


---------------  P R O C E S S  ---------------

Threads class SMR info:
_java_thread_list=0x000001df9477b810, length=96, elements={
0x000001df2dcbaa80, 0x000001df4b109df0, 0x000001df4b10b430, 0x000001df4b121850,
0x000001df4b1364a0, 0x000001df4b1378e0, 0x000001df4b1394c0, 0x000001df4b13a0c0,
0x000001df4b13f980, 0x000001df4b14ba10, 0x000001df4b257ee0, 0x000001df4b2f0ef0,
0x000001df91fce5f0, 0x000001df91fcead0, 0x000001df920809b0, 0x000001df920daa30,
0x000001df921b83b0, 0x000001df92215a40, 0x000001df92217390, 0x000001df92215f50,
0x000001df922178a0, 0x000001df92216460, 0x000001df92217db0, 0x000001df922187d0,
0x000001df922191f0, 0x000001df92218ce0, 0x000001df92216e80, 0x000001df922182c0,
0x000001df92d2a170, 0x000001df92d2bac0, 0x000001df92d29c60, 0x000001df92d2a680,
0x000001df92d29750, 0x000001df92d2de30, 0x000001df92d2e340, 0x000001df92d2bfd0,
0x000001df92d2cf00, 0x000001df92d2ab90, 0x000001df92d2c4e0, 0x000001df92d2b5b0,
0x000001df92d2e850, 0x000001df92d2b0a0, 0x000001df92d2c9f0, 0x000001df92d2d920,
0x000001df92d2f270, 0x000001df92d2f780, 0x000001df92d310d0, 0x000001df92d2fc90,
0x000001df92d301a0, 0x000001df92d306b0, 0x000001df92d30bc0, 0x000001df91659180,
0x000001df9165aad0, 0x000001df9165a0b0, 0x000001df91658760, 0x000001df91658250,
0x000001df91658c70, 0x000001df91657320, 0x000001df9165a5c0, 0x000001df91657d40,
0x000001df91657830, 0x000001df91659690, 0x000001df91659ba0, 0x000001df93f68930,
0x000001df93f67a00, 0x000001df93f6a280, 0x000001df93f69350, 0x000001df93f6a790,
0x000001df93f68420, 0x000001df93f69860, 0x000001df93f66fe0, 0x000001df93f674f0,
0x000001df93f69d70, 0x000001df93f67f10, 0x000001df933872f0, 0x000001df93384f80,
0x000001df93387800, 0x000001df93384a70, 0x000001df933868d0, 0x000001df933859a0,
0x000001df93384050, 0x000001df93385eb0, 0x000001df93385490, 0x000001df933863c0,
0x000001df93387d10, 0x000001df93384560, 0x000001df93388730, 0x000001df93389b70,
0x000001df93389150, 0x000001df93389660, 0x000001df93388220, 0x000001df93386de0,
0x000001df9338afb0, 0x000001df9338b4c0, 0x000001df96221670, 0x000001df92ef00d0
}

Java Threads: ( => current thread )
  0x000001df2dcbaa80 JavaThread "main" [_thread_blocked, id=26948, stack(0x0000003408a00000,0x0000003408b00000)]
  0x000001df4b109df0 JavaThread "Reference Handler" daemon [_thread_blocked, id=24944, stack(0x0000003409100000,0x0000003409200000)]
  0x000001df4b10b430 JavaThread "Finalizer" daemon [_thread_blocked, id=12476, stack(0x0000003409200000,0x0000003409300000)]
  0x000001df4b121850 JavaThread "Signal Dispatcher" daemon [_thread_blocked, id=28236, stack(0x0000003409300000,0x0000003409400000)]
  0x000001df4b1364a0 JavaThread "Attach Listener" daemon [_thread_blocked, id=27300, stack(0x0000003409400000,0x0000003409500000)]
  0x000001df4b1378e0 JavaThread "Service Thread" daemon [_thread_blocked, id=22332, stack(0x0000003409500000,0x0000003409600000)]
  0x000001df4b1394c0 JavaThread "Monitor Deflation Thread" daemon [_thread_blocked, id=17080, stack(0x0000003409600000,0x0000003409700000)]
=>0x000001df4b13a0c0 JavaThread "C2 CompilerThread0" daemon [_thread_in_native, id=12448, stack(0x0000003409700000,0x0000003409800000)]
  0x000001df4b13f980 JavaThread "C1 CompilerThread0" daemon [_thread_in_native, id=26856, stack(0x0000003409800000,0x0000003409900000)]
  0x000001df4b14ba10 JavaThread "Sweeper thread" daemon [_thread_blocked, id=24708, stack(0x0000003409900000,0x0000003409a00000)]
  0x000001df4b257ee0 JavaThread "Common-Cleaner" daemon [_thread_blocked, id=19464, stack(0x0000003409a00000,0x0000003409b00000)]
  0x000001df4b2f0ef0 JavaThread "Notification Thread" daemon [_thread_blocked, id=14932, stack(0x0000003409b00000,0x0000003409c00000)]
  0x000001df91fce5f0 JavaThread "Daemon health stats" [_thread_blocked, id=20304, stack(0x000000340a200000,0x000000340a300000)]
  0x000001df91fcead0 JavaThread "Incoming local TCP Connector on port 65031" [_thread_in_native, id=18552, stack(0x0000003409d00000,0x0000003409e00000)]
  0x000001df920809b0 JavaThread "Daemon periodic checks" [_thread_blocked, id=22812, stack(0x000000340a300000,0x000000340a400000)]
  0x000001df920daa30 JavaThread "Daemon" [_thread_blocked, id=10068, stack(0x000000340a400000,0x000000340a500000)]
  0x000001df921b83b0 JavaThread "Handler for socket connection from /127.0.0.1:65031 to /127.0.0.1:65032" [_thread_in_native, id=396, stack(0x000000340a500000,0x000000340a600000)]
  0x000001df92215a40 JavaThread "Cancel handler" [_thread_blocked, id=19400, stack(0x000000340a600000,0x000000340a700000)]
  0x000001df92217390 JavaThread "Daemon worker" [_thread_in_native, id=11820, stack(0x000000340a700000,0x000000340a800000)]
  0x000001df92215f50 JavaThread "Asynchronous log dispatcher for DefaultDaemonConnection: socket connection from /127.0.0.1:65031 to /127.0.0.1:65032" [_thread_blocked, id=7220, stack(0x000000340a800000,0x000000340a900000)]
  0x000001df922178a0 JavaThread "Stdin handler" [_thread_blocked, id=23176, stack(0x000000340a900000,0x000000340aa00000)]
  0x000001df92216460 JavaThread "Daemon client event forwarder" [_thread_blocked, id=22936, stack(0x000000340aa00000,0x000000340ab00000)]
  0x000001df92217db0 JavaThread "Cache worker for journal cache (C:\Users\16696\.gradle\caches\journal-1)" [_thread_blocked, id=20316, stack(0x000000340ab00000,0x000000340ac00000)]
  0x000001df922187d0 JavaThread "File lock request listener" [_thread_in_native, id=4640, stack(0x000000340ac00000,0x000000340ad00000)]
  0x000001df922191f0 JavaThread "Cache worker for file hash cache (C:\Users\16696\.gradle\caches\8.13\fileHashes)" [_thread_blocked, id=26308, stack(0x000000340ad00000,0x000000340ae00000)]
  0x000001df92218ce0 JavaThread "File lock release action executor" [_thread_blocked, id=4436, stack(0x000000340ae00000,0x000000340af00000)]
  0x000001df92216e80 JavaThread "Cache worker for file hash cache (D:\Code\avm_android_client_new\work\avm_app\.gradle\8.13\fileHashes)" [_thread_blocked, id=19544, stack(0x000000340af00000,0x000000340b000000)]
  0x000001df922182c0 JavaThread "Cache worker for Build Output Cleanup Cache (D:\Code\avm_android_client_new\work\avm_app\.gradle\buildOutputCleanup)" [_thread_blocked, id=17744, stack(0x000000340b000000,0x000000340b100000)]
  0x000001df92d2a170 JavaThread "File watcher server" daemon [_thread_in_native, id=2828, stack(0x000000340b700000,0x000000340b800000)]
  0x000001df92d2bac0 JavaThread "File watcher consumer" daemon [_thread_blocked, id=6248, stack(0x000000340b800000,0x000000340b900000)]
  0x000001df92d29c60 JavaThread "jar transforms" [_thread_blocked, id=28352, stack(0x000000340b900000,0x000000340ba00000)]
  0x000001df92d2a680 JavaThread "jar transforms Thread 2" [_thread_blocked, id=376, stack(0x000000340ba00000,0x000000340bb00000)]
  0x000001df92d29750 JavaThread "jar transforms Thread 3" [_thread_blocked, id=24380, stack(0x000000340bb00000,0x000000340bc00000)]
  0x000001df92d2de30 JavaThread "jar transforms Thread 4" [_thread_blocked, id=20628, stack(0x000000340bc00000,0x000000340bd00000)]
  0x000001df92d2e340 JavaThread "jar transforms Thread 5" [_thread_blocked, id=18664, stack(0x000000340bd00000,0x000000340be00000)]
  0x000001df92d2bfd0 JavaThread "jar transforms Thread 6" [_thread_blocked, id=16508, stack(0x000000340be00000,0x000000340bf00000)]
  0x000001df92d2cf00 JavaThread "jar transforms Thread 7" [_thread_blocked, id=26960, stack(0x000000340bf00000,0x000000340c000000)]
  0x000001df92d2ab90 JavaThread "jar transforms Thread 8" [_thread_blocked, id=20268, stack(0x000000340c000000,0x000000340c100000)]
  0x000001df92d2c4e0 JavaThread "jar transforms Thread 9" [_thread_blocked, id=24756, stack(0x000000340c100000,0x000000340c200000)]
  0x000001df92d2b5b0 JavaThread "jar transforms Thread 10" [_thread_blocked, id=13240, stack(0x000000340c200000,0x000000340c300000)]
  0x000001df92d2e850 JavaThread "Cache worker for checksums cache (D:\Code\avm_android_client_new\work\avm_app\.gradle\8.13\checksums)" [_thread_blocked, id=8888, stack(0x000000340c300000,0x000000340c400000)]
  0x000001df92d2b0a0 JavaThread "Cache worker for file content cache (C:\Users\16696\.gradle\caches\8.13\fileContent)" [_thread_blocked, id=27620, stack(0x000000340c400000,0x000000340c500000)]
  0x000001df92d2c9f0 JavaThread "Cache worker for cache directory md-supplier (C:\Users\16696\.gradle\caches\8.13\md-supplier)" [_thread_blocked, id=21716, stack(0x000000340b600000,0x000000340b700000)]
  0x000001df92d2d920 JavaThread "Cache worker for cache directory md-rule (C:\Users\16696\.gradle\caches\8.13\md-rule)" [_thread_blocked, id=18524, stack(0x000000340c500000,0x000000340c600000)]
  0x000001df92d2f270 JavaThread "Unconstrained build operations" [_thread_blocked, id=13824, stack(0x000000340c700000,0x000000340c800000)]
  0x000001df92d2f780 JavaThread "Unconstrained build operations Thread 2" [_thread_blocked, id=14976, stack(0x000000340c800000,0x000000340c900000)]
  0x000001df92d310d0 JavaThread "Unconstrained build operations Thread 3" [_thread_blocked, id=22496, stack(0x000000340c600000,0x000000340c700000)]
  0x000001df92d2fc90 JavaThread "Unconstrained build operations Thread 4" [_thread_blocked, id=18140, stack(0x000000340c900000,0x000000340ca00000)]
  0x000001df92d301a0 JavaThread "Unconstrained build operations Thread 5" [_thread_blocked, id=7612, stack(0x000000340ca00000,0x000000340cb00000)]
  0x000001df92d306b0 JavaThread "Unconstrained build operations Thread 6" [_thread_blocked, id=28140, stack(0x000000340cb00000,0x000000340cc00000)]
  0x000001df92d30bc0 JavaThread "Unconstrained build operations Thread 7" [_thread_blocked, id=7572, stack(0x000000340cc00000,0x000000340cd00000)]
  0x000001df91659180 JavaThread "Unconstrained build operations Thread 8" [_thread_blocked, id=4388, stack(0x000000340cd00000,0x000000340ce00000)]
  0x000001df9165aad0 JavaThread "Unconstrained build operations Thread 9" [_thread_blocked, id=3544, stack(0x000000340ce00000,0x000000340cf00000)]
  0x000001df9165a0b0 JavaThread "Unconstrained build operations Thread 10" [_thread_blocked, id=19476, stack(0x000000340cf00000,0x000000340d000000)]
  0x000001df91658760 JavaThread "Unconstrained build operations Thread 11" [_thread_blocked, id=8544, stack(0x000000340d000000,0x000000340d100000)]
  0x000001df91658250 JavaThread "Unconstrained build operations Thread 12" [_thread_blocked, id=17540, stack(0x000000340d100000,0x000000340d200000)]
  0x000001df91658c70 JavaThread "Unconstrained build operations Thread 13" [_thread_blocked, id=20728, stack(0x000000340d200000,0x000000340d300000)]
  0x000001df91657320 JavaThread "Unconstrained build operations Thread 14" [_thread_blocked, id=8376, stack(0x000000340d300000,0x000000340d400000)]
  0x000001df9165a5c0 JavaThread "Unconstrained build operations Thread 15" [_thread_blocked, id=23912, stack(0x000000340d400000,0x000000340d500000)]
  0x000001df91657d40 JavaThread "Unconstrained build operations Thread 16" [_thread_blocked, id=860, stack(0x000000340d500000,0x000000340d600000)]
  0x000001df91657830 JavaThread "Unconstrained build operations Thread 17" [_thread_blocked, id=5192, stack(0x000000340d600000,0x000000340d700000)]
  0x000001df91659690 JavaThread "Unconstrained build operations Thread 18" [_thread_blocked, id=17752, stack(0x000000340d700000,0x000000340d800000)]
  0x000001df91659ba0 JavaThread "Unconstrained build operations Thread 19" [_thread_blocked, id=14288, stack(0x000000340d800000,0x000000340d900000)]
  0x000001df93f68930 JavaThread "Unconstrained build operations Thread 20" [_thread_blocked, id=2280, stack(0x000000340d900000,0x000000340da00000)]
  0x000001df93f67a00 JavaThread "Unconstrained build operations Thread 21" [_thread_blocked, id=21720, stack(0x000000340da00000,0x000000340db00000)]
  0x000001df93f6a280 JavaThread "Unconstrained build operations Thread 22" [_thread_blocked, id=18488, stack(0x000000340db00000,0x000000340dc00000)]
  0x000001df93f69350 JavaThread "Unconstrained build operations Thread 23" [_thread_blocked, id=23784, stack(0x000000340dc00000,0x000000340dd00000)]
  0x000001df93f6a790 JavaThread "Unconstrained build operations Thread 24" [_thread_blocked, id=18920, stack(0x000000340dd00000,0x000000340de00000)]
  0x000001df93f68420 JavaThread "Unconstrained build operations Thread 25" [_thread_blocked, id=25504, stack(0x000000340de00000,0x000000340df00000)]
  0x000001df93f69860 JavaThread "Unconstrained build operations Thread 26" [_thread_blocked, id=11720, stack(0x000000340df00000,0x000000340e000000)]
  0x000001df93f66fe0 JavaThread "Unconstrained build operations Thread 27" [_thread_blocked, id=21224, stack(0x000000340e000000,0x000000340e100000)]
  0x000001df93f674f0 JavaThread "Unconstrained build operations Thread 28" [_thread_blocked, id=13600, stack(0x000000340e100000,0x000000340e200000)]
  0x000001df93f69d70 JavaThread "Unconstrained build operations Thread 29" [_thread_blocked, id=5000, stack(0x000000340e200000,0x000000340e300000)]
  0x000001df93f67f10 JavaThread "Unconstrained build operations Thread 30" [_thread_blocked, id=232, stack(0x000000340e300000,0x000000340e400000)]
  0x000001df933872f0 JavaThread "Unconstrained build operations Thread 31" [_thread_blocked, id=27912, stack(0x000000340e400000,0x000000340e500000)]
  0x000001df93384f80 JavaThread "Unconstrained build operations Thread 32" [_thread_blocked, id=20460, stack(0x000000340e500000,0x000000340e600000)]
  0x000001df93387800 JavaThread "Unconstrained build operations Thread 33" [_thread_blocked, id=11588, stack(0x000000340e600000,0x000000340e700000)]
  0x000001df93384a70 JavaThread "Unconstrained build operations Thread 34" [_thread_blocked, id=27324, stack(0x000000340e700000,0x000000340e800000)]
  0x000001df933868d0 JavaThread "Unconstrained build operations Thread 35" [_thread_blocked, id=10492, stack(0x000000340e800000,0x000000340e900000)]
  0x000001df933859a0 JavaThread "Unconstrained build operations Thread 36" [_thread_blocked, id=22024, stack(0x000000340e900000,0x000000340ea00000)]
  0x000001df93384050 JavaThread "Unconstrained build operations Thread 37" [_thread_blocked, id=6976, stack(0x000000340ea00000,0x000000340eb00000)]
  0x000001df93385eb0 JavaThread "Unconstrained build operations Thread 38" [_thread_blocked, id=27972, stack(0x000000340eb00000,0x000000340ec00000)]
  0x000001df93385490 JavaThread "Unconstrained build operations Thread 39" [_thread_blocked, id=10056, stack(0x000000340ec00000,0x000000340ed00000)]
  0x000001df933863c0 JavaThread "Unconstrained build operations Thread 40" [_thread_blocked, id=4140, stack(0x000000340ed00000,0x000000340ee00000)]
  0x000001df93387d10 JavaThread "Unconstrained build operations Thread 41" [_thread_blocked, id=26796, stack(0x000000340ef00000,0x000000340f000000)]
  0x000001df93384560 JavaThread "Unconstrained build operations Thread 42" [_thread_blocked, id=2884, stack(0x000000340f000000,0x000000340f100000)]
  0x000001df93388730 JavaThread "Unconstrained build operations Thread 43" [_thread_blocked, id=25788, stack(0x000000340f100000,0x000000340f200000)]
  0x000001df93389b70 JavaThread "Unconstrained build operations Thread 44" [_thread_blocked, id=21060, stack(0x000000340f200000,0x000000340f300000)]
  0x000001df93389150 JavaThread "Unconstrained build operations Thread 45" [_thread_blocked, id=13432, stack(0x000000340f300000,0x000000340f400000)]
  0x000001df93389660 JavaThread "Unconstrained build operations Thread 46" [_thread_blocked, id=16304, stack(0x000000340f400000,0x000000340f500000)]
  0x000001df93388220 JavaThread "Unconstrained build operations Thread 47" [_thread_blocked, id=25432, stack(0x000000340f500000,0x000000340f600000)]
  0x000001df93386de0 JavaThread "Unconstrained build operations Thread 48" [_thread_blocked, id=4748, stack(0x000000340f600000,0x000000340f700000)]
  0x000001df9338afb0 JavaThread "Unconstrained build operations Thread 49" [_thread_blocked, id=27148, stack(0x000000340f700000,0x000000340f800000)]
  0x000001df9338b4c0 JavaThread "Memory manager" [_thread_blocked, id=27440, stack(0x000000340ee00000,0x000000340ef00000)]
  0x000001df96221670 JavaThread "Problems report writer" [_thread_blocked, id=28424, stack(0x000000340f900000,0x000000340fa00000)]
  0x000001df92ef00d0 JavaThread "C2 CompilerThread1" daemon [_thread_blocked, id=21736, stack(0x000000340f800000,0x000000340f900000)]

Other Threads:
  0x000001df4b0fcac0 VMThread "VM Thread" [stack: 0x0000003409000000,0x0000003409100000] [id=21828]
  0x000001df2dcbb5b0 WatcherThread [stack: 0x0000003409c00000,0x0000003409d00000] [id=25056]
  0x000001df2dd07930 GCTaskThread "GC Thread#0" [stack: 0x0000003408b00000,0x0000003408c00000] [id=25452]
  0x000001df4b49bde0 GCTaskThread "GC Thread#1" [stack: 0x0000003409e00000,0x0000003409f00000] [id=25172]
  0x000001df4b49c0b0 GCTaskThread "GC Thread#2" [stack: 0x0000003409f00000,0x000000340a000000] [id=19360]
  0x000001df4b49c380 GCTaskThread "GC Thread#3" [stack: 0x000000340a000000,0x000000340a100000] [id=3716]
  0x000001df4b676140 GCTaskThread "GC Thread#4" [stack: 0x000000340a100000,0x000000340a200000] [id=2388]
  0x000001df4b6c8800 GCTaskThread "GC Thread#5" [stack: 0x000000340b100000,0x000000340b200000] [id=16548]
  0x000001df4b6c7450 GCTaskThread "GC Thread#6" [stack: 0x000000340b200000,0x000000340b300000] [id=4240]
  0x000001df9397ac30 GCTaskThread "GC Thread#7" [stack: 0x000000340b300000,0x000000340b400000] [id=7676]
  0x000001df9397bfe0 GCTaskThread "GC Thread#8" [stack: 0x000000340b400000,0x000000340b500000] [id=25836]
  0x000001df2dd147a0 ConcurrentGCThread "G1 Main Marker" [stack: 0x0000003408c00000,0x0000003408d00000] [id=24588]
  0x000001df2dd150d0 ConcurrentGCThread "G1 Conc#0" [stack: 0x0000003408d00000,0x0000003408e00000] [id=13564]
  0x000001df93979010 ConcurrentGCThread "G1 Conc#1" [stack: 0x000000340b500000,0x000000340b600000] [id=17356]
  0x000001df2dd6d3d0 ConcurrentGCThread "G1 Refine#0" [stack: 0x0000003408e00000,0x0000003408f00000] [id=12920]
  0x000001df2dd6dd20 ConcurrentGCThread "G1 Service" [stack: 0x0000003408f00000,0x0000003409000000] [id=18236]

Threads with active compile tasks:
C2 CompilerThread0  25967 9504       4       com.google.common.collect.ImmutableSet$RegularSetBuilderImpl::add (68 bytes)

VM state: not at safepoint (normal execution)

VM Mutex/Monitor currently owned by a thread: None

Heap address: 0x00000000a0000000, size: 1536 MB, Compressed Oops mode: 32-bit

CDS archive(s) mapped at: [0x000001df4c000000-0x000001df4cbb0000-0x000001df4cbb0000), size 12255232, SharedBaseAddress: 0x000001df4c000000, ArchiveRelocationMode: 1.
Compressed class space mapped at: 0x000001df4d000000-0x000001df8d000000, reserved size: 1073741824
Narrow klass base: 0x000001df4c000000, Narrow klass shift: 0, Narrow klass range: 0x100000000

GC Precious Log:
 CPUs: 10 total, 10 available
 Memory: 15751M
 Large Page Support: Disabled
 NUMA Support: Disabled
 Compressed Oops: Enabled (32-bit)
 Heap Region Size: 1M
 Heap Min Capacity: 8M
 Heap Initial Capacity: 248M
 Heap Max Capacity: 1536M
 Pre-touch: Disabled
 Parallel Workers: 9
 Concurrent Workers: 2
 Concurrent Refinement Workers: 9
 Periodic GC: Disabled

Heap:
 garbage-first heap   total 176128K, used 120556K [0x00000000a0000000, 0x0000000100000000)
  region size 1024K, 23 young (23552K), 3 survivors (3072K)
 Metaspace       used 70901K, committed 71744K, reserved 1114112K
  class space    used 9702K, committed 10048K, reserved 1048576K

Heap Regions: E=young(eden), S=young(survivor), O=old, HS=humongous(starts), HC=humongous(continues), CS=collection set, F=free, OA=open archive, CA=closed archive, TAMS=top-at-mark-start (previous, next)
|   0|0x00000000a0000000, 0x00000000a0100000, 0x00000000a0100000|100%|HS|  |TAMS 0x00000000a0100000, 0x00000000a0000000| Complete 
|   1|0x00000000a0100000, 0x00000000a0200000, 0x00000000a0200000|100%|HC|  |TAMS 0x00000000a0200000, 0x00000000a0100000| Complete 
|   2|0x00000000a0200000, 0x00000000a0300000, 0x00000000a0300000|100%|HC|  |TAMS 0x00000000a0300000, 0x00000000a0200000| Complete 
|   3|0x00000000a0300000, 0x00000000a0400000, 0x00000000a0400000|100%| O|  |TAMS 0x00000000a0400000, 0x00000000a0300000| Untracked 
|   4|0x00000000a0400000, 0x00000000a0500000, 0x00000000a0500000|100%|HS|  |TAMS 0x00000000a0400000, 0x00000000a0400000| Complete 
|   5|0x00000000a0500000, 0x00000000a0600000, 0x00000000a0600000|100%| O|  |TAMS 0x00000000a0600000, 0x00000000a0500000| Untracked 
|   6|0x00000000a0600000, 0x00000000a0700000, 0x00000000a0700000|100%| O|  |TAMS 0x00000000a0700000, 0x00000000a0600000| Untracked 
|   7|0x00000000a0700000, 0x00000000a0800000, 0x00000000a0800000|100%|HS|  |TAMS 0x00000000a0800000, 0x00000000a0700000| Complete 
|   8|0x00000000a0800000, 0x00000000a0900000, 0x00000000a0900000|100%|HS|  |TAMS 0x00000000a0900000, 0x00000000a0800000| Complete 
|   9|0x00000000a0900000, 0x00000000a09dbe00, 0x00000000a0a00000| 85%| O|  |TAMS 0x00000000a09dbe00, 0x00000000a0900000| Untracked 
|  10|0x00000000a0a00000, 0x00000000a0b00000, 0x00000000a0b00000|100%|HS|  |TAMS 0x00000000a0b00000, 0x00000000a0a00000| Complete 
|  11|0x00000000a0b00000, 0x00000000a0c00000, 0x00000000a0c00000|100%|HC|  |TAMS 0x00000000a0c00000, 0x00000000a0b00000| Complete 
|  12|0x00000000a0c00000, 0x00000000a0d00000, 0x00000000a0d00000|100%|HC|  |TAMS 0x00000000a0d00000, 0x00000000a0c00000| Complete 
|  13|0x00000000a0d00000, 0x00000000a0e00000, 0x00000000a0e00000|100%|HC|  |TAMS 0x00000000a0e00000, 0x00000000a0d00000| Complete 
|  14|0x00000000a0e00000, 0x00000000a0f00000, 0x00000000a0f00000|100%|HC|  |TAMS 0x00000000a0f00000, 0x00000000a0e00000| Complete 
|  15|0x00000000a0f00000, 0x00000000a1000000, 0x00000000a1000000|100%|HC|  |TAMS 0x00000000a1000000, 0x00000000a0f00000| Complete 
|  16|0x00000000a1000000, 0x00000000a1100000, 0x00000000a1100000|100%|HS|  |TAMS 0x00000000a1100000, 0x00000000a1000000| Complete 
|  17|0x00000000a1100000, 0x00000000a1200000, 0x00000000a1200000|100%|HS|  |TAMS 0x00000000a1200000, 0x00000000a1100000| Complete 
|  18|0x00000000a1200000, 0x00000000a1300000, 0x00000000a1300000|100%|HC|  |TAMS 0x00000000a1300000, 0x00000000a1200000| Complete 
|  19|0x00000000a1300000, 0x00000000a1400000, 0x00000000a1400000|100%|HC|  |TAMS 0x00000000a1400000, 0x00000000a1300000| Complete 
|  20|0x00000000a1400000, 0x00000000a1500000, 0x00000000a1500000|100%|HC|  |TAMS 0x00000000a1500000, 0x00000000a1400000| Complete 
|  21|0x00000000a1500000, 0x00000000a1600000, 0x00000000a1600000|100%|HC|  |TAMS 0x00000000a1600000, 0x00000000a1500000| Complete 
|  22|0x00000000a1600000, 0x00000000a1700000, 0x00000000a1700000|100%|HC|  |TAMS 0x00000000a1700000, 0x00000000a1600000| Complete 
|  23|0x00000000a1700000, 0x00000000a1800000, 0x00000000a1800000|100%|HS|  |TAMS 0x00000000a1800000, 0x00000000a1700000| Complete 
|  24|0x00000000a1800000, 0x00000000a1900000, 0x00000000a1900000|100%|HS|  |TAMS 0x00000000a1900000, 0x00000000a1800000| Complete 
|  25|0x00000000a1900000, 0x00000000a1a00000, 0x00000000a1a00000|100%| O|  |TAMS 0x00000000a1a00000, 0x00000000a1900000| Untracked 
|  26|0x00000000a1a00000, 0x00000000a1b00000, 0x00000000a1b00000|100%| O|  |TAMS 0x00000000a1b00000, 0x00000000a1a00000| Untracked 
|  27|0x00000000a1b00000, 0x00000000a1c00000, 0x00000000a1c00000|100%| O|  |TAMS 0x00000000a1c00000, 0x00000000a1b00000| Untracked 
|  28|0x00000000a1c00000, 0x00000000a1d00000, 0x00000000a1d00000|100%| O|  |TAMS 0x00000000a1d00000, 0x00000000a1c00000| Untracked 
|  29|0x00000000a1d00000, 0x00000000a1e00000, 0x00000000a1e00000|100%| O|  |TAMS 0x00000000a1e00000, 0x00000000a1d00000| Untracked 
|  30|0x00000000a1e00000, 0x00000000a1f00000, 0x00000000a1f00000|100%| O|  |TAMS 0x00000000a1f00000, 0x00000000a1e00000| Untracked 
|  31|0x00000000a1f00000, 0x00000000a2000000, 0x00000000a2000000|100%| O|  |TAMS 0x00000000a2000000, 0x00000000a1f00000| Untracked 
|  32|0x00000000a2000000, 0x00000000a2100000, 0x00000000a2100000|100%| O|  |TAMS 0x00000000a2100000, 0x00000000a2000000| Untracked 
|  33|0x00000000a2100000, 0x00000000a2200000, 0x00000000a2200000|100%| O|  |TAMS 0x00000000a2200000, 0x00000000a2100000| Untracked 
|  34|0x00000000a2200000, 0x00000000a2300000, 0x00000000a2300000|100%| O|  |TAMS 0x00000000a2300000, 0x00000000a2200000| Untracked 
|  35|0x00000000a2300000, 0x00000000a2400000, 0x00000000a2400000|100%| O|  |TAMS 0x00000000a2400000, 0x00000000a2300000| Untracked 
|  36|0x00000000a2400000, 0x00000000a2500000, 0x00000000a2500000|100%| O|  |TAMS 0x00000000a2500000, 0x00000000a2400000| Untracked 
|  37|0x00000000a2500000, 0x00000000a2600000, 0x00000000a2600000|100%| O|  |TAMS 0x00000000a2500000, 0x00000000a2500000| Untracked 
|  38|0x00000000a2600000, 0x00000000a2700000, 0x00000000a2700000|100%| O|  |TAMS 0x00000000a2700000, 0x00000000a2600000| Untracked 
|  39|0x00000000a2700000, 0x00000000a2800000, 0x00000000a2800000|100%| O|  |TAMS 0x00000000a2800000, 0x00000000a2700000| Untracked 
|  40|0x00000000a2800000, 0x00000000a2900000, 0x00000000a2900000|100%| O|  |TAMS 0x00000000a2900000, 0x00000000a2800000| Untracked 
|  41|0x00000000a2900000, 0x00000000a2a00000, 0x00000000a2a00000|100%| O|  |TAMS 0x00000000a2a00000, 0x00000000a2900000| Untracked 
|  42|0x00000000a2a00000, 0x00000000a2b00000, 0x00000000a2b00000|100%| O|  |TAMS 0x00000000a2b00000, 0x00000000a2a00000| Untracked 
|  43|0x00000000a2b00000, 0x00000000a2c00000, 0x00000000a2c00000|100%| O|  |TAMS 0x00000000a2c00000, 0x00000000a2b00000| Untracked 
|  44|0x00000000a2c00000, 0x00000000a2d00000, 0x00000000a2d00000|100%| O|  |TAMS 0x00000000a2d00000, 0x00000000a2c00000| Untracked 
|  45|0x00000000a2d00000, 0x00000000a2e00000, 0x00000000a2e00000|100%| O|  |TAMS 0x00000000a2e00000, 0x00000000a2d00000| Untracked 
|  46|0x00000000a2e00000, 0x00000000a2f00000, 0x00000000a2f00000|100%| O|  |TAMS 0x00000000a2f00000, 0x00000000a2e00000| Untracked 
|  47|0x00000000a2f00000, 0x00000000a3000000, 0x00000000a3000000|100%| O|  |TAMS 0x00000000a3000000, 0x00000000a2f00000| Untracked 
|  48|0x00000000a3000000, 0x00000000a3100000, 0x00000000a3100000|100%| O|  |TAMS 0x00000000a3100000, 0x00000000a3000000| Untracked 
|  49|0x00000000a3100000, 0x00000000a3200000, 0x00000000a3200000|100%| O|  |TAMS 0x00000000a3200000, 0x00000000a3100000| Untracked 
|  50|0x00000000a3200000, 0x00000000a3300000, 0x00000000a3300000|100%| O|  |TAMS 0x00000000a3300000, 0x00000000a3200000| Untracked 
|  51|0x00000000a3300000, 0x00000000a3400000, 0x00000000a3400000|100%| O|  |TAMS 0x00000000a3400000, 0x00000000a3300000| Untracked 
|  52|0x00000000a3400000, 0x00000000a3500000, 0x00000000a3500000|100%| O|  |TAMS 0x00000000a3500000, 0x00000000a3400000| Untracked 
|  53|0x00000000a3500000, 0x00000000a3600000, 0x00000000a3600000|100%| O|  |TAMS 0x00000000a35aa400, 0x00000000a3500000| Untracked 
|  54|0x00000000a3600000, 0x00000000a3700000, 0x00000000a3700000|100%| O|  |TAMS 0x00000000a3700000, 0x00000000a3600000| Untracked 
|  55|0x00000000a3700000, 0x00000000a3800000, 0x00000000a3800000|100%| O|  |TAMS 0x00000000a3800000, 0x00000000a3700000| Untracked 
|  56|0x00000000a3800000, 0x00000000a3900000, 0x00000000a3900000|100%| O|  |TAMS 0x00000000a3900000, 0x00000000a3800000| Untracked 
|  57|0x00000000a3900000, 0x00000000a3a00000, 0x00000000a3a00000|100%| O|  |TAMS 0x00000000a3a00000, 0x00000000a3900000| Untracked 
|  58|0x00000000a3a00000, 0x00000000a3b00000, 0x00000000a3b00000|100%| O|  |TAMS 0x00000000a3b00000, 0x00000000a3a00000| Untracked 
|  59|0x00000000a3b00000, 0x00000000a3c00000, 0x00000000a3c00000|100%|HS|  |TAMS 0x00000000a3c00000, 0x00000000a3b00000| Complete 
|  60|0x00000000a3c00000, 0x00000000a3d00000, 0x00000000a3d00000|100%|HS|  |TAMS 0x00000000a3d00000, 0x00000000a3c00000| Complete 
|  61|0x00000000a3d00000, 0x00000000a3e00000, 0x00000000a3e00000|100%|HS|  |TAMS 0x00000000a3e00000, 0x00000000a3d00000| Complete 
|  62|0x00000000a3e00000, 0x00000000a3f00000, 0x00000000a3f00000|100%|HS|  |TAMS 0x00000000a3f00000, 0x00000000a3e00000| Complete 
|  63|0x00000000a3f00000, 0x00000000a4000000, 0x00000000a4000000|100%| O|  |TAMS 0x00000000a4000000, 0x00000000a3f00000| Untracked 
|  64|0x00000000a4000000, 0x00000000a4100000, 0x00000000a4100000|100%|HS|  |TAMS 0x00000000a4100000, 0x00000000a4000000| Complete 
|  65|0x00000000a4100000, 0x00000000a4200000, 0x00000000a4200000|100%|HS|  |TAMS 0x00000000a4200000, 0x00000000a4100000| Complete 
|  66|0x00000000a4200000, 0x00000000a4300000, 0x00000000a4300000|100%| O|  |TAMS 0x00000000a4300000, 0x00000000a4200000| Untracked 
|  67|0x00000000a4300000, 0x00000000a4400000, 0x00000000a4400000|100%| O|  |TAMS 0x00000000a4400000, 0x00000000a4300000| Untracked 
|  68|0x00000000a4400000, 0x00000000a4500000, 0x00000000a4500000|100%| O|  |TAMS 0x00000000a4500000, 0x00000000a4400000| Untracked 
|  69|0x00000000a4500000, 0x00000000a4600000, 0x00000000a4600000|100%| O|  |TAMS 0x00000000a4600000, 0x00000000a4500000| Untracked 
|  70|0x00000000a4600000, 0x00000000a4700000, 0x00000000a4700000|100%| O|  |TAMS 0x00000000a4700000, 0x00000000a4600000| Untracked 
|  71|0x00000000a4700000, 0x00000000a4800000, 0x00000000a4800000|100%| O|  |TAMS 0x00000000a4800000, 0x00000000a4700000| Untracked 
|  72|0x00000000a4800000, 0x00000000a4900000, 0x00000000a4900000|100%| O|  |TAMS 0x00000000a4900000, 0x00000000a4800000| Untracked 
|  73|0x00000000a4900000, 0x00000000a4a00000, 0x00000000a4a00000|100%| O|  |TAMS 0x00000000a4a00000, 0x00000000a4900000| Untracked 
|  74|0x00000000a4a00000, 0x00000000a4b00000, 0x00000000a4b00000|100%| O|  |TAMS 0x00000000a4b00000, 0x00000000a4a00000| Untracked 
|  75|0x00000000a4b00000, 0x00000000a4c00000, 0x00000000a4c00000|100%| O|  |TAMS 0x00000000a4c00000, 0x00000000a4b00000| Untracked 
|  76|0x00000000a4c00000, 0x00000000a4d00000, 0x00000000a4d00000|100%| O|  |TAMS 0x00000000a4d00000, 0x00000000a4c00000| Untracked 
|  77|0x00000000a4d00000, 0x00000000a4e00000, 0x00000000a4e00000|100%| O|  |TAMS 0x00000000a4d00000, 0x00000000a4d00000| Untracked 
|  78|0x00000000a4e00000, 0x00000000a4f00000, 0x00000000a4f00000|100%| O|  |TAMS 0x00000000a4e00000, 0x00000000a4e00000| Untracked 
|  79|0x00000000a4f00000, 0x00000000a5000000, 0x00000000a5000000|100%|HS|  |TAMS 0x00000000a5000000, 0x00000000a4f00000| Complete 
|  80|0x00000000a5000000, 0x00000000a5100000, 0x00000000a5100000|100%| O|  |TAMS 0x00000000a5100000, 0x00000000a5000000| Untracked 
|  81|0x00000000a5100000, 0x00000000a5200000, 0x00000000a5200000|100%| O|  |TAMS 0x00000000a5200000, 0x00000000a5100000| Untracked 
|  82|0x00000000a5200000, 0x00000000a5300000, 0x00000000a5300000|100%| O|  |TAMS 0x00000000a5200000, 0x00000000a5200000| Untracked 
|  83|0x00000000a5300000, 0x00000000a5400000, 0x00000000a5400000|100%| O|  |TAMS 0x00000000a5300000, 0x00000000a5300000| Untracked 
|  84|0x00000000a5400000, 0x00000000a5490a00, 0x00000000a5500000| 56%| O|  |TAMS 0x00000000a5400000, 0x00000000a5400000| Untracked 
|  85|0x00000000a5500000, 0x00000000a5500000, 0x00000000a5600000|  0%| F|  |TAMS 0x00000000a5500000, 0x00000000a5500000| Untracked 
|  86|0x00000000a5600000, 0x00000000a5600000, 0x00000000a5700000|  0%| F|  |TAMS 0x00000000a5600000, 0x00000000a5600000| Untracked 
|  87|0x00000000a5700000, 0x00000000a5700000, 0x00000000a5800000|  0%| F|  |TAMS 0x00000000a5700000, 0x00000000a5700000| Untracked 
|  88|0x00000000a5800000, 0x00000000a5800000, 0x00000000a5900000|  0%| F|  |TAMS 0x00000000a5800000, 0x00000000a5800000| Untracked 
|  89|0x00000000a5900000, 0x00000000a5900000, 0x00000000a5a00000|  0%| F|  |TAMS 0x00000000a5900000, 0x00000000a5900000| Untracked 
|  90|0x00000000a5a00000, 0x00000000a5a00000, 0x00000000a5b00000|  0%| F|  |TAMS 0x00000000a5a00000, 0x00000000a5a00000| Untracked 
|  91|0x00000000a5b00000, 0x00000000a5b00000, 0x00000000a5c00000|  0%| F|  |TAMS 0x00000000a5b00000, 0x00000000a5b00000| Untracked 
|  92|0x00000000a5c00000, 0x00000000a5c00000, 0x00000000a5d00000|  0%| F|  |TAMS 0x00000000a5c00000, 0x00000000a5c00000| Untracked 
|  93|0x00000000a5d00000, 0x00000000a5d00000, 0x00000000a5e00000|  0%| F|  |TAMS 0x00000000a5d00000, 0x00000000a5d00000| Untracked 
|  94|0x00000000a5e00000, 0x00000000a5e00000, 0x00000000a5f00000|  0%| F|  |TAMS 0x00000000a5e00000, 0x00000000a5e00000| Untracked 
|  95|0x00000000a5f00000, 0x00000000a5f00000, 0x00000000a6000000|  0%| F|  |TAMS 0x00000000a5f00000, 0x00000000a5f00000| Untracked 
|  96|0x00000000a6000000, 0x00000000a6000000, 0x00000000a6100000|  0%| F|  |TAMS 0x00000000a6000000, 0x00000000a6000000| Untracked 
|  97|0x00000000a6100000, 0x00000000a6100000, 0x00000000a6200000|  0%| F|  |TAMS 0x00000000a6100000, 0x00000000a6100000| Untracked 
|  98|0x00000000a6200000, 0x00000000a6200000, 0x00000000a6300000|  0%| F|  |TAMS 0x00000000a6200000, 0x00000000a6200000| Untracked 
|  99|0x00000000a6300000, 0x00000000a6300000, 0x00000000a6400000|  0%| F|  |TAMS 0x00000000a6300000, 0x00000000a6300000| Untracked 
| 100|0x00000000a6400000, 0x00000000a6400000, 0x00000000a6500000|  0%| F|  |TAMS 0x00000000a6400000, 0x00000000a6400000| Untracked 
| 101|0x00000000a6500000, 0x00000000a6500000, 0x00000000a6600000|  0%| F|  |TAMS 0x00000000a6500000, 0x00000000a6500000| Untracked 
| 102|0x00000000a6600000, 0x00000000a6600000, 0x00000000a6700000|  0%| F|  |TAMS 0x00000000a6600000, 0x00000000a6600000| Untracked 
| 103|0x00000000a6700000, 0x00000000a6700000, 0x00000000a6800000|  0%| F|  |TAMS 0x00000000a6700000, 0x00000000a6700000| Untracked 
| 104|0x00000000a6800000, 0x00000000a6800000, 0x00000000a6900000|  0%| F|  |TAMS 0x00000000a6800000, 0x00000000a6800000| Untracked 
| 105|0x00000000a6900000, 0x00000000a6900000, 0x00000000a6a00000|  0%| F|  |TAMS 0x00000000a6900000, 0x00000000a6900000| Untracked 
| 106|0x00000000a6a00000, 0x00000000a6a00000, 0x00000000a6b00000|  0%| F|  |TAMS 0x00000000a6a00000, 0x00000000a6a00000| Untracked 
| 107|0x00000000a6b00000, 0x00000000a6b00000, 0x00000000a6c00000|  0%| F|  |TAMS 0x00000000a6b00000, 0x00000000a6b00000| Untracked 
| 108|0x00000000a6c00000, 0x00000000a6c00000, 0x00000000a6d00000|  0%| F|  |TAMS 0x00000000a6c00000, 0x00000000a6c00000| Untracked 
| 109|0x00000000a6d00000, 0x00000000a6d00000, 0x00000000a6e00000|  0%| F|  |TAMS 0x00000000a6d00000, 0x00000000a6d00000| Untracked 
| 110|0x00000000a6e00000, 0x00000000a6e00000, 0x00000000a6f00000|  0%| F|  |TAMS 0x00000000a6e00000, 0x00000000a6e00000| Untracked 
| 111|0x00000000a6f00000, 0x00000000a6f00000, 0x00000000a7000000|  0%| F|  |TAMS 0x00000000a6f00000, 0x00000000a6f00000| Untracked 
| 112|0x00000000a7000000, 0x00000000a7000000, 0x00000000a7100000|  0%| F|  |TAMS 0x00000000a7000000, 0x00000000a7000000| Untracked 
| 113|0x00000000a7100000, 0x00000000a7100000, 0x00000000a7200000|  0%| F|  |TAMS 0x00000000a7100000, 0x00000000a7100000| Untracked 
| 114|0x00000000a7200000, 0x00000000a7200000, 0x00000000a7300000|  0%| F|  |TAMS 0x00000000a7200000, 0x00000000a7200000| Untracked 
| 115|0x00000000a7300000, 0x00000000a7300000, 0x00000000a7400000|  0%| F|  |TAMS 0x00000000a7300000, 0x00000000a7300000| Untracked 
| 116|0x00000000a7400000, 0x00000000a7400000, 0x00000000a7500000|  0%| F|  |TAMS 0x00000000a7400000, 0x00000000a7400000| Untracked 
| 117|0x00000000a7500000, 0x00000000a754eac0, 0x00000000a7600000| 30%| S|CS|TAMS 0x00000000a7500000, 0x00000000a7500000| Complete 
| 118|0x00000000a7600000, 0x00000000a7700000, 0x00000000a7700000|100%| S|CS|TAMS 0x00000000a7600000, 0x00000000a7600000| Complete 
| 119|0x00000000a7700000, 0x00000000a7800000, 0x00000000a7800000|100%| S|CS|TAMS 0x00000000a7700000, 0x00000000a7700000| Complete 
| 120|0x00000000a7800000, 0x00000000a7800000, 0x00000000a7900000|  0%| F|  |TAMS 0x00000000a7800000, 0x00000000a7800000| Untracked 
| 121|0x00000000a7900000, 0x00000000a7900000, 0x00000000a7a00000|  0%| F|  |TAMS 0x00000000a7900000, 0x00000000a7900000| Untracked 
| 122|0x00000000a7a00000, 0x00000000a7a00000, 0x00000000a7b00000|  0%| F|  |TAMS 0x00000000a7a00000, 0x00000000a7a00000| Untracked 
| 123|0x00000000a7b00000, 0x00000000a7b00000, 0x00000000a7c00000|  0%| F|  |TAMS 0x00000000a7b00000, 0x00000000a7b00000| Untracked 
| 124|0x00000000a7c00000, 0x00000000a7c00000, 0x00000000a7d00000|  0%| F|  |TAMS 0x00000000a7c00000, 0x00000000a7c00000| Untracked 
| 125|0x00000000a7d00000, 0x00000000a7d00000, 0x00000000a7e00000|  0%| F|  |TAMS 0x00000000a7d00000, 0x00000000a7d00000| Untracked 
| 126|0x00000000a7e00000, 0x00000000a7e00000, 0x00000000a7f00000|  0%| F|  |TAMS 0x00000000a7e00000, 0x00000000a7e00000| Untracked 
| 127|0x00000000a7f00000, 0x00000000a7f00000, 0x00000000a8000000|  0%| F|  |TAMS 0x00000000a7f00000, 0x00000000a7f00000| Untracked 
| 128|0x00000000a8000000, 0x00000000a8000000, 0x00000000a8100000|  0%| F|  |TAMS 0x00000000a8000000, 0x00000000a8000000| Untracked 
| 129|0x00000000a8100000, 0x00000000a8100000, 0x00000000a8200000|  0%| F|  |TAMS 0x00000000a8100000, 0x00000000a8100000| Untracked 
| 130|0x00000000a8200000, 0x00000000a8200000, 0x00000000a8300000|  0%| F|  |TAMS 0x00000000a8200000, 0x00000000a8200000| Untracked 
| 131|0x00000000a8300000, 0x00000000a8300000, 0x00000000a8400000|  0%| F|  |TAMS 0x00000000a8300000, 0x00000000a8300000| Untracked 
| 132|0x00000000a8400000, 0x00000000a8400000, 0x00000000a8500000|  0%| F|  |TAMS 0x00000000a8400000, 0x00000000a8400000| Untracked 
| 133|0x00000000a8500000, 0x00000000a8500000, 0x00000000a8600000|  0%| F|  |TAMS 0x00000000a8500000, 0x00000000a8500000| Untracked 
| 134|0x00000000a8600000, 0x00000000a8600000, 0x00000000a8700000|  0%| F|  |TAMS 0x00000000a8600000, 0x00000000a8600000| Untracked 
| 135|0x00000000a8700000, 0x00000000a8700000, 0x00000000a8800000|  0%| F|  |TAMS 0x00000000a8700000, 0x00000000a8700000| Untracked 
| 136|0x00000000a8800000, 0x00000000a8800000, 0x00000000a8900000|  0%| F|  |TAMS 0x00000000a8800000, 0x00000000a8800000| Untracked 
| 137|0x00000000a8900000, 0x00000000a8900000, 0x00000000a8a00000|  0%| F|  |TAMS 0x00000000a8900000, 0x00000000a8900000| Untracked 
| 138|0x00000000a8a00000, 0x00000000a8a00000, 0x00000000a8b00000|  0%| F|  |TAMS 0x00000000a8a00000, 0x00000000a8a00000| Untracked 
| 139|0x00000000a8b00000, 0x00000000a8b80000, 0x00000000a8c00000| 50%| E|  |TAMS 0x00000000a8b00000, 0x00000000a8b00000| Complete 
| 140|0x00000000a8c00000, 0x00000000a8d00000, 0x00000000a8d00000|100%| E|CS|TAMS 0x00000000a8c00000, 0x00000000a8c00000| Complete 
| 141|0x00000000a8d00000, 0x00000000a8e00000, 0x00000000a8e00000|100%| E|CS|TAMS 0x00000000a8d00000, 0x00000000a8d00000| Complete 
| 142|0x00000000a8e00000, 0x00000000a8f00000, 0x00000000a8f00000|100%| E|CS|TAMS 0x00000000a8e00000, 0x00000000a8e00000| Complete 
| 143|0x00000000a8f00000, 0x00000000a9000000, 0x00000000a9000000|100%| E|CS|TAMS 0x00000000a8f00000, 0x00000000a8f00000| Complete 
| 144|0x00000000a9000000, 0x00000000a9100000, 0x00000000a9100000|100%| E|CS|TAMS 0x00000000a9000000, 0x00000000a9000000| Complete 
| 145|0x00000000a9100000, 0x00000000a9200000, 0x00000000a9200000|100%| E|CS|TAMS 0x00000000a9100000, 0x00000000a9100000| Complete 
| 146|0x00000000a9200000, 0x00000000a9300000, 0x00000000a9300000|100%| E|CS|TAMS 0x00000000a9200000, 0x00000000a9200000| Complete 
| 147|0x00000000a9300000, 0x00000000a9400000, 0x00000000a9400000|100%| E|CS|TAMS 0x00000000a9300000, 0x00000000a9300000| Complete 
| 148|0x00000000a9400000, 0x00000000a9500000, 0x00000000a9500000|100%| E|CS|TAMS 0x00000000a9400000, 0x00000000a9400000| Complete 
| 149|0x00000000a9500000, 0x00000000a9600000, 0x00000000a9600000|100%| E|CS|TAMS 0x00000000a9500000, 0x00000000a9500000| Complete 
| 150|0x00000000a9600000, 0x00000000a9700000, 0x00000000a9700000|100%| E|CS|TAMS 0x00000000a9600000, 0x00000000a9600000| Complete 
| 151|0x00000000a9700000, 0x00000000a9800000, 0x00000000a9800000|100%| E|CS|TAMS 0x00000000a9700000, 0x00000000a9700000| Complete 
| 152|0x00000000a9800000, 0x00000000a9900000, 0x00000000a9900000|100%| E|CS|TAMS 0x00000000a9800000, 0x00000000a9800000| Complete 
| 153|0x00000000a9900000, 0x00000000a9a00000, 0x00000000a9a00000|100%| E|CS|TAMS 0x00000000a9900000, 0x00000000a9900000| Complete 
| 154|0x00000000a9a00000, 0x00000000a9b00000, 0x00000000a9b00000|100%| E|  |TAMS 0x00000000a9a00000, 0x00000000a9a00000| Complete 
| 155|0x00000000a9b00000, 0x00000000a9c00000, 0x00000000a9c00000|100%| E|CS|TAMS 0x00000000a9b00000, 0x00000000a9b00000| Complete 
| 245|0x00000000af500000, 0x00000000af600000, 0x00000000af600000|100%| E|CS|TAMS 0x00000000af500000, 0x00000000af500000| Complete 
| 246|0x00000000af600000, 0x00000000af700000, 0x00000000af700000|100%| E|CS|TAMS 0x00000000af600000, 0x00000000af600000| Complete 
| 247|0x00000000af700000, 0x00000000af800000, 0x00000000af800000|100%| E|CS|TAMS 0x00000000af700000, 0x00000000af700000| Complete 
|1523|0x00000000ff300000, 0x00000000ff400000, 0x00000000ff400000|100%| O|  |TAMS 0x00000000ff400000, 0x00000000ff300000| Untracked 
|1524|0x00000000ff400000, 0x00000000ff500000, 0x00000000ff500000|100%| O|  |TAMS 0x00000000ff500000, 0x00000000ff400000| Untracked 
|1525|0x00000000ff500000, 0x00000000ff600000, 0x00000000ff600000|100%| O|  |TAMS 0x00000000ff600000, 0x00000000ff500000| Untracked 
|1526|0x00000000ff600000, 0x00000000ff700000, 0x00000000ff700000|100%| O|  |TAMS 0x00000000ff700000, 0x00000000ff600000| Untracked 
|1527|0x00000000ff700000, 0x00000000ff800000, 0x00000000ff800000|100%| O|  |TAMS 0x00000000ff800000, 0x00000000ff700000| Untracked 
|1528|0x00000000ff800000, 0x00000000ff900000, 0x00000000ff900000|100%| O|  |TAMS 0x00000000ff900000, 0x00000000ff800000| Untracked 
|1529|0x00000000ff900000, 0x00000000ffa00000, 0x00000000ffa00000|100%| O|  |TAMS 0x00000000ffa00000, 0x00000000ff900000| Untracked 
|1530|0x00000000ffa00000, 0x00000000ffb00000, 0x00000000ffb00000|100%| O|  |TAMS 0x00000000ffb00000, 0x00000000ffa00000| Untracked 
|1531|0x00000000ffb00000, 0x00000000ffc00000, 0x00000000ffc00000|100%| O|  |TAMS 0x00000000ffc00000, 0x00000000ffb00000| Untracked 
|1532|0x00000000ffc00000, 0x00000000ffd00000, 0x00000000ffd00000|100%| O|  |TAMS 0x00000000ffd00000, 0x00000000ffc00000| Untracked 
|1533|0x00000000ffd00000, 0x00000000ffe00000, 0x00000000ffe00000|100%| O|  |TAMS 0x00000000ffe00000, 0x00000000ffd00000| Untracked 
|1534|0x00000000ffe00000, 0x00000000fff00000, 0x00000000fff00000|100%| O|  |TAMS 0x00000000fff00000, 0x00000000ffe00000| Untracked 
|1535|0x00000000fff00000, 0x0000000100000000, 0x0000000100000000|100%| O|  |TAMS 0x0000000100000000, 0x00000000fff00000| Untracked 

Card table byte_map: [0x000001df44f90000,0x000001df45290000] _byte_map_base: 0x000001df44a90000

Marking Bits (Prev, Next): (CMBitMap*) 0x000001df2dd07eb0, (CMBitMap*) 0x000001df2dd07e70
 Prev Bits: [0x000001df46d90000, 0x000001df48590000)
 Next Bits: [0x000001df45590000, 0x000001df46d90000)

Polling page: 0x000001df2bfd0000

Metaspace:

Usage:
  Non-class:     59.78 MB used.
      Class:      9.48 MB used.
       Both:     69.26 MB used.

Virtual space:
  Non-class space:       64.00 MB reserved,      60.25 MB ( 94%) committed,  1 nodes.
      Class space:        1.00 GB reserved,       9.81 MB ( <1%) committed,  1 nodes.
             Both:        1.06 GB reserved,      70.06 MB (  6%) committed. 

Chunk freelists:
   Non-Class:  3.28 MB
       Class:  6.05 MB
        Both:  9.33 MB

MaxMetaspaceSize: unlimited
CompressedClassSpaceSize: 1.00 GB
Initial GC threshold: 21.00 MB
Current GC threshold: 108.75 MB
CDS: on
MetaspaceReclaimPolicy: balanced
 - commit_granule_bytes: 65536.
 - commit_granule_words: 8192.
 - virtual_space_node_default_size: 8388608.
 - enlarge_chunks_in_place: 1.
 - new_chunks_are_fully_committed: 0.
 - uncommit_free_chunks: 1.
 - use_allocation_guard: 0.
 - handle_deallocations: 1.


Internal statistics:

num_allocs_failed_limit: 3.
num_arena_births: 954.
num_arena_deaths: 0.
num_vsnodes_births: 2.
num_vsnodes_deaths: 0.
num_space_committed: 1121.
num_space_uncommitted: 0.
num_chunks_returned_to_freelist: 3.
num_chunks_taken_from_freelist: 3928.
num_chunk_merges: 3.
num_chunk_splits: 2563.
num_chunks_enlarged: 1690.
num_inconsistent_stats: 0.

CodeHeap 'non-profiled nmethods': size=120000Kb used=5159Kb max_used=5572Kb free=114840Kb
 bounds [0x000001df3d320000, 0x000001df3d8a0000, 0x000001df44850000]
CodeHeap 'profiled nmethods': size=120000Kb used=14913Kb max_used=16536Kb free=105086Kb
 bounds [0x000001df35850000, 0x000001df36880000, 0x000001df3cd80000]
CodeHeap 'non-nmethods': size=5760Kb used=2370Kb max_used=2418Kb free=3389Kb
 bounds [0x000001df3cd80000, 0x000001df3cff0000, 0x000001df3d320000]
 total_blobs=8882 nmethods=7986 adapters=808
 compilation: enabled
              stopped_count=0, restarted_count=0
 full_count=0

Compilation events (20 events):
Event: 24.852 Thread 0x000001df4b13f980 9495       3       java.util.regex.Pattern::inRange (16 bytes)
Event: 24.852 Thread 0x000001df4b13f980 nmethod 9495 0x000001df35ba7190 code [0x000001df35ba7320, 0x000001df35ba7498]
Event: 24.859 Thread 0x000001df92ef00d0 nmethod 9488 0x000001df3d659b10 code [0x000001df3d659da0, 0x000001df3d65ae50]
Event: 24.864 Thread 0x000001df92ef00d0 9503       4       java.util.jar.JarFile::maybeInstantiateVerifier (42 bytes)
Event: 24.872 Thread 0x000001df4b13f980 9505       3       org.gradle.api.internal.DefaultMutationGuard::newActionWithMutation (11 bytes)
Event: 24.872 Thread 0x000001df4b13f980 nmethod 9505 0x000001df35a03690 code [0x000001df35a03840, 0x000001df35a03b38]
Event: 24.872 Thread 0x000001df4b13f980 9506       3       org.gradle.api.internal.DefaultMutationGuard$1::<init> (20 bytes)
Event: 24.872 Thread 0x000001df4b13f980 nmethod 9506 0x000001df360c8790 code [0x000001df360c8940, 0x000001df360c8b78]
Event: 24.872 Thread 0x000001df4b13f980 9507       1       org.gradle.api.internal.DefaultNamedDomainObjectCollection$AbstractNamedDomainObjectProvider::getName (5 bytes)
Event: 24.872 Thread 0x000001df4b13f980 nmethod 9507 0x000001df3d659810 code [0x000001df3d6599a0, 0x000001df3d659a78]
Event: 24.872 Thread 0x000001df4b13f980 9508       3       org.gradle.api.internal.DefaultMutationGuard::wrapLazyAction (7 bytes)
Event: 24.873 Thread 0x000001df4b13f980 nmethod 9508 0x000001df35bb6290 code [0x000001df35bb6440, 0x000001df35bb6588]
Event: 24.889 Thread 0x000001df4b13f980 9509       1       org.gradle.api.internal.DefaultNamedDomainObjectCollection$AbstractNamedDomainObjectProvider::getType (5 bytes)
Event: 24.890 Thread 0x000001df4b13f980 nmethod 9509 0x000001df3d696a90 code [0x000001df3d696c20, 0x000001df3d696cf8]
Event: 24.891 Thread 0x000001df4b13a0c0 nmethod 9497 0x000001df3d772010 code [0x000001df3d772340, 0x000001df3d7753e0]
Event: 24.892 Thread 0x000001df4b13a0c0 9504       4       com.google.common.collect.ImmutableSet$RegularSetBuilderImpl::add (68 bytes)
Event: 24.904 Thread 0x000001df92ef00d0 nmethod 9503 0x000001df3d583e90 code [0x000001df3d5842c0, 0x000001df3d588d98]
Event: 24.904 Thread 0x000001df92ef00d0 9510       4       org.gradle.internal.evaluation.EvaluationContext$PerThreadContext::close (37 bytes)
Event: 24.910 Thread 0x000001df92ef00d0 nmethod 9510 0x000001df3d6e4f10 code [0x000001df3d6e5120, 0x000001df3d6e58e0]
Event: 24.914 Thread 0x000001df92ef00d0 9511       4       java.lang.String::substring (58 bytes)

GC Heap History (20 events):
Event: 20.056 GC heap before
{Heap before GC invocations=33 (full 0):
 garbage-first heap   total 153600K, used 120541K [0x00000000a0000000, 0x0000000100000000)
  region size 1024K, 34 young (34816K), 1 survivors (1024K)
 Metaspace       used 57509K, committed 58240K, reserved 1114112K
  class space    used 7905K, committed 8256K, reserved 1048576K
}
Event: 20.057 GC heap after
{Heap after GC invocations=34 (full 0):
 garbage-first heap   total 153600K, used 88423K [0x00000000a0000000, 0x0000000100000000)
  region size 1024K, 2 young (2048K), 2 survivors (2048K)
 Metaspace       used 57509K, committed 58240K, reserved 1114112K
  class space    used 7905K, committed 8256K, reserved 1048576K
}
Event: 21.454 GC heap before
{Heap before GC invocations=35 (full 0):
 garbage-first heap   total 155648K, used 122215K [0x00000000a0000000, 0x0000000100000000)
  region size 1024K, 36 young (36864K), 2 survivors (2048K)
 Metaspace       used 61182K, committed 61824K, reserved 1114112K
  class space    used 8429K, committed 8704K, reserved 1048576K
}
Event: 21.457 GC heap after
{Heap after GC invocations=36 (full 0):
 garbage-first heap   total 155648K, used 90770K [0x00000000a0000000, 0x0000000100000000)
  region size 1024K, 4 young (4096K), 4 survivors (4096K)
 Metaspace       used 61182K, committed 61824K, reserved 1114112K
  class space    used 8429K, committed 8704K, reserved 1048576K
}
Event: 21.519 GC heap before
{Heap before GC invocations=36 (full 0):
 garbage-first heap   total 155648K, used 94866K [0x00000000a0000000, 0x0000000100000000)
  region size 1024K, 7 young (7168K), 4 survivors (4096K)
 Metaspace       used 61690K, committed 62336K, reserved 1114112K
  class space    used 8483K, committed 8768K, reserved 1048576K
}
Event: 21.522 GC heap after
{Heap after GC invocations=37 (full 0):
 garbage-first heap   total 155648K, used 91236K [0x00000000a0000000, 0x0000000100000000)
  region size 1024K, 1 young (1024K), 1 survivors (1024K)
 Metaspace       used 61690K, committed 62336K, reserved 1114112K
  class space    used 8483K, committed 8768K, reserved 1048576K
}
Event: 21.531 GC heap before
{Heap before GC invocations=37 (full 0):
 garbage-first heap   total 155648K, used 94308K [0x00000000a0000000, 0x0000000100000000)
  region size 1024K, 5 young (5120K), 1 survivors (1024K)
 Metaspace       used 61690K, committed 62336K, reserved 1114112K
  class space    used 8483K, committed 8768K, reserved 1048576K
}
Event: 21.533 GC heap after
{Heap after GC invocations=38 (full 0):
 garbage-first heap   total 155648K, used 93499K [0x00000000a0000000, 0x0000000100000000)
  region size 1024K, 4 young (4096K), 4 survivors (4096K)
 Metaspace       used 61690K, committed 62336K, reserved 1114112K
  class space    used 8483K, committed 8768K, reserved 1048576K
}
Event: 21.887 GC heap before
{Heap before GC invocations=39 (full 0):
 garbage-first heap   total 176128K, used 120123K [0x00000000a0000000, 0x0000000100000000)
  region size 1024K, 27 young (27648K), 4 survivors (4096K)
 Metaspace       used 62930K, committed 63616K, reserved 1114112K
  class space    used 8667K, committed 8960K, reserved 1048576K
}
Event: 21.891 GC heap after
{Heap after GC invocations=40 (full 0):
 garbage-first heap   total 176128K, used 94262K [0x00000000a0000000, 0x0000000100000000)
  region size 1024K, 2 young (2048K), 2 survivors (2048K)
 Metaspace       used 62930K, committed 63616K, reserved 1114112K
  class space    used 8667K, committed 8960K, reserved 1048576K
}
Event: 22.242 GC heap before
{Heap before GC invocations=40 (full 0):
 garbage-first heap   total 176128K, used 99382K [0x00000000a0000000, 0x0000000100000000)
  region size 1024K, 8 young (8192K), 2 survivors (2048K)
 Metaspace       used 63453K, committed 64192K, reserved 1114112K
  class space    used 8728K, committed 9024K, reserved 1048576K
}
Event: 22.243 GC heap after
{Heap after GC invocations=41 (full 0):
 garbage-first heap   total 176128K, used 94124K [0x00000000a0000000, 0x0000000100000000)
  region size 1024K, 1 young (1024K), 1 survivors (1024K)
 Metaspace       used 63453K, committed 64192K, reserved 1114112K
  class space    used 8728K, committed 9024K, reserved 1048576K
}
Event: 23.039 GC heap before
{Heap before GC invocations=41 (full 0):
 garbage-first heap   total 176128K, used 130988K [0x00000000a0000000, 0x0000000100000000)
  region size 1024K, 37 young (37888K), 1 survivors (1024K)
 Metaspace       used 66057K, committed 66816K, reserved 1114112K
  class space    used 9067K, committed 9408K, reserved 1048576K
}
Event: 23.041 GC heap after
{Heap after GC invocations=42 (full 0):
 garbage-first heap   total 176128K, used 95892K [0x00000000a0000000, 0x0000000100000000)
  region size 1024K, 3 young (3072K), 3 survivors (3072K)
 Metaspace       used 66057K, committed 66816K, reserved 1114112K
  class space    used 9067K, committed 9408K, reserved 1048576K
}
Event: 23.392 GC heap before
{Heap before GC invocations=43 (full 0):
 garbage-first heap   total 176128K, used 134804K [0x00000000a0000000, 0x0000000100000000)
  region size 1024K, 41 young (41984K), 3 survivors (3072K)
 Metaspace       used 66356K, committed 67136K, reserved 1114112K
  class space    used 9121K, committed 9472K, reserved 1048576K
}
Event: 23.395 GC heap after
{Heap after GC invocations=44 (full 0):
 garbage-first heap   total 176128K, used 99108K [0x00000000a0000000, 0x0000000100000000)
  region size 1024K, 6 young (6144K), 6 survivors (6144K)
 Metaspace       used 66356K, committed 67136K, reserved 1114112K
  class space    used 9121K, committed 9472K, reserved 1048576K
}
Event: 23.407 GC heap before
{Heap before GC invocations=44 (full 0):
 garbage-first heap   total 176128K, used 101156K [0x00000000a0000000, 0x0000000100000000)
  region size 1024K, 8 young (8192K), 6 survivors (6144K)
 Metaspace       used 66398K, committed 67136K, reserved 1114112K
  class space    used 9126K, committed 9472K, reserved 1048576K
}
Event: 23.411 GC heap after
{Heap after GC invocations=45 (full 0):
 garbage-first heap   total 176128K, used 99511K [0x00000000a0000000, 0x0000000100000000)
  region size 1024K, 1 young (1024K), 1 survivors (1024K)
 Metaspace       used 66398K, committed 67136K, reserved 1114112K
  class space    used 9126K, committed 9472K, reserved 1048576K
}
Event: 24.545 GC heap before
{Heap before GC invocations=45 (full 0):
 garbage-first heap   total 176128K, used 137399K [0x00000000a0000000, 0x0000000100000000)
  region size 1024K, 39 young (39936K), 1 survivors (1024K)
 Metaspace       used 69536K, committed 70336K, reserved 1114112K
  class space    used 9511K, committed 9856K, reserved 1048576K
}
Event: 24.566 GC heap after
{Heap after GC invocations=46 (full 0):
 garbage-first heap   total 176128K, used 101100K [0x00000000a0000000, 0x0000000100000000)
  region size 1024K, 3 young (3072K), 3 survivors (3072K)
 Metaspace       used 69536K, committed 70336K, reserved 1114112K
  class space    used 9511K, committed 9856K, reserved 1048576K
}

Dll operation events (15 events):
Event: 0.011 Loaded shared library C:\Users\16696\.jdks\ms-17.0.19\bin\java.dll
Event: 0.028 Loaded shared library C:\Users\16696\.jdks\ms-17.0.19\bin\jsvml.dll
Event: 0.076 Loaded shared library C:\Users\16696\.jdks\ms-17.0.19\bin\zip.dll
Event: 0.083 Loaded shared library C:\Users\16696\.jdks\ms-17.0.19\bin\instrument.dll
Event: 0.088 Loaded shared library C:\Users\16696\.jdks\ms-17.0.19\bin\net.dll
Event: 0.091 Loaded shared library C:\Users\16696\.jdks\ms-17.0.19\bin\nio.dll
Event: 0.093 Loaded shared library C:\Users\16696\.jdks\ms-17.0.19\bin\zip.dll
Event: 0.469 Loaded shared library C:\Users\16696\.jdks\ms-17.0.19\bin\jimage.dll
Event: 0.710 Loaded shared library C:\Users\16696\.jdks\ms-17.0.19\bin\verify.dll
Event: 0.788 Loaded shared library C:\Users\16696\.gradle\native\1def1411415f61bf3af743bc5b6707747c0891f09f0c88961ee8f79bc544acac\windows-amd64\native-platform.dll
Event: 0.799 Loaded shared library C:\Users\16696\.gradle\native\0.2.7\x86_64-windows-gnu\gradle-fileevents.dll
Event: 1.941 Loaded shared library C:\Users\16696\.jdks\ms-17.0.19\bin\management.dll
Event: 1.946 Loaded shared library C:\Users\16696\.jdks\ms-17.0.19\bin\management_ext.dll
Event: 2.316 Loaded shared library C:\Users\16696\.jdks\ms-17.0.19\bin\extnet.dll
Event: 2.616 Loaded shared library C:\Users\16696\.jdks\ms-17.0.19\bin\sunmscapi.dll

Deoptimization events (20 events):
Event: 24.839 Thread 0x000001df92217390 Uncommon trap: trap_request=0xffffff45 fr.pc=0x000001df3d330838 relative=0x0000000000000038
Event: 24.839 Thread 0x000001df92217390 Uncommon trap: reason=unstable_if action=reinterpret pc=0x000001df3d330838 method=java.lang.StringLatin1.canEncode(I)Z @ 4 c2
Event: 24.839 Thread 0x000001df92217390 DEOPT PACKING pc=0x000001df3d330838 sp=0x000000340a7f5ab0
Event: 24.839 Thread 0x000001df92217390 DEOPT UNPACKING pc=0x000001df3cdd69a3 sp=0x000000340a7f5a40 mode 2
Event: 24.839 Thread 0x000001df92217390 Uncommon trap: trap_request=0xffffff45 fr.pc=0x000001df3d792e5c relative=0x000000000000051c
Event: 24.839 Thread 0x000001df92217390 Uncommon trap: reason=unstable_if action=reinterpret pc=0x000001df3d792e5c method=java.lang.AbstractStringBuilder.appendChars(Ljava/lang/String;II)V @ 11 c2
Event: 24.839 Thread 0x000001df92217390 DEOPT PACKING pc=0x000001df3d792e5c sp=0x000000340a7f5bd0
Event: 24.839 Thread 0x000001df92217390 DEOPT UNPACKING pc=0x000001df3cdd69a3 sp=0x000000340a7f5ab8 mode 2
Event: 24.840 Thread 0x000001df92217390 Uncommon trap: trap_request=0xffffff45 fr.pc=0x000001df3d423500 relative=0x00000000000004c0
Event: 24.840 Thread 0x000001df92217390 Uncommon trap: reason=unstable_if action=reinterpret pc=0x000001df3d423500 method=java.lang.AbstractStringBuilder.putStringAt(ILjava/lang/String;II)V @ 8 c2
Event: 24.840 Thread 0x000001df92217390 DEOPT PACKING pc=0x000001df3d423500 sp=0x000000340a7f5be0
Event: 24.840 Thread 0x000001df92217390 DEOPT UNPACKING pc=0x000001df3cdd69a3 sp=0x000000340a7f5a78 mode 2
Event: 24.840 Thread 0x000001df92217390 Uncommon trap: trap_request=0xffffff45 fr.pc=0x000001df3d36cb98 relative=0x00000000000004d8
Event: 24.840 Thread 0x000001df92217390 Uncommon trap: reason=unstable_if action=reinterpret pc=0x000001df3d36cb98 method=java.lang.AbstractStringBuilder.putStringAt(ILjava/lang/String;II)V @ 8 c2
Event: 24.840 Thread 0x000001df92217390 DEOPT PACKING pc=0x000001df3d36cb98 sp=0x000000340a7f5b80
Event: 24.840 Thread 0x000001df92217390 DEOPT UNPACKING pc=0x000001df3cdd69a3 sp=0x000000340a7f5a70 mode 2
Event: 24.840 Thread 0x000001df92217390 Uncommon trap: trap_request=0xffffff45 fr.pc=0x000001df3d3c23ec relative=0x00000000000003cc
Event: 24.840 Thread 0x000001df92217390 Uncommon trap: reason=unstable_if action=reinterpret pc=0x000001df3d3c23ec method=java.lang.AbstractStringBuilder.isLatin1()Z @ 10 c2
Event: 24.840 Thread 0x000001df92217390 DEOPT PACKING pc=0x000001df3d3c23ec sp=0x000000340a7f5c00
Event: 24.840 Thread 0x000001df92217390 DEOPT UNPACKING pc=0x000001df3cdd69a3 sp=0x000000340a7f5b80 mode 2

Classes loaded (20 events):
Event: 23.273 Loading class java/util/DictionaryCustomizer
Event: 23.273 Loading class java/util/DictionaryCustomizer done
Event: 23.273 Loading class java/util/HashtableCustomizer
Event: 23.273 Loading class java/util/HashtableCustomizer done
Event: 23.273 Loading class java/util/HashtableCustomizer
Event: 23.273 Loading class java/util/HashtableCustomizer done
Event: 23.274 Loading class java/util/PropertiesCustomizer
Event: 23.274 Loading class java/util/PropertiesCustomizer done
Event: 23.275 Loading class java/util/PropertiesCustomizer
Event: 23.275 Loading class java/util/PropertiesCustomizer done
Event: 23.431 Loading class java/lang/StackTraceElement$HashedModules
Event: 23.431 Loading class java/lang/StackTraceElement$HashedModules done
Event: 23.637 Loading class java/io/CharArrayReader
Event: 23.637 Loading class java/io/CharArrayReader done
Event: 23.805 Loading class java/math/BigDecimal$StringBuilderHelper
Event: 23.805 Loading class java/math/BigDecimal$StringBuilderHelper done
Event: 24.745 Loading class sun/reflect/generics/repository/FieldRepository
Event: 24.746 Loading class sun/reflect/generics/repository/FieldRepository done
Event: 24.840 Loading class java/util/regex/Pattern$Caret
Event: 24.840 Loading class java/util/regex/Pattern$Caret done

Classes unloaded (0 events):
No events

Classes redefined (0 events):
No events

Internal exceptions (20 events):
Event: 23.804 Thread 0x000001df92217390 Exception <a 'java/lang/ClassNotFoundException'{0x00000000a956d728}: com/android/build/gradle/internal/CompileOptions$AgpDecorated_DecoratedCustomizer> (0x00000000a956d728) 
thrown [s\src\hotspot\share\classfile\systemDictionary.cpp, line 256]
Event: 23.827 Thread 0x000001df92217390 Exception <a 'java/lang/ClassNotFoundException'{0x00000000a95f7cd0}: com/android/build/gradle/internal/dsl/ApplicationBuildFeaturesImpl_DecoratedBeanInfo> (0x00000000a95f7cd0) 
thrown [s\src\hotspot\share\classfile\systemDictionary.cpp, line 256]
Event: 23.827 Thread 0x000001df92217390 Exception <a 'java/lang/ClassNotFoundException'{0x00000000a9406198}: com/android/build/gradle/internal/dsl/ApplicationBuildFeaturesImplBeanInfo> (0x00000000a9406198) 
thrown [s\src\hotspot\share\classfile\systemDictionary.cpp, line 256]
Event: 23.827 Thread 0x000001df92217390 Exception <a 'java/lang/ClassNotFoundException'{0x00000000a9414ce8}: com/android/build/gradle/internal/dsl/BuildFeaturesImplBeanInfo> (0x00000000a9414ce8) 
thrown [s\src\hotspot\share\classfile\systemDictionary.cpp, line 256]
Event: 23.827 Thread 0x000001df92217390 Exception <a 'java/lang/ClassNotFoundException'{0x00000000a9423060}: com/android/build/gradle/internal/dsl/BuildFeaturesImplCustomizer> (0x00000000a9423060) 
thrown [s\src\hotspot\share\classfile\systemDictionary.cpp, line 256]
Event: 23.831 Thread 0x000001df92217390 Exception <a 'java/lang/ClassNotFoundException'{0x00000000a943d3e8}: com/android/build/gradle/internal/dsl/ApplicationBuildFeaturesImplCustomizer> (0x00000000a943d3e8) 
thrown [s\src\hotspot\share\classfile\systemDictionary.cpp, line 256]
Event: 23.831 Thread 0x000001df92217390 Exception <a 'java/lang/ClassNotFoundException'{0x00000000a9452640}: com/android/build/gradle/internal/dsl/ApplicationBuildFeaturesImpl_DecoratedCustomizer> (0x00000000a9452640) 
thrown [s\src\hotspot\share\classfile\systemDictionary.cpp, line 256]
Event: 23.871 Thread 0x000001df92217390 Exception <a 'java/lang/ClassNotFoundException'{0x00000000a92494e8}: org/gradle/api/internal/file/collections/DefaultConfigurableFileTreeBeanInfo> (0x00000000a92494e8) 
thrown [s\src\hotspot\share\classfile\systemDictionary.cpp, line 256]
Event: 23.871 Thread 0x000001df92217390 Exception <a 'java/lang/ClassNotFoundException'{0x00000000a9261eb0}: org/gradle/api/internal/file/CompositeFileTreeBeanInfo> (0x00000000a9261eb0) 
thrown [s\src\hotspot\share\classfile\systemDictionary.cpp, line 256]
Event: 23.872 Thread 0x000001df92217390 Exception <a 'java/lang/ClassNotFoundException'{0x00000000a927ad60}: org/gradle/api/internal/file/CompositeFileCollectionBeanInfo> (0x00000000a927ad60) 
thrown [s\src\hotspot\share\classfile\systemDictionary.cpp, line 256]
Event: 23.872 Thread 0x000001df92217390 Exception <a 'java/lang/ClassNotFoundException'{0x00000000a9293e90}: org/gradle/api/internal/file/AbstractFileCollectionBeanInfo> (0x00000000a9293e90) 
thrown [s\src\hotspot\share\classfile\systemDictionary.cpp, line 256]
Event: 23.873 Thread 0x000001df92217390 Exception <a 'java/lang/ClassNotFoundException'{0x00000000a92acd08}: org/gradle/api/internal/file/AbstractFileCollectionCustomizer> (0x00000000a92acd08) 
thrown [s\src\hotspot\share\classfile\systemDictionary.cpp, line 256]
Event: 23.877 Thread 0x000001df92217390 Exception <a 'java/lang/ClassNotFoundException'{0x00000000a92df030}: org/gradle/api/internal/file/CompositeFileCollectionCustomizer> (0x00000000a92df030) 
thrown [s\src\hotspot\share\classfile\systemDictionary.cpp, line 256]
Event: 23.879 Thread 0x000001df92217390 Exception <a 'java/lang/ClassNotFoundException'{0x00000000a9100a18}: org/gradle/api/internal/file/CompositeFileTreeCustomizer> (0x00000000a9100a18) 
thrown [s\src\hotspot\share\classfile\systemDictionary.cpp, line 256]
Event: 23.880 Thread 0x000001df92217390 Exception <a 'java/lang/ClassNotFoundException'{0x00000000a913a7d0}: org/gradle/api/internal/file/collections/DefaultConfigurableFileTreeCustomizer> (0x00000000a913a7d0) 
thrown [s\src\hotspot\share\classfile\systemDictionary.cpp, line 256]
Event: 24.152 Thread 0x000001df92217390 Exception <a 'java/lang/NoClassDefFoundError'{0x00000000a88ca0a8}: org/jetbrains/kotlin/gradle/plugin/KotlinBasePluginWrapper> (0x00000000a88ca0a8) 
thrown [s\src\hotspot\share\classfile\systemDictionary.cpp, line 245]
Event: 24.504 Thread 0x000001df92217390 Exception <a 'java/lang/NoClassDefFoundError'{0x00000000a7b70a70}: org/jetbrains/kotlin/gradle/plugin/KotlinBasePluginWrapper> (0x00000000a7b70a70) 
thrown [s\src\hotspot\share\oops\constantPool.cpp, line 837]
Event: 24.539 Thread 0x000001df92217390 Exception <a 'java/lang/NoClassDefFoundError'{0x00000000a7862928}: org/jetbrains/kotlin/gradle/plugin/KotlinBasePluginWrapper> (0x00000000a7862928) 
thrown [s\src\hotspot\share\oops\constantPool.cpp, line 837]
Event: 24.625 Thread 0x000001df92217390 Exception <a 'java/lang/NoClassDefFoundError'{0x00000000af64c160}: org/jetbrains/kotlin/gradle/plugin/KotlinBasePluginWrapper> (0x00000000af64c160) 
thrown [s\src\hotspot\share\oops\constantPool.cpp, line 837]
Event: 24.630 Thread 0x000001df92217390 Exception <a 'java/lang/NoClassDefFoundError'{0x00000000af6680e0}: org/jetbrains/kotlin/gradle/plugin/KotlinBasePluginWrapper> (0x00000000af6680e0) 
thrown [s\src\hotspot\share\oops\constantPool.cpp, line 837]

VM Operations (20 events):
Event: 23.039 Executing VM operation: G1CollectForAllocation
Event: 23.041 Executing VM operation: G1CollectForAllocation done
Event: 23.064 Executing VM operation: G1PauseRemark
Event: 23.067 Executing VM operation: G1PauseRemark done
Event: 23.079 Executing VM operation: G1PauseCleanup
Event: 23.079 Executing VM operation: G1PauseCleanup done
Event: 23.392 Executing VM operation: G1CollectForAllocation
Event: 23.395 Executing VM operation: G1CollectForAllocation done
Event: 23.407 Executing VM operation: G1CollectForAllocation
Event: 23.411 Executing VM operation: G1CollectForAllocation done
Event: 23.531 Executing VM operation: HandshakeAllThreads
Event: 23.531 Executing VM operation: HandshakeAllThreads done
Event: 23.551 Executing VM operation: HandshakeAllThreads
Event: 23.551 Executing VM operation: HandshakeAllThreads done
Event: 23.597 Executing VM operation: HandshakeAllThreads
Event: 23.598 Executing VM operation: HandshakeAllThreads done
Event: 24.544 Executing VM operation: G1CollectForAllocation
Event: 24.566 Executing VM operation: G1CollectForAllocation done
Event: 25.579 Executing VM operation: Cleanup
Event: 25.579 Executing VM operation: Cleanup done

Memory protections (0 events):
No events

Nmethod flushes (20 events):
Event: 23.606 Thread 0x000001df4b14ba10 flushing  nmethod 0x000001df36615910
Event: 23.606 Thread 0x000001df4b14ba10 flushing  nmethod 0x000001df36621b10
Event: 23.606 Thread 0x000001df4b14ba10 flushing  nmethod 0x000001df36629810
Event: 23.606 Thread 0x000001df4b14ba10 flushing  nmethod 0x000001df36646090
Event: 23.606 Thread 0x000001df4b14ba10 flushing  nmethod 0x000001df36716a10
Event: 23.606 Thread 0x000001df4b14ba10 flushing  nmethod 0x000001df36717590
Event: 23.606 Thread 0x000001df4b14ba10 flushing  nmethod 0x000001df3671d590
Event: 23.606 Thread 0x000001df4b14ba10 flushing  nmethod 0x000001df36729790
Event: 23.606 Thread 0x000001df4b14ba10 flushing  nmethod 0x000001df36729d10
Event: 23.606 Thread 0x000001df4b14ba10 flushing  nmethod 0x000001df3672a110
Event: 23.606 Thread 0x000001df4b14ba10 flushing  nmethod 0x000001df3672a790
Event: 23.606 Thread 0x000001df4b14ba10 flushing osr nmethod 0x000001df3672ea90
Event: 23.606 Thread 0x000001df4b14ba10 flushing  nmethod 0x000001df3672f790
Event: 23.606 Thread 0x000001df4b14ba10 flushing  nmethod 0x000001df36730c10
Event: 23.606 Thread 0x000001df4b14ba10 flushing  nmethod 0x000001df36734e10
Event: 23.606 Thread 0x000001df4b14ba10 flushing  nmethod 0x000001df36743610
Event: 23.606 Thread 0x000001df4b14ba10 flushing  nmethod 0x000001df3675b390
Event: 23.606 Thread 0x000001df4b14ba10 flushing  nmethod 0x000001df36764190
Event: 23.606 Thread 0x000001df4b14ba10 flushing  nmethod 0x000001df36768290
Event: 23.606 Thread 0x000001df4b14ba10 flushing  nmethod 0x000001df3676a110

Events (20 events):
Event: 17.922 Thread 0x000001df92217390 Thread added: 0x000001df93389660
Event: 17.923 Thread 0x000001df92217390 Thread added: 0x000001df93388220
Event: 17.924 Thread 0x000001df92217390 Thread added: 0x000001df93386de0
Event: 17.924 Thread 0x000001df92217390 Thread added: 0x000001df9338afb0
Event: 18.075 Thread 0x000001df4b13a0c0 Thread added: 0x000001df94799d30
Event: 18.589 Thread 0x000001df94799d30 Thread exited: 0x000001df94799d30
Event: 18.970 Thread 0x000001df939f4780 Thread exited: 0x000001df939f4780
Event: 19.429 Thread 0x000001df4b13f980 Thread added: 0x000001df939f4780
Event: 19.629 Thread 0x000001df939f4780 Thread exited: 0x000001df939f4780
Event: 19.779 Thread 0x000001df4b13f980 Thread added: 0x000001df94842620
Event: 20.095 Thread 0x000001df94842620 Thread exited: 0x000001df94842620
Event: 21.077 Thread 0x000001df92217390 Thread added: 0x000001df9338b4c0
Event: 21.474 Thread 0x000001df4b13f980 Thread added: 0x000001df94a36890
Event: 21.738 Thread 0x000001df94a36890 Thread exited: 0x000001df94a36890
Event: 22.692 Thread 0x000001df4b13f980 Thread added: 0x000001df94d63400
Event: 23.721 Thread 0x000001df92217390 Thread added: 0x000001df96221670
Event: 23.729 Thread 0x000001df94d63400 Thread exited: 0x000001df94d63400
Event: 23.805 Thread 0x000001df4b13f980 Thread added: 0x000001df92700f80
Event: 24.238 Thread 0x000001df92700f80 Thread exited: 0x000001df92700f80
Event: 24.776 Thread 0x000001df4b13f980 Thread added: 0x000001df92ef00d0


Dynamic libraries:
0x00007ff76e8a0000 - 0x00007ff76e8ae000 	C:\Users\16696\.jdks\ms-17.0.19\bin\java.exe
0x00007ff880020000 - 0x00007ff880286000 	C:\Windows\SYSTEM32\ntdll.dll
0x00007ff87e450000 - 0x00007ff87e519000 	C:\Windows\System32\KERNEL32.DLL
0x00007ff87d960000 - 0x00007ff87dd5a000 	C:\Windows\System32\KERNELBASE.dll
0x00007ff87d620000 - 0x00007ff87d76c000 	C:\Windows\System32\ucrtbase.dll
0x00007ff86de50000 - 0x00007ff86de68000 	C:\Users\16696\.jdks\ms-17.0.19\bin\jli.dll
0x00007ff87fa80000 - 0x00007ff87fc47000 	C:\Windows\System32\USER32.dll
0x00007ff87dd60000 - 0x00007ff87dd87000 	C:\Windows\System32\win32u.dll
0x00007ff87fa30000 - 0x00007ff87fa5b000 	C:\Windows\System32\GDI32.dll
0x00007ff87d830000 - 0x00007ff87d95b000 	C:\Windows\System32\gdi32full.dll
0x00007ff87d2b0000 - 0x00007ff87d353000 	C:\Windows\System32\msvcp_win.dll
0x00007ff87c3b0000 - 0x00007ff87c642000 	C:\Windows\WinSxS\amd64_microsoft.windows.common-controls_6595b64144ccf1df_6.0.26100.8521_none_3e08b75ce33403b3\COMCTL32.dll
0x00007ff86d470000 - 0x00007ff86d48e000 	C:\Users\16696\.jdks\ms-17.0.19\bin\VCRUNTIME140.dll
0x00007ff87e5f0000 - 0x00007ff87e699000 	C:\Windows\System32\msvcrt.dll
0x00007ff87dea0000 - 0x00007ff87ded2000 	C:\Windows\System32\IMM32.DLL
0x00007ff8727d0000 - 0x00007ff8727dc000 	C:\Users\16696\.jdks\ms-17.0.19\bin\vcruntime140_1.dll
0x00007ff845a80000 - 0x00007ff845b09000 	C:\Users\16696\.jdks\ms-17.0.19\bin\msvcp140.dll
0x00007ff807770000 - 0x00007ff8083eb000 	C:\Users\16696\.jdks\ms-17.0.19\bin\server\jvm.dll
0x00007ff87ed10000 - 0x00007ff87edc6000 	C:\Windows\System32\ADVAPI32.dll
0x00007ff87e1e0000 - 0x00007ff87e28a000 	C:\Windows\System32\sechost.dll
0x00007ff87f8a0000 - 0x00007ff87f9b8000 	C:\Windows\System32\RPCRT4.dll
0x00007ff87de10000 - 0x00007ff87de90000 	C:\Windows\System32\WS2_32.dll
0x00007ff87d110000 - 0x00007ff87d16e000 	C:\Windows\SYSTEM32\POWRPROF.dll
0x00007ff875350000 - 0x00007ff875386000 	C:\Windows\SYSTEM32\WINMM.dll
0x00007ff875340000 - 0x00007ff87534b000 	C:\Windows\SYSTEM32\VERSION.dll
0x00007ff87d0f0000 - 0x00007ff87d104000 	C:\Windows\SYSTEM32\UMPDC.dll
0x00007ff87b6d0000 - 0x00007ff87b6eb000 	C:\Windows\SYSTEM32\kernel.appcore.dll
0x00007ff86df20000 - 0x00007ff86df2a000 	C:\Users\16696\.jdks\ms-17.0.19\bin\jimage.dll
0x00007ff87ca80000 - 0x00007ff87ccc2000 	C:\Windows\SYSTEM32\DBGHELP.DLL
0x00007ff87fc50000 - 0x00007ff87ffd3000 	C:\Windows\System32\combase.dll
0x00007ff87f760000 - 0x00007ff87f839000 	C:\Windows\System32\OLEAUT32.dll
0x00007ff87c950000 - 0x00007ff87c98b000 	C:\Windows\SYSTEM32\dbgcore.DLL
0x00007ff87d360000 - 0x00007ff87d408000 	C:\Windows\System32\bcryptPrimitives.dll
0x00007ff86d460000 - 0x00007ff86d46f000 	C:\Users\16696\.jdks\ms-17.0.19\bin\instrument.dll
0x00007ff86d060000 - 0x00007ff86d086000 	C:\Users\16696\.jdks\ms-17.0.19\bin\java.dll
0x00007ff838bc0000 - 0x00007ff838c96000 	C:\Users\16696\.jdks\ms-17.0.19\bin\jsvml.dll
0x00007ff87ee60000 - 0x00007ff87f5e4000 	C:\Windows\System32\SHELL32.dll
0x00007ff87a390000 - 0x00007ff87ac10000 	C:\Windows\SYSTEM32\windows.storage.dll
0x00007ff87e350000 - 0x00007ff87e446000 	C:\Windows\System32\SHCORE.dll
0x00007ff87f9c0000 - 0x00007ff87fa27000 	C:\Windows\System32\shlwapi.dll
0x00007ff87d1d0000 - 0x00007ff87d1f9000 	C:\Windows\SYSTEM32\profapi.dll
0x00007ff86cdc0000 - 0x00007ff86cdd8000 	C:\Users\16696\.jdks\ms-17.0.19\bin\zip.dll
0x00007ff866bd0000 - 0x00007ff866beb000 	C:\Users\16696\.jdks\ms-17.0.19\bin\net.dll
0x00007ff874b00000 - 0x00007ff874c29000 	C:\Windows\SYSTEM32\WINHTTP.dll
0x00007ff87bbf0000 - 0x00007ff87bc5c000 	C:\Windows\system32\mswsock.dll
0x00007ff8612d0000 - 0x00007ff8612e6000 	C:\Users\16696\.jdks\ms-17.0.19\bin\nio.dll
0x00007ff86ce00000 - 0x00007ff86ce10000 	C:\Users\16696\.jdks\ms-17.0.19\bin\verify.dll
0x00007ff853540000 - 0x00007ff853567000 	C:\Users\16696\.gradle\native\1def1411415f61bf3af743bc5b6707747c0891f09f0c88961ee8f79bc544acac\windows-amd64\native-platform.dll
0x00007ff8394b0000 - 0x00007ff839528000 	C:\Users\16696\.gradle\native\0.2.7\x86_64-windows-gnu\gradle-fileevents.dll
0x00007ff86c0d0000 - 0x00007ff86c0da000 	C:\Users\16696\.jdks\ms-17.0.19\bin\management.dll
0x00007ff866b90000 - 0x00007ff866b9c000 	C:\Users\16696\.jdks\ms-17.0.19\bin\management_ext.dll
0x00007ff87fa70000 - 0x00007ff87fa78000 	C:\Windows\System32\PSAPI.DLL
0x00007ff87b0f0000 - 0x00007ff87b123000 	C:\Windows\SYSTEM32\IPHLPAPI.DLL
0x00007ff87fa60000 - 0x00007ff87fa6a000 	C:\Windows\System32\NSI.dll
0x00007ff875390000 - 0x00007ff8753ad000 	C:\Windows\SYSTEM32\dhcpcsvc6.DLL
0x00007ff874450000 - 0x00007ff874475000 	C:\Windows\SYSTEM32\dhcpcsvc.DLL
0x00007ff87b180000 - 0x00007ff87b2ca000 	C:\Windows\SYSTEM32\DNSAPI.dll
0x00007ff87ba10000 - 0x00007ff87ba1d000 	C:\Windows\SYSTEM32\DSPARSE.dll
0x00007ff862e00000 - 0x00007ff862e09000 	C:\Users\16696\.jdks\ms-17.0.19\bin\extnet.dll
0x00007ff87cdd0000 - 0x00007ff87cdeb000 	C:\Windows\SYSTEM32\CRYPTSP.dll
0x00007ff87be90000 - 0x00007ff87bec9000 	C:\Windows\system32\rsaenh.dll
0x00007ff87bc60000 - 0x00007ff87bc93000 	C:\Windows\SYSTEM32\USERENV.dll
0x00007ff87d1a0000 - 0x00007ff87d1ca000 	C:\Windows\SYSTEM32\bcrypt.dll
0x00007ff87be80000 - 0x00007ff87be8c000 	C:\Windows\SYSTEM32\CRYPTBASE.dll
0x00007ff862dc0000 - 0x00007ff862dce000 	C:\Users\16696\.jdks\ms-17.0.19\bin\sunmscapi.dll
0x00007ff87d410000 - 0x00007ff87d588000 	C:\Windows\System32\CRYPT32.dll
0x00007ff87c370000 - 0x00007ff87c3a0000 	C:\Windows\SYSTEM32\ncrypt.dll
0x00007ff87c320000 - 0x00007ff87c35f000 	C:\Windows\SYSTEM32\NTASN1.dll
0x00007ff865540000 - 0x00007ff865548000 	C:\Windows\system32\wshunix.dll

dbghelp: loaded successfully - version: 4.0.5 - missing functions: none
symbol engine: initialized successfully - sym options: 0x614 - pdb path: .;C:\Users\16696\.jdks\ms-17.0.19\bin;C:\Windows\SYSTEM32;C:\Windows\WinSxS\amd64_microsoft.windows.common-controls_6595b64144ccf1df_6.0.26100.8521_none_3e08b75ce33403b3;C:\Users\16696\.jdks\ms-17.0.19\bin\server;C:\Users\16696\.gradle\native\1def1411415f61bf3af743bc5b6707747c0891f09f0c88961ee8f79bc544acac\windows-amd64;C:\Users\16696\.gradle\native\0.2.7\x86_64-windows-gnu

VM Arguments:
jvm_args: --add-opens=java.base/java.lang=ALL-UNNAMED --add-opens=java.base/java.lang.invoke=ALL-UNNAMED --add-opens=java.base/java.util=ALL-UNNAMED --add-opens=java.prefs/java.util.prefs=ALL-UNNAMED --add-exports=jdk.compiler/com.sun.tools.javac.api=ALL-UNNAMED --add-exports=jdk.compiler/com.sun.tools.javac.util=ALL-UNNAMED --add-opens=java.base/java.util=ALL-UNNAMED --add-opens=java.prefs/java.util.prefs=ALL-UNNAMED --add-opens=java.base/java.nio.charset=ALL-UNNAMED --add-opens=java.base/java.net=ALL-UNNAMED --add-opens=java.base/java.util.concurrent.atomic=ALL-UNNAMED --add-opens=java.xml/javax.xml.namespace=ALL-UNNAMED -Xmx1536m -Dfile.encoding=UTF-8 -Duser.country=CN -Duser.language=zh -Duser.variant -javaagent:C:\Users\16696\.gradle\wrapper\dists\gradle-8.13-bin\5xuhj0ry160q40clulazy9h7d\gradle-8.13\lib\agents\gradle-instrumentation-agent-8.13.jar 
java_command: org.gradle.launcher.daemon.bootstrap.GradleDaemon 8.13
java_class_path (initial): C:\Users\16696\.gradle\wrapper\dists\gradle-8.13-bin\5xuhj0ry160q40clulazy9h7d\gradle-8.13\lib\gradle-daemon-main-8.13.jar
Launcher Type: SUN_STANDARD

[Global flags]
     intx CICompilerCount                          = 4                                         {product} {ergonomic}
     uint ConcGCThreads                            = 2                                         {product} {ergonomic}
     uint G1ConcRefinementThreads                  = 9                                         {product} {ergonomic}
   size_t G1HeapRegionSize                         = 1048576                                   {product} {ergonomic}
    uintx GCDrainStackTargetSize                   = 64                                        {product} {ergonomic}
   size_t InitialHeapSize                          = 260046848                                 {product} {ergonomic}
   size_t MarkStackSize                            = 4194304                                   {product} {ergonomic}
   size_t MaxHeapSize                              = 1610612736                                {product} {command line}
   size_t MaxNewSize                               = 965738496                                 {product} {ergonomic}
   size_t MinHeapDeltaBytes                        = 1048576                                   {product} {ergonomic}
   size_t MinHeapSize                              = 8388608                                   {product} {ergonomic}
    uintx NonNMethodCodeHeapSize                   = 5839372                                {pd product} {ergonomic}
    uintx NonProfiledCodeHeapSize                  = 122909434                              {pd product} {ergonomic}
    uintx ProfiledCodeHeapSize                     = 122909434                              {pd product} {ergonomic}
    uintx ReservedCodeCacheSize                    = 251658240                              {pd product} {ergonomic}
     bool SegmentedCodeCache                       = true                                      {product} {ergonomic}
   size_t SoftMaxHeapSize                          = 1610612736                             {manageable} {ergonomic}
     bool UseCompressedClassPointers               = true                           {product lp64_product} {ergonomic}
     bool UseCompressedOops                        = true                           {product lp64_product} {ergonomic}
     bool UseG1GC                                  = true                                      {product} {ergonomic}
     bool UseLargePagesIndividualAllocation        = false                                  {pd product} {ergonomic}

Logging:
Log output configuration:
 #0: stdout all=warning uptime,level,tags
 #1: stderr all=off uptime,level,tags

Environment Variables:
PATH=D:\Android\jdk-8.0.492.9-hotspot\bin;C:\Program Files (x86)\VMware\VMware Workstation\bin\;C:\Windows\system32;C:\Windows;C:\Windows\System32\Wbem;C:\Windows\System32\WindowsPowerShell\v1.0\;C:\Windows\System32\OpenSSH\;D:\Git\Git\cmd;D:\Cmake\bin;D:\Windows Kits\10\Windows Performance Toolkit\;C:\Program Files\CMake\bin;C:\Program Files\TortoiseGit\bin;C:\NXP\S32DS.3.5\S32DS\build_tools\gcc-10.2-arm32-eabi\bin;D:\Xshell\;C:\Users\16696\AppData\Local\Programs\Python\Python314\Scripts\;C:\Users\16696\AppData\Local\Programs\Python\Python314\;C:\Users\16696\AppData\Local\Microsoft\WindowsApps;D:\pycharm\PyCharm 2026.1.2\bin;D:\vscode\Microsoft VS Code\bin;D:\Android\Sdk\platform-tools;
USERNAME=16696
OS=Windows_NT
PROCESSOR_IDENTIFIER=Intel64 Family 6 Model 198 Stepping 2, GenuineIntel
TMP=C:\Users\16696\AppData\Local\Temp
TEMP=C:\Users\16696\AppData\Local\Temp



Periodic native trim disabled


---------------  S Y S T E M  ---------------

OS:
 Windows 11 , 64 bit Build 26100 (10.0.26100.8521)
OS uptime: 1 days 20:23 hours
Hyper-V role detected

CPU: total 10 (initial active 10) (10 cores per cpu, 1 threads per core) family 6 model 198 stepping 2 microcode 0x118, cx8, cmov, fxsr, mmx, 3dnowpref, sse, sse2, sse3, ssse3, sse4.1, sse4.2, popcnt, lzcnt, tsc, tscinvbit, avx, avx2, aes, erms, clmul, bmi1, bmi2, adx, sha, fma, vzeroupper, clflush, clflushopt, clwb, hv
Processor Information for processor 0
  Max Mhz: 3300, Current Mhz: 3300, Mhz Limit: 3300
Processor Information for processor 1
  Max Mhz: 3300, Current Mhz: 3300, Mhz Limit: 3300
Processor Information for processor 2
  Max Mhz: 2700, Current Mhz: 2700, Mhz Limit: 2700
Processor Information for processor 3
  Max Mhz: 2700, Current Mhz: 2700, Mhz Limit: 2700
Processor Information for processor 4
  Max Mhz: 2700, Current Mhz: 2700, Mhz Limit: 2700
Processor Information for processor 5
  Max Mhz: 2700, Current Mhz: 2700, Mhz Limit: 2700
Processor Information for processor 6
  Max Mhz: 3300, Current Mhz: 3300, Mhz Limit: 3300
Processor Information for processor 7
  Max Mhz: 3300, Current Mhz: 3300, Mhz Limit: 3300
Processor Information for processor 8
  Max Mhz: 3300, Current Mhz: 3300, Mhz Limit: 3300
Processor Information for processor 9
  Max Mhz: 3300, Current Mhz: 3300, Mhz Limit: 3300

Memory: 4k page, system-wide physical 15751M (1138M free)
TotalPageFile size 54151M (AvailPageFile size 21M)
current process WorkingSet (physical memory assigned to process): 370M, peak: 400M
current process commit charge ("private bytes"): 429M, peak: 452M

vm_info: OpenJDK 64-Bit Server VM (17.0.19+10-LTS) for windows-amd64 JRE (17.0.19+10-LTS), built on Apr 18 2026 18:24:40 by "MicrosoftCorporation" with MS VC++ 17.14 (VS2022)

END.
