#
# There is insufficient memory for the Java Runtime Environment to continue.
# Native memory allocation (malloc) failed to allocate 1792576 bytes. Error detail: Chunk::new
# Possible reasons:
#   The system is out of physical RAM or swap space
#   This process is running with CompressedOops enabled, and the Java Heap may be blocking the growth of the native heap
# Possible solutions:
#   Reduce memory load on the system
#   Increase physical memory or swap space
#   Check if swap backing store is full
#   Decrease Java heap size (-Xmx/-Xms)
#   Decrease number of Java threads
#   Decrease Java thread stack sizes (-Xss)
#   Set larger code cache with -XX:ReservedCodeCacheSize=
#   JVM is running with Unscaled Compressed Oops mode in which the Java heap is
#     placed in the first 4GB address space. The Java Heap base address is the
#     maximum limit for the native heap growth. Please use -XX:HeapBaseMinAddress
#     to set the Java Heap base and to place the Java Heap above 4GB virtual address.
# This output file may be truncated or incomplete.
#
#  Out of Memory Error (arena.cpp:191), pid=26980, tid=19444
#
# JRE version: OpenJDK Runtime Environment Microsoft-13877129 (17.0.19+10) (build 17.0.19+10-LTS)
# Java VM: OpenJDK 64-Bit Server VM Microsoft-13877129 (17.0.19+10-LTS, mixed mode, sharing, tiered, compressed oops, compressed class ptrs, g1 gc, windows-amd64)
# No core dump will be written. Minidumps are not enabled by default on client versions of Windows
#

---------------  S U M M A R Y ------------

Command Line: --add-opens=java.base/java.lang=ALL-UNNAMED --add-opens=java.base/java.lang.invoke=ALL-UNNAMED --add-opens=java.base/java.util=ALL-UNNAMED --add-opens=java.prefs/java.util.prefs=ALL-UNNAMED --add-exports=jdk.compiler/com.sun.tools.javac.api=ALL-UNNAMED --add-exports=jdk.compiler/com.sun.tools.javac.util=ALL-UNNAMED --add-opens=java.base/java.util=ALL-UNNAMED --add-opens=java.prefs/java.util.prefs=ALL-UNNAMED --add-opens=java.base/java.nio.charset=ALL-UNNAMED --add-opens=java.base/java.net=ALL-UNNAMED --add-opens=java.base/java.util.concurrent=ALL-UNNAMED --add-opens=java.base/java.util.concurrent.atomic=ALL-UNNAMED --add-opens=java.xml/javax.xml.namespace=ALL-UNNAMED --add-opens=java.base/java.time=ALL-UNNAMED -Xmx2048m -Dfile.encoding=UTF-8 -Duser.country=CN -Duser.language=zh -Duser.variant -javaagent:C:\Users\16696\.gradle\wrapper\dists\gradle-9.4.1-bin\arn2x92ynaizyzdaamcbpbhtj\gradle-9.4.1\lib\agents\gradle-instrumentation-agent-9.4.1.jar org.gradle.launcher.daemon.bootstrap.GradleDaemon 9.4.1

Host: Intel(R) Core(TM) Ultra 5 225, 10 cores, 15G,  Windows 11 , 64 bit Build 26100 (10.0.26100.8521)
Time: Thu Jul 16 09:46:27 2026  Windows 11 , 64 bit Build 26100 (10.0.26100.8521) elapsed time: 17.789084 seconds (0d 0h 0m 17s)

---------------  T H R E A D  ---------------

Current thread (0x0000011763144820):  JavaThread "C2 CompilerThread1" daemon [_thread_in_native, id=19444, stack(0x0000001317800000,0x0000001317900000)]


Current CompileTask:
C2:17789 15591       4       com.intellij.psi.stubs.MaterialStubList$1::visitStub (110 bytes)

Stack: [0x0000001317800000,0x0000001317900000]
Native frames: (J=compiled Java code, j=interpreted, Vv=VM code, C=native code)
V  [jvm.dll+0x68cc89]  (no source info available)
V  [jvm.dll+0x845d89]  (no source info available)
V  [jvm.dll+0x847af8]  (no source info available)
V  [jvm.dll+0x848183]  (no source info available)
V  [jvm.dll+0x24d0bf]  (no source info available)
V  [jvm.dll+0xaed56]  (no source info available)
V  [jvm.dll+0xaf3fc]  (no source info available)
V  [jvm.dll+0x3718be]  (no source info available)
V  [jvm.dll+0x1c09c9]  (no source info available)
V  [jvm.dll+0x21e120]  (no source info available)
V  [jvm.dll+0x21d412]  (no source info available)
V  [jvm.dll+0x1a8db6]  (no source info available)
V  [jvm.dll+0x22dc6b]  (no source info available)
V  [jvm.dll+0x22bdf6]  (no source info available)
V  [jvm.dll+0x7fbecb]  (no source info available)
V  [jvm.dll+0x7f62cc]  (no source info available)
V  [jvm.dll+0x68e227]  (no source info available)
C  [ucrtbase.dll+0x2cd30]  (no source info available)
C  [KERNEL32.DLL+0x2e957]  (no source info available)
C  [ntdll.dll+0x87c1c]  (no source info available)


---------------  P R O C E S S  ---------------

Threads class SMR info:
_java_thread_list=0x000001175ec932e0, length=72, elements={
0x0000011775cf4500, 0x0000011716801780, 0x0000011716814aa0, 0x0000011716820be0,
0x00000117168218c0, 0x0000011716822190, 0x0000011716827290, 0x000001171682c6b0,
0x0000011716835fd0, 0x0000011716837d00, 0x00000117167eee20, 0x0000011716aa4d60,
0x000001175e070f50, 0x000001175da79280, 0x000001175e3f8820, 0x000001175e27fac0,
0x000001175e1e0440, 0x000001175e371120, 0x000001175e371a00, 0x000001175e5ad0b0,
0x000001175e5ad5c0, 0x000001175e5af930, 0x000001175e5b0350, 0x000001175e5afe40,
0x000001175e5aea00, 0x000001175e5aef10, 0x000001175e5b0860, 0x000001175e5adad0,
0x000001175e5adfe0, 0x000001175e5ae4f0, 0x000001175e5af420, 0x000001176025dcb0,
0x000001176025e1c0, 0x000001176025aa10, 0x000001176025be50, 0x000001176025d290,
0x000001176025cd80, 0x000001176025d7a0, 0x000001176025af20, 0x000001176025ebe0,
0x000001176025b430, 0x000001176025f0f0, 0x000001176025b940, 0x000001176025c870,
0x0000011760260020, 0x0000011760262390, 0x0000011760261970, 0x000001175ee47780,
0x000001175ee49af0, 0x000001175ee46340, 0x000001175ee47c90, 0x000001175ee481a0,
0x000001175ee486b0, 0x000001175ee495e0, 0x000001175ee48bc0, 0x000001175ee490d0,
0x000001175ee4a510, 0x000001175ee46d60, 0x000001175ee4aa20, 0x000001175ee47270,
0x000001175ee4b950, 0x000001175ee4dcc0, 0x000001175ee4c370, 0x000001175ee4be60,
0x000001175ee4d2a0, 0x000001175fe15bd0, 0x000001176266b4c0, 0x000001176266ce10,
0x000001176266afb0, 0x000001176266b9d0, 0x0000011763144820, 0x000001176266c3f0
}

Java Threads: ( => current thread )
  0x0000011775cf4500 JavaThread "main" [_thread_blocked, id=13104, stack(0x0000001312600000,0x0000001312700000)]
  0x0000011716801780 JavaThread "Reference Handler" daemon [_thread_blocked, id=27044, stack(0x0000001313200000,0x0000001313300000)]
  0x0000011716814aa0 JavaThread "Finalizer" daemon [_thread_blocked, id=12644, stack(0x0000001313300000,0x0000001313400000)]
  0x0000011716820be0 JavaThread "Signal Dispatcher" daemon [_thread_blocked, id=14724, stack(0x0000001313400000,0x0000001313500000)]
  0x00000117168218c0 JavaThread "Attach Listener" daemon [_thread_blocked, id=18456, stack(0x0000001313500000,0x0000001313600000)]
  0x0000011716822190 JavaThread "Service Thread" daemon [_thread_blocked, id=25444, stack(0x0000001313600000,0x0000001313700000)]
  0x0000011716827290 JavaThread "Monitor Deflation Thread" daemon [_thread_blocked, id=20540, stack(0x0000001313700000,0x0000001313800000)]
  0x000001171682c6b0 JavaThread "C2 CompilerThread0" daemon [_thread_in_vm, id=24920, stack(0x0000001313800000,0x0000001313900000)]
  0x0000011716835fd0 JavaThread "C1 CompilerThread0" daemon [_thread_blocked, id=14852, stack(0x0000001313900000,0x0000001313a00000)]
  0x0000011716837d00 JavaThread "Sweeper thread" daemon [_thread_blocked, id=6836, stack(0x0000001313a00000,0x0000001313b00000)]
  0x00000117167eee20 JavaThread "Common-Cleaner" daemon [_thread_blocked, id=8980, stack(0x0000001313b00000,0x0000001313c00000)]
  0x0000011716aa4d60 JavaThread "Notification Thread" daemon [_thread_blocked, id=26880, stack(0x0000001313c00000,0x0000001313d00000)]
  0x000001175e070f50 JavaThread "Daemon health stats" [_thread_blocked, id=17328, stack(0x0000001314400000,0x0000001314500000)]
  0x000001175da79280 JavaThread "Incoming local TCP Connector on port 50470" [_thread_in_native, id=20780, stack(0x0000001314500000,0x0000001314600000)]
  0x000001175e3f8820 JavaThread "Daemon periodic checks" [_thread_blocked, id=18612, stack(0x0000001314600000,0x0000001314700000)]
  0x000001175e27fac0 JavaThread "Daemon" [_thread_blocked, id=17280, stack(0x0000001314700000,0x0000001314800000)]
  0x000001175e1e0440 JavaThread "Handler for socket connection from /127.0.0.1:50470 to /127.0.0.1:50471" [_thread_in_native, id=21880, stack(0x0000001314800000,0x0000001314900000)]
  0x000001175e371120 JavaThread "Cancel handler" [_thread_blocked, id=25612, stack(0x0000001314900000,0x0000001314a00000)]
  0x000001175e371a00 JavaThread "Daemon worker" [_thread_blocked, id=18992, stack(0x0000001314a00000,0x0000001314b00000)]
  0x000001175e5ad0b0 JavaThread "Asynchronous log dispatcher for DefaultDaemonConnection: socket connection from /127.0.0.1:50470 to /127.0.0.1:50471" [_thread_blocked, id=26832, stack(0x0000001314b00000,0x0000001314c00000)]
  0x000001175e5ad5c0 JavaThread "Stdin handler" [_thread_blocked, id=27628, stack(0x0000001314c00000,0x0000001314d00000)]
  0x000001175e5af930 JavaThread "Daemon client event forwarder" [_thread_blocked, id=22120, stack(0x0000001314d00000,0x0000001314e00000)]
  0x000001175e5b0350 JavaThread "Cache worker for journal cache (C:\Users\16696\.gradle\caches\journal-1)" [_thread_blocked, id=8212, stack(0x0000001314e00000,0x0000001314f00000)]
  0x000001175e5afe40 JavaThread "File lock request listener" [_thread_in_native, id=16068, stack(0x0000001314f00000,0x0000001315000000)]
  0x000001175e5aea00 JavaThread "Cache worker for file hash cache (C:\Users\16696\.gradle\caches\9.4.1\fileHashes)" [_thread_blocked, id=25404, stack(0x0000001315000000,0x0000001315100000)]
  0x000001175e5aef10 JavaThread "Cache worker for file hash cache (D:\Code\Application\music1\.gradle\9.4.1\fileHashes)" [_thread_blocked, id=21932, stack(0x0000001315600000,0x0000001315700000)]
  0x000001175e5b0860 JavaThread "Cache worker for Build Output Cleanup Cache (D:\Code\Application\music1\.gradle\buildOutputCleanup)" [_thread_blocked, id=26488, stack(0x0000001315700000,0x0000001315800000)]
  0x000001175e5adad0 JavaThread "File watcher server" daemon [_thread_in_native, id=27736, stack(0x0000001313f00000,0x0000001314000000)]
  0x000001175e5adfe0 JavaThread "File watcher consumer" daemon [_thread_blocked, id=20308, stack(0x0000001315800000,0x0000001315900000)]
  0x000001175e5ae4f0 JavaThread "Cache worker for file content cache (C:\Users\16696\.gradle\caches\9.4.1\fileContent)" [_thread_blocked, id=21236, stack(0x0000001315900000,0x0000001315a00000)]
  0x000001175e5af420 JavaThread "Cache worker for checksums cache (D:\Code\Application\music1\.gradle\9.4.1\checksums)" [_thread_blocked, id=4024, stack(0x0000001315b00000,0x0000001315c00000)]
  0x000001176025dcb0 JavaThread "Cache worker for cache directory md-supplier (C:\Users\16696\.gradle\caches\9.4.1\md-supplier)" [_thread_blocked, id=23588, stack(0x0000001315c00000,0x0000001315d00000)]
  0x000001176025e1c0 JavaThread "Cache worker for cache directory md-rule (C:\Users\16696\.gradle\caches\9.4.1\md-rule)" [_thread_blocked, id=3736, stack(0x0000001315d00000,0x0000001315e00000)]
  0x000001176025aa10 JavaThread "Build operations" [_thread_blocked, id=27892, stack(0x0000001315f00000,0x0000001316000000)]
  0x000001176025be50 JavaThread "Build operations Thread 2" [_thread_blocked, id=1440, stack(0x0000001316000000,0x0000001316100000)]
  0x000001176025d290 JavaThread "Build operations Thread 3" [_thread_blocked, id=26924, stack(0x0000001316100000,0x0000001316200000)]
  0x000001176025cd80 JavaThread "Build operations Thread 4" [_thread_blocked, id=26608, stack(0x0000001316200000,0x0000001316300000)]
  0x000001176025d7a0 JavaThread "Build operations Thread 5" [_thread_blocked, id=19984, stack(0x0000001316300000,0x0000001316400000)]
  0x000001176025af20 JavaThread "Build operations Thread 6" [_thread_blocked, id=23164, stack(0x0000001316400000,0x0000001316500000)]
  0x000001176025ebe0 JavaThread "Build operations Thread 7" [_thread_blocked, id=16368, stack(0x0000001316500000,0x0000001316600000)]
  0x000001176025b430 JavaThread "Build operations Thread 8" [_thread_blocked, id=21040, stack(0x0000001316600000,0x0000001316700000)]
  0x000001176025f0f0 JavaThread "Build operations Thread 9" [_thread_blocked, id=27392, stack(0x0000001316700000,0x0000001316800000)]
  0x000001176025b940 JavaThread "Build operations Thread 10" [_thread_blocked, id=24064, stack(0x0000001316800000,0x0000001316900000)]
  0x000001176025c870 JavaThread "Memory manager" [_thread_blocked, id=9988, stack(0x0000001316900000,0x0000001316a00000)]
  0x0000011760260020 JavaThread "build event listener" [_thread_blocked, id=19364, stack(0x0000001315e00000,0x0000001315f00000)]
  0x0000011760262390 JavaThread "included builds" [_thread_blocked, id=19732, stack(0x0000001316b00000,0x0000001316c00000)]
  0x0000011760261970 JavaThread "Execution worker" [_thread_blocked, id=13436, stack(0x0000001316c00000,0x0000001316d00000)]
  0x000001175ee47780 JavaThread "Execution worker Thread 2" [_thread_blocked, id=18028, stack(0x0000001316d00000,0x0000001316e00000)]
  0x000001175ee49af0 JavaThread "Execution worker Thread 3" [_thread_blocked, id=4288, stack(0x0000001316e00000,0x0000001316f00000)]
  0x000001175ee46340 JavaThread "Execution worker Thread 4" [_thread_blocked, id=23304, stack(0x0000001316f00000,0x0000001317000000)]
  0x000001175ee47c90 JavaThread "Execution worker Thread 5" [_thread_blocked, id=22004, stack(0x0000001317000000,0x0000001317100000)]
  0x000001175ee481a0 JavaThread "Execution worker Thread 6" [_thread_blocked, id=22972, stack(0x0000001317100000,0x0000001317200000)]
  0x000001175ee486b0 JavaThread "Execution worker Thread 7" [_thread_blocked, id=25988, stack(0x0000001317200000,0x0000001317300000)]
  0x000001175ee495e0 JavaThread "Execution worker Thread 8" [_thread_blocked, id=15020, stack(0x0000001317300000,0x0000001317400000)]
  0x000001175ee48bc0 JavaThread "Execution worker Thread 9" [_thread_blocked, id=23000, stack(0x0000001317400000,0x0000001317500000)]
  0x000001175ee490d0 JavaThread "Cache worker for execution history cache (D:\Code\Application\music1\.gradle\9.4.1\executionHistory)" [_thread_blocked, id=27576, stack(0x0000001317500000,0x0000001317600000)]
  0x000001175ee4a510 JavaThread "WorkerExecutor Queue" [_thread_blocked, id=19640, stack(0x0000001317600000,0x0000001317700000)]
  0x000001175ee46d60 JavaThread "WorkerExecutor Queue Thread 2" [_thread_blocked, id=26616, stack(0x0000001317700000,0x0000001317800000)]
  0x000001175ee4aa20 JavaThread "WorkerExecutor Queue Thread 3" [_thread_blocked, id=7060, stack(0x0000001313e00000,0x0000001313f00000)]
  0x000001175ee47270 JavaThread "WorkerExecutor Queue Thread 4" [_thread_blocked, id=11724, stack(0x0000001316a00000,0x0000001316b00000)]
  0x000001175ee4b950 JavaThread "WorkerExecutor Queue Thread 5" [_thread_blocked, id=25184, stack(0x0000001317900000,0x0000001317a00000)]
  0x000001175ee4dcc0 JavaThread "WorkerExecutor Queue Thread 6" [_thread_in_vm, id=24248, stack(0x0000001317b00000,0x0000001317c00000)]
  0x000001175ee4c370 JavaThread "WorkerExecutor Queue Thread 7" [_thread_blocked, id=25520, stack(0x0000001317c00000,0x0000001317d00000)]
  0x000001175ee4be60 JavaThread "WorkerExecutor Queue Thread 8" [_thread_blocked, id=20800, stack(0x0000001317d00000,0x0000001317e00000)]
  0x000001175ee4d2a0 JavaThread "WorkerExecutor Queue Thread 9" [_thread_blocked, id=23856, stack(0x0000001317e00000,0x0000001317f00000)]
  0x000001175fe15bd0 JavaThread "WorkerExecutor Queue Thread 10" [_thread_blocked, id=16020, stack(0x0000001317f00000,0x0000001318000000)]
  0x000001176266b4c0 JavaThread "DefaultDispatcher-worker-1" daemon [_thread_blocked, id=24172, stack(0x0000001318100000,0x0000001318200000)]
  0x000001176266ce10 JavaThread "DefaultDispatcher-worker-2" daemon [_thread_blocked, id=236, stack(0x0000001318200000,0x0000001318300000)]
  0x000001176266afb0 JavaThread "DefaultDispatcher-worker-3" daemon [_thread_blocked, id=19552, stack(0x0000001318300000,0x0000001318400000)]
  0x000001176266b9d0 JavaThread "DefaultDispatcher-worker-4" daemon [_thread_blocked, id=9244, stack(0x0000001318400000,0x0000001318500000)]
=>0x0000011763144820 JavaThread "C2 CompilerThread1" daemon [_thread_in_native, id=19444, stack(0x0000001317800000,0x0000001317900000)]
  0x000001176266c3f0 JavaThread "ForkJoinPool.commonPool-worker-1" daemon [_thread_blocked, id=4908, stack(0x0000001317a00000,0x0000001317b00000)]

Other Threads:
  0x00000117167fda00 VMThread "VM Thread" [stack: 0x0000001313100000,0x0000001313200000] [id=11716]
  0x000001177f193230 WatcherThread [stack: 0x0000001313d00000,0x0000001313e00000] [id=25072]
  0x000001177f24a550 GCTaskThread "GC Thread#0" [stack: 0x0000001312c00000,0x0000001312d00000] [id=22352]
  0x000001175c9a2ed0 GCTaskThread "GC Thread#1" [stack: 0x0000001314000000,0x0000001314100000] [id=9388]
  0x000001175ccea1b0 GCTaskThread "GC Thread#2" [stack: 0x0000001314100000,0x0000001314200000] [id=24588]
  0x000001175d18e660 GCTaskThread "GC Thread#3" [stack: 0x0000001314200000,0x0000001314300000] [id=21996]
  0x000001175ce99030 GCTaskThread "GC Thread#4" [stack: 0x0000001314300000,0x0000001314400000] [id=6456]
  0x000001175ce3cd10 GCTaskThread "GC Thread#5" [stack: 0x0000001315100000,0x0000001315200000] [id=23952]
  0x000001175ce3b690 GCTaskThread "GC Thread#6" [stack: 0x0000001315200000,0x0000001315300000] [id=20824]
  0x000001175ce3b960 GCTaskThread "GC Thread#7" [stack: 0x0000001315300000,0x0000001315400000] [id=28428]
  0x000001175ce3c770 GCTaskThread "GC Thread#8" [stack: 0x0000001315400000,0x0000001315500000] [id=26552]
  0x000001177f25be90 ConcurrentGCThread "G1 Main Marker" [stack: 0x0000001312d00000,0x0000001312e00000] [id=11332]
  0x000001177f25c560 ConcurrentGCThread "G1 Conc#0" [stack: 0x0000001312e00000,0x0000001312f00000] [id=23536]
  0x000001175ce3cfe0 ConcurrentGCThread "G1 Conc#1" [stack: 0x0000001315500000,0x0000001315600000] [id=21608]
  0x00000117166c0090 ConcurrentGCThread "G1 Refine#0" [stack: 0x0000001312f00000,0x0000001313000000] [id=8412]
  0x000001175e8fd100 ConcurrentGCThread "G1 Refine#1" [stack: 0x0000001315a00000,0x0000001315b00000] [id=4496]
  0x00000117166c0780 ConcurrentGCThread "G1 Service" [stack: 0x0000001313000000,0x0000001313100000] [id=22876]

Threads with active compile tasks:
C2 CompilerThread0  17827 15756   !   4       jdk.internal.loader.Resource::getBytes (244 bytes)
C2 CompilerThread1  17827 15591       4       com.intellij.psi.stubs.MaterialStubList$1::visitStub (110 bytes)

VM state: not at safepoint (normal execution)

VM Mutex/Monitor currently owned by a thread: None

Heap address: 0x0000000080000000, size: 2048 MB, Compressed Oops mode: 32-bit

CDS archive(s) mapped at: [0x0000011717000000-0x0000011717bb0000-0x0000011717bb0000), size 12255232, SharedBaseAddress: 0x0000011717000000, ArchiveRelocationMode: 1.
Compressed class space mapped at: 0x0000011718000000-0x0000011758000000, reserved size: 1073741824
Narrow klass base: 0x0000011717000000, Narrow klass shift: 0, Narrow klass range: 0x100000000

GC Precious Log:
 CPUs: 10 total, 10 available
 Memory: 15751M
 Large Page Support: Disabled
 NUMA Support: Disabled
 Compressed Oops: Enabled (32-bit)
 Heap Region Size: 1M
 Heap Min Capacity: 8M
 Heap Initial Capacity: 248M
 Heap Max Capacity: 2G
 Pre-touch: Disabled
 Parallel Workers: 9
 Concurrent Workers: 2
 Concurrent Refinement Workers: 9
 Periodic GC: Disabled

Heap:
 garbage-first heap   total 214016K, used 168704K [0x0000000080000000, 0x0000000100000000)
  region size 1024K, 50 young (51200K), 8 survivors (8192K)
 Metaspace       used 142374K, committed 143488K, reserved 1179648K
  class space    used 18981K, committed 19520K, reserved 1048576K

Heap Regions: E=young(eden), S=young(survivor), O=old, HS=humongous(starts), HC=humongous(continues), CS=collection set, F=free, OA=open archive, CA=closed archive, TAMS=top-at-mark-start (previous, next)
|   0|0x0000000080000000, 0x0000000080100000, 0x0000000080100000|100%|HS|  |TAMS 0x0000000080100000, 0x0000000080000000| Complete 
|   1|0x0000000080100000, 0x0000000080200000, 0x0000000080200000|100%|HC|  |TAMS 0x0000000080200000, 0x0000000080100000| Complete 
|   2|0x0000000080200000, 0x0000000080300000, 0x0000000080300000|100%|HC|  |TAMS 0x0000000080300000, 0x0000000080200000| Complete 
|   3|0x0000000080300000, 0x0000000080400000, 0x0000000080400000|100%|HC|  |TAMS 0x0000000080400000, 0x0000000080300000| Complete 
|   4|0x0000000080400000, 0x0000000080500000, 0x0000000080500000|100%| O|  |TAMS 0x0000000080500000, 0x0000000080400000| Untracked 
|   5|0x0000000080500000, 0x0000000080600000, 0x0000000080600000|100%| O|  |TAMS 0x0000000080600000, 0x0000000080500000| Untracked 
|   6|0x0000000080600000, 0x0000000080700000, 0x0000000080700000|100%| O|  |TAMS 0x0000000080700000, 0x0000000080600000| Untracked 
|   7|0x0000000080700000, 0x0000000080800000, 0x0000000080800000|100%| O|  |TAMS 0x0000000080800000, 0x0000000080700000| Untracked 
|   8|0x0000000080800000, 0x0000000080900000, 0x0000000080900000|100%|HS|  |TAMS 0x0000000080900000, 0x0000000080800000| Complete 
|   9|0x0000000080900000, 0x0000000080a00000, 0x0000000080a00000|100%| O|  |TAMS 0x0000000080a00000, 0x0000000080900000| Untracked 
|  10|0x0000000080a00000, 0x0000000080b00000, 0x0000000080b00000|100%| O|  |TAMS 0x0000000080b00000, 0x0000000080a00000| Untracked 
|  11|0x0000000080b00000, 0x0000000080c00000, 0x0000000080c00000|100%| O|  |TAMS 0x0000000080c00000, 0x0000000080b00000| Untracked 
|  12|0x0000000080c00000, 0x0000000080d00000, 0x0000000080d00000|100%| O|  |TAMS 0x0000000080d00000, 0x0000000080c00000| Untracked 
|  13|0x0000000080d00000, 0x0000000080e00000, 0x0000000080e00000|100%| O|  |TAMS 0x0000000080e00000, 0x0000000080d00000| Untracked 
|  14|0x0000000080e00000, 0x0000000080f00000, 0x0000000080f00000|100%| O|  |TAMS 0x0000000080f00000, 0x0000000080e00000| Untracked 
|  15|0x0000000080f00000, 0x0000000081000000, 0x0000000081000000|100%| O|  |TAMS 0x0000000081000000, 0x0000000080f00000| Untracked 
|  16|0x0000000081000000, 0x0000000081100000, 0x0000000081100000|100%| O|  |TAMS 0x0000000081100000, 0x0000000081000000| Untracked 
|  17|0x0000000081100000, 0x0000000081200000, 0x0000000081200000|100%| O|  |TAMS 0x0000000081200000, 0x0000000081100000| Untracked 
|  18|0x0000000081200000, 0x0000000081300000, 0x0000000081300000|100%| O|  |TAMS 0x0000000081300000, 0x0000000081200000| Untracked 
|  19|0x0000000081300000, 0x0000000081400000, 0x0000000081400000|100%| O|  |TAMS 0x0000000081400000, 0x0000000081300000| Untracked 
|  20|0x0000000081400000, 0x0000000081500000, 0x0000000081500000|100%| O|  |TAMS 0x0000000081500000, 0x0000000081400000| Untracked 
|  21|0x0000000081500000, 0x0000000081600000, 0x0000000081600000|100%| O|  |TAMS 0x0000000081600000, 0x0000000081500000| Untracked 
|  22|0x0000000081600000, 0x0000000081700000, 0x0000000081700000|100%| O|  |TAMS 0x0000000081700000, 0x0000000081600000| Untracked 
|  23|0x0000000081700000, 0x0000000081800000, 0x0000000081800000|100%| O|  |TAMS 0x0000000081800000, 0x0000000081700000| Untracked 
|  24|0x0000000081800000, 0x0000000081900000, 0x0000000081900000|100%| O|  |TAMS 0x0000000081900000, 0x0000000081800000| Untracked 
|  25|0x0000000081900000, 0x0000000081a00000, 0x0000000081a00000|100%| O|  |TAMS 0x0000000081900000, 0x0000000081900000| Untracked 
|  26|0x0000000081a00000, 0x0000000081b00000, 0x0000000081b00000|100%| O|  |TAMS 0x0000000081b00000, 0x0000000081a00000| Untracked 
|  27|0x0000000081b00000, 0x0000000081c00000, 0x0000000081c00000|100%| O|  |TAMS 0x0000000081c00000, 0x0000000081b00000| Untracked 
|  28|0x0000000081c00000, 0x0000000081d00000, 0x0000000081d00000|100%| O|  |TAMS 0x0000000081d00000, 0x0000000081c00000| Untracked 
|  29|0x0000000081d00000, 0x0000000081d00000, 0x0000000081e00000|  0%| F|  |TAMS 0x0000000081d00000, 0x0000000081d00000| Untracked 
|  30|0x0000000081e00000, 0x0000000081f00000, 0x0000000081f00000|100%| O|  |TAMS 0x0000000081f00000, 0x0000000081e00000| Untracked 
|  31|0x0000000081f00000, 0x0000000082000000, 0x0000000082000000|100%| O|  |TAMS 0x0000000082000000, 0x0000000081f00000| Untracked 
|  32|0x0000000082000000, 0x0000000082100000, 0x0000000082100000|100%| O|  |TAMS 0x0000000082100000, 0x0000000082000000| Untracked 
|  33|0x0000000082100000, 0x0000000082200000, 0x0000000082200000|100%| O|  |TAMS 0x0000000082200000, 0x0000000082100000| Untracked 
|  34|0x0000000082200000, 0x0000000082300000, 0x0000000082300000|100%| O|  |TAMS 0x0000000082300000, 0x0000000082200000| Untracked 
|  35|0x0000000082300000, 0x0000000082400000, 0x0000000082400000|100%| O|  |TAMS 0x0000000082400000, 0x0000000082300000| Untracked 
|  36|0x0000000082400000, 0x0000000082500000, 0x0000000082500000|100%| O|  |TAMS 0x0000000082500000, 0x0000000082400000| Untracked 
|  37|0x0000000082500000, 0x0000000082600000, 0x0000000082600000|100%| O|  |TAMS 0x0000000082600000, 0x0000000082500000| Untracked 
|  38|0x0000000082600000, 0x0000000082700000, 0x0000000082700000|100%| O|  |TAMS 0x0000000082700000, 0x0000000082600000| Untracked 
|  39|0x0000000082700000, 0x0000000082800000, 0x0000000082800000|100%| O|  |TAMS 0x0000000082800000, 0x0000000082700000| Untracked 
|  40|0x0000000082800000, 0x0000000082900000, 0x0000000082900000|100%|HS|  |TAMS 0x0000000082900000, 0x0000000082800000| Complete 
|  41|0x0000000082900000, 0x0000000082a00000, 0x0000000082a00000|100%|HS|  |TAMS 0x0000000082a00000, 0x0000000082900000| Complete 
|  42|0x0000000082a00000, 0x0000000082b00000, 0x0000000082b00000|100%|HS|  |TAMS 0x0000000082b00000, 0x0000000082a00000| Complete 
|  43|0x0000000082b00000, 0x0000000082c00000, 0x0000000082c00000|100%|HC|  |TAMS 0x0000000082c00000, 0x0000000082b00000| Complete 
|  44|0x0000000082c00000, 0x0000000082d00000, 0x0000000082d00000|100%|HS|  |TAMS 0x0000000082d00000, 0x0000000082c00000| Complete 
|  45|0x0000000082d00000, 0x0000000082e00000, 0x0000000082e00000|100%|HS|  |TAMS 0x0000000082e00000, 0x0000000082d00000| Complete 
|  46|0x0000000082e00000, 0x0000000082f00000, 0x0000000082f00000|100%|HS|  |TAMS 0x0000000082f00000, 0x0000000082e00000| Complete 
|  47|0x0000000082f00000, 0x0000000083000000, 0x0000000083000000|100%|HS|  |TAMS 0x0000000083000000, 0x0000000082f00000| Complete 
|  48|0x0000000083000000, 0x0000000083100000, 0x0000000083100000|100%| O|  |TAMS 0x0000000083100000, 0x0000000083000000| Untracked 
|  49|0x0000000083100000, 0x0000000083200000, 0x0000000083200000|100%| O|  |TAMS 0x0000000083200000, 0x0000000083100000| Untracked 
|  50|0x0000000083200000, 0x0000000083300000, 0x0000000083300000|100%| O|  |TAMS 0x0000000083300000, 0x0000000083200000| Untracked 
|  51|0x0000000083300000, 0x0000000083400000, 0x0000000083400000|100%| O|  |TAMS 0x0000000083400000, 0x0000000083300000| Untracked 
|  52|0x0000000083400000, 0x0000000083500000, 0x0000000083500000|100%| O|  |TAMS 0x0000000083500000, 0x0000000083400000| Untracked 
|  53|0x0000000083500000, 0x0000000083600000, 0x0000000083600000|100%| O|  |TAMS 0x0000000083600000, 0x0000000083500000| Untracked 
|  54|0x0000000083600000, 0x0000000083700000, 0x0000000083700000|100%| O|  |TAMS 0x0000000083700000, 0x0000000083600000| Untracked 
|  55|0x0000000083700000, 0x0000000083800000, 0x0000000083800000|100%| O|  |TAMS 0x0000000083800000, 0x0000000083700000| Untracked 
|  56|0x0000000083800000, 0x0000000083900000, 0x0000000083900000|100%| O|  |TAMS 0x0000000083900000, 0x0000000083800000| Untracked 
|  57|0x0000000083900000, 0x0000000083a00000, 0x0000000083a00000|100%| O|  |TAMS 0x0000000083a00000, 0x0000000083900000| Untracked 
|  58|0x0000000083a00000, 0x0000000083b00000, 0x0000000083b00000|100%|HS|  |TAMS 0x0000000083b00000, 0x0000000083a00000| Complete 
|  59|0x0000000083b00000, 0x0000000083c00000, 0x0000000083c00000|100%|HC|  |TAMS 0x0000000083c00000, 0x0000000083b00000| Complete 
|  60|0x0000000083c00000, 0x0000000083d00000, 0x0000000083d00000|100%| O|  |TAMS 0x0000000083d00000, 0x0000000083c00000| Untracked 
|  61|0x0000000083d00000, 0x0000000083e00000, 0x0000000083e00000|100%| O|  |TAMS 0x0000000083e00000, 0x0000000083d00000| Untracked 
|  62|0x0000000083e00000, 0x0000000083f00000, 0x0000000083f00000|100%| O|  |TAMS 0x0000000083f00000, 0x0000000083e00000| Untracked 
|  63|0x0000000083f00000, 0x0000000084000000, 0x0000000084000000|100%| O|  |TAMS 0x0000000084000000, 0x0000000083f00000| Untracked 
|  64|0x0000000084000000, 0x0000000084100000, 0x0000000084100000|100%| O|  |TAMS 0x0000000084100000, 0x0000000084000000| Untracked 
|  65|0x0000000084100000, 0x0000000084200000, 0x0000000084200000|100%| O|  |TAMS 0x0000000084200000, 0x0000000084100000| Untracked 
|  66|0x0000000084200000, 0x0000000084300000, 0x0000000084300000|100%|HS|  |TAMS 0x0000000084300000, 0x0000000084200000| Complete 
|  67|0x0000000084300000, 0x0000000084400000, 0x0000000084400000|100%| O|  |TAMS 0x0000000084400000, 0x0000000084300000| Untracked 
|  68|0x0000000084400000, 0x0000000084500000, 0x0000000084500000|100%| O|  |TAMS 0x0000000084500000, 0x0000000084400000| Untracked 
|  69|0x0000000084500000, 0x0000000084600000, 0x0000000084600000|100%| O|  |TAMS 0x0000000084600000, 0x0000000084500000| Untracked 
|  70|0x0000000084600000, 0x0000000084700000, 0x0000000084700000|100%| O|  |TAMS 0x0000000084700000, 0x0000000084600000| Untracked 
|  71|0x0000000084700000, 0x0000000084800000, 0x0000000084800000|100%| O|  |TAMS 0x0000000084800000, 0x0000000084700000| Untracked 
|  72|0x0000000084800000, 0x0000000084900000, 0x0000000084900000|100%| O|  |TAMS 0x0000000084900000, 0x0000000084800000| Untracked 
|  73|0x0000000084900000, 0x0000000084a00000, 0x0000000084a00000|100%| O|  |TAMS 0x0000000084a00000, 0x0000000084900000| Untracked 
|  74|0x0000000084a00000, 0x0000000084b00000, 0x0000000084b00000|100%| O|  |TAMS 0x0000000084b00000, 0x0000000084a00000| Untracked 
|  75|0x0000000084b00000, 0x0000000084c00000, 0x0000000084c00000|100%| O|  |TAMS 0x0000000084c00000, 0x0000000084b00000| Untracked 
|  76|0x0000000084c00000, 0x0000000084d00000, 0x0000000084d00000|100%| O|  |TAMS 0x0000000084d00000, 0x0000000084c00000| Untracked 
|  77|0x0000000084d00000, 0x0000000084e00000, 0x0000000084e00000|100%| O|  |TAMS 0x0000000084e00000, 0x0000000084d00000| Untracked 
|  78|0x0000000084e00000, 0x0000000084f00000, 0x0000000084f00000|100%| O|  |TAMS 0x0000000084f00000, 0x0000000084e00000| Untracked 
|  79|0x0000000084f00000, 0x0000000085000000, 0x0000000085000000|100%| O|  |TAMS 0x0000000085000000, 0x0000000084f00000| Untracked 
|  80|0x0000000085000000, 0x0000000085100000, 0x0000000085100000|100%| O|  |TAMS 0x0000000085100000, 0x0000000085000000| Untracked 
|  81|0x0000000085100000, 0x0000000085200000, 0x0000000085200000|100%| O|  |TAMS 0x0000000085200000, 0x0000000085100000| Untracked 
|  82|0x0000000085200000, 0x0000000085300000, 0x0000000085300000|100%| O|  |TAMS 0x0000000085300000, 0x0000000085200000| Untracked 
|  83|0x0000000085300000, 0x0000000085400000, 0x0000000085400000|100%| O|  |TAMS 0x0000000085400000, 0x0000000085300000| Untracked 
|  84|0x0000000085400000, 0x0000000085500000, 0x0000000085500000|100%| O|  |TAMS 0x0000000085500000, 0x0000000085400000| Untracked 
|  85|0x0000000085500000, 0x0000000085600000, 0x0000000085600000|100%| O|  |TAMS 0x0000000085600000, 0x0000000085500000| Untracked 
|  86|0x0000000085600000, 0x0000000085700000, 0x0000000085700000|100%| O|  |TAMS 0x0000000085700000, 0x0000000085600000| Untracked 
|  87|0x0000000085700000, 0x0000000085800000, 0x0000000085800000|100%| O|  |TAMS 0x0000000085800000, 0x0000000085700000| Untracked 
|  88|0x0000000085800000, 0x0000000085900000, 0x0000000085900000|100%| O|  |TAMS 0x0000000085900000, 0x0000000085800000| Untracked 
|  89|0x0000000085900000, 0x0000000085a00000, 0x0000000085a00000|100%| O|  |TAMS 0x0000000085a00000, 0x0000000085900000| Untracked 
|  90|0x0000000085a00000, 0x0000000085b00000, 0x0000000085b00000|100%| O|  |TAMS 0x0000000085b00000, 0x0000000085a00000| Untracked 
|  91|0x0000000085b00000, 0x0000000085c00000, 0x0000000085c00000|100%| O|  |TAMS 0x0000000085c00000, 0x0000000085b00000| Untracked 
|  92|0x0000000085c00000, 0x0000000085d00000, 0x0000000085d00000|100%| O|  |TAMS 0x0000000085d00000, 0x0000000085c00000| Untracked 
|  93|0x0000000085d00000, 0x0000000085e00000, 0x0000000085e00000|100%| O|  |TAMS 0x0000000085e00000, 0x0000000085d00000| Untracked 
|  94|0x0000000085e00000, 0x0000000085f00000, 0x0000000085f00000|100%| O|  |TAMS 0x0000000085f00000, 0x0000000085e00000| Untracked 
|  95|0x0000000085f00000, 0x0000000086000000, 0x0000000086000000|100%| O|  |TAMS 0x0000000086000000, 0x0000000085f00000| Untracked 
|  96|0x0000000086000000, 0x0000000086100000, 0x0000000086100000|100%| O|  |TAMS 0x0000000086100000, 0x0000000086000000| Untracked 
|  97|0x0000000086100000, 0x0000000086200000, 0x0000000086200000|100%| O|  |TAMS 0x0000000086200000, 0x0000000086100000| Untracked 
|  98|0x0000000086200000, 0x0000000086300000, 0x0000000086300000|100%| O|  |TAMS 0x0000000086300000, 0x0000000086200000| Untracked 
|  99|0x0000000086300000, 0x0000000086400000, 0x0000000086400000|100%| O|  |TAMS 0x0000000086400000, 0x0000000086300000| Untracked 
| 100|0x0000000086400000, 0x0000000086500000, 0x0000000086500000|100%| O|  |TAMS 0x0000000086500000, 0x0000000086400000| Untracked 
| 101|0x0000000086500000, 0x0000000086600000, 0x0000000086600000|100%| O|  |TAMS 0x0000000086600000, 0x0000000086500000| Untracked 
| 102|0x0000000086600000, 0x0000000086700000, 0x0000000086700000|100%| O|  |TAMS 0x0000000086700000, 0x0000000086600000| Untracked 
| 103|0x0000000086700000, 0x0000000086800000, 0x0000000086800000|100%| O|  |TAMS 0x0000000086800000, 0x0000000086700000| Untracked 
| 104|0x0000000086800000, 0x0000000086900000, 0x0000000086900000|100%| O|  |TAMS 0x000000008680c400, 0x0000000086800000| Untracked 
| 105|0x0000000086900000, 0x0000000086a00000, 0x0000000086a00000|100%|HS|  |TAMS 0x0000000086a00000, 0x0000000086900000| Complete 
| 106|0x0000000086a00000, 0x0000000086b00000, 0x0000000086b00000|100%|HC|  |TAMS 0x0000000086b00000, 0x0000000086a00000| Complete 
| 107|0x0000000086b00000, 0x0000000086c00000, 0x0000000086c00000|100%|HS|  |TAMS 0x0000000086c00000, 0x0000000086b00000| Complete 
| 108|0x0000000086c00000, 0x0000000086d00000, 0x0000000086d00000|100%|HC|  |TAMS 0x0000000086d00000, 0x0000000086c00000| Complete 
| 109|0x0000000086d00000, 0x0000000086e00000, 0x0000000086e00000|100%|HC|  |TAMS 0x0000000086e00000, 0x0000000086d00000| Complete 
| 110|0x0000000086e00000, 0x0000000086f00000, 0x0000000086f00000|100%| O|  |TAMS 0x0000000086e00000, 0x0000000086e00000| Untracked 
| 111|0x0000000086f00000, 0x0000000087000000, 0x0000000087000000|100%| O|  |TAMS 0x0000000086f00000, 0x0000000086f00000| Untracked 
| 112|0x0000000087000000, 0x0000000087100000, 0x0000000087100000|100%| O|  |TAMS 0x0000000087000000, 0x0000000087000000| Untracked 
| 113|0x0000000087100000, 0x0000000087200000, 0x0000000087200000|100%| O|  |TAMS 0x0000000087100000, 0x0000000087100000| Untracked 
| 114|0x0000000087200000, 0x0000000087300000, 0x0000000087300000|100%| O|  |TAMS 0x0000000087200000, 0x0000000087200000| Untracked 
| 115|0x0000000087300000, 0x00000000873b5200, 0x0000000087400000| 70%| O|  |TAMS 0x0000000087300000, 0x0000000087300000| Untracked 
| 116|0x0000000087400000, 0x0000000087500000, 0x0000000087500000|100%|HS|  |TAMS 0x0000000087400000, 0x0000000087400000| Complete 
| 117|0x0000000087500000, 0x0000000087600000, 0x0000000087600000|100%|HC|  |TAMS 0x0000000087500000, 0x0000000087500000| Complete 
| 118|0x0000000087600000, 0x0000000087600000, 0x0000000087700000|  0%| F|  |TAMS 0x0000000087600000, 0x0000000087600000| Untracked 
| 119|0x0000000087700000, 0x0000000087700000, 0x0000000087800000|  0%| F|  |TAMS 0x0000000087700000, 0x0000000087700000| Untracked 
| 120|0x0000000087800000, 0x0000000087800000, 0x0000000087900000|  0%| F|  |TAMS 0x0000000087800000, 0x0000000087800000| Untracked 
| 121|0x0000000087900000, 0x0000000087900000, 0x0000000087a00000|  0%| F|  |TAMS 0x0000000087900000, 0x0000000087900000| Untracked 
| 122|0x0000000087a00000, 0x0000000087a00000, 0x0000000087b00000|  0%| F|  |TAMS 0x0000000087a00000, 0x0000000087a00000| Untracked 
| 123|0x0000000087b00000, 0x0000000087b00000, 0x0000000087c00000|  0%| F|  |TAMS 0x0000000087b00000, 0x0000000087b00000| Untracked 
| 124|0x0000000087c00000, 0x0000000087c00000, 0x0000000087d00000|  0%| F|  |TAMS 0x0000000087c00000, 0x0000000087c00000| Untracked 
| 125|0x0000000087d00000, 0x0000000087d00000, 0x0000000087e00000|  0%| F|  |TAMS 0x0000000087d00000, 0x0000000087d00000| Untracked 
| 126|0x0000000087e00000, 0x0000000087e00000, 0x0000000087f00000|  0%| F|  |TAMS 0x0000000087e00000, 0x0000000087e00000| Untracked 
| 127|0x0000000087f00000, 0x0000000087f00000, 0x0000000088000000|  0%| F|  |TAMS 0x0000000087f00000, 0x0000000087f00000| Untracked 
| 128|0x0000000088000000, 0x0000000088000000, 0x0000000088100000|  0%| F|  |TAMS 0x0000000088000000, 0x0000000088000000| Untracked 
| 129|0x0000000088100000, 0x0000000088100000, 0x0000000088200000|  0%| F|  |TAMS 0x0000000088100000, 0x0000000088100000| Untracked 
| 130|0x0000000088200000, 0x0000000088200000, 0x0000000088300000|  0%| F|  |TAMS 0x0000000088200000, 0x0000000088200000| Untracked 
| 131|0x0000000088300000, 0x0000000088300000, 0x0000000088400000|  0%| F|  |TAMS 0x0000000088300000, 0x0000000088300000| Untracked 
| 132|0x0000000088400000, 0x0000000088400000, 0x0000000088500000|  0%| F|  |TAMS 0x0000000088400000, 0x0000000088400000| Untracked 
| 133|0x0000000088500000, 0x0000000088500000, 0x0000000088600000|  0%| F|  |TAMS 0x0000000088500000, 0x0000000088500000| Untracked 
| 134|0x0000000088600000, 0x0000000088600000, 0x0000000088700000|  0%| F|  |TAMS 0x0000000088600000, 0x0000000088600000| Untracked 
| 135|0x0000000088700000, 0x0000000088700000, 0x0000000088800000|  0%| F|  |TAMS 0x0000000088700000, 0x0000000088700000| Untracked 
| 136|0x0000000088800000, 0x0000000088800000, 0x0000000088900000|  0%| F|  |TAMS 0x0000000088800000, 0x0000000088800000| Untracked 
| 137|0x0000000088900000, 0x0000000088900000, 0x0000000088a00000|  0%| F|  |TAMS 0x0000000088900000, 0x0000000088900000| Untracked 
| 138|0x0000000088a00000, 0x0000000088a0b010, 0x0000000088b00000|  4%| S|CS|TAMS 0x0000000088a00000, 0x0000000088a00000| Complete 
| 139|0x0000000088b00000, 0x0000000088c00000, 0x0000000088c00000|100%| S|CS|TAMS 0x0000000088b00000, 0x0000000088b00000| Complete 
| 140|0x0000000088c00000, 0x0000000088d00000, 0x0000000088d00000|100%| S|CS|TAMS 0x0000000088c00000, 0x0000000088c00000| Complete 
| 141|0x0000000088d00000, 0x0000000088e00000, 0x0000000088e00000|100%| S|CS|TAMS 0x0000000088d00000, 0x0000000088d00000| Complete 
| 142|0x0000000088e00000, 0x0000000088f00000, 0x0000000088f00000|100%| S|CS|TAMS 0x0000000088e00000, 0x0000000088e00000| Complete 
| 143|0x0000000088f00000, 0x0000000089000000, 0x0000000089000000|100%| S|CS|TAMS 0x0000000088f00000, 0x0000000088f00000| Complete 
| 144|0x0000000089000000, 0x0000000089100000, 0x0000000089100000|100%| S|CS|TAMS 0x0000000089000000, 0x0000000089000000| Complete 
| 145|0x0000000089100000, 0x0000000089200000, 0x0000000089200000|100%| S|CS|TAMS 0x0000000089100000, 0x0000000089100000| Complete 
| 146|0x0000000089200000, 0x0000000089200000, 0x0000000089300000|  0%| F|  |TAMS 0x0000000089200000, 0x0000000089200000| Untracked 
| 147|0x0000000089300000, 0x0000000089300000, 0x0000000089400000|  0%| F|  |TAMS 0x0000000089300000, 0x0000000089300000| Untracked 
| 148|0x0000000089400000, 0x0000000089400000, 0x0000000089500000|  0%| F|  |TAMS 0x0000000089400000, 0x0000000089400000| Untracked 
| 149|0x0000000089500000, 0x0000000089500000, 0x0000000089600000|  0%| F|  |TAMS 0x0000000089500000, 0x0000000089500000| Untracked 
| 150|0x0000000089600000, 0x0000000089600000, 0x0000000089700000|  0%| F|  |TAMS 0x0000000089600000, 0x0000000089600000| Untracked 
| 151|0x0000000089700000, 0x0000000089700000, 0x0000000089800000|  0%| F|  |TAMS 0x0000000089700000, 0x0000000089700000| Untracked 
| 152|0x0000000089800000, 0x0000000089800000, 0x0000000089900000|  0%| F|  |TAMS 0x0000000089800000, 0x0000000089800000| Untracked 
| 153|0x0000000089900000, 0x0000000089900000, 0x0000000089a00000|  0%| F|  |TAMS 0x0000000089900000, 0x0000000089900000| Untracked 
| 154|0x0000000089a00000, 0x0000000089a00000, 0x0000000089b00000|  0%| F|  |TAMS 0x0000000089a00000, 0x0000000089a00000| Untracked 
| 155|0x0000000089b00000, 0x0000000089b00000, 0x0000000089c00000|  0%| F|  |TAMS 0x0000000089b00000, 0x0000000089b00000| Untracked 
| 156|0x0000000089c00000, 0x0000000089c00000, 0x0000000089d00000|  0%| F|  |TAMS 0x0000000089c00000, 0x0000000089c00000| Untracked 
| 157|0x0000000089d00000, 0x0000000089d00000, 0x0000000089e00000|  0%| F|  |TAMS 0x0000000089d00000, 0x0000000089d00000| Untracked 
| 158|0x0000000089e00000, 0x0000000089e00000, 0x0000000089f00000|  0%| F|  |TAMS 0x0000000089e00000, 0x0000000089e00000| Untracked 
| 159|0x0000000089f00000, 0x0000000089f00000, 0x000000008a000000|  0%| F|  |TAMS 0x0000000089f00000, 0x0000000089f00000| Untracked 
| 160|0x000000008a000000, 0x000000008a000000, 0x000000008a100000|  0%| F|  |TAMS 0x000000008a000000, 0x000000008a000000| Untracked 
| 161|0x000000008a100000, 0x000000008a100000, 0x000000008a200000|  0%| F|  |TAMS 0x000000008a100000, 0x000000008a100000| Untracked 
| 162|0x000000008a200000, 0x000000008a200000, 0x000000008a300000|  0%| F|  |TAMS 0x000000008a200000, 0x000000008a200000| Untracked 
| 163|0x000000008a300000, 0x000000008a300000, 0x000000008a400000|  0%| F|  |TAMS 0x000000008a300000, 0x000000008a300000| Untracked 
| 164|0x000000008a400000, 0x000000008a400000, 0x000000008a500000|  0%| F|  |TAMS 0x000000008a400000, 0x000000008a400000| Untracked 
| 165|0x000000008a500000, 0x000000008a500000, 0x000000008a600000|  0%| F|  |TAMS 0x000000008a500000, 0x000000008a500000| Untracked 
| 166|0x000000008a600000, 0x000000008a600000, 0x000000008a700000|  0%| F|  |TAMS 0x000000008a600000, 0x000000008a600000| Untracked 
| 167|0x000000008a700000, 0x000000008a78e890, 0x000000008a800000| 55%| E|  |TAMS 0x000000008a700000, 0x000000008a700000| Complete 
| 168|0x000000008a800000, 0x000000008a900000, 0x000000008a900000|100%| E|CS|TAMS 0x000000008a800000, 0x000000008a800000| Complete 
| 169|0x000000008a900000, 0x000000008aa00000, 0x000000008aa00000|100%| E|CS|TAMS 0x000000008a900000, 0x000000008a900000| Complete 
| 170|0x000000008aa00000, 0x000000008ab00000, 0x000000008ab00000|100%| E|CS|TAMS 0x000000008aa00000, 0x000000008aa00000| Complete 
| 171|0x000000008ab00000, 0x000000008ac00000, 0x000000008ac00000|100%| E|CS|TAMS 0x000000008ab00000, 0x000000008ab00000| Complete 
| 172|0x000000008ac00000, 0x000000008ad00000, 0x000000008ad00000|100%| E|CS|TAMS 0x000000008ac00000, 0x000000008ac00000| Complete 
| 173|0x000000008ad00000, 0x000000008ae00000, 0x000000008ae00000|100%| E|CS|TAMS 0x000000008ad00000, 0x000000008ad00000| Complete 
| 174|0x000000008ae00000, 0x000000008af00000, 0x000000008af00000|100%| E|CS|TAMS 0x000000008ae00000, 0x000000008ae00000| Complete 
| 175|0x000000008af00000, 0x000000008b000000, 0x000000008b000000|100%| E|CS|TAMS 0x000000008af00000, 0x000000008af00000| Complete 
| 176|0x000000008b000000, 0x000000008b100000, 0x000000008b100000|100%| E|CS|TAMS 0x000000008b000000, 0x000000008b000000| Complete 
| 177|0x000000008b100000, 0x000000008b200000, 0x000000008b200000|100%| E|CS|TAMS 0x000000008b100000, 0x000000008b100000| Complete 
| 178|0x000000008b200000, 0x000000008b300000, 0x000000008b300000|100%| E|CS|TAMS 0x000000008b200000, 0x000000008b200000| Complete 
| 179|0x000000008b300000, 0x000000008b400000, 0x000000008b400000|100%| E|CS|TAMS 0x000000008b300000, 0x000000008b300000| Complete 
| 180|0x000000008b400000, 0x000000008b500000, 0x000000008b500000|100%| E|CS|TAMS 0x000000008b400000, 0x000000008b400000| Complete 
| 181|0x000000008b500000, 0x000000008b600000, 0x000000008b600000|100%| E|CS|TAMS 0x000000008b500000, 0x000000008b500000| Complete 
| 182|0x000000008b600000, 0x000000008b700000, 0x000000008b700000|100%| E|CS|TAMS 0x000000008b600000, 0x000000008b600000| Complete 
| 183|0x000000008b700000, 0x000000008b800000, 0x000000008b800000|100%| E|CS|TAMS 0x000000008b700000, 0x000000008b700000| Complete 
| 184|0x000000008b800000, 0x000000008b900000, 0x000000008b900000|100%| E|CS|TAMS 0x000000008b800000, 0x000000008b800000| Complete 
| 185|0x000000008b900000, 0x000000008ba00000, 0x000000008ba00000|100%| E|CS|TAMS 0x000000008b900000, 0x000000008b900000| Complete 
| 186|0x000000008ba00000, 0x000000008bb00000, 0x000000008bb00000|100%| E|CS|TAMS 0x000000008ba00000, 0x000000008ba00000| Complete 
| 187|0x000000008bb00000, 0x000000008bc00000, 0x000000008bc00000|100%| E|CS|TAMS 0x000000008bb00000, 0x000000008bb00000| Complete 
| 188|0x000000008bc00000, 0x000000008bd00000, 0x000000008bd00000|100%| E|CS|TAMS 0x000000008bc00000, 0x000000008bc00000| Complete 
| 189|0x000000008bd00000, 0x000000008be00000, 0x000000008be00000|100%| E|CS|TAMS 0x000000008bd00000, 0x000000008bd00000| Complete 
| 190|0x000000008be00000, 0x000000008bf00000, 0x000000008bf00000|100%| E|CS|TAMS 0x000000008be00000, 0x000000008be00000| Complete 
| 191|0x000000008bf00000, 0x000000008c000000, 0x000000008c000000|100%| E|CS|TAMS 0x000000008bf00000, 0x000000008bf00000| Complete 
| 192|0x000000008c000000, 0x000000008c100000, 0x000000008c100000|100%| E|CS|TAMS 0x000000008c000000, 0x000000008c000000| Complete 
| 193|0x000000008c100000, 0x000000008c200000, 0x000000008c200000|100%| E|CS|TAMS 0x000000008c100000, 0x000000008c100000| Complete 
| 194|0x000000008c200000, 0x000000008c300000, 0x000000008c300000|100%| E|CS|TAMS 0x000000008c200000, 0x000000008c200000| Complete 
| 195|0x000000008c300000, 0x000000008c400000, 0x000000008c400000|100%| E|CS|TAMS 0x000000008c300000, 0x000000008c300000| Complete 
| 196|0x000000008c400000, 0x000000008c500000, 0x000000008c500000|100%| E|CS|TAMS 0x000000008c400000, 0x000000008c400000| Complete 
| 197|0x000000008c500000, 0x000000008c600000, 0x000000008c600000|100%| E|CS|TAMS 0x000000008c500000, 0x000000008c500000| Complete 
| 198|0x000000008c600000, 0x000000008c700000, 0x000000008c700000|100%| E|CS|TAMS 0x000000008c600000, 0x000000008c600000| Complete 
| 199|0x000000008c700000, 0x000000008c800000, 0x000000008c800000|100%| E|CS|TAMS 0x000000008c700000, 0x000000008c700000| Complete 
| 200|0x000000008c800000, 0x000000008c900000, 0x000000008c900000|100%| E|CS|TAMS 0x000000008c800000, 0x000000008c800000| Complete 
| 201|0x000000008c900000, 0x000000008ca00000, 0x000000008ca00000|100%| E|CS|TAMS 0x000000008c900000, 0x000000008c900000| Complete 
| 202|0x000000008ca00000, 0x000000008cb00000, 0x000000008cb00000|100%| E|CS|TAMS 0x000000008ca00000, 0x000000008ca00000| Complete 
| 203|0x000000008cb00000, 0x000000008cc00000, 0x000000008cc00000|100%| E|CS|TAMS 0x000000008cb00000, 0x000000008cb00000| Complete 
| 204|0x000000008cc00000, 0x000000008cd00000, 0x000000008cd00000|100%| E|CS|TAMS 0x000000008cc00000, 0x000000008cc00000| Complete 
| 205|0x000000008cd00000, 0x000000008ce00000, 0x000000008ce00000|100%| E|CS|TAMS 0x000000008cd00000, 0x000000008cd00000| Complete 
| 206|0x000000008ce00000, 0x000000008cf00000, 0x000000008cf00000|100%| E|CS|TAMS 0x000000008ce00000, 0x000000008ce00000| Complete 
| 207|0x000000008cf00000, 0x000000008d000000, 0x000000008d000000|100%| E|CS|TAMS 0x000000008cf00000, 0x000000008cf00000| Complete 
| 247|0x000000008f700000, 0x000000008f800000, 0x000000008f800000|100%| E|CS|TAMS 0x000000008f700000, 0x000000008f700000| Complete 

Card table byte_map: [0x000001170f510000,0x000001170f910000] _byte_map_base: 0x000001170f110000

Marking Bits (Prev, Next): (CMBitMap*) 0x000001177f24a870, (CMBitMap*) 0x000001177f24a830
 Prev Bits: [0x0000011711d10000, 0x0000011713d10000)
 Next Bits: [0x000001170fd10000, 0x0000011711d10000)

Polling page: 0x00000117759f0000

Metaspace:

Usage:
  Non-class:    120.51 MB used.
      Class:     18.54 MB used.
       Both:    139.04 MB used.

Virtual space:
  Non-class space:      128.00 MB reserved,     121.06 MB ( 95%) committed,  2 nodes.
      Class space:        1.00 GB reserved,      19.06 MB (  2%) committed,  1 nodes.
             Both:        1.12 GB reserved,     140.12 MB ( 12%) committed. 

Chunk freelists:
   Non-Class:  6.94 MB
       Class:  13.00 MB
        Both:  19.93 MB

MaxMetaspaceSize: unlimited
CompressedClassSpaceSize: 1.00 GB
Initial GC threshold: 21.00 MB
Current GC threshold: 184.19 MB
CDS: on
MetaspaceReclaimPolicy: balanced
 - commit_granule_bytes: 65536.
 - commit_granule_words: 8192.
 - virtual_space_node_default_size: 8388608.
 - enlarge_chunks_in_place: 1.
 - new_chunks_are_fully_committed: 0.
 - uncommit_free_chunks: 1.
 - use_allocation_guard: 0.
 - handle_deallocations: 1.


Internal statistics:

num_allocs_failed_limit: 6.
num_arena_births: 1612.
num_arena_deaths: 0.
num_vsnodes_births: 3.
num_vsnodes_deaths: 0.
num_space_committed: 2240.
num_space_uncommitted: 0.
num_chunks_returned_to_freelist: 6.
num_chunks_taken_from_freelist: 7555.
num_chunk_merges: 6.
num_chunk_splits: 5217.
num_chunks_enlarged: 3731.
num_inconsistent_stats: 0.

CodeHeap 'non-profiled nmethods': size=120000Kb used=8583Kb max_used=8710Kb free=111416Kb
 bounds [0x0000011707ad0000, 0x0000011708360000, 0x000001170f000000]
CodeHeap 'profiled nmethods': size=120000Kb used=23996Kb max_used=23996Kb free=96003Kb
 bounds [0x0000011700000000, 0x0000011701780000, 0x0000011707530000]
CodeHeap 'non-nmethods': size=5760Kb used=1863Kb max_used=1889Kb free=3896Kb
 bounds [0x0000011707530000, 0x00000117077a0000, 0x0000011707ad0000]
 total_blobs=13983 nmethods=13001 adapters=893
 compilation: enabled
              stopped_count=0, restarted_count=0
 full_count=0

Compilation events (20 events):
Event: 16.770 Thread 0x000001171682c6b0 nmethod 15477 0x00000117081ee590 code [0x00000117081ee700, 0x00000117081ee778]
Event: 16.770 Thread 0x000001171682c6b0 15612       4       kotlin.enums.EnumEntriesList::getSize (6 bytes)
Event: 16.770 Thread 0x000001171682c6b0 nmethod 15612 0x00000117081ee190 code [0x00000117081ee320, 0x00000117081ee3b8]
Event: 16.772 Thread 0x00000117631422f0 nmethod 15687 0x0000011707ea9a90 code [0x0000011707ea9c40, 0x0000011707eaa178]
Event: 16.784 Thread 0x0000011716835fd0 15696       3       com.intellij.psi.stubs.StubBase::findChildStubByElementType (21 bytes)
Event: 16.784 Thread 0x0000011716835fd0 nmethod 15696 0x000001170174ea90 code [0x000001170174ec40, 0x000001170174ee98]
Event: 16.784 Thread 0x0000011716835fd0 15697       3       com.intellij.psi.stubs.StubList::findChildStubByType (116 bytes)
Event: 16.785 Thread 0x0000011716835fd0 nmethod 15697 0x000001170174ef90 code [0x000001170174f2a0, 0x00000117017504c8]
Event: 16.787 Thread 0x0000011716835fd0 15698       3       com.intellij.mock.MockApplication::assertReadAccessAllowed (1 bytes)
Event: 16.787 Thread 0x0000011716835fd0 nmethod 15698 0x0000011701750b10 code [0x0000011701750ca0, 0x0000011701750db8]
Event: 16.787 Thread 0x0000011716835fd0 15700       3       com.intellij.psi.impl.PsiElementBase::getProject (32 bytes)
Event: 16.788 Thread 0x0000011716835fd0 nmethod 15700 0x0000011701750e90 code [0x0000011701751080, 0x0000011701751498]
Event: 16.788 Thread 0x0000011716835fd0 15699       3       com.intellij.psi.impl.file.PsiBinaryFileImpl::isCopy (13 bytes)
Event: 16.788 Thread 0x0000011716835fd0 nmethod 15699 0x0000011701751610 code [0x00000117017517a0, 0x00000117017518f8]
Event: 16.788 Thread 0x0000011716835fd0 15701       3       com.intellij.psi.infos.CandidateInfo::getElement (14 bytes)
Event: 16.788 Thread 0x0000011716835fd0 nmethod 15701 0x0000011701751990 code [0x0000011701751b40, 0x0000011701751cc8]
Event: 17.020 Thread 0x0000011716835fd0 15702       3       java.util.Collections$EmptyList::spliterator (4 bytes)
Event: 17.020 Thread 0x0000011716835fd0 nmethod 15702 0x0000011700037f10 code [0x00000117000380c0, 0x0000011700038238]
Event: 17.020 Thread 0x0000011716835fd0 15703       3       sun.management.MemoryPoolImpl::getType (15 bytes)
Event: 17.020 Thread 0x0000011716835fd0 nmethod 15703 0x0000011701751d90 code [0x0000011701751f40, 0x00000117017520b8]

GC Heap History (20 events):
Event: 10.665 GC heap before
{Heap before GC invocations=47 (full 0):
 garbage-first heap   total 171008K, used 142685K [0x0000000080000000, 0x0000000100000000)
  region size 1024K, 53 young (54272K), 5 survivors (5120K)
 Metaspace       used 96475K, committed 97408K, reserved 1179648K
  class space    used 13503K, committed 13952K, reserved 1048576K
}
Event: 10.668 GC heap after
{Heap after GC invocations=48 (full 0):
 garbage-first heap   total 171008K, used 96445K [0x0000000080000000, 0x0000000100000000)
  region size 1024K, 5 young (5120K), 5 survivors (5120K)
 Metaspace       used 96475K, committed 97408K, reserved 1179648K
  class space    used 13503K, committed 13952K, reserved 1048576K
}
Event: 11.188 GC heap before
{Heap before GC invocations=49 (full 0):
 garbage-first heap   total 178176K, used 144573K [0x0000000080000000, 0x0000000100000000)
  region size 1024K, 53 young (54272K), 5 survivors (5120K)
 Metaspace       used 98515K, committed 99456K, reserved 1179648K
  class space    used 13721K, committed 14208K, reserved 1048576K
}
Event: 11.191 GC heap after
{Heap after GC invocations=50 (full 0):
 garbage-first heap   total 178176K, used 100361K [0x0000000080000000, 0x0000000100000000)
  region size 1024K, 6 young (6144K), 6 survivors (6144K)
 Metaspace       used 98515K, committed 99456K, reserved 1179648K
  class space    used 13721K, committed 14208K, reserved 1048576K
}
Event: 11.200 GC heap before
{Heap before GC invocations=50 (full 0):
 garbage-first heap   total 178176K, used 101385K [0x0000000080000000, 0x0000000100000000)
  region size 1024K, 8 young (8192K), 6 survivors (6144K)
 Metaspace       used 98515K, committed 99456K, reserved 1179648K
  class space    used 13721K, committed 14208K, reserved 1048576K
}
Event: 11.202 GC heap after
{Heap after GC invocations=51 (full 0):
 garbage-first heap   total 178176K, used 100693K [0x0000000080000000, 0x0000000100000000)
  region size 1024K, 1 young (1024K), 1 survivors (1024K)
 Metaspace       used 98515K, committed 99456K, reserved 1179648K
  class space    used 13721K, committed 14208K, reserved 1048576K
}
Event: 11.489 GC heap before
{Heap before GC invocations=51 (full 0):
 garbage-first heap   total 178176K, used 148821K [0x0000000080000000, 0x0000000100000000)
  region size 1024K, 49 young (50176K), 1 survivors (1024K)
 Metaspace       used 98805K, committed 99776K, reserved 1179648K
  class space    used 13739K, committed 14208K, reserved 1048576K
}
Event: 11.492 GC heap after
{Heap after GC invocations=52 (full 0):
 garbage-first heap   total 214016K, used 102405K [0x0000000080000000, 0x0000000100000000)
  region size 1024K, 3 young (3072K), 3 survivors (3072K)
 Metaspace       used 98805K, committed 99776K, reserved 1179648K
  class space    used 13739K, committed 14208K, reserved 1048576K
}
Event: 12.159 GC heap before
{Heap before GC invocations=53 (full 0):
 garbage-first heap   total 214016K, used 179205K [0x0000000080000000, 0x0000000100000000)
  region size 1024K, 79 young (80896K), 3 survivors (3072K)
 Metaspace       used 99661K, committed 100608K, reserved 1179648K
  class space    used 13829K, committed 14272K, reserved 1048576K
}
Event: 12.162 GC heap after
{Heap after GC invocations=54 (full 0):
 garbage-first heap   total 214016K, used 106013K [0x0000000080000000, 0x0000000100000000)
  region size 1024K, 7 young (7168K), 7 survivors (7168K)
 Metaspace       used 99661K, committed 100608K, reserved 1179648K
  class space    used 13829K, committed 14272K, reserved 1048576K
}
Event: 12.290 GC heap before
{Heap before GC invocations=54 (full 0):
 garbage-first heap   total 214016K, used 108061K [0x0000000080000000, 0x0000000100000000)
  region size 1024K, 10 young (10240K), 7 survivors (7168K)
 Metaspace       used 99711K, committed 100608K, reserved 1179648K
  class space    used 13831K, committed 14272K, reserved 1048576K
}
Event: 12.293 GC heap after
{Heap after GC invocations=55 (full 0):
 garbage-first heap   total 214016K, used 106205K [0x0000000080000000, 0x0000000100000000)
  region size 1024K, 1 young (1024K), 1 survivors (1024K)
 Metaspace       used 99711K, committed 100608K, reserved 1179648K
  class space    used 13831K, committed 14272K, reserved 1048576K
}
Event: 12.866 GC heap before
{Heap before GC invocations=55 (full 0):
 garbage-first heap   total 214016K, used 187101K [0x0000000080000000, 0x0000000100000000)
  region size 1024K, 73 young (74752K), 1 survivors (1024K)
 Metaspace       used 111564K, committed 112512K, reserved 1179648K
  class space    used 14958K, committed 15424K, reserved 1048576K
}
Event: 12.869 GC heap after
{Heap after GC invocations=56 (full 0):
 garbage-first heap   total 214016K, used 115478K [0x0000000080000000, 0x0000000100000000)
  region size 1024K, 5 young (5120K), 5 survivors (5120K)
 Metaspace       used 111564K, committed 112512K, reserved 1179648K
  class space    used 14958K, committed 15424K, reserved 1048576K
}
Event: 13.415 GC heap before
{Heap before GC invocations=57 (full 0):
 garbage-first heap   total 214016K, used 178966K [0x0000000080000000, 0x0000000100000000)
  region size 1024K, 68 young (69632K), 5 survivors (5120K)
 Metaspace       used 121507K, committed 122560K, reserved 1179648K
  class space    used 16596K, committed 17088K, reserved 1048576K
}
Event: 13.418 GC heap after
{Heap after GC invocations=58 (full 0):
 garbage-first heap   total 214016K, used 117668K [0x0000000080000000, 0x0000000100000000)
  region size 1024K, 2 young (2048K), 2 survivors (2048K)
 Metaspace       used 121507K, committed 122560K, reserved 1179648K
  class space    used 16596K, committed 17088K, reserved 1048576K
}
Event: 14.485 GC heap before
{Heap before GC invocations=58 (full 0):
 garbage-first heap   total 214016K, used 124836K [0x0000000080000000, 0x0000000100000000)
  region size 1024K, 10 young (10240K), 2 survivors (2048K)
 Metaspace       used 123048K, committed 124096K, reserved 1179648K
  class space    used 16756K, committed 17216K, reserved 1048576K
}
Event: 14.487 GC heap after
{Heap after GC invocations=59 (full 0):
 garbage-first heap   total 214016K, used 118169K [0x0000000080000000, 0x0000000100000000)
  region size 1024K, 1 young (1024K), 1 survivors (1024K)
 Metaspace       used 123048K, committed 124096K, reserved 1179648K
  class space    used 16756K, committed 17216K, reserved 1048576K
}
Event: 15.196 GC heap before
{Heap before GC invocations=59 (full 0):
 garbage-first heap   total 214016K, used 182681K [0x0000000080000000, 0x0000000100000000)
  region size 1024K, 63 young (64512K), 1 survivors (1024K)
 Metaspace       used 133129K, committed 134144K, reserved 1179648K
  class space    used 17913K, committed 18368K, reserved 1048576K
}
Event: 15.199 GC heap after
{Heap after GC invocations=60 (full 0):
 garbage-first heap   total 214016K, used 124672K [0x0000000080000000, 0x0000000100000000)
  region size 1024K, 8 young (8192K), 8 survivors (8192K)
 Metaspace       used 133129K, committed 134144K, reserved 1179648K
  class space    used 17913K, committed 18368K, reserved 1048576K
}

Dll operation events (15 events):
Event: 0.080 Loaded shared library C:\Users\16696\.jdks\ms-17.0.19\bin\java.dll
Event: 0.094 Loaded shared library C:\Users\16696\.jdks\ms-17.0.19\bin\jsvml.dll
Event: 0.125 Loaded shared library C:\Users\16696\.jdks\ms-17.0.19\bin\zip.dll
Event: 0.131 Loaded shared library C:\Users\16696\.jdks\ms-17.0.19\bin\instrument.dll
Event: 0.134 Loaded shared library C:\Users\16696\.jdks\ms-17.0.19\bin\net.dll
Event: 0.138 Loaded shared library C:\Users\16696\.jdks\ms-17.0.19\bin\nio.dll
Event: 0.141 Loaded shared library C:\Users\16696\.jdks\ms-17.0.19\bin\zip.dll
Event: 0.238 Loaded shared library C:\Users\16696\.jdks\ms-17.0.19\bin\jimage.dll
Event: 0.383 Loaded shared library C:\Users\16696\.jdks\ms-17.0.19\bin\verify.dll
Event: 0.413 Loaded shared library C:\Users\16696\.gradle\native\660c5614fbf4a5f2a75b1949f50a0caf5cd603558e7d8a26e50b933a0cfb79d1\windows-amd64\native-platform.dll
Event: 0.425 Loaded shared library C:\Users\16696\.gradle\native\0.2.8\x86_64-windows-gnu\gradle-fileevents.dll
Event: 0.989 Loaded shared library C:\Users\16696\.jdks\ms-17.0.19\bin\management.dll
Event: 0.992 Loaded shared library C:\Users\16696\.jdks\ms-17.0.19\bin\management_ext.dll
Event: 1.184 Loaded shared library C:\Users\16696\.jdks\ms-17.0.19\bin\extnet.dll
Event: 1.366 Loaded shared library C:\Users\16696\.jdks\ms-17.0.19\bin\sunmscapi.dll

Deoptimization events (20 events):
Event: 15.454 Thread 0x000001175ee4dcc0 Uncommon trap: trap_request=0xffffff45 fr.pc=0x0000011707b2b260 relative=0x00000000000004a0
Event: 15.454 Thread 0x000001175ee4dcc0 Uncommon trap: reason=unstable_if action=reinterpret pc=0x0000011707b2b260 method=java.lang.String.substring(II)Ljava/lang/String; @ 31 c2
Event: 15.454 Thread 0x000001175ee4dcc0 DEOPT PACKING pc=0x0000011707b2b260 sp=0x0000001317bfc210
Event: 15.454 Thread 0x000001175ee4dcc0 DEOPT UNPACKING pc=0x00000117075869a3 sp=0x0000001317bfc1c8 mode 2
Event: 15.454 Thread 0x000001175ee4dcc0 Uncommon trap: trap_request=0xffffffde fr.pc=0x0000011707fe1d64 relative=0x00000000000000c4
Event: 15.454 Thread 0x000001175ee4dcc0 Uncommon trap: reason=class_check action=maybe_recompile pc=0x0000011707fe1d64 method=com.intellij.java.syntax.lexer.JavaLexer.charAt(I)C @ 35 c2
Event: 15.454 Thread 0x000001175ee4dcc0 DEOPT PACKING pc=0x0000011707fe1d64 sp=0x0000001317bfc190
Event: 15.454 Thread 0x000001175ee4dcc0 DEOPT UNPACKING pc=0x00000117075869a3 sp=0x0000001317bfc128 mode 2
Event: 15.678 Thread 0x000001175ee4dcc0 Uncommon trap: trap_request=0xffffff45 fr.pc=0x0000011708054cc8 relative=0x0000000000000388
Event: 15.678 Thread 0x000001175ee4dcc0 Uncommon trap: reason=unstable_if action=reinterpret pc=0x0000011708054cc8 method=org.jetbrains.org.objectweb.asm.ClassReader.readUtf(II[C)Ljava/lang/String; @ 26 c2
Event: 15.679 Thread 0x000001175ee4dcc0 DEOPT PACKING pc=0x0000011708054cc8 sp=0x0000001317bfa5f0
Event: 15.679 Thread 0x000001175ee4dcc0 DEOPT UNPACKING pc=0x00000117075869a3 sp=0x0000001317bfa4a8 mode 2
Event: 15.681 Thread 0x000001175ee4dcc0 Uncommon trap: trap_request=0xffffff45 fr.pc=0x0000011707edcde4 relative=0x0000000000000324
Event: 15.681 Thread 0x000001175ee4dcc0 Uncommon trap: reason=unstable_if action=reinterpret pc=0x0000011707edcde4 method=org.jetbrains.org.objectweb.asm.ClassReader.readUtf(II[C)Ljava/lang/String; @ 26 c2
Event: 15.681 Thread 0x000001175ee4dcc0 DEOPT PACKING pc=0x0000011707edcde4 sp=0x0000001317bfa610
Event: 15.681 Thread 0x000001175ee4dcc0 DEOPT UNPACKING pc=0x00000117075869a3 sp=0x0000001317bfa540 mode 2
Event: 15.684 Thread 0x000001175ee4dcc0 Uncommon trap: trap_request=0xffffff45 fr.pc=0x0000011707ede714 relative=0x00000000000001f4
Event: 15.684 Thread 0x000001175ee4dcc0 Uncommon trap: reason=unstable_if action=reinterpret pc=0x0000011707ede714 method=org.jetbrains.org.objectweb.asm.ClassReader.readUtf(II[C)Ljava/lang/String; @ 26 c2
Event: 15.684 Thread 0x000001175ee4dcc0 DEOPT PACKING pc=0x0000011707ede714 sp=0x0000001317bfa590
Event: 15.684 Thread 0x000001175ee4dcc0 DEOPT UNPACKING pc=0x00000117075869a3 sp=0x0000001317bfa538 mode 2

Classes loaded (20 events):
Event: 15.147 Loading class java/util/concurrent/CompletionException
Event: 15.147 Loading class java/util/concurrent/CompletionException done
Event: 15.213 Loading class java/util/jar/JarInputStream
Event: 15.213 Loading class java/util/zip/ZipInputStream
Event: 15.213 Loading class java/util/zip/ZipInputStream done
Event: 15.213 Loading class java/util/jar/JarInputStream done
Event: 15.213 Loading class java/io/PushbackInputStream
Event: 15.213 Loading class java/io/PushbackInputStream done
Event: 15.432 Loading class java/util/EnumMap$Values
Event: 15.432 Loading class java/util/EnumMap$Values done
Event: 15.432 Loading class java/util/EnumMap$ValueIterator
Event: 15.432 Loading class java/util/EnumMap$ValueIterator done
Event: 15.436 Loading class java/nio/file/FileSystemNotFoundException
Event: 15.436 Loading class java/nio/file/FileSystemNotFoundException done
Event: 15.436 Loading class java/nio/file/ProviderNotFoundException
Event: 15.436 Loading class java/nio/file/ProviderNotFoundException done
Event: 15.559 Loading class java/util/AbstractList$SubList
Event: 15.560 Loading class java/util/AbstractList$SubList done
Event: 15.560 Loading class java/util/AbstractList$SubList$1
Event: 15.560 Loading class java/util/AbstractList$SubList$1 done

Classes unloaded (0 events):
No events

Classes redefined (0 events):
No events

Internal exceptions (20 events):
Event: 14.483 Thread 0x000001175ee49af0 Exception <a 'sun/nio/fs/WindowsException'{0x000000008c9330c8}> (0x000000008c9330c8) 
thrown [s\src\hotspot\share\prims\jni.cpp, line 516]
Event: 14.483 Thread 0x000001175ee49af0 Exception <a 'sun/nio/fs/WindowsException'{0x000000008c952030}> (0x000000008c952030) 
thrown [s\src\hotspot\share\prims\jni.cpp, line 516]
Event: 14.493 Thread 0x000001175ee49af0 Exception <a 'java/lang/NoSuchMethodError'{0x000000008ce12d58}: 'java.lang.Object java.lang.invoke.DirectMethodHandle$Holder.newInvokeSpecial(java.lang.Object, java.lang.Object, int, java.lang.Object)'> (0x000000008ce12d58) 
thrown [s\src\hotspot\share\interpreter\linkResolver.cpp, line 759]
Event: 14.493 Thread 0x000001175ee49af0 Exception <a 'java/lang/NoSuchMethodError'{0x000000008ce16920}: 'java.lang.Object java.lang.invoke.Invokers$Holder.linkToTargetMethod(java.lang.Object, int, java.lang.Object, java.lang.Object)'> (0x000000008ce16920) 
thrown [s\src\hotspot\share\interpreter\linkResolver.cpp, line 759]
Event: 14.573 Thread 0x000001175ee4dcc0 Exception <a 'java/lang/NoSuchMethodError'{0x000000008c76a978}: 'int java.lang.invoke.DirectMethodHandle$Holder.invokeStaticInit(java.lang.Object, java.lang.Object, int)'> (0x000000008c76a978) 
thrown [s\src\hotspot\share\interpreter\linkResolver.cpp, line 759]
Event: 14.583 Thread 0x000001175ee4dcc0 Exception <a 'sun/nio/fs/WindowsException'{0x000000008c609fc0}> (0x000000008c609fc0) 
thrown [s\src\hotspot\share\prims\jni.cpp, line 516]
Event: 14.583 Thread 0x000001175ee4dcc0 Exception <a 'sun/nio/fs/WindowsException'{0x000000008c60a800}> (0x000000008c60a800) 
thrown [s\src\hotspot\share\prims\jni.cpp, line 516]
Event: 14.583 Thread 0x000001175ee4dcc0 Exception <a 'sun/nio/fs/WindowsException'{0x000000008c60af68}> (0x000000008c60af68) 
thrown [s\src\hotspot\share\prims\jni.cpp, line 516]
Event: 14.584 Thread 0x000001175ee4dcc0 Exception <a 'sun/nio/fs/WindowsException'{0x000000008c60b718}> (0x000000008c60b718) 
thrown [s\src\hotspot\share\prims\jni.cpp, line 516]
Event: 14.588 Thread 0x000001175ee4dcc0 Exception <a 'sun/nio/fs/WindowsException'{0x000000008c637e28}> (0x000000008c637e28) 
thrown [s\src\hotspot\share\prims\jni.cpp, line 516]
Event: 14.603 Thread 0x000001175ee4dcc0 Exception <a 'java/lang/IncompatibleClassChangeError'{0x000000008c689d50}: Found class java.lang.Object, but interface was expected> (0x000000008c689d50) 
thrown [s\src\hotspot\share\interpreter\linkResolver.cpp, line 826]
Event: 14.642 Thread 0x000001175ee4dcc0 Exception <a 'java/lang/NoSuchMethodError'{0x000000008c3ba0a0}: 'java.lang.Object java.lang.invoke.DirectMethodHandle$Holder.invokeSpecial(java.lang.Object, java.lang.Object, int, java.lang.Object, java.lang.Object, java.lang.Object)'> (0x000000008c3ba0a0) 
thrown [s\src\hotspot\share\interpreter\linkResolver.cpp, line 759]
Event: 14.954 Thread 0x000001175ee4dcc0 Exception <a 'java/lang/NoSuchMethodError'{0x000000008a66bb20}: 'java.lang.Object java.lang.invoke.DirectMethodHandle$Holder.invokeStatic(java.lang.Object, int, java.lang.Object, java.lang.Object)'> (0x000000008a66bb20) 
thrown [s\src\hotspot\share\interpreter\linkResolver.cpp, line 759]
Event: 14.955 Thread 0x000001175ee4dcc0 Exception <a 'java/lang/NoSuchMethodError'{0x000000008a683690}: 'java.lang.Object java.lang.invoke.Invokers$Holder.invokeExact_MT(java.lang.Object, java.lang.Object, long, java.lang.Object)'> (0x000000008a683690) 
thrown [s\src\hotspot\share\interpreter\linkResolver.cpp, line 759]
Event: 14.961 Thread 0x000001175ee4dcc0 Implicit null exception at 0x000001170821fed0 to 0x000001170821ffd8
Event: 15.202 Thread 0x000001175ee4dcc0 Exception <a 'java/lang/NoSuchMethodError'{0x000000008f72e120}: 'java.lang.Object java.lang.invoke.DirectMethodHandle$Holder.invokeStaticInit(java.lang.Object, long)'> (0x000000008f72e120) 
thrown [s\src\hotspot\share\interpreter\linkResolver.cpp, line 759]
Event: 15.208 Thread 0x000001175ee4dcc0 Implicit null exception at 0x0000011708081e03 to 0x0000011708082d94
Event: 15.484 Thread 0x000001175ee4dcc0 Exception <a 'java/lang/NoSuchMethodError'{0x000000008be9ccd0}: 'int java.lang.invoke.DirectMethodHandle$Holder.invokeStatic(java.lang.Object, java.lang.Object, java.lang.Object, java.lang.Object, java.lang.Object, java.lang.Object)'> (0x000000008be9ccd0) 
thrown [s\src\hotspot\share\interpreter\linkResolver.cpp, line 759]
Event: 15.559 Thread 0x000001175ee4dcc0 Exception <a 'java/lang/NoSuchMethodError'{0x000000008b95c078}: 'void java.lang.invoke.DirectMethodHandle$Holder.invokeSpecial(java.lang.Object, java.lang.Object, int, java.lang.Object)'> (0x000000008b95c078) 
thrown [s\src\hotspot\share\interpreter\linkResolver.cpp, line 759]
Event: 15.577 Thread 0x000001175ee4dcc0 Exception <a 'java/lang/NoSuchMethodError'{0x000000008b8bce80}: 'java.lang.Object java.lang.invoke.DirectMethodHandle$Holder.invokeStatic(java.lang.Object, java.lang.Object, java.lang.Object, java.lang.Object, int)'> (0x000000008b8bce80) 
thrown [s\src\hotspot\share\interpreter\linkResolver.cpp, line 759]

VM Operations (20 events):
Event: 15.196 Executing VM operation: G1CollectForAllocation
Event: 15.199 Executing VM operation: G1CollectForAllocation done
Event: 15.371 Executing VM operation: HandshakeAllThreads
Event: 15.372 Executing VM operation: HandshakeAllThreads done
Event: 15.489 Executing VM operation: HandshakeAllThreads
Event: 15.489 Executing VM operation: HandshakeAllThreads done
Event: 15.525 Executing VM operation: HandshakeAllThreads
Event: 15.525 Executing VM operation: HandshakeAllThreads done
Event: 15.542 Executing VM operation: HandshakeAllThreads
Event: 15.542 Executing VM operation: HandshakeAllThreads done
Event: 15.570 Executing VM operation: HandshakeAllThreads
Event: 15.570 Executing VM operation: HandshakeAllThreads done
Event: 16.581 Executing VM operation: Cleanup
Event: 16.768 Executing VM operation: Cleanup done
Event: 16.787 Executing VM operation: HandshakeAllThreads
Event: 16.787 Executing VM operation: HandshakeAllThreads done
Event: 16.787 Executing VM operation: HandshakeAllThreads
Event: 16.787 Executing VM operation: HandshakeAllThreads done
Event: 17.787 Executing VM operation: Cleanup
Event: 17.787 Executing VM operation: Cleanup done

Memory protections (0 events):
No events

Nmethod flushes (20 events):
Event: 14.650 Thread 0x0000011716837d00 flushing  nmethod 0x000001170119db90
Event: 14.650 Thread 0x0000011716837d00 flushing  nmethod 0x00000117011cef90
Event: 14.650 Thread 0x0000011716837d00 flushing  nmethod 0x00000117011d8410
Event: 14.650 Thread 0x0000011716837d00 flushing  nmethod 0x000001170121e310
Event: 14.650 Thread 0x0000011716837d00 flushing  nmethod 0x0000011701228490
Event: 14.650 Thread 0x0000011716837d00 flushing  nmethod 0x000001170124f090
Event: 14.650 Thread 0x0000011716837d00 flushing  nmethod 0x000001170127ac10
Event: 14.650 Thread 0x0000011716837d00 flushing  nmethod 0x000001170127fd10
Event: 14.651 Thread 0x0000011716837d00 flushing  nmethod 0x00000117012d7590
Event: 14.651 Thread 0x0000011716837d00 flushing  nmethod 0x00000117012fb310
Event: 14.651 Thread 0x0000011716837d00 flushing  nmethod 0x000001170135fa10
Event: 14.651 Thread 0x0000011716837d00 flushing  nmethod 0x0000011701387310
Event: 14.651 Thread 0x0000011716837d00 flushing  nmethod 0x0000011701391910
Event: 14.651 Thread 0x0000011716837d00 flushing  nmethod 0x00000117013c3310
Event: 14.651 Thread 0x0000011716837d00 flushing  nmethod 0x0000011701474e10
Event: 14.651 Thread 0x0000011716837d00 flushing  nmethod 0x00000117014e5d90
Event: 14.652 Thread 0x0000011716837d00 flushing  nmethod 0x00000117015b2710
Event: 14.652 Thread 0x0000011716837d00 flushing  nmethod 0x00000117015b4090
Event: 14.652 Thread 0x0000011716837d00 flushing  nmethod 0x0000011701623f10
Event: 16.789 Thread 0x0000011716837d00 flushing  nmethod 0x0000011700037f10

Events (20 events):
Event: 12.469 Thread 0x000001175ee49af0 Thread added: 0x000001175fe15bd0
Event: 12.505 Thread 0x000001175ee4c370 Thread added: 0x000001175fe13d70
Event: 12.599 Thread 0x00000117631472a0 Thread exited: 0x00000117631472a0
Event: 12.601 Thread 0x0000011763144d70 Thread exited: 0x0000011763144d70
Event: 12.702 Thread 0x000001175ee4c370 Thread added: 0x000001175fe160e0
Event: 12.702 Thread 0x000001175ee4c370 Thread added: 0x000001175fe17010
Event: 13.066 Thread 0x000001171682c6b0 Thread added: 0x00000117631462b0
Event: 13.204 Thread 0x0000011716835fd0 Thread added: 0x0000011763143830
Event: 13.345 Thread 0x0000011763143830 Thread exited: 0x0000011763143830
Event: 13.345 Thread 0x00000117631462b0 Thread exited: 0x00000117631462b0
Event: 13.424 Thread 0x000001175ee4dcc0 Thread added: 0x000001176266b4c0
Event: 13.424 Thread 0x000001175ee4dcc0 Thread added: 0x000001176266ce10
Event: 13.447 Thread 0x000001176266b4c0 Thread added: 0x000001176266afb0
Event: 13.451 Thread 0x000001176266afb0 Thread added: 0x000001176266b9d0
Event: 14.207 Thread 0x000001175fe17010 Thread exited: 0x000001175fe17010
Event: 14.208 Thread 0x000001175fe160e0 Thread exited: 0x000001175fe160e0
Event: 14.479 Thread 0x000001175fe13d70 Thread exited: 0x000001175fe13d70
Event: 14.655 Thread 0x0000011716835fd0 Thread added: 0x0000011763144820
Event: 14.681 Thread 0x0000011763144820 Thread added: 0x00000117631422f0
Event: 17.020 Thread 0x00000117631422f0 Thread exited: 0x00000117631422f0


Dynamic libraries:
0x00007ff76e8a0000 - 0x00007ff76e8ae000 	C:\Users\16696\.jdks\ms-17.0.19\bin\java.exe
0x00007ff880020000 - 0x00007ff880286000 	C:\Windows\SYSTEM32\ntdll.dll
0x00007ff87e450000 - 0x00007ff87e519000 	C:\Windows\System32\KERNEL32.DLL
0x00007ff87d960000 - 0x00007ff87dd5a000 	C:\Windows\System32\KERNELBASE.dll
0x00007ff82d220000 - 0x00007ff82d2cf000 	d:\Trea\Trae CN\resources\app\modules\sandbox\x64\sbox_core.dll
0x00007ff87d620000 - 0x00007ff87d76c000 	C:\Windows\System32\ucrtbase.dll
0x00007ff86d470000 - 0x00007ff86d488000 	C:\Users\16696\.jdks\ms-17.0.19\bin\jli.dll
0x00007ff86d930000 - 0x00007ff86d94e000 	C:\Users\16696\.jdks\ms-17.0.19\bin\VCRUNTIME140.dll
0x00007ff87fa80000 - 0x00007ff87fc47000 	C:\Windows\System32\USER32.dll
0x00007ff87dd60000 - 0x00007ff87dd87000 	C:\Windows\System32\win32u.dll
0x00007ff87c3b0000 - 0x00007ff87c642000 	C:\Windows\WinSxS\amd64_microsoft.windows.common-controls_6595b64144ccf1df_6.0.26100.8521_none_3e08b75ce33403b3\COMCTL32.dll
0x00007ff87fa30000 - 0x00007ff87fa5b000 	C:\Windows\System32\GDI32.dll
0x00007ff87e5f0000 - 0x00007ff87e699000 	C:\Windows\System32\msvcrt.dll
0x00007ff87d830000 - 0x00007ff87d95b000 	C:\Windows\System32\gdi32full.dll
0x00007ff87d2b0000 - 0x00007ff87d353000 	C:\Windows\System32\msvcp_win.dll
0x00007ff838cc0000 - 0x00007ff838d50000 	d:\Trea\Trae CN\resources\app\modules\sandbox\x64\sbox_ipc.dll
0x00007ff87dea0000 - 0x00007ff87ded2000 	C:\Windows\System32\IMM32.DLL
0x00007ff87ca80000 - 0x00007ff87ccc2000 	C:\Windows\SYSTEM32\dbghelp.dll
0x00007ff87fc50000 - 0x00007ff87ffd3000 	C:\Windows\System32\combase.dll
0x00007ff87f8a0000 - 0x00007ff87f9b8000 	C:\Windows\System32\RPCRT4.dll
0x00007ff87f760000 - 0x00007ff87f839000 	C:\Windows\System32\OLEAUT32.dll
0x00007ff87c950000 - 0x00007ff87c98b000 	C:\Windows\SYSTEM32\dbgcore.DLL
0x00007ff8727d0000 - 0x00007ff8727dc000 	C:\Users\16696\.jdks\ms-17.0.19\bin\vcruntime140_1.dll
0x00007ff845a80000 - 0x00007ff845b09000 	C:\Users\16696\.jdks\ms-17.0.19\bin\msvcp140.dll
0x00007fff99630000 - 0x00007fff9a2ab000 	C:\Users\16696\.jdks\ms-17.0.19\bin\server\jvm.dll
0x00007ff87ed10000 - 0x00007ff87edc6000 	C:\Windows\System32\ADVAPI32.dll
0x00007ff87e1e0000 - 0x00007ff87e28a000 	C:\Windows\System32\sechost.dll
0x00007ff87de10000 - 0x00007ff87de90000 	C:\Windows\System32\WS2_32.dll
0x00007ff87d110000 - 0x00007ff87d16e000 	C:\Windows\SYSTEM32\POWRPROF.dll
0x00007ff875350000 - 0x00007ff875386000 	C:\Windows\SYSTEM32\WINMM.dll
0x00007ff875340000 - 0x00007ff87534b000 	C:\Windows\SYSTEM32\VERSION.dll
0x00007ff87d0f0000 - 0x00007ff87d104000 	C:\Windows\SYSTEM32\UMPDC.dll
0x00007ff87b6d0000 - 0x00007ff87b6eb000 	C:\Windows\SYSTEM32\kernel.appcore.dll
0x00007ff86df20000 - 0x00007ff86df2a000 	C:\Users\16696\.jdks\ms-17.0.19\bin\jimage.dll
0x00007ff87d360000 - 0x00007ff87d408000 	C:\Windows\System32\bcryptPrimitives.dll
0x00007ff87b180000 - 0x00007ff87b2ca000 	C:\Windows\SYSTEM32\dnsapi.dll
0x00007ff87ba10000 - 0x00007ff87ba1d000 	C:\Windows\SYSTEM32\DSPARSE.dll
0x00007ff87b0f0000 - 0x00007ff87b123000 	C:\Windows\SYSTEM32\IPHLPAPI.DLL
0x00007ff87fa60000 - 0x00007ff87fa6a000 	C:\Windows\System32\NSI.dll
0x00007ff86de40000 - 0x00007ff86de4f000 	C:\Users\16696\.jdks\ms-17.0.19\bin\instrument.dll
0x00007ff86d070000 - 0x00007ff86d096000 	C:\Users\16696\.jdks\ms-17.0.19\bin\java.dll
0x00007ff87ee60000 - 0x00007ff87f5e4000 	C:\Windows\System32\Shell32.dll
0x00007ff87a390000 - 0x00007ff87ac10000 	C:\Windows\SYSTEM32\windows.storage.dll
0x00007ff87e350000 - 0x00007ff87e446000 	C:\Windows\System32\shcore.dll
0x00007ff878970000 - 0x00007ff878a1a000 	C:\Windows\system32\uxtheme.dll
0x00007ff87f9c0000 - 0x00007ff87fa27000 	C:\Windows\System32\shlwapi.dll
0x00007ff87e290000 - 0x00007ff87e33e000 	C:\Windows\System32\clbcatq.dll
0x00007ff862ef0000 - 0x00007ff863547000 	C:\Windows\System32\OneCoreUAPCommonProxyStub.dll
0x00007ff87dee0000 - 0x00007ff87e078000 	C:\Windows\System32\ole32.dll
0x00007ff87ce00000 - 0x00007ff87ce51000 	C:\Windows\SYSTEM32\CFGMGR32.dll
0x00007ff865020000 - 0x00007ff8651fd000 	C:\Windows\System32\urlmon.dll
0x00007ff863ca0000 - 0x00007ff863f65000 	C:\Windows\System32\iertutil.dll
0x00007ff863a50000 - 0x00007ff863a79000 	C:\Windows\System32\srvcli.dll
0x00007ff87b0e0000 - 0x00007ff87b0ed000 	C:\Windows\System32\netutils.dll
0x00007ff87b940000 - 0x00007ff87b989000 	C:\Windows\System32\SspiCli.dll
0x00007ff876ba0000 - 0x00007ff876ca6000 	C:\Windows\System32\PROPSYS.dll
0x00007ff871e40000 - 0x00007ff871e57000 	C:\Windows\SYSTEM32\virtdisk.dll
0x00007ff8554a0000 - 0x00007ff855618000 	C:\Windows\System32\Windows.System.Launcher.dll
0x00007ff862d00000 - 0x00007ff862d1d000 	C:\Windows\SYSTEM32\windows.staterepositorycore.dll
0x00007ff876040000 - 0x00007ff8761aa000 	C:\Windows\System32\wintypes.dll
0x00007ff84d260000 - 0x00007ff84d324000 	C:\Windows\System32\Windows.StateRepositoryPS.dll
0x00007ff87ca20000 - 0x00007ff87ca56000 	C:\Windows\SYSTEM32\ntmarta.dll
0x00007ff84c830000 - 0x00007ff84c8f0000 	C:\Windows\System32\Windows.FileExplorer.Common.dll
0x00007ff862d50000 - 0x00007ff862d97000 	C:\Windows\SYSTEM32\windows.staterepositoryclient.dll
0x00007ff84c360000 - 0x00007ff84c390000 	C:\Windows\System32\cldapi.dll
0x00007ff87d1a0000 - 0x00007ff87d1ca000 	C:\Windows\SYSTEM32\bcrypt.dll
0x00007ff87d1d0000 - 0x00007ff87d1f9000 	C:\Windows\SYSTEM32\profapi.dll
0x00007ff83d0c0000 - 0x00007ff83d196000 	C:\Users\16696\.jdks\ms-17.0.19\bin\jsvml.dll
0x00007ff86ce40000 - 0x00007ff86ce58000 	C:\Users\16696\.jdks\ms-17.0.19\bin\zip.dll
0x00007ff86ce20000 - 0x00007ff86ce3b000 	C:\Users\16696\.jdks\ms-17.0.19\bin\net.dll
0x00007ff874b00000 - 0x00007ff874c29000 	C:\Windows\SYSTEM32\WINHTTP.dll
0x00007ff87bbf0000 - 0x00007ff87bc5c000 	C:\Windows\system32\mswsock.dll
0x00007ff86ce00000 - 0x00007ff86ce16000 	C:\Users\16696\.jdks\ms-17.0.19\bin\nio.dll
0x00007ff86ddd0000 - 0x00007ff86dde0000 	C:\Users\16696\.jdks\ms-17.0.19\bin\verify.dll
0x00007fffe4c80000 - 0x00007fffe4ca7000 	C:\Users\16696\.gradle\native\660c5614fbf4a5f2a75b1949f50a0caf5cd603558e7d8a26e50b933a0cfb79d1\windows-amd64\native-platform.dll
0x00007ff806ff0000 - 0x00007ff807067000 	C:\Users\16696\.gradle\native\0.2.8\x86_64-windows-gnu\gradle-fileevents.dll
0x00007ff86d460000 - 0x00007ff86d46a000 	C:\Users\16696\.jdks\ms-17.0.19\bin\management.dll
0x00007ff86d060000 - 0x00007ff86d06c000 	C:\Users\16696\.jdks\ms-17.0.19\bin\management_ext.dll
0x00007ff87fa70000 - 0x00007ff87fa78000 	C:\Windows\System32\PSAPI.DLL
0x00007ff875390000 - 0x00007ff8753ad000 	C:\Windows\SYSTEM32\dhcpcsvc6.DLL
0x00007ff874450000 - 0x00007ff874475000 	C:\Windows\SYSTEM32\dhcpcsvc.DLL
0x00007ff86cdd0000 - 0x00007ff86cdd9000 	C:\Users\16696\.jdks\ms-17.0.19\bin\extnet.dll
0x00007ff87cdd0000 - 0x00007ff87cdeb000 	C:\Windows\SYSTEM32\CRYPTSP.dll
0x00007ff87be90000 - 0x00007ff87bec9000 	C:\Windows\system32\rsaenh.dll
0x00007ff87bc60000 - 0x00007ff87bc93000 	C:\Windows\SYSTEM32\USERENV.dll
0x00007ff87be80000 - 0x00007ff87be8c000 	C:\Windows\SYSTEM32\CRYPTBASE.dll
0x00007ff86cdc0000 - 0x00007ff86cdce000 	C:\Users\16696\.jdks\ms-17.0.19\bin\sunmscapi.dll
0x00007ff87d410000 - 0x00007ff87d588000 	C:\Windows\System32\CRYPT32.dll
0x00007ff87c370000 - 0x00007ff87c3a0000 	C:\Windows\SYSTEM32\ncrypt.dll
0x00007ff87c320000 - 0x00007ff87c35f000 	C:\Windows\SYSTEM32\NTASN1.dll
0x00007ff865540000 - 0x00007ff865548000 	C:\Windows\system32\wshunix.dll
0x00007ff87e520000 - 0x00007ff87e59c000 	C:\Windows\System32\coml2.dll
0x00007ff878550000 - 0x00007ff8785f0000 	C:\Windows\SYSTEM32\apphelp.dll
0x00007ff83c6c0000 - 0x00007ff83c6db000 	C:\Windows\system32\NetworkExplorer.dll

dbghelp: loaded successfully - version: 4.0.5 - missing functions: none
symbol engine: initialized successfully - sym options: 0x614 - pdb path: .;C:\Users\16696\.jdks\ms-17.0.19\bin;C:\Windows\SYSTEM32;d:\Trea\Trae CN\resources\app\modules\sandbox\x64;C:\Windows\WinSxS\amd64_microsoft.windows.common-controls_6595b64144ccf1df_6.0.26100.8521_none_3e08b75ce33403b3;C:\Users\16696\.jdks\ms-17.0.19\bin\server;C:\Users\16696\.gradle\native\660c5614fbf4a5f2a75b1949f50a0caf5cd603558e7d8a26e50b933a0cfb79d1\windows-amd64;C:\Users\16696\.gradle\native\0.2.8\x86_64-windows-gnu

VM Arguments:
jvm_args: --add-opens=java.base/java.lang=ALL-UNNAMED --add-opens=java.base/java.lang.invoke=ALL-UNNAMED --add-opens=java.base/java.util=ALL-UNNAMED --add-opens=java.prefs/java.util.prefs=ALL-UNNAMED --add-exports=jdk.compiler/com.sun.tools.javac.api=ALL-UNNAMED --add-exports=jdk.compiler/com.sun.tools.javac.util=ALL-UNNAMED --add-opens=java.base/java.util=ALL-UNNAMED --add-opens=java.prefs/java.util.prefs=ALL-UNNAMED --add-opens=java.base/java.nio.charset=ALL-UNNAMED --add-opens=java.base/java.net=ALL-UNNAMED --add-opens=java.base/java.util.concurrent=ALL-UNNAMED --add-opens=java.base/java.util.concurrent.atomic=ALL-UNNAMED --add-opens=java.xml/javax.xml.namespace=ALL-UNNAMED --add-opens=java.base/java.time=ALL-UNNAMED -Xmx2048m -Dfile.encoding=UTF-8 -Duser.country=CN -Duser.language=zh -Duser.variant -javaagent:C:\Users\16696\.gradle\wrapper\dists\gradle-9.4.1-bin\arn2x92ynaizyzdaamcbpbhtj\gradle-9.4.1\lib\agents\gradle-instrumentation-agent-9.4.1.jar 
java_command: org.gradle.launcher.daemon.bootstrap.GradleDaemon 9.4.1
java_class_path (initial): C:\Users\16696\.gradle\wrapper\dists\gradle-9.4.1-bin\arn2x92ynaizyzdaamcbpbhtj\gradle-9.4.1\lib\gradle-daemon-main-9.4.1.jar
Launcher Type: SUN_STANDARD

[Global flags]
     intx CICompilerCount                          = 4                                         {product} {ergonomic}
     uint ConcGCThreads                            = 2                                         {product} {ergonomic}
     uint G1ConcRefinementThreads                  = 9                                         {product} {ergonomic}
   size_t G1HeapRegionSize                         = 1048576                                   {product} {ergonomic}
    uintx GCDrainStackTargetSize                   = 64                                        {product} {ergonomic}
   size_t InitialHeapSize                          = 260046848                                 {product} {ergonomic}
   size_t MarkStackSize                            = 4194304                                   {product} {ergonomic}
   size_t MaxHeapSize                              = 2147483648                                {product} {command line}
   size_t MaxNewSize                               = 1287651328                                {product} {ergonomic}
   size_t MinHeapDeltaBytes                        = 1048576                                   {product} {ergonomic}
   size_t MinHeapSize                              = 8388608                                   {product} {ergonomic}
    uintx NonNMethodCodeHeapSize                   = 5839372                                {pd product} {ergonomic}
    uintx NonProfiledCodeHeapSize                  = 122909434                              {pd product} {ergonomic}
    uintx ProfiledCodeHeapSize                     = 122909434                              {pd product} {ergonomic}
    uintx ReservedCodeCacheSize                    = 251658240                              {pd product} {ergonomic}
     bool SegmentedCodeCache                       = true                                      {product} {ergonomic}
   size_t SoftMaxHeapSize                          = 2147483648                             {manageable} {ergonomic}
     bool UseCompressedClassPointers               = true                           {product lp64_product} {ergonomic}
     bool UseCompressedOops                        = true                           {product lp64_product} {ergonomic}
     bool UseG1GC                                  = true                                      {product} {ergonomic}
     bool UseLargePagesIndividualAllocation        = false                                  {pd product} {ergonomic}

Logging:
Log output configuration:
 #0: stdout all=warning uptime,level,tags
 #1: stderr all=off uptime,level,tags

Environment Variables:
PATH=d:\Trea\Trae CN\resources\app\modules\ai-agent\bin;D:\Android\jdk-8.0.492.9-hotspot\bin;C:\Program Files (x86)\VMware\VMware Workstation\bin\;C:\Windows\system32;C:\Windows;C:\Windows\System32\Wbem;C:\Windows\System32\WindowsPowerShell\v1.0\;C:\Windows\System32\OpenSSH\;D:\Git\Git\cmd;D:\Cmake\bin;D:\Windows Kits\10\Windows Performance Toolkit\;C:\Program Files\CMake\bin;C:\Program Files\TortoiseGit\bin;C:\NXP\S32DS.3.5\S32DS\build_tools\gcc-10.2-arm32-eabi\bin;D:\Xshell\;C:\Users\16696\AppData\Local\Programs\Python\Python314\Scripts\;C:\Users\16696\AppData\Local\Programs\Python\Python314\;C:\Users\16696\AppData\Local\Microsoft\WindowsApps;D:\pycharm\PyCharm 2026.1.2\bin;D:\vscode\Microsoft VS Code\bin;D:\Android\Sdk\platform-tools;;c:\Users\16696\.trae-cn\extensions\vscjava.vscode-java-debug-0.59.0-universal\bundled\scripts\noConfigScripts;d:\Trea\Trae CN\resources\app\modules\ai-agent\bin;D:\Android\jdk-8.0.492.9-hotspot\bin;C:\Program Files (x86)\VMware\VMware Workstation\bin\;C:\Windows\system32;C:\Windows;C:\Windows\System32\Wbem;C:\Windows\System32\WindowsPowerShell\v1.0\;C:\Windows\System32\OpenSSH\;D:\Git\Git\cmd;D:\Cmake\bin;D:\Windows Kits\10\Windows Performance Toolkit\;C:\Program Files\CMake\bin;C:\Program Files\TortoiseGit\bin;C:\NXP\S32DS.3.5\S32DS\build_tools\gcc-10.2-arm32-eabi\bin;D:\Xshell\;C:\Users\16696\AppData\Local\Programs\Python\Python314\Scripts\;C:\Users\16696\AppData\Local\Programs\Python\Python314\;C:\Users\16696\AppData\Local\Microsoft\WindowsApps;D:\pycharm\PyCharm 2026.1.2\bin;D:\vscode\Microsoft VS Code\bin;D:\Android\Sdk\platform-tools;;d:\Trea\Trae CN\resources\app\bin\lib;d:\Trea\Trae CN\resources\app\node_modules\@vscode\ripgrep\bin
USERNAME=16696
LANG=zh_CN.UTF-8
TERM=dumb
OS=Windows_NT
PROCESSOR_IDENTIFIER=Intel64 Family 6 Model 198 Stepping 2, GenuineIntel
TMP=C:\Users\16696\AppData\Local\Temp
TEMP=C:\Users\16696\AppData\Local\Temp



Periodic native trim disabled


---------------  S Y S T E M  ---------------

OS:
 Windows 11 , 64 bit Build 26100 (10.0.26100.8521)
OS uptime: 1 days 19:34 hours
Hyper-V role detected

CPU: total 10 (initial active 10) (10 cores per cpu, 1 threads per core) family 6 model 198 stepping 2 microcode 0x118, cx8, cmov, fxsr, mmx, 3dnowpref, sse, sse2, sse3, ssse3, sse4.1, sse4.2, popcnt, lzcnt, tsc, tscinvbit, avx, avx2, aes, erms, clmul, bmi1, bmi2, adx, sha, fma, vzeroupper, clflush, clflushopt, clwb, hv
Processor Information for processor 0
  Max Mhz: 3300, Current Mhz: 3300, Mhz Limit: 3300
Processor Information for processor 1
  Max Mhz: 3300, Current Mhz: 3300, Mhz Limit: 3300
Processor Information for processor 2
  Max Mhz: 2700, Current Mhz: 2700, Mhz Limit: 2700
Processor Information for processor 3
  Max Mhz: 2700, Current Mhz: 2700, Mhz Limit: 2700
Processor Information for processor 4
  Max Mhz: 2700, Current Mhz: 2700, Mhz Limit: 2700
Processor Information for processor 5
  Max Mhz: 2700, Current Mhz: 2700, Mhz Limit: 2700
Processor Information for processor 6
  Max Mhz: 3300, Current Mhz: 3300, Mhz Limit: 3300
Processor Information for processor 7
  Max Mhz: 3300, Current Mhz: 3300, Mhz Limit: 3300
Processor Information for processor 8
  Max Mhz: 3300, Current Mhz: 3300, Mhz Limit: 3300
Processor Information for processor 9
  Max Mhz: 3300, Current Mhz: 3300, Mhz Limit: 3300

Memory: 4k page, system-wide physical 15751M (828M free)
TotalPageFile size 54151M (AvailPageFile size 31M)
current process WorkingSet (physical memory assigned to process): 583M, peak: 585M
current process commit charge ("private bytes"): 612M, peak: 613M

vm_info: OpenJDK 64-Bit Server VM (17.0.19+10-LTS) for windows-amd64 JRE (17.0.19+10-LTS), built on Apr 18 2026 18:24:40 by "MicrosoftCorporation" with MS VC++ 17.14 (VS2022)

END.
