#
# There is insufficient memory for the Java Runtime Environment to continue.
# Native memory allocation (mmap) failed to map 206569472 bytes. Error detail: G1 virtual space
# Possible reasons:
#   The system is out of physical RAM or swap space
#   This process is running with CompressedOops enabled, and the Java Heap may be blocking the growth of the native heap
# Possible solutions:
#   Reduce memory load on the system
#   Increase physical memory or swap space
#   Check if swap backing store is full
#   Decrease Java heap size (-Xmx/-Xms)
#   Decrease number of Java threads
#   Decrease Java thread stack sizes (-Xss)
#   Set larger code cache with -XX:ReservedCodeCacheSize=
#   JVM is running with Unscaled Compressed Oops mode in which the Java heap is
#     placed in the first 4GB address space. The Java Heap base address is the
#     maximum limit for the native heap growth. Please use -XX:HeapBaseMinAddress
#     to set the Java Heap base and to place the Java Heap above 4GB virtual address.
# This output file may be truncated or incomplete.
#
#  Out of Memory Error (os_windows.cpp:3690), pid=21812, tid=16060
#
# JRE version: OpenJDK Runtime Environment Microsoft-13877129 (17.0.19+10) (build 17.0.19+10-LTS)
# Java VM: OpenJDK 64-Bit Server VM Microsoft-13877129 (17.0.19+10-LTS, mixed mode, sharing, tiered, compressed oops, compressed class ptrs, g1 gc, windows-amd64)
# No core dump will be written. Minidumps are not enabled by default on client versions of Windows
#

---------------  S U M M A R Y ------------

Command Line: --add-opens=java.base/java.lang=ALL-UNNAMED --add-opens=java.base/java.lang.invoke=ALL-UNNAMED --add-opens=java.base/java.util=ALL-UNNAMED --add-opens=java.prefs/java.util.prefs=ALL-UNNAMED --add-exports=jdk.compiler/com.sun.tools.javac.api=ALL-UNNAMED --add-exports=jdk.compiler/com.sun.tools.javac.util=ALL-UNNAMED --add-opens=java.base/java.util=ALL-UNNAMED --add-opens=java.prefs/java.util.prefs=ALL-UNNAMED --add-opens=java.base/java.nio.charset=ALL-UNNAMED --add-opens=java.base/java.net=ALL-UNNAMED --add-opens=java.base/java.util.concurrent=ALL-UNNAMED --add-opens=java.base/java.util.concurrent.atomic=ALL-UNNAMED --add-opens=java.xml/javax.xml.namespace=ALL-UNNAMED --add-opens=java.base/java.time=ALL-UNNAMED -Xmx2048m -Dfile.encoding=UTF-8 -Duser.country=CN -Duser.language=zh -Duser.variant -javaagent:C:\Users\16696\.gradle\wrapper\dists\gradle-9.4.1-bin\arn2x92ynaizyzdaamcbpbhtj\gradle-9.4.1\lib\agents\gradle-instrumentation-agent-9.4.1.jar org.gradle.launcher.daemon.bootstrap.GradleDaemon 9.4.1

Host: Intel(R) Core(TM) Ultra 5 225, 10 cores, 15G,  Windows 11 , 64 bit Build 26100 (10.0.26100.8521)
Time: Tue Jul 14 11:54:02 2026  Windows 11 , 64 bit Build 26100 (10.0.26100.8521) elapsed time: 10.288538 seconds (0d 0h 0m 10s)

---------------  T H R E A D  ---------------

Current thread (0x0000019effd56730):  VMThread "VM Thread" [stack: 0x0000002359d00000,0x0000002359e00000] [id=16060]

Stack: [0x0000002359d00000,0x0000002359e00000]
Native frames: (J=compiled Java code, j=interpreted, Vv=VM code, C=native code)
V  [jvm.dll+0x68cc89]  (no source info available)
V  [jvm.dll+0x845d89]  (no source info available)
V  [jvm.dll+0x847af8]  (no source info available)
V  [jvm.dll+0x848183]  (no source info available)
V  [jvm.dll+0x24d0bf]  (no source info available)
V  [jvm.dll+0x68c089]  (no source info available)
V  [jvm.dll+0x68064a]  (no source info available)
V  [jvm.dll+0x3102f0]  (no source info available)
V  [jvm.dll+0x310192]  (no source info available)
V  [jvm.dll+0x317709]  (no source info available)
V  [jvm.dll+0x369b09]  (no source info available)
V  [jvm.dll+0x369d3d]  (no source info available)
V  [jvm.dll+0x2e6afa]  (no source info available)
V  [jvm.dll+0x2e4ef1]  (no source info available)
V  [jvm.dll+0x2e468c]  (no source info available)
V  [jvm.dll+0x32903b]  (no source info available)
V  [jvm.dll+0x84ca0d]  (no source info available)
V  [jvm.dll+0x84d723]  (no source info available)
V  [jvm.dll+0x84dc54]  (no source info available)
V  [jvm.dll+0x84e038]  (no source info available)
V  [jvm.dll+0x84e12e]  (no source info available)
V  [jvm.dll+0x7f62cc]  (no source info available)
V  [jvm.dll+0x68e227]  (no source info available)
C  [ucrtbase.dll+0x2cd30]  (no source info available)
C  [KERNEL32.DLL+0x2e957]  (no source info available)
C  [ntdll.dll+0x87c1c]  (no source info available)

VM_Operation (0x000000235eafbfd0): G1CollectForAllocation, mode: safepoint, requested by thread 0x0000019ee32ec110


---------------  P R O C E S S  ---------------

Threads class SMR info:
_java_thread_list=0x0000019ee1dd7780, length=69, elements={
0x0000019ef87898f0, 0x0000019effd5a720, 0x0000019effd5d600, 0x0000019effd84900,
0x0000019effd851d0, 0x0000019effd712f0, 0x0000019effd71bc0, 0x0000019effda6200,
0x0000019effd779a0, 0x0000019ed8089fe0, 0x0000019effd42f20, 0x0000019ed826ac90,
0x0000019eddfef210, 0x0000019ede717000, 0x0000019ede990ce0, 0x0000019edea44fb0,
0x0000019edd400080, 0x0000019eddfcc080, 0x0000019ede7d63d0, 0x0000019ede950f90,
0x0000019ede94f130, 0x0000019ede94ec20, 0x0000019ede9514a0, 0x0000019ede950570,
0x0000019ede9519b0, 0x0000019edebfa030, 0x0000019ede94e710, 0x0000019ede94f640,
0x0000019ede950060, 0x0000019ede94fb50, 0x0000019ee0a2cff0, 0x0000019ee0a2a260,
0x0000019ee0a2c0c0, 0x0000019ee0a2df20, 0x0000019edf6bb6d0, 0x0000019ee0a2c5d0,
0x0000019ee0a2bbb0, 0x0000019ee0a2cae0, 0x0000019ee0a2b190, 0x0000019ee0a2a770,
0x0000019ee0a2da10, 0x0000019ee0a316d0, 0x0000019ee0a2fd80, 0x0000019ee0a30cb0,
0x0000019ee0a31be0, 0x0000019ee0a2ee50, 0x0000019ee0a311c0, 0x0000019ee3174ed0,
0x0000019ee3173070, 0x0000019ee3173a90, 0x0000019ee3175e00, 0x0000019ee3173580,
0x0000019ee3176310, 0x0000019ee31744b0, 0x0000019ee0a2b6a0, 0x0000019ee32e8e70,
0x0000019ee32e8960, 0x0000019ee32e7f40, 0x0000019ee32e7a30, 0x0000019ee32e7010,
0x0000019ee32e8450, 0x0000019ee32e7520, 0x0000019ee32eb6f0, 0x0000019ee32ebc00,
0x0000019ee32eacd0, 0x0000019ee32ecb30, 0x0000019ee32ec110, 0x0000019ee32ed040,
0x0000019ee32ea2b0
}

Java Threads: ( => current thread )
  0x0000019ef87898f0 JavaThread "main" [_thread_blocked, id=20720, stack(0x0000002359700000,0x0000002359800000)]
  0x0000019effd5a720 JavaThread "Reference Handler" daemon [_thread_blocked, id=18404, stack(0x0000002359e00000,0x0000002359f00000)]
  0x0000019effd5d600 JavaThread "Finalizer" daemon [_thread_blocked, id=3268, stack(0x0000002359f00000,0x000000235a000000)]
  0x0000019effd84900 JavaThread "Signal Dispatcher" daemon [_thread_blocked, id=22708, stack(0x000000235a000000,0x000000235a100000)]
  0x0000019effd851d0 JavaThread "Attach Listener" daemon [_thread_blocked, id=18984, stack(0x000000235a100000,0x000000235a200000)]
  0x0000019effd712f0 JavaThread "Service Thread" daemon [_thread_blocked, id=24124, stack(0x000000235a200000,0x000000235a300000)]
  0x0000019effd71bc0 JavaThread "Monitor Deflation Thread" daemon [_thread_blocked, id=23436, stack(0x000000235a300000,0x000000235a400000)]
  0x0000019effda6200 JavaThread "C2 CompilerThread0" daemon [_thread_blocked, id=3084, stack(0x000000235a400000,0x000000235a500000)]
  0x0000019effd779a0 JavaThread "C1 CompilerThread0" daemon [_thread_blocked, id=16568, stack(0x000000235a500000,0x000000235a600000)]
  0x0000019ed8089fe0 JavaThread "Sweeper thread" daemon [_thread_blocked, id=14324, stack(0x000000235a600000,0x000000235a700000)]
  0x0000019effd42f20 JavaThread "Common-Cleaner" daemon [_thread_blocked, id=22240, stack(0x000000235a700000,0x000000235a800000)]
  0x0000019ed826ac90 JavaThread "Notification Thread" daemon [_thread_blocked, id=19488, stack(0x000000235a900000,0x000000235aa00000)]
  0x0000019eddfef210 JavaThread "Daemon health stats" [_thread_blocked, id=24888, stack(0x000000235b000000,0x000000235b100000)]
  0x0000019ede717000 JavaThread "Incoming local TCP Connector on port 52354" [_thread_in_native, id=11212, stack(0x000000235b100000,0x000000235b200000)]
  0x0000019ede990ce0 JavaThread "Daemon periodic checks" [_thread_blocked, id=17644, stack(0x000000235b200000,0x000000235b300000)]
  0x0000019edea44fb0 JavaThread "Daemon" [_thread_blocked, id=15672, stack(0x000000235b300000,0x000000235b400000)]
  0x0000019edd400080 JavaThread "Handler for socket connection from /127.0.0.1:52354 to /127.0.0.1:52355" [_thread_in_native, id=11736, stack(0x000000235b400000,0x000000235b500000)]
  0x0000019eddfcc080 JavaThread "Cancel handler" [_thread_blocked, id=6624, stack(0x000000235b500000,0x000000235b600000)]
  0x0000019ede7d63d0 JavaThread "Daemon worker" [_thread_blocked, id=11308, stack(0x000000235b600000,0x000000235b700000)]
  0x0000019ede950f90 JavaThread "Asynchronous log dispatcher for DefaultDaemonConnection: socket connection from /127.0.0.1:52354 to /127.0.0.1:52355" [_thread_blocked, id=17984, stack(0x000000235b700000,0x000000235b800000)]
  0x0000019ede94f130 JavaThread "Stdin handler" [_thread_blocked, id=3856, stack(0x000000235b800000,0x000000235b900000)]
  0x0000019ede94ec20 JavaThread "Daemon client event forwarder" [_thread_blocked, id=23772, stack(0x000000235b900000,0x000000235ba00000)]
  0x0000019ede9514a0 JavaThread "Cache worker for journal cache (C:\Users\16696\.gradle\caches\journal-1)" [_thread_blocked, id=12116, stack(0x000000235a800000,0x000000235a900000)]
  0x0000019ede950570 JavaThread "File lock request listener" [_thread_in_native, id=21756, stack(0x000000235ab00000,0x000000235ac00000)]
  0x0000019ede9519b0 JavaThread "Cache worker for file hash cache (C:\Users\16696\.gradle\caches\9.4.1\fileHashes)" [_thread_blocked, id=14248, stack(0x000000235ba00000,0x000000235bb00000)]
  0x0000019edebfa030 JavaThread "C2 CompilerThread1" daemon [_thread_blocked, id=15480, stack(0x000000235bb00000,0x000000235bc00000)]
  0x0000019ede94e710 JavaThread "Cache worker for file hash cache (D:\Code\Application\music1\.gradle\9.4.1\fileHashes)" [_thread_blocked, id=25224, stack(0x000000235c100000,0x000000235c200000)]
  0x0000019ede94f640 JavaThread "Cache worker for Build Output Cleanup Cache (D:\Code\Application\music1\.gradle\buildOutputCleanup)" [_thread_blocked, id=5100, stack(0x000000235c200000,0x000000235c300000)]
  0x0000019ede950060 JavaThread "File watcher server" daemon [_thread_blocked, id=9600, stack(0x000000235c300000,0x000000235c400000)]
  0x0000019ede94fb50 JavaThread "File watcher consumer" daemon [_thread_blocked, id=20264, stack(0x000000235c400000,0x000000235c500000)]
  0x0000019ee0a2cff0 JavaThread "Cache worker for file content cache (C:\Users\16696\.gradle\caches\9.4.1\fileContent)" [_thread_blocked, id=25252, stack(0x000000235c500000,0x000000235c600000)]
  0x0000019ee0a2a260 JavaThread "Cache worker for checksums cache (D:\Code\Application\music1\.gradle\9.4.1\checksums)" [_thread_blocked, id=24868, stack(0x000000235c600000,0x000000235c700000)]
  0x0000019ee0a2c0c0 JavaThread "Cache worker for cache directory md-supplier (C:\Users\16696\.gradle\caches\9.4.1\md-supplier)" [_thread_blocked, id=16908, stack(0x000000235c800000,0x000000235c900000)]
  0x0000019ee0a2df20 JavaThread "Cache worker for cache directory md-rule (C:\Users\16696\.gradle\caches\9.4.1\md-rule)" [_thread_blocked, id=2924, stack(0x000000235c900000,0x000000235ca00000)]
  0x0000019edf6bb6d0 JavaThread "C2 CompilerThread2" daemon [_thread_blocked, id=16124, stack(0x000000235ca00000,0x000000235cb00000)]
  0x0000019ee0a2c5d0 JavaThread "Build operations" [_thread_blocked, id=25380, stack(0x000000235cb00000,0x000000235cc00000)]
  0x0000019ee0a2bbb0 JavaThread "Build operations Thread 2" [_thread_blocked, id=19332, stack(0x000000235cc00000,0x000000235cd00000)]
  0x0000019ee0a2cae0 JavaThread "Build operations Thread 3" [_thread_blocked, id=25068, stack(0x000000235cd00000,0x000000235ce00000)]
  0x0000019ee0a2b190 JavaThread "Build operations Thread 4" [_thread_blocked, id=19736, stack(0x000000235ce00000,0x000000235cf00000)]
  0x0000019ee0a2a770 JavaThread "Build operations Thread 5" [_thread_blocked, id=20156, stack(0x000000235cf00000,0x000000235d000000)]
  0x0000019ee0a2da10 JavaThread "Build operations Thread 6" [_thread_blocked, id=2296, stack(0x000000235d000000,0x000000235d100000)]
  0x0000019ee0a316d0 JavaThread "Build operations Thread 7" [_thread_blocked, id=1452, stack(0x000000235d100000,0x000000235d200000)]
  0x0000019ee0a2fd80 JavaThread "Build operations Thread 8" [_thread_blocked, id=7248, stack(0x000000235d200000,0x000000235d300000)]
  0x0000019ee0a30cb0 JavaThread "Build operations Thread 9" [_thread_blocked, id=23344, stack(0x000000235d300000,0x000000235d400000)]
  0x0000019ee0a31be0 JavaThread "Build operations Thread 10" [_thread_blocked, id=7892, stack(0x000000235d400000,0x000000235d500000)]
  0x0000019ee0a2ee50 JavaThread "Memory manager" [_thread_blocked, id=9268, stack(0x000000235d500000,0x000000235d600000)]
  0x0000019ee0a311c0 JavaThread "build event listener" [_thread_blocked, id=23736, stack(0x000000235d600000,0x000000235d700000)]
  0x0000019ee3174ed0 JavaThread "included builds" [_thread_blocked, id=10400, stack(0x000000235d700000,0x000000235d800000)]
  0x0000019ee3173070 JavaThread "Execution worker" [_thread_blocked, id=16232, stack(0x000000235d800000,0x000000235d900000)]
  0x0000019ee3173a90 JavaThread "Execution worker Thread 2" [_thread_blocked, id=24708, stack(0x000000235d900000,0x000000235da00000)]
  0x0000019ee3175e00 JavaThread "Execution worker Thread 3" [_thread_blocked, id=2008, stack(0x000000235da00000,0x000000235db00000)]
  0x0000019ee3173580 JavaThread "Execution worker Thread 4" [_thread_blocked, id=7400, stack(0x000000235db00000,0x000000235dc00000)]
  0x0000019ee3176310 JavaThread "Execution worker Thread 5" [_thread_blocked, id=21680, stack(0x000000235dc00000,0x000000235dd00000)]
  0x0000019ee31744b0 JavaThread "Execution worker Thread 6" [_thread_blocked, id=12096, stack(0x000000235dd00000,0x000000235de00000)]
  0x0000019ee0a2b6a0 JavaThread "Execution worker Thread 7" [_thread_blocked, id=12268, stack(0x000000235de00000,0x000000235df00000)]
  0x0000019ee32e8e70 JavaThread "Execution worker Thread 8" [_thread_blocked, id=17296, stack(0x000000235df00000,0x000000235e000000)]
  0x0000019ee32e8960 JavaThread "Execution worker Thread 9" [_thread_blocked, id=24652, stack(0x000000235e000000,0x000000235e100000)]
  0x0000019ee32e7f40 JavaThread "Cache worker for execution history cache (D:\Code\Application\music1\.gradle\9.4.1\executionHistory)" [_thread_blocked, id=5496, stack(0x000000235e100000,0x000000235e200000)]
  0x0000019ee32e7a30 JavaThread "WorkerExecutor Queue" [_thread_blocked, id=22100, stack(0x000000235e200000,0x000000235e300000)]
  0x0000019ee32e7010 JavaThread "WorkerExecutor Queue Thread 2" [_thread_blocked, id=24616, stack(0x000000235e300000,0x000000235e400000)]
  0x0000019ee32e8450 JavaThread "WorkerExecutor Queue Thread 3" [_thread_blocked, id=22028, stack(0x000000235e400000,0x000000235e500000)]
  0x0000019ee32e7520 JavaThread "WorkerExecutor Queue Thread 4" [_thread_blocked, id=6356, stack(0x000000235e500000,0x000000235e600000)]
  0x0000019ee32eb6f0 JavaThread "WorkerExecutor Queue Thread 5" [_thread_blocked, id=17320, stack(0x000000235e600000,0x000000235e700000)]
  0x0000019ee32ebc00 JavaThread "WorkerExecutor Queue Thread 6" [_thread_blocked, id=19660, stack(0x000000235e700000,0x000000235e800000)]
  0x0000019ee32eacd0 JavaThread "WorkerExecutor Queue Thread 7" [_thread_blocked, id=23448, stack(0x000000235e800000,0x000000235e900000)]
  0x0000019ee32ecb30 JavaThread "WorkerExecutor Queue Thread 8" [_thread_blocked, id=19996, stack(0x000000235e900000,0x000000235ea00000)]
  0x0000019ee32ec110 JavaThread "WorkerExecutor Queue Thread 9" [_thread_blocked, id=9504, stack(0x000000235ea00000,0x000000235eb00000)]
  0x0000019ee32ed040 JavaThread "WorkerExecutor Queue Thread 10" [_thread_blocked, id=2132, stack(0x000000235eb00000,0x000000235ec00000)]
  0x0000019ee32ea2b0 JavaThread "WorkerExecutor Queue Thread 11" [_thread_blocked, id=22188, stack(0x000000235ec00000,0x000000235ed00000)]

Other Threads:
=>0x0000019effd56730 VMThread "VM Thread" [stack: 0x0000002359d00000,0x0000002359e00000] [id=16060]
  0x0000019ef878a680 WatcherThread [stack: 0x000000235aa00000,0x000000235ab00000] [id=19412]
  0x0000019ef87e9810 GCTaskThread "GC Thread#0" [stack: 0x0000002359800000,0x0000002359900000] [id=9336]
  0x0000019edd432ab0 GCTaskThread "GC Thread#1" [stack: 0x000000235ac00000,0x000000235ad00000] [id=18976]
  0x0000019edd432d80 GCTaskThread "GC Thread#2" [stack: 0x000000235ad00000,0x000000235ae00000] [id=21696]
  0x0000019edd433050 GCTaskThread "GC Thread#3" [stack: 0x000000235ae00000,0x000000235af00000] [id=12840]
  0x0000019edd433320 GCTaskThread "GC Thread#4" [stack: 0x000000235af00000,0x000000235b000000] [id=356]
  0x0000019edd1a8cb0 GCTaskThread "GC Thread#5" [stack: 0x000000235bc00000,0x000000235bd00000] [id=18828]
  0x0000019edd1a8440 GCTaskThread "GC Thread#6" [stack: 0x000000235bd00000,0x000000235be00000] [id=25424]
  0x0000019edd1a8170 GCTaskThread "GC Thread#7" [stack: 0x000000235be00000,0x000000235bf00000] [id=17168]
  0x0000019edd1a8710 GCTaskThread "GC Thread#8" [stack: 0x000000235bf00000,0x000000235c000000] [id=20496]
  0x0000019ef87fc760 ConcurrentGCThread "G1 Main Marker" [stack: 0x0000002359900000,0x0000002359a00000] [id=17592]
  0x0000019ef87fdf40 ConcurrentGCThread "G1 Conc#0" [stack: 0x0000002359a00000,0x0000002359b00000] [id=21036]
  0x0000019edd1a9250 ConcurrentGCThread "G1 Conc#1" [stack: 0x000000235c000000,0x000000235c100000] [id=16120]
  0x0000019ef882eb00 ConcurrentGCThread "G1 Refine#0" [stack: 0x0000002359b00000,0x0000002359c00000] [id=10488]
  0x0000019edeee02f0 ConcurrentGCThread "G1 Refine#1" [stack: 0x000000235c700000,0x000000235c800000] [id=21688]
  0x0000019effc86430 ConcurrentGCThread "G1 Service" [stack: 0x0000002359c00000,0x0000002359d00000] [id=17240]

Threads with active compile tasks:
C2 CompilerThread0  10315 12423       4       java.lang.invoke.MethodHandles$Lookup::linkMethodHandleConstant (223 bytes)
C1 CompilerThread0  10315 12620       2       com.android.tools.r8.internal.bk4::a (77 bytes)
C2 CompilerThread1  10315 12632       4       com.android.tools.r8.graph.z::b (8 bytes)
C2 CompilerThread2  10315 12422   !   4       java.lang.invoke.MethodHandleNatives::linkMethodHandleConstant (50 bytes)

VM state: at safepoint (normal execution)

VM Mutex/Monitor currently owned by a thread:  ([mutex/lock_event])
[0x0000019ef8785600] Threads_lock - owner thread: 0x0000019effd56730
[0x0000019ef8785d50] Heap_lock - owner thread: 0x0000019ee32ec110

Heap address: 0x0000000080000000, size: 2048 MB, Compressed Oops mode: 32-bit

CDS archive(s) mapped at: [0x0000019e97000000-0x0000019e97bb0000-0x0000019e97bb0000), size 12255232, SharedBaseAddress: 0x0000019e97000000, ArchiveRelocationMode: 1.
Compressed class space mapped at: 0x0000019e98000000-0x0000019ed8000000, reserved size: 1073741824
Narrow klass base: 0x0000019e97000000, Narrow klass shift: 0, Narrow klass range: 0x100000000

GC Precious Log:
 CPUs: 10 total, 10 available
 Memory: 15751M
 Large Page Support: Disabled
 NUMA Support: Disabled
 Compressed Oops: Enabled (32-bit)
 Heap Region Size: 1M
 Heap Min Capacity: 8M
 Heap Initial Capacity: 248M
 Heap Max Capacity: 2G
 Pre-touch: Disabled
 Parallel Workers: 9
 Concurrent Workers: 2
 Concurrent Refinement Workers: 9
 Periodic GC: Disabled

Heap:
 garbage-first heap   total 253952K, used 109927K [0x0000000080000000, 0x0000000100000000)
  region size 1024K, 1 young (1024K), 1 survivors (1024K)
 Metaspace       used 109621K, committed 110656K, reserved 1179648K
  class space    used 16273K, committed 16768K, reserved 1048576K

Heap Regions: E=young(eden), S=young(survivor), O=old, HS=humongous(starts), HC=humongous(continues), CS=collection set, F=free, OA=open archive, CA=closed archive, TAMS=top-at-mark-start (previous, next)
|   0|0x0000000080000000, 0x0000000080100000, 0x0000000080100000|100%|HS|  |TAMS 0x0000000080100000, 0x0000000080000000| Complete 
|   1|0x0000000080100000, 0x0000000080200000, 0x0000000080200000|100%|HC|  |TAMS 0x0000000080200000, 0x0000000080100000| Complete 
|   2|0x0000000080200000, 0x0000000080300000, 0x0000000080300000|100%|HC|  |TAMS 0x0000000080300000, 0x0000000080200000| Complete 
|   3|0x0000000080300000, 0x0000000080400000, 0x0000000080400000|100%|HC|  |TAMS 0x0000000080400000, 0x0000000080300000| Complete 
|   4|0x0000000080400000, 0x0000000080500000, 0x0000000080500000|100%| O|  |TAMS 0x0000000080500000, 0x0000000080400000| Untracked 
|   5|0x0000000080500000, 0x0000000080600000, 0x0000000080600000|100%| O|  |TAMS 0x0000000080600000, 0x0000000080500000| Untracked 
|   6|0x0000000080600000, 0x0000000080700000, 0x0000000080700000|100%| O|  |TAMS 0x0000000080700000, 0x0000000080600000| Untracked 
|   7|0x0000000080700000, 0x0000000080800000, 0x0000000080800000|100%| O|  |TAMS 0x0000000080800000, 0x0000000080700000| Untracked 
|   8|0x0000000080800000, 0x0000000080900000, 0x0000000080900000|100%| O|  |TAMS 0x0000000080900000, 0x0000000080800000| Untracked 
|   9|0x0000000080900000, 0x0000000080a00000, 0x0000000080a00000|100%|HS|  |TAMS 0x0000000080a00000, 0x0000000080900000| Complete 
|  10|0x0000000080a00000, 0x0000000080b00000, 0x0000000080b00000|100%| O|  |TAMS 0x0000000080b00000, 0x0000000080a00000| Untracked 
|  11|0x0000000080b00000, 0x0000000080c00000, 0x0000000080c00000|100%| O|  |TAMS 0x0000000080c00000, 0x0000000080b00000| Untracked 
|  12|0x0000000080c00000, 0x0000000080d00000, 0x0000000080d00000|100%| O|  |TAMS 0x0000000080d00000, 0x0000000080c00000| Untracked 
|  13|0x0000000080d00000, 0x0000000080e00000, 0x0000000080e00000|100%| O|  |TAMS 0x0000000080d00000, 0x0000000080d00000| Untracked 
|  14|0x0000000080e00000, 0x0000000080f00000, 0x0000000080f00000|100%| O|  |TAMS 0x0000000080f00000, 0x0000000080e00000| Untracked 
|  15|0x0000000080f00000, 0x0000000081000000, 0x0000000081000000|100%| O|  |TAMS 0x0000000081000000, 0x0000000080f00000| Untracked 
|  16|0x0000000081000000, 0x0000000081100000, 0x0000000081100000|100%| O|  |TAMS 0x0000000081100000, 0x0000000081000000| Untracked 
|  17|0x0000000081100000, 0x0000000081200000, 0x0000000081200000|100%| O|  |TAMS 0x0000000081200000, 0x0000000081100000| Untracked 
|  18|0x0000000081200000, 0x0000000081300000, 0x0000000081300000|100%| O|  |TAMS 0x0000000081300000, 0x0000000081200000| Untracked 
|  19|0x0000000081300000, 0x0000000081400000, 0x0000000081400000|100%| O|  |TAMS 0x0000000081400000, 0x0000000081300000| Untracked 
|  20|0x0000000081400000, 0x0000000081500000, 0x0000000081500000|100%| O|  |TAMS 0x0000000081500000, 0x0000000081400000| Untracked 
|  21|0x0000000081500000, 0x0000000081600000, 0x0000000081600000|100%| O|  |TAMS 0x0000000081600000, 0x0000000081500000| Untracked 
|  22|0x0000000081600000, 0x0000000081700000, 0x0000000081700000|100%| O|  |TAMS 0x0000000081700000, 0x0000000081600000| Untracked 
|  23|0x0000000081700000, 0x0000000081800000, 0x0000000081800000|100%| O|  |TAMS 0x0000000081800000, 0x0000000081700000| Untracked 
|  24|0x0000000081800000, 0x0000000081900000, 0x0000000081900000|100%| O|  |TAMS 0x0000000081900000, 0x0000000081800000| Untracked 
|  25|0x0000000081900000, 0x0000000081a00000, 0x0000000081a00000|100%| O|  |TAMS 0x0000000081a00000, 0x0000000081900000| Untracked 
|  26|0x0000000081a00000, 0x0000000081b00000, 0x0000000081b00000|100%| O|  |TAMS 0x0000000081b00000, 0x0000000081a00000| Untracked 
|  27|0x0000000081b00000, 0x0000000081c00000, 0x0000000081c00000|100%| O|  |TAMS 0x0000000081c00000, 0x0000000081b00000| Untracked 
|  28|0x0000000081c00000, 0x0000000081d00000, 0x0000000081d00000|100%| O|  |TAMS 0x0000000081d00000, 0x0000000081c00000| Untracked 
|  29|0x0000000081d00000, 0x0000000081e00000, 0x0000000081e00000|100%| O|  |TAMS 0x0000000081e00000, 0x0000000081d00000| Untracked 
|  30|0x0000000081e00000, 0x0000000081f00000, 0x0000000081f00000|100%| O|  |TAMS 0x0000000081f00000, 0x0000000081e00000| Untracked 
|  31|0x0000000081f00000, 0x0000000082000000, 0x0000000082000000|100%| O|  |TAMS 0x0000000082000000, 0x0000000081f00000| Untracked 
|  32|0x0000000082000000, 0x0000000082100000, 0x0000000082100000|100%| O|  |TAMS 0x0000000082100000, 0x0000000082000000| Untracked 
|  33|0x0000000082100000, 0x0000000082200000, 0x0000000082200000|100%| O|  |TAMS 0x0000000082200000, 0x0000000082100000| Untracked 
|  34|0x0000000082200000, 0x0000000082300000, 0x0000000082300000|100%| O|  |TAMS 0x0000000082300000, 0x0000000082200000| Untracked 
|  35|0x0000000082300000, 0x0000000082400000, 0x0000000082400000|100%| O|  |TAMS 0x0000000082400000, 0x0000000082300000| Untracked 
|  36|0x0000000082400000, 0x0000000082500000, 0x0000000082500000|100%| O|  |TAMS 0x0000000082500000, 0x0000000082400000| Untracked 
|  37|0x0000000082500000, 0x0000000082600000, 0x0000000082600000|100%| O|  |TAMS 0x0000000082600000, 0x0000000082500000| Untracked 
|  38|0x0000000082600000, 0x0000000082700000, 0x0000000082700000|100%| O|  |TAMS 0x0000000082700000, 0x0000000082600000| Untracked 
|  39|0x0000000082700000, 0x0000000082800000, 0x0000000082800000|100%| O|  |TAMS 0x0000000082800000, 0x0000000082700000| Untracked 
|  40|0x0000000082800000, 0x0000000082900000, 0x0000000082900000|100%| O|  |TAMS 0x0000000082900000, 0x0000000082800000| Untracked 
|  41|0x0000000082900000, 0x0000000082a00000, 0x0000000082a00000|100%|HS|  |TAMS 0x0000000082a00000, 0x0000000082900000| Complete 
|  42|0x0000000082a00000, 0x0000000082b00000, 0x0000000082b00000|100%|HS|  |TAMS 0x0000000082b00000, 0x0000000082a00000| Complete 
|  43|0x0000000082b00000, 0x0000000082c00000, 0x0000000082c00000|100%|HS|  |TAMS 0x0000000082c00000, 0x0000000082b00000| Complete 
|  44|0x0000000082c00000, 0x0000000082d00000, 0x0000000082d00000|100%|HC|  |TAMS 0x0000000082d00000, 0x0000000082c00000| Complete 
|  45|0x0000000082d00000, 0x0000000082e00000, 0x0000000082e00000|100%|HS|  |TAMS 0x0000000082e00000, 0x0000000082d00000| Complete 
|  46|0x0000000082e00000, 0x0000000082f00000, 0x0000000082f00000|100%|HS|  |TAMS 0x0000000082f00000, 0x0000000082e00000| Complete 
|  47|0x0000000082f00000, 0x0000000082f00000, 0x0000000083000000|  0%| F|  |TAMS 0x0000000082f00000, 0x0000000082f00000| Untracked 
|  48|0x0000000083000000, 0x0000000083100000, 0x0000000083100000|100%|HS|  |TAMS 0x0000000083100000, 0x0000000083000000| Complete 
|  49|0x0000000083100000, 0x0000000083200000, 0x0000000083200000|100%| O|  |TAMS 0x0000000083200000, 0x0000000083100000| Untracked 
|  50|0x0000000083200000, 0x0000000083300000, 0x0000000083300000|100%| O|  |TAMS 0x0000000083300000, 0x0000000083200000| Untracked 
|  51|0x0000000083300000, 0x0000000083400000, 0x0000000083400000|100%| O|  |TAMS 0x0000000083400000, 0x0000000083300000| Untracked 
|  52|0x0000000083400000, 0x0000000083500000, 0x0000000083500000|100%| O|  |TAMS 0x0000000083500000, 0x0000000083400000| Untracked 
|  53|0x0000000083500000, 0x0000000083600000, 0x0000000083600000|100%| O|  |TAMS 0x0000000083600000, 0x0000000083500000| Untracked 
|  54|0x0000000083600000, 0x0000000083700000, 0x0000000083700000|100%|HS|  |TAMS 0x0000000083700000, 0x0000000083600000| Complete 
|  55|0x0000000083700000, 0x0000000083800000, 0x0000000083800000|100%| O|  |TAMS 0x0000000083800000, 0x0000000083700000| Untracked 
|  56|0x0000000083800000, 0x0000000083900000, 0x0000000083900000|100%| O|  |TAMS 0x0000000083900000, 0x0000000083800000| Untracked 
|  57|0x0000000083900000, 0x0000000083a00000, 0x0000000083a00000|100%| O|  |TAMS 0x0000000083a00000, 0x0000000083900000| Untracked 
|  58|0x0000000083a00000, 0x0000000083b00000, 0x0000000083b00000|100%|HS|  |TAMS 0x0000000083b00000, 0x0000000083a00000| Complete 
|  59|0x0000000083b00000, 0x0000000083c00000, 0x0000000083c00000|100%|HC|  |TAMS 0x0000000083c00000, 0x0000000083b00000| Complete 
|  60|0x0000000083c00000, 0x0000000083d00000, 0x0000000083d00000|100%| O|  |TAMS 0x0000000083d00000, 0x0000000083c00000| Untracked 
|  61|0x0000000083d00000, 0x0000000083e00000, 0x0000000083e00000|100%| O|  |TAMS 0x0000000083e00000, 0x0000000083d00000| Untracked 
|  62|0x0000000083e00000, 0x0000000083f00000, 0x0000000083f00000|100%| O|  |TAMS 0x0000000083f00000, 0x0000000083e00000| Untracked 
|  63|0x0000000083f00000, 0x0000000084000000, 0x0000000084000000|100%| O|  |TAMS 0x0000000084000000, 0x0000000083f00000| Untracked 
|  64|0x0000000084000000, 0x0000000084100000, 0x0000000084100000|100%| O|  |TAMS 0x0000000084100000, 0x0000000084000000| Untracked 
|  65|0x0000000084100000, 0x0000000084200000, 0x0000000084200000|100%| O|  |TAMS 0x0000000084200000, 0x0000000084100000| Untracked 
|  66|0x0000000084200000, 0x0000000084300000, 0x0000000084300000|100%|HS|  |TAMS 0x0000000084300000, 0x0000000084200000| Complete 
|  67|0x0000000084300000, 0x0000000084400000, 0x0000000084400000|100%| O|  |TAMS 0x0000000084400000, 0x0000000084300000| Untracked 
|  68|0x0000000084400000, 0x0000000084500000, 0x0000000084500000|100%| O|  |TAMS 0x0000000084500000, 0x0000000084400000| Untracked 
|  69|0x0000000084500000, 0x0000000084600000, 0x0000000084600000|100%| O|  |TAMS 0x0000000084600000, 0x0000000084500000| Untracked 
|  70|0x0000000084600000, 0x0000000084700000, 0x0000000084700000|100%| O|  |TAMS 0x0000000084700000, 0x0000000084600000| Untracked 
|  71|0x0000000084700000, 0x0000000084800000, 0x0000000084800000|100%| O|  |TAMS 0x0000000084800000, 0x0000000084700000| Untracked 
|  72|0x0000000084800000, 0x0000000084900000, 0x0000000084900000|100%| O|  |TAMS 0x0000000084900000, 0x0000000084800000| Untracked 
|  73|0x0000000084900000, 0x0000000084a00000, 0x0000000084a00000|100%| O|  |TAMS 0x0000000084a00000, 0x0000000084900000| Untracked 
|  74|0x0000000084a00000, 0x0000000084b00000, 0x0000000084b00000|100%| O|  |TAMS 0x0000000084b00000, 0x0000000084a00000| Untracked 
|  75|0x0000000084b00000, 0x0000000084c00000, 0x0000000084c00000|100%| O|  |TAMS 0x0000000084c00000, 0x0000000084b00000| Untracked 
|  76|0x0000000084c00000, 0x0000000084d00000, 0x0000000084d00000|100%| O|  |TAMS 0x0000000084d00000, 0x0000000084c00000| Untracked 
|  77|0x0000000084d00000, 0x0000000084e00000, 0x0000000084e00000|100%| O|  |TAMS 0x0000000084e00000, 0x0000000084d00000| Untracked 
|  78|0x0000000084e00000, 0x0000000084f00000, 0x0000000084f00000|100%| O|  |TAMS 0x0000000084f00000, 0x0000000084e00000| Untracked 
|  79|0x0000000084f00000, 0x0000000085000000, 0x0000000085000000|100%| O|  |TAMS 0x0000000085000000, 0x0000000084f00000| Untracked 
|  80|0x0000000085000000, 0x0000000085100000, 0x0000000085100000|100%| O|  |TAMS 0x0000000085100000, 0x0000000085000000| Untracked 
|  81|0x0000000085100000, 0x0000000085200000, 0x0000000085200000|100%| O|  |TAMS 0x0000000085200000, 0x0000000085100000| Untracked 
|  82|0x0000000085200000, 0x0000000085300000, 0x0000000085300000|100%| O|  |TAMS 0x0000000085300000, 0x0000000085200000| Untracked 
|  83|0x0000000085300000, 0x0000000085400000, 0x0000000085400000|100%| O|  |TAMS 0x0000000085400000, 0x0000000085300000| Untracked 
|  84|0x0000000085400000, 0x0000000085500000, 0x0000000085500000|100%| O|  |TAMS 0x0000000085500000, 0x0000000085400000| Untracked 
|  85|0x0000000085500000, 0x0000000085600000, 0x0000000085600000|100%| O|  |TAMS 0x0000000085600000, 0x0000000085500000| Untracked 
|  86|0x0000000085600000, 0x0000000085700000, 0x0000000085700000|100%| O|  |TAMS 0x0000000085700000, 0x0000000085600000| Untracked 
|  87|0x0000000085700000, 0x0000000085800000, 0x0000000085800000|100%| O|  |TAMS 0x0000000085800000, 0x0000000085700000| Untracked 
|  88|0x0000000085800000, 0x0000000085900000, 0x0000000085900000|100%| O|  |TAMS 0x0000000085900000, 0x0000000085800000| Untracked 
|  89|0x0000000085900000, 0x0000000085a00000, 0x0000000085a00000|100%| O|  |TAMS 0x0000000085a00000, 0x0000000085900000| Untracked 
|  90|0x0000000085a00000, 0x0000000085b00000, 0x0000000085b00000|100%| O|  |TAMS 0x0000000085b00000, 0x0000000085a00000| Untracked 
|  91|0x0000000085b00000, 0x0000000085c00000, 0x0000000085c00000|100%| O|  |TAMS 0x0000000085c00000, 0x0000000085b00000| Untracked 
|  92|0x0000000085c00000, 0x0000000085d00000, 0x0000000085d00000|100%| O|  |TAMS 0x0000000085d00000, 0x0000000085c00000| Untracked 
|  93|0x0000000085d00000, 0x0000000085e00000, 0x0000000085e00000|100%| O|  |TAMS 0x0000000085e00000, 0x0000000085d00000| Untracked 
|  94|0x0000000085e00000, 0x0000000085f00000, 0x0000000085f00000|100%| O|  |TAMS 0x0000000085f00000, 0x0000000085e00000| Untracked 
|  95|0x0000000085f00000, 0x0000000086000000, 0x0000000086000000|100%| O|  |TAMS 0x0000000086000000, 0x0000000085f00000| Untracked 
|  96|0x0000000086000000, 0x0000000086100000, 0x0000000086100000|100%| O|  |TAMS 0x0000000086100000, 0x0000000086000000| Untracked 
|  97|0x0000000086100000, 0x0000000086200000, 0x0000000086200000|100%| O|  |TAMS 0x0000000086200000, 0x0000000086100000| Untracked 
|  98|0x0000000086200000, 0x0000000086300000, 0x0000000086300000|100%| O|  |TAMS 0x00000000862a3e00, 0x0000000086200000| Untracked 
|  99|0x0000000086300000, 0x0000000086400000, 0x0000000086400000|100%| O|  |TAMS 0x0000000086300000, 0x0000000086300000| Untracked 
| 100|0x0000000086400000, 0x0000000086500000, 0x0000000086500000|100%| O|  |TAMS 0x0000000086400000, 0x0000000086400000| Untracked 
| 101|0x0000000086500000, 0x0000000086600000, 0x0000000086600000|100%| O|  |TAMS 0x0000000086500000, 0x0000000086500000| Untracked 
| 102|0x0000000086600000, 0x0000000086700000, 0x0000000086700000|100%| O|  |TAMS 0x0000000086600000, 0x0000000086600000| Untracked 
| 103|0x0000000086700000, 0x0000000086800000, 0x0000000086800000|100%| O|  |TAMS 0x0000000086700000, 0x0000000086700000| Untracked 
| 104|0x0000000086800000, 0x0000000086900000, 0x0000000086900000|100%| O|  |TAMS 0x0000000086800000, 0x0000000086800000| Untracked 
| 105|0x0000000086900000, 0x0000000086a00000, 0x0000000086a00000|100%| O|  |TAMS 0x0000000086900000, 0x0000000086900000| Untracked 
| 106|0x0000000086a00000, 0x0000000086b00000, 0x0000000086b00000|100%| O|  |TAMS 0x0000000086a00000, 0x0000000086a00000| Untracked 
| 107|0x0000000086b00000, 0x0000000086b9ce00, 0x0000000086c00000| 61%| O|  |TAMS 0x0000000086b00000, 0x0000000086b00000| Untracked 
| 108|0x0000000086c00000, 0x0000000086c00000, 0x0000000086d00000|  0%| F|  |TAMS 0x0000000086c00000, 0x0000000086c00000| Untracked 
| 109|0x0000000086d00000, 0x0000000086d00000, 0x0000000086e00000|  0%| F|  |TAMS 0x0000000086d00000, 0x0000000086d00000| Untracked 
| 110|0x0000000086e00000, 0x0000000086e00000, 0x0000000086f00000|  0%| F|  |TAMS 0x0000000086e00000, 0x0000000086e00000| Untracked 
| 111|0x0000000086f00000, 0x0000000086f00000, 0x0000000087000000|  0%| F|  |TAMS 0x0000000086f00000, 0x0000000086f00000| Untracked 
| 112|0x0000000087000000, 0x0000000087000000, 0x0000000087100000|  0%| F|  |TAMS 0x0000000087000000, 0x0000000087000000| Untracked 
| 113|0x0000000087100000, 0x0000000087100000, 0x0000000087200000|  0%| F|  |TAMS 0x0000000087100000, 0x0000000087100000| Untracked 
| 114|0x0000000087200000, 0x0000000087200000, 0x0000000087300000|  0%| F|  |TAMS 0x0000000087200000, 0x0000000087200000| Untracked 
| 115|0x0000000087300000, 0x0000000087300000, 0x0000000087400000|  0%| F|  |TAMS 0x0000000087300000, 0x0000000087300000| Untracked 
| 116|0x0000000087400000, 0x0000000087400000, 0x0000000087500000|  0%| F|  |TAMS 0x0000000087400000, 0x0000000087400000| Untracked 
| 117|0x0000000087500000, 0x0000000087500000, 0x0000000087600000|  0%| F|  |TAMS 0x0000000087500000, 0x0000000087500000| Untracked 
| 118|0x0000000087600000, 0x0000000087600000, 0x0000000087700000|  0%| F|  |TAMS 0x0000000087600000, 0x0000000087600000| Untracked 
| 119|0x0000000087700000, 0x0000000087700000, 0x0000000087800000|  0%| F|  |TAMS 0x0000000087700000, 0x0000000087700000| Untracked 
| 120|0x0000000087800000, 0x0000000087800000, 0x0000000087900000|  0%| F|  |TAMS 0x0000000087800000, 0x0000000087800000| Untracked 
| 121|0x0000000087900000, 0x0000000087900000, 0x0000000087a00000|  0%| F|  |TAMS 0x0000000087900000, 0x0000000087900000| Untracked 
| 122|0x0000000087a00000, 0x0000000087a00000, 0x0000000087b00000|  0%| F|  |TAMS 0x0000000087a00000, 0x0000000087a00000| Untracked 
| 123|0x0000000087b00000, 0x0000000087b00000, 0x0000000087c00000|  0%| F|  |TAMS 0x0000000087b00000, 0x0000000087b00000| Untracked 
| 124|0x0000000087c00000, 0x0000000087c00000, 0x0000000087d00000|  0%| F|  |TAMS 0x0000000087c00000, 0x0000000087c00000| Untracked 
| 125|0x0000000087d00000, 0x0000000087d00000, 0x0000000087e00000|  0%| F|  |TAMS 0x0000000087d00000, 0x0000000087d00000| Untracked 
| 126|0x0000000087e00000, 0x0000000087e00000, 0x0000000087f00000|  0%| F|  |TAMS 0x0000000087e00000, 0x0000000087e00000| Untracked 
| 127|0x0000000087f00000, 0x0000000087f00000, 0x0000000088000000|  0%| F|  |TAMS 0x0000000087f00000, 0x0000000087f00000| Untracked 
| 128|0x0000000088000000, 0x0000000088000000, 0x0000000088100000|  0%| F|  |TAMS 0x0000000088000000, 0x0000000088000000| Untracked 
| 129|0x0000000088100000, 0x0000000088100000, 0x0000000088200000|  0%| F|  |TAMS 0x0000000088100000, 0x0000000088100000| Untracked 
| 130|0x0000000088200000, 0x0000000088200000, 0x0000000088300000|  0%| F|  |TAMS 0x0000000088200000, 0x0000000088200000| Untracked 
| 131|0x0000000088300000, 0x0000000088300000, 0x0000000088400000|  0%| F|  |TAMS 0x0000000088300000, 0x0000000088300000| Untracked 
| 132|0x0000000088400000, 0x0000000088400000, 0x0000000088500000|  0%| F|  |TAMS 0x0000000088400000, 0x0000000088400000| Untracked 
| 133|0x0000000088500000, 0x0000000088500000, 0x0000000088600000|  0%| F|  |TAMS 0x0000000088500000, 0x0000000088500000| Untracked 
| 134|0x0000000088600000, 0x0000000088600000, 0x0000000088700000|  0%| F|  |TAMS 0x0000000088600000, 0x0000000088600000| Untracked 
| 135|0x0000000088700000, 0x0000000088700000, 0x0000000088800000|  0%| F|  |TAMS 0x0000000088700000, 0x0000000088700000| Untracked 
| 136|0x0000000088800000, 0x0000000088800000, 0x0000000088900000|  0%| F|  |TAMS 0x0000000088800000, 0x0000000088800000| Untracked 
| 137|0x0000000088900000, 0x0000000088900000, 0x0000000088a00000|  0%| F|  |TAMS 0x0000000088900000, 0x0000000088900000| Untracked 
| 138|0x0000000088a00000, 0x0000000088a00000, 0x0000000088b00000|  0%| F|  |TAMS 0x0000000088a00000, 0x0000000088a00000| Untracked 
| 139|0x0000000088b00000, 0x0000000088b00000, 0x0000000088c00000|  0%| F|  |TAMS 0x0000000088b00000, 0x0000000088b00000| Untracked 
| 140|0x0000000088c00000, 0x0000000088c00000, 0x0000000088d00000|  0%| F|  |TAMS 0x0000000088c00000, 0x0000000088c00000| Untracked 
| 141|0x0000000088d00000, 0x0000000088d00000, 0x0000000088e00000|  0%| F|  |TAMS 0x0000000088d00000, 0x0000000088d00000| Untracked 
| 142|0x0000000088e00000, 0x0000000088e00000, 0x0000000088f00000|  0%| F|  |TAMS 0x0000000088e00000, 0x0000000088e00000| Untracked 
| 143|0x0000000088f00000, 0x0000000088f00000, 0x0000000089000000|  0%| F|  |TAMS 0x0000000088f00000, 0x0000000088f00000| Untracked 
| 144|0x0000000089000000, 0x0000000089000000, 0x0000000089100000|  0%| F|  |TAMS 0x0000000089000000, 0x0000000089000000| Untracked 
| 145|0x0000000089100000, 0x0000000089100000, 0x0000000089200000|  0%| F|  |TAMS 0x0000000089100000, 0x0000000089100000| Untracked 
| 146|0x0000000089200000, 0x0000000089200000, 0x0000000089300000|  0%| F|  |TAMS 0x0000000089200000, 0x0000000089200000| Untracked 
| 147|0x0000000089300000, 0x0000000089300000, 0x0000000089400000|  0%| F|  |TAMS 0x0000000089300000, 0x0000000089300000| Untracked 
| 148|0x0000000089400000, 0x0000000089400000, 0x0000000089500000|  0%| F|  |TAMS 0x0000000089400000, 0x0000000089400000| Untracked 
| 149|0x0000000089500000, 0x0000000089500000, 0x0000000089600000|  0%| F|  |TAMS 0x0000000089500000, 0x0000000089500000| Untracked 
| 150|0x0000000089600000, 0x0000000089600000, 0x0000000089700000|  0%| F|  |TAMS 0x0000000089600000, 0x0000000089600000| Untracked 
| 151|0x0000000089700000, 0x0000000089700000, 0x0000000089800000|  0%| F|  |TAMS 0x0000000089700000, 0x0000000089700000| Untracked 
| 152|0x0000000089800000, 0x0000000089800000, 0x0000000089900000|  0%| F|  |TAMS 0x0000000089800000, 0x0000000089800000| Untracked 
| 153|0x0000000089900000, 0x0000000089900000, 0x0000000089a00000|  0%| F|  |TAMS 0x0000000089900000, 0x0000000089900000| Untracked 
| 154|0x0000000089a00000, 0x0000000089a00000, 0x0000000089b00000|  0%| F|  |TAMS 0x0000000089a00000, 0x0000000089a00000| Untracked 
| 155|0x0000000089b00000, 0x0000000089b00000, 0x0000000089c00000|  0%| F|  |TAMS 0x0000000089b00000, 0x0000000089b00000| Untracked 
| 156|0x0000000089c00000, 0x0000000089c00000, 0x0000000089d00000|  0%| F|  |TAMS 0x0000000089c00000, 0x0000000089c00000| Untracked 
| 157|0x0000000089d00000, 0x0000000089d00000, 0x0000000089e00000|  0%| F|  |TAMS 0x0000000089d00000, 0x0000000089d00000| Untracked 
| 158|0x0000000089e00000, 0x0000000089e00000, 0x0000000089f00000|  0%| F|  |TAMS 0x0000000089e00000, 0x0000000089e00000| Untracked 
| 159|0x0000000089f00000, 0x0000000089f00000, 0x000000008a000000|  0%| F|  |TAMS 0x0000000089f00000, 0x0000000089f00000| Untracked 
| 160|0x000000008a000000, 0x000000008a000000, 0x000000008a100000|  0%| F|  |TAMS 0x000000008a000000, 0x000000008a000000| Untracked 
| 161|0x000000008a100000, 0x000000008a100000, 0x000000008a200000|  0%| F|  |TAMS 0x000000008a100000, 0x000000008a100000| Untracked 
| 162|0x000000008a200000, 0x000000008a200000, 0x000000008a300000|  0%| F|  |TAMS 0x000000008a200000, 0x000000008a200000| Untracked 
| 163|0x000000008a300000, 0x000000008a300000, 0x000000008a400000|  0%| F|  |TAMS 0x000000008a300000, 0x000000008a300000| Untracked 
| 164|0x000000008a400000, 0x000000008a400000, 0x000000008a500000|  0%| F|  |TAMS 0x000000008a400000, 0x000000008a400000| Untracked 
| 165|0x000000008a500000, 0x000000008a500000, 0x000000008a600000|  0%| F|  |TAMS 0x000000008a500000, 0x000000008a500000| Untracked 
| 166|0x000000008a600000, 0x000000008a600000, 0x000000008a700000|  0%| F|  |TAMS 0x000000008a600000, 0x000000008a600000| Untracked 
| 167|0x000000008a700000, 0x000000008a700000, 0x000000008a800000|  0%| F|  |TAMS 0x000000008a700000, 0x000000008a700000| Untracked 
| 168|0x000000008a800000, 0x000000008a800000, 0x000000008a900000|  0%| F|  |TAMS 0x000000008a800000, 0x000000008a800000| Untracked 
| 169|0x000000008a900000, 0x000000008a900000, 0x000000008aa00000|  0%| F|  |TAMS 0x000000008a900000, 0x000000008a900000| Untracked 
| 170|0x000000008aa00000, 0x000000008aa00000, 0x000000008ab00000|  0%| F|  |TAMS 0x000000008aa00000, 0x000000008aa00000| Untracked 
| 171|0x000000008ab00000, 0x000000008ab00000, 0x000000008ac00000|  0%| F|  |TAMS 0x000000008ab00000, 0x000000008ab00000| Untracked 
| 172|0x000000008ac00000, 0x000000008ac00000, 0x000000008ad00000|  0%| F|  |TAMS 0x000000008ac00000, 0x000000008ac00000| Untracked 
| 173|0x000000008ad00000, 0x000000008ad00000, 0x000000008ae00000|  0%| F|  |TAMS 0x000000008ad00000, 0x000000008ad00000| Untracked 
| 174|0x000000008ae00000, 0x000000008ae00000, 0x000000008af00000|  0%| F|  |TAMS 0x000000008ae00000, 0x000000008ae00000| Untracked 
| 175|0x000000008af00000, 0x000000008af00000, 0x000000008b000000|  0%| F|  |TAMS 0x000000008af00000, 0x000000008af00000| Untracked 
| 176|0x000000008b000000, 0x000000008b000000, 0x000000008b100000|  0%| F|  |TAMS 0x000000008b000000, 0x000000008b000000| Untracked 
| 177|0x000000008b100000, 0x000000008b100000, 0x000000008b200000|  0%| F|  |TAMS 0x000000008b100000, 0x000000008b100000| Untracked 
| 178|0x000000008b200000, 0x000000008b200000, 0x000000008b300000|  0%| F|  |TAMS 0x000000008b200000, 0x000000008b200000| Untracked 
| 179|0x000000008b300000, 0x000000008b300000, 0x000000008b400000|  0%| F|  |TAMS 0x000000008b300000, 0x000000008b300000| Untracked 
| 180|0x000000008b400000, 0x000000008b400000, 0x000000008b500000|  0%| F|  |TAMS 0x000000008b400000, 0x000000008b400000| Untracked 
| 181|0x000000008b500000, 0x000000008b500000, 0x000000008b600000|  0%| F|  |TAMS 0x000000008b500000, 0x000000008b500000| Untracked 
| 182|0x000000008b600000, 0x000000008b600000, 0x000000008b700000|  0%| F|  |TAMS 0x000000008b600000, 0x000000008b600000| Untracked 
| 183|0x000000008b700000, 0x000000008b700000, 0x000000008b800000|  0%| F|  |TAMS 0x000000008b700000, 0x000000008b700000| Untracked 
| 184|0x000000008b800000, 0x000000008b800000, 0x000000008b900000|  0%| F|  |TAMS 0x000000008b800000, 0x000000008b800000| Untracked 
| 185|0x000000008b900000, 0x000000008b900000, 0x000000008ba00000|  0%| F|  |TAMS 0x000000008b900000, 0x000000008b900000| Untracked 
| 186|0x000000008ba00000, 0x000000008ba00000, 0x000000008bb00000|  0%| F|  |TAMS 0x000000008ba00000, 0x000000008ba00000| Untracked 
| 187|0x000000008bb00000, 0x000000008bb00000, 0x000000008bc00000|  0%| F|  |TAMS 0x000000008bb00000, 0x000000008bb00000| Untracked 
| 188|0x000000008bc00000, 0x000000008bc00000, 0x000000008bd00000|  0%| F|  |TAMS 0x000000008bc00000, 0x000000008bc00000| Untracked 
| 189|0x000000008bd00000, 0x000000008bdbcfc0, 0x000000008be00000| 73%| S|CS|TAMS 0x000000008bd00000, 0x000000008bd00000| Complete 
| 190|0x000000008be00000, 0x000000008be00000, 0x000000008bf00000|  0%| F|  |TAMS 0x000000008be00000, 0x000000008be00000| Untracked 
| 191|0x000000008bf00000, 0x000000008bf00000, 0x000000008c000000|  0%| F|  |TAMS 0x000000008bf00000, 0x000000008bf00000| Untracked 
| 192|0x000000008c000000, 0x000000008c000000, 0x000000008c100000|  0%| F|  |TAMS 0x000000008c000000, 0x000000008c000000| Untracked 
| 193|0x000000008c100000, 0x000000008c100000, 0x000000008c200000|  0%| F|  |TAMS 0x000000008c100000, 0x000000008c100000| Untracked 
| 194|0x000000008c200000, 0x000000008c200000, 0x000000008c300000|  0%| F|  |TAMS 0x000000008c200000, 0x000000008c200000| Untracked 
| 195|0x000000008c300000, 0x000000008c300000, 0x000000008c400000|  0%| F|  |TAMS 0x000000008c300000, 0x000000008c300000| Untracked 
| 196|0x000000008c400000, 0x000000008c400000, 0x000000008c500000|  0%| F|  |TAMS 0x000000008c400000, 0x000000008c400000| Untracked 
| 197|0x000000008c500000, 0x000000008c500000, 0x000000008c600000|  0%| F|  |TAMS 0x000000008c500000, 0x000000008c500000| Untracked 
| 198|0x000000008c600000, 0x000000008c600000, 0x000000008c700000|  0%| F|  |TAMS 0x000000008c600000, 0x000000008c600000| Untracked 
| 199|0x000000008c700000, 0x000000008c700000, 0x000000008c800000|  0%| F|  |TAMS 0x000000008c700000, 0x000000008c700000| Untracked 
| 200|0x000000008c800000, 0x000000008c800000, 0x000000008c900000|  0%| F|  |TAMS 0x000000008c800000, 0x000000008c800000| Untracked 
| 201|0x000000008c900000, 0x000000008c900000, 0x000000008ca00000|  0%| F|  |TAMS 0x000000008c900000, 0x000000008c900000| Untracked 
| 202|0x000000008ca00000, 0x000000008ca00000, 0x000000008cb00000|  0%| F|  |TAMS 0x000000008ca00000, 0x000000008ca00000| Untracked 
| 203|0x000000008cb00000, 0x000000008cb00000, 0x000000008cc00000|  0%| F|  |TAMS 0x000000008cb00000, 0x000000008cb00000| Untracked 
| 204|0x000000008cc00000, 0x000000008cc00000, 0x000000008cd00000|  0%| F|  |TAMS 0x000000008cc00000, 0x000000008cc00000| Untracked 
| 205|0x000000008cd00000, 0x000000008cd00000, 0x000000008ce00000|  0%| F|  |TAMS 0x000000008cd00000, 0x000000008cd00000| Untracked 
| 206|0x000000008ce00000, 0x000000008ce00000, 0x000000008cf00000|  0%| F|  |TAMS 0x000000008ce00000, 0x000000008ce00000| Untracked 
| 207|0x000000008cf00000, 0x000000008cf00000, 0x000000008d000000|  0%| F|  |TAMS 0x000000008cf00000, 0x000000008cf00000| Untracked 
| 208|0x000000008d000000, 0x000000008d000000, 0x000000008d100000|  0%| F|  |TAMS 0x000000008d000000, 0x000000008d000000| Untracked 
| 209|0x000000008d100000, 0x000000008d100000, 0x000000008d200000|  0%| F|  |TAMS 0x000000008d100000, 0x000000008d100000| Untracked 
| 210|0x000000008d200000, 0x000000008d200000, 0x000000008d300000|  0%| F|  |TAMS 0x000000008d200000, 0x000000008d200000| Untracked 
| 211|0x000000008d300000, 0x000000008d300000, 0x000000008d400000|  0%| F|  |TAMS 0x000000008d300000, 0x000000008d300000| Untracked 
| 212|0x000000008d400000, 0x000000008d400000, 0x000000008d500000|  0%| F|  |TAMS 0x000000008d400000, 0x000000008d400000| Untracked 
| 213|0x000000008d500000, 0x000000008d500000, 0x000000008d600000|  0%| F|  |TAMS 0x000000008d500000, 0x000000008d500000| Untracked 
| 214|0x000000008d600000, 0x000000008d600000, 0x000000008d700000|  0%| F|  |TAMS 0x000000008d600000, 0x000000008d600000| Untracked 
| 215|0x000000008d700000, 0x000000008d700000, 0x000000008d800000|  0%| F|  |TAMS 0x000000008d700000, 0x000000008d700000| Untracked 
| 216|0x000000008d800000, 0x000000008d800000, 0x000000008d900000|  0%| F|  |TAMS 0x000000008d800000, 0x000000008d800000| Untracked 
| 217|0x000000008d900000, 0x000000008d900000, 0x000000008da00000|  0%| F|  |TAMS 0x000000008d900000, 0x000000008d900000| Untracked 
| 218|0x000000008da00000, 0x000000008da00000, 0x000000008db00000|  0%| F|  |TAMS 0x000000008da00000, 0x000000008da00000| Untracked 
| 219|0x000000008db00000, 0x000000008db00000, 0x000000008dc00000|  0%| F|  |TAMS 0x000000008db00000, 0x000000008db00000| Untracked 
| 220|0x000000008dc00000, 0x000000008dc00000, 0x000000008dd00000|  0%| F|  |TAMS 0x000000008dc00000, 0x000000008dc00000| Untracked 
| 221|0x000000008dd00000, 0x000000008dd00000, 0x000000008de00000|  0%| F|  |TAMS 0x000000008dd00000, 0x000000008dd00000| Untracked 
| 222|0x000000008de00000, 0x000000008de00000, 0x000000008df00000|  0%| F|  |TAMS 0x000000008de00000, 0x000000008de00000| Untracked 
| 223|0x000000008df00000, 0x000000008df00000, 0x000000008e000000|  0%| F|  |TAMS 0x000000008df00000, 0x000000008df00000| Untracked 
| 224|0x000000008e000000, 0x000000008e000000, 0x000000008e100000|  0%| F|  |TAMS 0x000000008e000000, 0x000000008e000000| Untracked 
| 225|0x000000008e100000, 0x000000008e100000, 0x000000008e200000|  0%| F|  |TAMS 0x000000008e100000, 0x000000008e100000| Untracked 
| 226|0x000000008e200000, 0x000000008e200000, 0x000000008e300000|  0%| F|  |TAMS 0x000000008e200000, 0x000000008e200000| Untracked 
| 227|0x000000008e300000, 0x000000008e300000, 0x000000008e400000|  0%| F|  |TAMS 0x000000008e300000, 0x000000008e300000| Untracked 
| 228|0x000000008e400000, 0x000000008e400000, 0x000000008e500000|  0%| F|  |TAMS 0x000000008e400000, 0x000000008e400000| Untracked 
| 229|0x000000008e500000, 0x000000008e500000, 0x000000008e600000|  0%| F|  |TAMS 0x000000008e500000, 0x000000008e500000| Untracked 
| 230|0x000000008e600000, 0x000000008e600000, 0x000000008e700000|  0%| F|  |TAMS 0x000000008e600000, 0x000000008e600000| Untracked 
| 231|0x000000008e700000, 0x000000008e700000, 0x000000008e800000|  0%| F|  |TAMS 0x000000008e700000, 0x000000008e700000| Untracked 
| 232|0x000000008e800000, 0x000000008e800000, 0x000000008e900000|  0%| F|  |TAMS 0x000000008e800000, 0x000000008e800000| Untracked 
| 233|0x000000008e900000, 0x000000008e900000, 0x000000008ea00000|  0%| F|  |TAMS 0x000000008e900000, 0x000000008e900000| Untracked 
| 234|0x000000008ea00000, 0x000000008ea00000, 0x000000008eb00000|  0%| F|  |TAMS 0x000000008ea00000, 0x000000008ea00000| Untracked 
| 235|0x000000008eb00000, 0x000000008eb00000, 0x000000008ec00000|  0%| F|  |TAMS 0x000000008eb00000, 0x000000008eb00000| Untracked 
| 236|0x000000008ec00000, 0x000000008ec00000, 0x000000008ed00000|  0%| F|  |TAMS 0x000000008ec00000, 0x000000008ec00000| Untracked 
| 237|0x000000008ed00000, 0x000000008ed00000, 0x000000008ee00000|  0%| F|  |TAMS 0x000000008ed00000, 0x000000008ed00000| Untracked 
| 238|0x000000008ee00000, 0x000000008ee00000, 0x000000008ef00000|  0%| F|  |TAMS 0x000000008ee00000, 0x000000008ee00000| Untracked 
| 239|0x000000008ef00000, 0x000000008ef00000, 0x000000008f000000|  0%| F|  |TAMS 0x000000008ef00000, 0x000000008ef00000| Untracked 
| 240|0x000000008f000000, 0x000000008f000000, 0x000000008f100000|  0%| F|  |TAMS 0x000000008f000000, 0x000000008f000000| Untracked 
| 241|0x000000008f100000, 0x000000008f100000, 0x000000008f200000|  0%| F|  |TAMS 0x000000008f100000, 0x000000008f100000| Untracked 
| 242|0x000000008f200000, 0x000000008f200000, 0x000000008f300000|  0%| F|  |TAMS 0x000000008f200000, 0x000000008f200000| Untracked 
| 243|0x000000008f300000, 0x000000008f300000, 0x000000008f400000|  0%| F|  |TAMS 0x000000008f300000, 0x000000008f300000| Untracked 
| 244|0x000000008f400000, 0x000000008f400000, 0x000000008f500000|  0%| F|  |TAMS 0x000000008f400000, 0x000000008f400000| Untracked 
| 245|0x000000008f500000, 0x000000008f500000, 0x000000008f600000|  0%| F|  |TAMS 0x000000008f500000, 0x000000008f500000| Untracked 
| 246|0x000000008f600000, 0x000000008f600000, 0x000000008f700000|  0%| F|  |TAMS 0x000000008f600000, 0x000000008f600000| Untracked 
| 247|0x000000008f700000, 0x000000008f700000, 0x000000008f800000|  0%| F|  |TAMS 0x000000008f700000, 0x000000008f700000| Untracked 

Card table byte_map: [0x0000019ef9070000,0x0000019ef9470000] _byte_map_base: 0x0000019ef8c70000

Marking Bits (Prev, Next): (CMBitMap*) 0x0000019ef87eb1a0, (CMBitMap*) 0x0000019ef87eb160
 Prev Bits: [0x0000019efb870000, 0x0000019efd870000)
 Next Bits: [0x0000019ef9870000, 0x0000019efb870000)

Polling page: 0x0000019ef6710000

Metaspace:

Usage:
  Non-class:     91.16 MB used.
      Class:     15.89 MB used.
       Both:    107.05 MB used.

Virtual space:
  Non-class space:      128.00 MB reserved,      91.69 MB ( 72%) committed,  2 nodes.
      Class space:        1.00 GB reserved,      16.38 MB (  2%) committed,  1 nodes.
             Both:        1.12 GB reserved,     108.06 MB (  9%) committed. 

Chunk freelists:
   Non-Class:  4.11 MB
       Class:  15.61 MB
        Both:  19.72 MB

MaxMetaspaceSize: unlimited
CompressedClassSpaceSize: 1.00 GB
Initial GC threshold: 21.00 MB
Current GC threshold: 171.50 MB
CDS: on
MetaspaceReclaimPolicy: balanced
 - commit_granule_bytes: 65536.
 - commit_granule_words: 8192.
 - virtual_space_node_default_size: 8388608.
 - enlarge_chunks_in_place: 1.
 - new_chunks_are_fully_committed: 0.
 - uncommit_free_chunks: 1.
 - use_allocation_guard: 0.
 - handle_deallocations: 1.


Internal statistics:

num_allocs_failed_limit: 6.
num_arena_births: 1526.
num_arena_deaths: 0.
num_vsnodes_births: 3.
num_vsnodes_deaths: 0.
num_space_committed: 1728.
num_space_uncommitted: 0.
num_chunks_returned_to_freelist: 6.
num_chunks_taken_from_freelist: 6281.
num_chunk_merges: 6.
num_chunk_splits: 4193.
num_chunks_enlarged: 2798.
num_inconsistent_stats: 0.

CodeHeap 'non-profiled nmethods': size=120000Kb used=6402Kb max_used=7220Kb free=113597Kb
 bounds [0x0000019e8f5b0000, 0x0000019e8fcc0000, 0x0000019e96ae0000]
CodeHeap 'profiled nmethods': size=120000Kb used=19397Kb max_used=19817Kb free=100602Kb
 bounds [0x0000019e87ae0000, 0x0000019e88ec0000, 0x0000019e8f010000]
CodeHeap 'non-nmethods': size=5760Kb used=1767Kb max_used=1810Kb free=3992Kb
 bounds [0x0000019e8f010000, 0x0000019e8f280000, 0x0000019e8f5b0000]
 total_blobs=11387 nmethods=10523 adapters=776
 compilation: enabled
              stopped_count=0, restarted_count=0
 full_count=0

Compilation events (20 events):
Event: 9.133 Thread 0x0000019effd779a0 nmethod 12530 0x0000019e8fa41310 code [0x0000019e8fa414a0, 0x0000019e8fa41578]
Event: 9.133 Thread 0x0000019effd779a0 12670       1       com.android.tools.r8.internal.w41::m (2 bytes)
Event: 9.134 Thread 0x0000019effd779a0 nmethod 12670 0x0000019e8fa41010 code [0x0000019e8fa411a0, 0x0000019e8fa41278]
Event: 9.134 Thread 0x0000019effd779a0 12673       1       com.android.tools.r8.internal.aa2::j (5 bytes)
Event: 9.134 Thread 0x0000019effd779a0 nmethod 12673 0x0000019e8fa40d10 code [0x0000019e8fa40ea0, 0x0000019e8fa40f78]
Event: 9.134 Thread 0x0000019effd779a0 12544       1       com.android.tools.r8.internal.pp::v (4 bytes)
Event: 9.134 Thread 0x0000019effd779a0 nmethod 12544 0x0000019e8fa40a10 code [0x0000019e8fa40ba0, 0x0000019e8fa40c78]
Event: 9.134 Thread 0x0000019effd779a0 12705       1       com.android.tools.r8.internal.zf1::size (5 bytes)
Event: 9.134 Thread 0x0000019effd779a0 nmethod 12705 0x0000019e8fa40710 code [0x0000019e8fa408a0, 0x0000019e8fa40978]
Event: 9.134 Thread 0x0000019effd779a0 12628       1       java.util.PriorityQueue::size (5 bytes)
Event: 9.134 Thread 0x0000019edebfa030 nmethod 12633 0x0000019e8fa40410 code [0x0000019e8fa405a0, 0x0000019e8fa40638]
Event: 9.134 Thread 0x0000019effd779a0 nmethod 12628 0x0000019e8fa40110 code [0x0000019e8fa402a0, 0x0000019e8fa40378]
Event: 9.134 Thread 0x0000019effd779a0 12535       1       com.android.tools.r8.internal.pl::y (2 bytes)
Event: 9.134 Thread 0x0000019edebfa030 12632       4       com.android.tools.r8.graph.z::b (8 bytes)
Event: 9.134 Thread 0x0000019effd779a0 nmethod 12535 0x0000019e8fa3fe10 code [0x0000019e8fa3ffa0, 0x0000019e8fa40078]
Event: 9.135 Thread 0x0000019effd779a0 12536       1       com.android.tools.r8.internal.pl::w (4 bytes)
Event: 9.135 Thread 0x0000019effd779a0 nmethod 12536 0x0000019e8fa3fb10 code [0x0000019e8fa3fca0, 0x0000019e8fa3fd78]
Event: 9.135 Thread 0x0000019effd779a0 12662       1       com.android.tools.r8.internal.vv::s (2 bytes)
Event: 9.135 Thread 0x0000019effd779a0 nmethod 12662 0x0000019e8fa3f810 code [0x0000019e8fa3f9a0, 0x0000019e8fa3fa78]
Event: 9.135 Thread 0x0000019effd779a0 12620       2       com.android.tools.r8.internal.bk4::a (77 bytes)

GC Heap History (20 events):
Event: 7.568 GC heap after
{Heap after GC invocations=44 (full 0):
 garbage-first heap   total 145408K, used 83529K [0x0000000080000000, 0x0000000100000000)
  region size 1024K, 4 young (4096K), 4 survivors (4096K)
 Metaspace       used 86534K, committed 87360K, reserved 1179648K
  class space    used 12230K, committed 12608K, reserved 1048576K
}
Event: 7.857 GC heap before
{Heap before GC invocations=44 (full 0):
 garbage-first heap   total 145408K, used 122441K [0x0000000080000000, 0x0000000100000000)
  region size 1024K, 42 young (43008K), 4 survivors (4096K)
 Metaspace       used 89150K, committed 90048K, reserved 1179648K
  class space    used 12663K, committed 13056K, reserved 1048576K
}
Event: 7.860 GC heap after
{Heap after GC invocations=45 (full 0):
 garbage-first heap   total 145408K, used 86404K [0x0000000080000000, 0x0000000100000000)
  region size 1024K, 5 young (5120K), 5 survivors (5120K)
 Metaspace       used 89150K, committed 90048K, reserved 1179648K
  class space    used 12663K, committed 13056K, reserved 1048576K
}
Event: 7.999 GC heap before
{Heap before GC invocations=46 (full 0):
 garbage-first heap   total 165888K, used 121220K [0x0000000080000000, 0x0000000100000000)
  region size 1024K, 40 young (40960K), 5 survivors (5120K)
 Metaspace       used 89469K, committed 90368K, reserved 1179648K
  class space    used 12701K, committed 13120K, reserved 1048576K
}
Event: 8.001 GC heap after
{Heap after GC invocations=47 (full 0):
 garbage-first heap   total 165888K, used 88047K [0x0000000080000000, 0x0000000100000000)
  region size 1024K, 2 young (2048K), 2 survivors (2048K)
 Metaspace       used 89469K, committed 90368K, reserved 1179648K
  class space    used 12701K, committed 13120K, reserved 1048576K
}
Event: 8.135 GC heap before
{Heap before GC invocations=47 (full 0):
 garbage-first heap   total 165888K, used 138223K [0x0000000080000000, 0x0000000100000000)
  region size 1024K, 52 young (53248K), 2 survivors (2048K)
 Metaspace       used 89671K, committed 90560K, reserved 1179648K
  class space    used 12711K, committed 13120K, reserved 1048576K
}
Event: 8.137 GC heap after
{Heap after GC invocations=48 (full 0):
 garbage-first heap   total 199680K, used 90042K [0x0000000080000000, 0x0000000100000000)
  region size 1024K, 4 young (4096K), 4 survivors (4096K)
 Metaspace       used 89671K, committed 90560K, reserved 1179648K
  class space    used 12711K, committed 13120K, reserved 1048576K
}
Event: 8.319 GC heap before
{Heap before GC invocations=49 (full 0):
 garbage-first heap   total 199680K, used 164794K [0x0000000080000000, 0x0000000100000000)
  region size 1024K, 78 young (79872K), 4 survivors (4096K)
 Metaspace       used 89823K, committed 90624K, reserved 1179648K
  class space    used 12721K, committed 13120K, reserved 1048576K
}
Event: 8.323 GC heap after
{Heap after GC invocations=50 (full 0):
 garbage-first heap   total 199680K, used 93545K [0x0000000080000000, 0x0000000100000000)
  region size 1024K, 8 young (8192K), 8 survivors (8192K)
 Metaspace       used 89823K, committed 90624K, reserved 1179648K
  class space    used 12721K, committed 13120K, reserved 1048576K
}
Event: 8.372 GC heap before
{Heap before GC invocations=50 (full 0):
 garbage-first heap   total 199680K, used 105833K [0x0000000080000000, 0x0000000100000000)
  region size 1024K, 20 young (20480K), 8 survivors (8192K)
 Metaspace       used 90062K, committed 90944K, reserved 1179648K
  class space    used 12766K, committed 13184K, reserved 1048576K
}
Event: 8.374 GC heap after
{Heap after GC invocations=51 (full 0):
 garbage-first heap   total 199680K, used 95714K [0x0000000080000000, 0x0000000100000000)
  region size 1024K, 4 young (4096K), 4 survivors (4096K)
 Metaspace       used 90062K, committed 90944K, reserved 1179648K
  class space    used 12766K, committed 13184K, reserved 1048576K
}
Event: 8.678 GC heap before
{Heap before GC invocations=52 (full 0):
 garbage-first heap   total 199680K, used 171490K [0x0000000080000000, 0x0000000100000000)
  region size 1024K, 74 young (75776K), 4 survivors (4096K)
 Metaspace       used 96973K, committed 97920K, reserved 1179648K
  class space    used 13757K, committed 14208K, reserved 1048576K
}
Event: 8.683 GC heap after
{Heap after GC invocations=53 (full 0):
 garbage-first heap   total 199680K, used 100254K [0x0000000080000000, 0x0000000100000000)
  region size 1024K, 10 young (10240K), 10 survivors (10240K)
 Metaspace       used 96973K, committed 97920K, reserved 1179648K
  class space    used 13757K, committed 14208K, reserved 1048576K
}
Event: 8.684 GC heap before
{Heap before GC invocations=53 (full 0):
 garbage-first heap   total 199680K, used 101278K [0x0000000080000000, 0x0000000100000000)
  region size 1024K, 11 young (11264K), 10 survivors (10240K)
 Metaspace       used 97027K, committed 97920K, reserved 1179648K
  class space    used 13758K, committed 14208K, reserved 1048576K
}
Event: 8.687 GC heap after
{Heap after GC invocations=54 (full 0):
 garbage-first heap   total 199680K, used 101550K [0x0000000080000000, 0x0000000100000000)
  region size 1024K, 2 young (2048K), 2 survivors (2048K)
 Metaspace       used 97027K, committed 97920K, reserved 1179648K
  class space    used 13758K, committed 14208K, reserved 1048576K
}
Event: 8.897 GC heap before
{Heap before GC invocations=54 (full 0):
 garbage-first heap   total 199680K, used 165038K [0x0000000080000000, 0x0000000100000000)
  region size 1024K, 65 young (66560K), 2 survivors (2048K)
 Metaspace       used 103558K, committed 104512K, reserved 1179648K
  class space    used 15037K, committed 15488K, reserved 1048576K
}
Event: 8.900 GC heap after
{Heap after GC invocations=55 (full 0):
 garbage-first heap   total 199680K, used 107122K [0x0000000080000000, 0x0000000100000000)
  region size 1024K, 7 young (7168K), 7 survivors (7168K)
 Metaspace       used 103558K, committed 104512K, reserved 1179648K
  class space    used 15037K, committed 15488K, reserved 1048576K
}
Event: 9.124 GC heap before
{Heap before GC invocations=56 (full 0):
 garbage-first heap   total 199680K, used 164466K [0x0000000080000000, 0x0000000100000000)
  region size 1024K, 64 young (65536K), 7 survivors (7168K)
 Metaspace       used 109356K, committed 110336K, reserved 1179648K
  class space    used 16233K, committed 16704K, reserved 1048576K
}
Event: 9.127 GC heap after
{Heap after GC invocations=57 (full 0):
 garbage-first heap   total 199680K, used 110249K [0x0000000080000000, 0x0000000100000000)
  region size 1024K, 4 young (4096K), 4 survivors (4096K)
 Metaspace       used 109356K, committed 110336K, reserved 1179648K
  class space    used 16233K, committed 16704K, reserved 1048576K
}
Event: 9.135 GC heap before
{Heap before GC invocations=57 (full 0):
 garbage-first heap   total 199680K, used 114345K [0x0000000080000000, 0x0000000100000000)
  region size 1024K, 9 young (9216K), 4 survivors (4096K)
 Metaspace       used 109621K, committed 110656K, reserved 1179648K
  class space    used 16273K, committed 16768K, reserved 1048576K
}

Dll operation events (15 events):
Event: 0.005 Loaded shared library C:\Users\16696\.jdks\ms-17.0.19\bin\java.dll
Event: 0.016 Loaded shared library C:\Users\16696\.jdks\ms-17.0.19\bin\jsvml.dll
Event: 0.039 Loaded shared library C:\Users\16696\.jdks\ms-17.0.19\bin\zip.dll
Event: 0.041 Loaded shared library C:\Users\16696\.jdks\ms-17.0.19\bin\instrument.dll
Event: 0.043 Loaded shared library C:\Users\16696\.jdks\ms-17.0.19\bin\net.dll
Event: 0.044 Loaded shared library C:\Users\16696\.jdks\ms-17.0.19\bin\nio.dll
Event: 0.046 Loaded shared library C:\Users\16696\.jdks\ms-17.0.19\bin\zip.dll
Event: 0.106 Loaded shared library C:\Users\16696\.jdks\ms-17.0.19\bin\jimage.dll
Event: 0.195 Loaded shared library C:\Users\16696\.jdks\ms-17.0.19\bin\verify.dll
Event: 0.210 Loaded shared library C:\Users\16696\.gradle\native\660c5614fbf4a5f2a75b1949f50a0caf5cd603558e7d8a26e50b933a0cfb79d1\windows-amd64\native-platform.dll
Event: 0.217 Loaded shared library C:\Users\16696\.gradle\native\0.2.8\x86_64-windows-gnu\gradle-fileevents.dll
Event: 0.678 Loaded shared library C:\Users\16696\.jdks\ms-17.0.19\bin\management.dll
Event: 0.679 Loaded shared library C:\Users\16696\.jdks\ms-17.0.19\bin\management_ext.dll
Event: 0.843 Loaded shared library C:\Users\16696\.jdks\ms-17.0.19\bin\extnet.dll
Event: 0.964 Loaded shared library C:\Users\16696\.jdks\ms-17.0.19\bin\sunmscapi.dll

Deoptimization events (20 events):
Event: 9.062 Thread 0x0000019ee32ecb30 Uncommon trap: trap_request=0xffffff45 fr.pc=0x0000019e8f945734 relative=0x00000000000012f4
Event: 9.062 Thread 0x0000019ee32ecb30 Uncommon trap: reason=unstable_if action=reinterpret pc=0x0000019e8f945734 method=java.util.concurrent.ConcurrentHashMap.transfer([Ljava/util/concurrent/ConcurrentHashMap$Node;[Ljava/util/concurrent/ConcurrentHashMap$Node;)V @ 172 c2
Event: 9.062 Thread 0x0000019ee32ecb30 DEOPT PACKING pc=0x0000019e8f945734 sp=0x000000235e9faec0
Event: 9.062 Thread 0x0000019ee32ec110 Uncommon trap: trap_request=0xffffff45 fr.pc=0x0000019e8f725ff0 relative=0x00000000000009f0
Event: 9.062 Thread 0x0000019ee32ecb30 DEOPT UNPACKING pc=0x0000019e8f0669a3 sp=0x000000235e9fae68 mode 2
Event: 9.062 Thread 0x0000019ee32ec110 Uncommon trap: reason=unstable_if action=reinterpret pc=0x0000019e8f725ff0 method=java.util.concurrent.ConcurrentHashMap.get(Ljava/lang/Object;)Ljava/lang/Object; @ 86 c2
Event: 9.062 Thread 0x0000019ee32ec110 DEOPT PACKING pc=0x0000019e8f725ff0 sp=0x000000235eafb2d0
Event: 9.062 Thread 0x0000019ee32ec110 DEOPT UNPACKING pc=0x0000019e8f0669a3 sp=0x000000235eafb200 mode 2
Event: 9.063 Thread 0x0000019ee32ecb30 Uncommon trap: trap_request=0xffffff45 fr.pc=0x0000019e8f697a00 relative=0x0000000000001320
Event: 9.063 Thread 0x0000019ee32ecb30 Uncommon trap: reason=unstable_if action=reinterpret pc=0x0000019e8f697a00 method=java.util.concurrent.ConcurrentHashMap.transfer([Ljava/util/concurrent/ConcurrentHashMap$Node;[Ljava/util/concurrent/ConcurrentHashMap$Node;)V @ 273 c2
Event: 9.063 Thread 0x0000019ee32ecb30 DEOPT PACKING pc=0x0000019e8f697a00 sp=0x000000235e9faef0
Event: 9.063 Thread 0x0000019ee32ecb30 DEOPT UNPACKING pc=0x0000019e8f0669a3 sp=0x000000235e9fae60 mode 2
Event: 9.063 Thread 0x0000019ee32eb6f0 Uncommon trap: trap_request=0xffffff45 fr.pc=0x0000019e8fca5b64 relative=0x00000000000007a4
Event: 9.063 Thread 0x0000019ee32eb6f0 Uncommon trap: reason=unstable_if action=reinterpret pc=0x0000019e8fca5b64 method=com.android.tools.r8.graph.k6.a([B[C)I @ 39 c2
Event: 9.063 Thread 0x0000019ee32eb6f0 DEOPT PACKING pc=0x0000019e8fca5b64 sp=0x000000235e6fc470
Event: 9.063 Thread 0x0000019ee32eb6f0 DEOPT UNPACKING pc=0x0000019e8f0669a3 sp=0x000000235e6fc3a0 mode 2
Event: 9.065 Thread 0x0000019ee32eb6f0 Uncommon trap: trap_request=0xffffff45 fr.pc=0x0000019e8fc84214 relative=0x0000000000000174
Event: 9.065 Thread 0x0000019ee32eb6f0 Uncommon trap: reason=unstable_if action=reinterpret pc=0x0000019e8fc84214 method=com.android.tools.r8.graph.k6.a([B[C)I @ 39 c2
Event: 9.065 Thread 0x0000019ee32eb6f0 DEOPT PACKING pc=0x0000019e8fc84214 sp=0x000000235e6fc410
Event: 9.065 Thread 0x0000019ee32eb6f0 DEOPT UNPACKING pc=0x0000019e8f0669a3 sp=0x000000235e6fc388 mode 2

Classes loaded (20 events):
Event: 8.556 Loading class java/util/concurrent/RejectedExecutionException
Event: 8.556 Loading class java/util/concurrent/RejectedExecutionException done
Event: 8.566 Loading class java/util/function/BooleanSupplier
Event: 8.567 Loading class java/util/function/BooleanSupplier done
Event: 8.977 Loading class java/util/IdentityHashMap$ValueIterator
Event: 8.977 Loading class java/util/IdentityHashMap$ValueIterator done
Event: 8.978 Loading class java/util/IdentityHashMap$EntrySet
Event: 8.978 Loading class java/util/IdentityHashMap$EntrySet done
Event: 8.978 Loading class java/util/IdentityHashMap$EntryIterator
Event: 8.978 Loading class java/util/IdentityHashMap$EntryIterator done
Event: 8.978 Loading class java/util/IdentityHashMap$EntryIterator$Entry
Event: 8.978 Loading class java/util/IdentityHashMap$EntryIterator$Entry done
Event: 9.063 Loading class java/util/IdentityHashMap$EntrySpliterator
Event: 9.063 Loading class java/util/IdentityHashMap$IdentityHashMapSpliterator
Event: 9.063 Loading class java/util/IdentityHashMap$IdentityHashMapSpliterator done
Event: 9.064 Loading class java/util/IdentityHashMap$EntrySpliterator done
Event: 9.066 Loading class java/util/stream/SortedOps$RefSortingSink
Event: 9.066 Loading class java/util/stream/SortedOps$RefSortingSink done
Event: 9.078 Loading class java/util/SortedSet$1
Event: 9.078 Loading class java/util/SortedSet$1 done

Classes unloaded (0 events):
No events

Classes redefined (0 events):
No events

Internal exceptions (20 events):
Event: 9.041 Thread 0x0000019ee32eacd0 Exception <a 'java/lang/NoSuchMethodError'{0x000000008a5b5cb0}: 'void java.lang.invoke.DirectMethodHandle$Holder.invokeSpecial(java.lang.Object, java.lang.Object, int, java.lang.Object)'> (0x000000008a5b5cb0) 
thrown [s\src\hotspot\share\interpreter\linkResolver.cpp, line 759]
Event: 9.042 Thread 0x0000019ee32e7a30 Exception <a 'java/lang/NoSuchMethodError'{0x000000008a57a188}: 'void java.lang.invoke.DirectMethodHandle$Holder.invokeSpecial(java.lang.Object, java.lang.Object, int, java.lang.Object)'> (0x000000008a57a188) 
thrown [s\src\hotspot\share\interpreter\linkResolver.cpp, line 759]
Event: 9.042 Thread 0x0000019ee32ed040 Exception <a 'java/lang/NoSuchMethodError'{0x000000008a464ba0}: 'void java.lang.invoke.DirectMethodHandle$Holder.invokeSpecial(java.lang.Object, java.lang.Object, int, java.lang.Object)'> (0x000000008a464ba0) 
thrown [s\src\hotspot\share\interpreter\linkResolver.cpp, line 759]
Event: 9.070 Thread 0x0000019ee32e7520 Exception <a 'java/lang/NoSuchMethodError'{0x0000000089b77b60}: 'java.lang.Object java.lang.invoke.DirectMethodHandle$Holder.invokeStaticInit(java.lang.Object, java.lang.Object, java.lang.Object, java.lang.Object)'> (0x0000000089b77b60) 
thrown [s\src\hotspot\share\interpreter\linkResolver.cpp, line 759]
Event: 9.095 Thread 0x0000019ee32eb6f0 Exception <a 'java/lang/NoSuchMethodError'{0x0000000089572500}: 'void java.lang.invoke.DirectMethodHandle$Holder.invokeVirtual(java.lang.Object, java.lang.Object, int)'> (0x0000000089572500) 
thrown [s\src\hotspot\share\interpreter\linkResolver.cpp, line 759]
Event: 9.099 Thread 0x0000019ee32ecb30 Exception <a 'java/lang/NoSuchMethodError'{0x00000000894fbc70}: 'int java.lang.invoke.DirectMethodHandle$Holder.invokeSpecial(java.lang.Object, java.lang.Object, java.lang.Object, int, java.lang.Object)'> (0x00000000894fbc70) 
thrown [s\src\hotspot\share\interpreter\linkResolver.cpp, line 759]
Event: 9.099 Thread 0x0000019ee32e7010 Exception <a 'java/lang/NoSuchMethodError'{0x00000000894929d8}: 'int java.lang.invoke.DirectMethodHandle$Holder.invokeSpecial(java.lang.Object, java.lang.Object, java.lang.Object, int, java.lang.Object)'> (0x00000000894929d8) 
thrown [s\src\hotspot\share\interpreter\linkResolver.cpp, line 759]
Event: 9.099 Thread 0x0000019ee32e7520 Exception <a 'java/lang/NoSuchMethodError'{0x00000000894843b8}: 'int java.lang.invoke.DirectMethodHandle$Holder.invokeSpecial(java.lang.Object, java.lang.Object, java.lang.Object, int, java.lang.Object)'> (0x00000000894843b8) 
thrown [s\src\hotspot\share\interpreter\linkResolver.cpp, line 759]
Event: 9.099 Thread 0x0000019ee32ed040 Exception <a 'java/lang/NoSuchMethodError'{0x000000008944ccf8}: 'int java.lang.invoke.DirectMethodHandle$Holder.invokeSpecial(java.lang.Object, java.lang.Object, java.lang.Object, int, java.lang.Object)'> (0x000000008944ccf8) 
thrown [s\src\hotspot\share\interpreter\linkResolver.cpp, line 759]
Event: 9.099 Thread 0x0000019ee32ebc00 Exception <a 'java/lang/NoSuchMethodError'{0x000000008966a8c0}: 'int java.lang.invoke.DirectMethodHandle$Holder.invokeSpecial(java.lang.Object, java.lang.Object, java.lang.Object, int, java.lang.Object)'> (0x000000008966a8c0) 
thrown [s\src\hotspot\share\interpreter\linkResolver.cpp, line 759]
Event: 9.099 Thread 0x0000019ee32eacd0 Exception <a 'java/lang/NoSuchMethodError'{0x00000000896d11d0}: 'int java.lang.invoke.DirectMethodHandle$Holder.invokeSpecial(java.lang.Object, java.lang.Object, java.lang.Object, int, java.lang.Object)'> (0x00000000896d11d0) 
thrown [s\src\hotspot\share\interpreter\linkResolver.cpp, line 759]
Event: 9.099 Thread 0x0000019ee32e7a30 Exception <a 'java/lang/NoSuchMethodError'{0x0000000089445790}: 'int java.lang.invoke.DirectMethodHandle$Holder.invokeSpecial(java.lang.Object, java.lang.Object, java.lang.Object, int, java.lang.Object)'> (0x0000000089445790) 
thrown [s\src\hotspot\share\interpreter\linkResolver.cpp, line 759]
Event: 9.100 Thread 0x0000019ee32e8450 Exception <a 'java/lang/NoSuchMethodError'{0x00000000894c88d8}: 'int java.lang.invoke.DirectMethodHandle$Holder.invokeSpecial(java.lang.Object, java.lang.Object, java.lang.Object, int, java.lang.Object)'> (0x00000000894c88d8) 
thrown [s\src\hotspot\share\interpreter\linkResolver.cpp, line 759]
Event: 9.115 Thread 0x0000019ee32e7a30 Exception <a 'java/lang/NoSuchMethodError'{0x000000008901f468}: 'java.lang.Object java.lang.invoke.DirectMethodHandle$Holder.invokeSpecial(java.lang.Object, java.lang.Object, int, java.lang.Object, java.lang.Object, java.lang.Object, java.lang.Object, java.lang.Object, java.lang.Object, java.lang.Object, java.lang.Object, java.lang.Object, java.lang.Object, java.lang.Object)'> (0x000000008901f468) 
thrown [s\src\hotspot\share\interpreter\linkResolver.cpp, line 759]
Event: 9.115 Thread 0x0000019ee32e7010 Exception <a 'java/lang/NoSuchMethodError'{0x00000000890da218}: 'java.lang.Object java.lang.invoke.DirectMethodHandle$Holder.invokeSpecial(java.lang.Object, java.lang.Object, int, java.lang.Object, java.lang.Object, java.lang.Object, java.lang.Object, java.lang.Object, java.lang.Object, java.lang.Object, java.lang.Object, java.lang.Object, java.lang.Object, java.lang.Object)'> (0x00000000890da218) 
thrown [s\src\hotspot\share\interpreter\linkResolver.cpp, line 759]
Event: 9.116 Thread 0x0000019ee32e7010 Exception <a 'java/lang/NoSuchMethodError'{0x0000000088e11390}: 'java.lang.Object java.lang.invoke.DirectMethodHandle$Holder.newInvokeSpecial(java.lang.Object, java.lang.Object, int, java.lang.Object, java.lang.Object, java.lang.Object, java.lang.Object, java.lang.Object, java.lang.Object, java.lang.Object, java.lang.Object, java.lang.Object, java.lang.Object)'> (0x0000000088e11390) 
thrown [s\src\hotspot\share\interpreter\linkResolver.cpp, line 759]
Event: 9.116 Thread 0x0000019ee32e7a30 Exception <a 'java/lang/NoSuchMethodError'{0x0000000088fec600}: 'java.lang.Object java.lang.invoke.DirectMethodHandle$Holder.invokeSpecial(java.lang.Object, java.lang.Object, java.lang.Object, int, java.lang.Object, java.lang.Object, java.lang.Object, java.lang.Object, java.lang.Object, java.lang.Object, java.lang.Object, java.lang.Object, java.lang.Object, java.lang.Object)'> (0x0000000088fec600) 
thrown [s\src\hotspot\share\interpreter\linkResolver.cpp, line 759]
Event: 9.116 Thread 0x0000019ee32e7010 Exception <a 'java/lang/NoSuchMethodError'{0x0000000088e15f68}: 'java.lang.Object java.lang.invoke.DirectMethodHandle$Holder.invokeSpecial(java.lang.Object, java.lang.Object, java.lang.Object, int, java.lang.Object, java.lang.Object, java.lang.Object, java.lang.Object, java.lang.Object, java.lang.Object, java.lang.Object, java.lang.Object, java.lang.Object, java.lang.Object)'> (0x0000000088e15f68) 
thrown [s\src\hotspot\share\interpreter\linkResolver.cpp, line 759]
Event: 9.116 Thread 0x0000019ee32e7a30 Exception <a 'java/lang/NoSuchMethodError'{0x0000000088ff0b30}: 'java.lang.Object java.lang.invoke.Invokers$Holder.linkToTargetMethod(java.lang.Object, int, java.lang.Object, java.lang.Object, java.lang.Object, java.lang.Object, java.lang.Object, java.lang.Object, java.lang.Object, java.lang.Object, java.lang.Object, java.lang.Object, java.lang.Object)'> (0x0000000088ff0b30) 
thrown [s\src\hotspot\share\interpreter\linkResolver.cpp, line 759]
Event: 9.116 Thread 0x0000019ee32e7010 Exception <a 'java/lang/NoSuchMethodError'{0x0000000088e1a498}: 'java.lang.Object java.lang.invoke.Invokers$Holder.linkToTargetMethod(java.lang.Object, int, java.lang.Object, java.lang.Object, java.lang.Object, java.lang.Object, java.lang.Object, java.lang.Object, java.lang.Object, java.lang.Object, java.lang.Object, java.lang.Object, java.lang.Object)'> (0x0000000088e1a498) 
thrown [s\src\hotspot\share\interpreter\linkResolver.cpp, line 759]

VM Operations (20 events):
Event: 8.936 Executing VM operation: G1PauseRemark done
Event: 8.944 Executing VM operation: HandshakeAllThreads
Event: 8.944 Executing VM operation: HandshakeAllThreads done
Event: 8.950 Executing VM operation: HandshakeAllThreads
Event: 8.950 Executing VM operation: HandshakeAllThreads done
Event: 8.953 Executing VM operation: G1PauseCleanup
Event: 8.953 Executing VM operation: G1PauseCleanup done
Event: 8.970 Executing VM operation: HandshakeAllThreads
Event: 8.970 Executing VM operation: HandshakeAllThreads done
Event: 8.998 Executing VM operation: HandshakeAllThreads
Event: 8.998 Executing VM operation: HandshakeAllThreads done
Event: 9.079 Executing VM operation: HandshakeAllThreads
Event: 9.079 Executing VM operation: HandshakeAllThreads done
Event: 9.114 Executing VM operation: HandshakeAllThreads
Event: 9.114 Executing VM operation: HandshakeAllThreads done
Event: 9.124 Executing VM operation: G1CollectForAllocation
Event: 9.124 Executing VM operation: G1CollectForAllocation done
Event: 9.124 Executing VM operation: G1CollectForAllocation
Event: 9.127 Executing VM operation: G1CollectForAllocation done
Event: 9.135 Executing VM operation: G1CollectForAllocation

Memory protections (0 events):
No events

Nmethod flushes (20 events):
Event: 8.802 Thread 0x0000019ed8089fe0 flushing  nmethod 0x0000019e88dc9690
Event: 8.802 Thread 0x0000019ed8089fe0 flushing  nmethod 0x0000019e88dc9b90
Event: 8.802 Thread 0x0000019ed8089fe0 flushing  nmethod 0x0000019e88dcaf10
Event: 8.802 Thread 0x0000019ed8089fe0 flushing  nmethod 0x0000019e88dcb290
Event: 8.802 Thread 0x0000019ed8089fe0 flushing  nmethod 0x0000019e88dcc690
Event: 8.802 Thread 0x0000019ed8089fe0 flushing  nmethod 0x0000019e88dcd110
Event: 8.802 Thread 0x0000019ed8089fe0 flushing  nmethod 0x0000019e88dce110
Event: 8.802 Thread 0x0000019ed8089fe0 flushing  nmethod 0x0000019e88dce510
Event: 8.802 Thread 0x0000019ed8089fe0 flushing  nmethod 0x0000019e88dcf610
Event: 8.802 Thread 0x0000019ed8089fe0 flushing  nmethod 0x0000019e88dd4590
Event: 8.802 Thread 0x0000019ed8089fe0 flushing  nmethod 0x0000019e88dddc10
Event: 8.802 Thread 0x0000019ed8089fe0 flushing  nmethod 0x0000019e88de3510
Event: 8.802 Thread 0x0000019ed8089fe0 flushing  nmethod 0x0000019e88de5d10
Event: 8.802 Thread 0x0000019ed8089fe0 flushing  nmethod 0x0000019e88de6290
Event: 8.802 Thread 0x0000019ed8089fe0 flushing  nmethod 0x0000019e88de6610
Event: 8.802 Thread 0x0000019ed8089fe0 flushing  nmethod 0x0000019e88de7e90
Event: 8.802 Thread 0x0000019ed8089fe0 flushing  nmethod 0x0000019e88dea510
Event: 8.802 Thread 0x0000019ed8089fe0 flushing  nmethod 0x0000019e88deb410
Event: 8.802 Thread 0x0000019ed8089fe0 flushing  nmethod 0x0000019e88deb810
Event: 8.802 Thread 0x0000019ed8089fe0 flushing  nmethod 0x0000019e88df6c10

Events (20 events):
Event: 7.650 Thread 0x0000019ee3174ed0 Thread added: 0x0000019ee3173a90
Event: 7.650 Thread 0x0000019ee3174ed0 Thread added: 0x0000019ee3175e00
Event: 7.650 Thread 0x0000019ee3174ed0 Thread added: 0x0000019ee3173580
Event: 7.650 Thread 0x0000019ee3174ed0 Thread added: 0x0000019ee3176310
Event: 7.650 Thread 0x0000019ee3174ed0 Thread added: 0x0000019ee31744b0
Event: 7.650 Thread 0x0000019ee3174ed0 Thread added: 0x0000019ee0a2b6a0
Event: 7.650 Thread 0x0000019ee3174ed0 Thread added: 0x0000019ee32e8e70
Event: 7.650 Thread 0x0000019ee3174ed0 Thread added: 0x0000019ee32e8960
Event: 7.664 Thread 0x0000019ee3174ed0 Thread added: 0x0000019ee32e7f40
Event: 8.448 Thread 0x0000019ee3173a90 Thread added: 0x0000019ee32e7a30
Event: 8.449 Thread 0x0000019ee3173a90 Thread added: 0x0000019ee32e7010
Event: 8.449 Thread 0x0000019ee3173a90 Thread added: 0x0000019ee32e8450
Event: 8.450 Thread 0x0000019ee3173a90 Thread added: 0x0000019ee32e7520
Event: 8.450 Thread 0x0000019ee3173a90 Thread added: 0x0000019ee32eb6f0
Event: 8.455 Thread 0x0000019ee3173a90 Thread added: 0x0000019ee32ebc00
Event: 8.456 Thread 0x0000019ee3173a90 Thread added: 0x0000019ee32eacd0
Event: 8.456 Thread 0x0000019ee3173a90 Thread added: 0x0000019ee32ecb30
Event: 8.457 Thread 0x0000019ee3173a90 Thread added: 0x0000019ee32ec110
Event: 8.457 Thread 0x0000019ee3173a90 Thread added: 0x0000019ee32ed040
Event: 8.470 Thread 0x0000019ee3173a90 Thread added: 0x0000019ee32ea2b0


Dynamic libraries:
0x00007ff6e3ea0000 - 0x00007ff6e3eae000 	C:\Users\16696\.jdks\ms-17.0.19\bin\java.exe
0x00007ffa8e760000 - 0x00007ffa8e9c6000 	C:\Windows\SYSTEM32\ntdll.dll
0x00007ffa8cdd0000 - 0x00007ffa8ce99000 	C:\Windows\System32\KERNEL32.DLL
0x00007ffa8ba80000 - 0x00007ffa8be7a000 	C:\Windows\System32\KERNELBASE.dll
0x00007ffa8c090000 - 0x00007ffa8c1dc000 	C:\Windows\System32\ucrtbase.dll
0x00007ffa7db70000 - 0x00007ffa7db88000 	C:\Users\16696\.jdks\ms-17.0.19\bin\jli.dll
0x00007ffa7dae0000 - 0x00007ffa7dafe000 	C:\Users\16696\.jdks\ms-17.0.19\bin\VCRUNTIME140.dll
0x00007ffa8cff0000 - 0x00007ffa8d1b7000 	C:\Windows\System32\USER32.dll
0x00007ffa8be80000 - 0x00007ffa8bea7000 	C:\Windows\System32\win32u.dll
0x00007ffa8cd20000 - 0x00007ffa8cd4b000 	C:\Windows\System32\GDI32.dll
0x00007ffa6f9b0000 - 0x00007ffa6fc42000 	C:\Windows\WinSxS\amd64_microsoft.windows.common-controls_6595b64144ccf1df_6.0.26100.8521_none_3e08b75ce33403b3\COMCTL32.dll
0x00007ffa8beb0000 - 0x00007ffa8bfdb000 	C:\Windows\System32\gdi32full.dll
0x00007ffa8ca70000 - 0x00007ffa8cb19000 	C:\Windows\System32\msvcrt.dll
0x00007ffa8bfe0000 - 0x00007ffa8c083000 	C:\Windows\System32\msvcp_win.dll
0x00007ffa8cb20000 - 0x00007ffa8cb52000 	C:\Windows\System32\IMM32.DLL
0x00007ffa87870000 - 0x00007ffa8787c000 	C:\Users\16696\.jdks\ms-17.0.19\bin\vcruntime140_1.dll
0x00007ffa783f0000 - 0x00007ffa78479000 	C:\Users\16696\.jdks\ms-17.0.19\bin\msvcp140.dll
0x00007ff9bc970000 - 0x00007ff9bd5eb000 	C:\Users\16696\.jdks\ms-17.0.19\bin\server\jvm.dll
0x00007ffa8e5d0000 - 0x00007ffa8e686000 	C:\Windows\System32\ADVAPI32.dll
0x00007ffa8c9c0000 - 0x00007ffa8ca6a000 	C:\Windows\System32\sechost.dll
0x00007ffa8dbc0000 - 0x00007ffa8dcd8000 	C:\Windows\System32\RPCRT4.dll
0x00007ffa8e690000 - 0x00007ffa8e710000 	C:\Windows\System32\WS2_32.dll
0x00007ffa8b850000 - 0x00007ffa8b8ae000 	C:\Windows\SYSTEM32\POWRPROF.dll
0x00007ffa84500000 - 0x00007ffa84536000 	C:\Windows\SYSTEM32\WINMM.dll
0x00007ffa839c0000 - 0x00007ffa839cb000 	C:\Windows\SYSTEM32\VERSION.dll
0x00007ffa8b830000 - 0x00007ffa8b844000 	C:\Windows\SYSTEM32\UMPDC.dll
0x00007ffa8a750000 - 0x00007ffa8a76b000 	C:\Windows\SYSTEM32\kernel.appcore.dll
0x00007ffa7cf40000 - 0x00007ffa7cf4a000 	C:\Users\16696\.jdks\ms-17.0.19\bin\jimage.dll
0x00007ffa88de0000 - 0x00007ffa89022000 	C:\Windows\SYSTEM32\DBGHELP.DLL
0x00007ffa8de90000 - 0x00007ffa8e213000 	C:\Windows\System32\combase.dll
0x00007ffa8da50000 - 0x00007ffa8db29000 	C:\Windows\System32\OLEAUT32.dll
0x00007ffa68e40000 - 0x00007ffa68e7b000 	C:\Windows\SYSTEM32\dbgcore.DLL
0x00007ffa8c1e0000 - 0x00007ffa8c288000 	C:\Windows\System32\bcryptPrimitives.dll
0x00007ffa7cf30000 - 0x00007ffa7cf3f000 	C:\Users\16696\.jdks\ms-17.0.19\bin\instrument.dll
0x00007ffa7cf00000 - 0x00007ffa7cf26000 	C:\Users\16696\.jdks\ms-17.0.19\bin\java.dll
0x00007ffa18be0000 - 0x00007ffa18cb6000 	C:\Users\16696\.jdks\ms-17.0.19\bin\jsvml.dll
0x00007ffa8d1c0000 - 0x00007ffa8d944000 	C:\Windows\System32\SHELL32.dll
0x00007ffa89590000 - 0x00007ffa89e10000 	C:\Windows\SYSTEM32\windows.storage.dll
0x00007ffa8cc20000 - 0x00007ffa8cd16000 	C:\Windows\System32\SHCORE.dll
0x00007ffa8e400000 - 0x00007ffa8e467000 	C:\Windows\System32\shlwapi.dll
0x00007ffa8b910000 - 0x00007ffa8b939000 	C:\Windows\SYSTEM32\profapi.dll
0x00007ffa783d0000 - 0x00007ffa783e8000 	C:\Users\16696\.jdks\ms-17.0.19\bin\zip.dll
0x00007ffa783b0000 - 0x00007ffa783cb000 	C:\Users\16696\.jdks\ms-17.0.19\bin\net.dll
0x00007ffa843b0000 - 0x00007ffa844d9000 	C:\Windows\SYSTEM32\WINHTTP.dll
0x00007ffa8acd0000 - 0x00007ffa8ad3c000 	C:\Windows\system32\mswsock.dll
0x00007ffa78390000 - 0x00007ffa783a6000 	C:\Users\16696\.jdks\ms-17.0.19\bin\nio.dll
0x00007ffa78380000 - 0x00007ffa78390000 	C:\Users\16696\.jdks\ms-17.0.19\bin\verify.dll
0x00007ff9f88f0000 - 0x00007ff9f8917000 	C:\Users\16696\.gradle\native\660c5614fbf4a5f2a75b1949f50a0caf5cd603558e7d8a26e50b933a0cfb79d1\windows-amd64\native-platform.dll
0x00007ffa18b60000 - 0x00007ffa18bd7000 	C:\Users\16696\.gradle\native\0.2.8\x86_64-windows-gnu\gradle-fileevents.dll
0x00007ffa78370000 - 0x00007ffa7837a000 	C:\Users\16696\.jdks\ms-17.0.19\bin\management.dll
0x00007ffa78360000 - 0x00007ffa7836c000 	C:\Users\16696\.jdks\ms-17.0.19\bin\management_ext.dll
0x00007ffa8cbc0000 - 0x00007ffa8cbc8000 	C:\Windows\System32\PSAPI.DLL
0x00007ffa8a120000 - 0x00007ffa8a153000 	C:\Windows\SYSTEM32\IPHLPAPI.DLL
0x00007ffa8dce0000 - 0x00007ffa8dcea000 	C:\Windows\System32\NSI.dll
0x00007ffa84130000 - 0x00007ffa8414d000 	C:\Windows\SYSTEM32\dhcpcsvc6.DLL
0x00007ffa84100000 - 0x00007ffa84125000 	C:\Windows\SYSTEM32\dhcpcsvc.DLL
0x00007ffa8a1b0000 - 0x00007ffa8a2fa000 	C:\Windows\SYSTEM32\DNSAPI.dll
0x00007ffa8aac0000 - 0x00007ffa8aacd000 	C:\Windows\SYSTEM32\DSPARSE.dll
0x00007ffa78350000 - 0x00007ffa78359000 	C:\Users\16696\.jdks\ms-17.0.19\bin\extnet.dll
0x00007ffa8afe0000 - 0x00007ffa8affb000 	C:\Windows\SYSTEM32\CRYPTSP.dll
0x00007ffa8a6b0000 - 0x00007ffa8a6e9000 	C:\Windows\system32\rsaenh.dll
0x00007ffa8ad80000 - 0x00007ffa8adb3000 	C:\Windows\SYSTEM32\USERENV.dll
0x00007ffa8b8e0000 - 0x00007ffa8b90a000 	C:\Windows\SYSTEM32\bcrypt.dll
0x00007ffa8afd0000 - 0x00007ffa8afdc000 	C:\Windows\SYSTEM32\CRYPTBASE.dll
0x00007ffa53000000 - 0x00007ffa5300e000 	C:\Users\16696\.jdks\ms-17.0.19\bin\sunmscapi.dll
0x00007ffa8c350000 - 0x00007ffa8c4c8000 	C:\Windows\System32\CRYPT32.dll
0x00007ffa8b1f0000 - 0x00007ffa8b220000 	C:\Windows\SYSTEM32\ncrypt.dll
0x00007ffa8b1a0000 - 0x00007ffa8b1df000 	C:\Windows\SYSTEM32\NTASN1.dll
0x00007ffa7c1a0000 - 0x00007ffa7c1a8000 	C:\Windows\system32\wshunix.dll

dbghelp: loaded successfully - version: 4.0.5 - missing functions: none
symbol engine: initialized successfully - sym options: 0x614 - pdb path: .;C:\Users\16696\.jdks\ms-17.0.19\bin;C:\Windows\SYSTEM32;C:\Windows\WinSxS\amd64_microsoft.windows.common-controls_6595b64144ccf1df_6.0.26100.8521_none_3e08b75ce33403b3;C:\Users\16696\.jdks\ms-17.0.19\bin\server;C:\Users\16696\.gradle\native\660c5614fbf4a5f2a75b1949f50a0caf5cd603558e7d8a26e50b933a0cfb79d1\windows-amd64;C:\Users\16696\.gradle\native\0.2.8\x86_64-windows-gnu

VM Arguments:
jvm_args: --add-opens=java.base/java.lang=ALL-UNNAMED --add-opens=java.base/java.lang.invoke=ALL-UNNAMED --add-opens=java.base/java.util=ALL-UNNAMED --add-opens=java.prefs/java.util.prefs=ALL-UNNAMED --add-exports=jdk.compiler/com.sun.tools.javac.api=ALL-UNNAMED --add-exports=jdk.compiler/com.sun.tools.javac.util=ALL-UNNAMED --add-opens=java.base/java.util=ALL-UNNAMED --add-opens=java.prefs/java.util.prefs=ALL-UNNAMED --add-opens=java.base/java.nio.charset=ALL-UNNAMED --add-opens=java.base/java.net=ALL-UNNAMED --add-opens=java.base/java.util.concurrent=ALL-UNNAMED --add-opens=java.base/java.util.concurrent.atomic=ALL-UNNAMED --add-opens=java.xml/javax.xml.namespace=ALL-UNNAMED --add-opens=java.base/java.time=ALL-UNNAMED -Xmx2048m -Dfile.encoding=UTF-8 -Duser.country=CN -Duser.language=zh -Duser.variant -javaagent:C:\Users\16696\.gradle\wrapper\dists\gradle-9.4.1-bin\arn2x92ynaizyzdaamcbpbhtj\gradle-9.4.1\lib\agents\gradle-instrumentation-agent-9.4.1.jar 
java_command: org.gradle.launcher.daemon.bootstrap.GradleDaemon 9.4.1
java_class_path (initial): C:\Users\16696\.gradle\wrapper\dists\gradle-9.4.1-bin\arn2x92ynaizyzdaamcbpbhtj\gradle-9.4.1\lib\gradle-daemon-main-9.4.1.jar
Launcher Type: SUN_STANDARD

[Global flags]
     intx CICompilerCount                          = 4                                         {product} {ergonomic}
     uint ConcGCThreads                            = 2                                         {product} {ergonomic}
     uint G1ConcRefinementThreads                  = 9                                         {product} {ergonomic}
   size_t G1HeapRegionSize                         = 1048576                                   {product} {ergonomic}
    uintx GCDrainStackTargetSize                   = 64                                        {product} {ergonomic}
   size_t InitialHeapSize                          = 260046848                                 {product} {ergonomic}
   size_t MarkStackSize                            = 4194304                                   {product} {ergonomic}
   size_t MaxHeapSize                              = 2147483648                                {product} {command line}
   size_t MaxNewSize                               = 1287651328                                {product} {ergonomic}
   size_t MinHeapDeltaBytes                        = 1048576                                   {product} {ergonomic}
   size_t MinHeapSize                              = 8388608                                   {product} {ergonomic}
    uintx NonNMethodCodeHeapSize                   = 5839372                                {pd product} {ergonomic}
    uintx NonProfiledCodeHeapSize                  = 122909434                              {pd product} {ergonomic}
    uintx ProfiledCodeHeapSize                     = 122909434                              {pd product} {ergonomic}
    uintx ReservedCodeCacheSize                    = 251658240                              {pd product} {ergonomic}
     bool SegmentedCodeCache                       = true                                      {product} {ergonomic}
   size_t SoftMaxHeapSize                          = 2147483648                             {manageable} {ergonomic}
     bool UseCompressedClassPointers               = true                           {product lp64_product} {ergonomic}
     bool UseCompressedOops                        = true                           {product lp64_product} {ergonomic}
     bool UseG1GC                                  = true                                      {product} {ergonomic}
     bool UseLargePagesIndividualAllocation        = false                                  {pd product} {ergonomic}

Logging:
Log output configuration:
 #0: stdout all=warning uptime,level,tags
 #1: stderr all=off uptime,level,tags

Environment Variables:
PATH=d:\Trea\Trae CN\resources\app\modules\ai-agent\bin;c:\Users\16696\.trae-cn\tools\trae-gopls\current;c:\Users\16696\.trae-cn\sdks\workspaces\5d727ef8\versions\node\current;c:\Users\16696\.trae-cn\sdks\versions\node\current;D:\Android\jdk-8.0.492.9-hotspot\bin;C:\Program Files (x86)\VMware\VMware Workstation\bin\;C:\Windows\system32;C:\Windows;C:\Windows\System32\Wbem;C:\Windows\System32\WindowsPowerShell\v1.0\;C:\Windows\System32\OpenSSH\;D:\Git\Git\cmd;D:\Cmake\bin;D:\Windows Kits\10\Windows Performance Toolkit\;C:\Program Files\CMake\bin;C:\Program Files\TortoiseGit\bin;C:\NXP\S32DS.3.5\S32DS\build_tools\gcc-10.2-arm32-eabi\bin;D:\Xshell\;C:\Users\16696\AppData\Local\Programs\Python\Python314\Scripts\;C:\Users\16696\AppData\Local\Programs\Python\Python314\;C:\Users\16696\AppData\Local\Microsoft\WindowsApps;D:\pycharm\PyCharm 2026.1.2\bin;D:\vscode\Microsoft VS Code\bin;D:\Android\Sdk\platform-tools;;c:\Users\16696\.trae-cn\extensions\vscjava.vscode-java-debug-0.59.0-universal\bundled\scripts\noConfigScripts;D:\Android\jdk-8.0.492.9-hotspot\bin;C:\Program Files (x86)\VMware\VMware Workstation\bin\;C:\Windows\system32;C:\Windows;C:\Windows\System32\Wbem;C:\Windows\System32\WindowsPowerShell\v1.0\;C:\Windows\System32\OpenSSH\;D:\Git\Git\cmd;D:\Cmake\bin;D:\Windows Kits\10\Windows Performance Toolkit\;C:\Program Files\CMake\bin;C:\Program Files\TortoiseGit\bin;C:\NXP\S32DS.3.5\S32DS\build_tools\gcc-10.2-arm32-eabi\bin;D:\Xshell\;C:\Users\16696\AppData\Local\Programs\Python\Python314\Scripts\;C:\Users\16696\AppData\Local\Programs\Python\Python314\;C:\Users\16696\AppData\Local\Microsoft\WindowsApps;D:\pycharm\PyCharm 2026.1.2\bin;D:\vscode\Microsoft VS Code\bin;D:\Android\Sdk\platform-tools;d:\Trea\Trae CN\resources\app\bin\lib;d:\Trea\Trae CN\resources\app\node_modules\@vscode\ripgrep\bin;D:\Trea\Trae CN\resources\app\out\vs\workbench\contrib\terminal\common\scripts
USERNAME=16696
LANG=zh_CN.UTF-8
TERM=dumb
OS=Windows_NT
PROCESSOR_IDENTIFIER=Intel64 Family 6 Model 198 Stepping 2, GenuineIntel
TMP=C:\Users\16696\AppData\Local\Temp
TEMP=C:\Users\16696\AppData\Local\Temp



Periodic native trim disabled


---------------  S Y S T E M  ---------------

OS:
 Windows 11 , 64 bit Build 26100 (10.0.26100.8521)
OS uptime: 1 days 2:55 hours
Hyper-V role detected

CPU: total 10 (initial active 10) (10 cores per cpu, 1 threads per core) family 6 model 198 stepping 2 microcode 0x118, cx8, cmov, fxsr, mmx, 3dnowpref, sse, sse2, sse3, ssse3, sse4.1, sse4.2, popcnt, lzcnt, tsc, tscinvbit, avx, avx2, aes, erms, clmul, bmi1, bmi2, adx, sha, fma, vzeroupper, clflush, clflushopt, clwb, hv
Processor Information for processor 0
  Max Mhz: 3300, Current Mhz: 3300, Mhz Limit: 3300
Processor Information for processor 1
  Max Mhz: 3300, Current Mhz: 3300, Mhz Limit: 3300
Processor Information for processor 2
  Max Mhz: 2700, Current Mhz: 2700, Mhz Limit: 2700
Processor Information for processor 3
  Max Mhz: 2700, Current Mhz: 2700, Mhz Limit: 2700
Processor Information for processor 4
  Max Mhz: 2700, Current Mhz: 2700, Mhz Limit: 2700
Processor Information for processor 5
  Max Mhz: 2700, Current Mhz: 2700, Mhz Limit: 2700
Processor Information for processor 6
  Max Mhz: 3300, Current Mhz: 3300, Mhz Limit: 3300
Processor Information for processor 7
  Max Mhz: 3300, Current Mhz: 3300, Mhz Limit: 3300
Processor Information for processor 8
  Max Mhz: 3300, Current Mhz: 3300, Mhz Limit: 3300
Processor Information for processor 9
  Max Mhz: 3300, Current Mhz: 3300, Mhz Limit: 3300

Memory: 4k page, system-wide physical 15751M (935M free)
TotalPageFile size 54151M (AvailPageFile size 182M)
current process WorkingSet (physical memory assigned to process): 476M, peak: 509M
current process commit charge ("private bytes"): 575M, peak: 804M

vm_info: OpenJDK 64-Bit Server VM (17.0.19+10-LTS) for windows-amd64 JRE (17.0.19+10-LTS), built on Apr 18 2026 18:24:40 by "MicrosoftCorporation" with MS VC++ 17.14 (VS2022)

END.
