#
# There is insufficient memory for the Java Runtime Environment to continue.
# Native memory allocation (mmap) failed to map 164626432 bytes. Error detail: G1 virtual space
# Possible reasons:
#   The system is out of physical RAM or swap space
#   This process is running with CompressedOops enabled, and the Java Heap may be blocking the growth of the native heap
# Possible solutions:
#   Reduce memory load on the system
#   Increase physical memory or swap space
#   Check if swap backing store is full
#   Decrease Java heap size (-Xmx/-Xms)
#   Decrease number of Java threads
#   Decrease Java thread stack sizes (-Xss)
#   Set larger code cache with -XX:ReservedCodeCacheSize=
#   JVM is running with Unscaled Compressed Oops mode in which the Java heap is
#     placed in the first 4GB address space. The Java Heap base address is the
#     maximum limit for the native heap growth. Please use -XX:HeapBaseMinAddress
#     to set the Java Heap base and to place the Java Heap above 4GB virtual address.
# This output file may be truncated or incomplete.
#
#  Out of Memory Error (os_windows.cpp:3690), pid=17172, tid=24500
#
# JRE version: OpenJDK Runtime Environment Microsoft-13877129 (17.0.19+10) (build 17.0.19+10-LTS)
# Java VM: OpenJDK 64-Bit Server VM Microsoft-13877129 (17.0.19+10-LTS, mixed mode, sharing, tiered, compressed oops, compressed class ptrs, g1 gc, windows-amd64)
# No core dump will be written. Minidumps are not enabled by default on client versions of Windows
#

---------------  S U M M A R Y ------------

Command Line: --add-opens=java.base/java.lang=ALL-UNNAMED --add-opens=java.base/java.lang.invoke=ALL-UNNAMED --add-opens=java.base/java.util=ALL-UNNAMED --add-opens=java.prefs/java.util.prefs=ALL-UNNAMED --add-exports=jdk.compiler/com.sun.tools.javac.api=ALL-UNNAMED --add-exports=jdk.compiler/com.sun.tools.javac.util=ALL-UNNAMED --add-opens=java.base/java.util=ALL-UNNAMED --add-opens=java.prefs/java.util.prefs=ALL-UNNAMED --add-opens=java.base/java.nio.charset=ALL-UNNAMED --add-opens=java.base/java.net=ALL-UNNAMED --add-opens=java.base/java.util.concurrent=ALL-UNNAMED --add-opens=java.base/java.util.concurrent.atomic=ALL-UNNAMED --add-opens=java.xml/javax.xml.namespace=ALL-UNNAMED --add-opens=java.base/java.time=ALL-UNNAMED -Xmx2048m -Dfile.encoding=UTF-8 -Duser.country=CN -Duser.language=zh -Duser.variant -javaagent:C:\Users\16696\.gradle\wrapper\dists\gradle-9.4.1-bin\arn2x92ynaizyzdaamcbpbhtj\gradle-9.4.1\lib\agents\gradle-instrumentation-agent-9.4.1.jar org.gradle.launcher.daemon.bootstrap.GradleDaemon 9.4.1

Host: Intel(R) Core(TM) Ultra 5 225, 10 cores, 15G,  Windows 11 , 64 bit Build 26100 (10.0.26100.8521)
Time: Thu Jul 16 10:31:49 2026  Windows 11 , 64 bit Build 26100 (10.0.26100.8521) elapsed time: 13.305293 seconds (0d 0h 0m 13s)

---------------  T H R E A D  ---------------

Current thread (0x0000023d6bb68b50):  VMThread "VM Thread" [stack: 0x000000638a100000,0x000000638a200000] [id=24500]

Stack: [0x000000638a100000,0x000000638a200000]
Native frames: (J=compiled Java code, j=interpreted, Vv=VM code, C=native code)
V  [jvm.dll+0x68cc89]  (no source info available)
V  [jvm.dll+0x845d89]  (no source info available)
V  [jvm.dll+0x847af8]  (no source info available)
V  [jvm.dll+0x848183]  (no source info available)
V  [jvm.dll+0x24d0bf]  (no source info available)
V  [jvm.dll+0x68c089]  (no source info available)
V  [jvm.dll+0x68064a]  (no source info available)
V  [jvm.dll+0x3102f0]  (no source info available)
V  [jvm.dll+0x310192]  (no source info available)
V  [jvm.dll+0x317709]  (no source info available)
V  [jvm.dll+0x369b09]  (no source info available)
V  [jvm.dll+0x369d3d]  (no source info available)
V  [jvm.dll+0x2e6afa]  (no source info available)
V  [jvm.dll+0x2e4ef1]  (no source info available)
V  [jvm.dll+0x2e468c]  (no source info available)
V  [jvm.dll+0x329411]  (no source info available)
V  [jvm.dll+0x84ca0d]  (no source info available)
V  [jvm.dll+0x84d723]  (no source info available)
V  [jvm.dll+0x84dc54]  (no source info available)
V  [jvm.dll+0x84e038]  (no source info available)
V  [jvm.dll+0x84e12e]  (no source info available)
V  [jvm.dll+0x7f62cc]  (no source info available)
V  [jvm.dll+0x68e227]  (no source info available)
C  [ucrtbase.dll+0x2cd30]  (no source info available)
C  [KERNEL32.DLL+0x2e957]  (no source info available)
C  [ntdll.dll+0x87c1c]  (no source info available)

VM_Operation (0x000000638f3fe9f0): G1TryInitiateConcMark, mode: safepoint, requested by thread 0x0000023d73f17c40


---------------  P R O C E S S  ---------------

Threads class SMR info:
_java_thread_list=0x0000023d714bfc10, length=73, elements={
0x0000023d4d660d00, 0x0000023d6bb6c6b0, 0x0000023d6bb6dcf0, 0x0000023d6bb837d0,
0x0000023d6bb860b0, 0x0000023d6bb874f0, 0x0000023d6bb88930, 0x0000023d6bb8a0a0,
0x0000023d6bb8d5e0, 0x0000023d6bb90a70, 0x0000023d6bf479b0, 0x0000023d6c08cd80,
0x0000023d71e8fd20, 0x0000023d72435fd0, 0x0000023d729fc040, 0x0000023d71fc75e0,
0x0000023d71fc86b0, 0x0000023d71888cb0, 0x0000023d71378ef0, 0x0000023d713784d0,
0x0000023d71379400, 0x0000023d71376160, 0x0000023d71376b80, 0x0000023d71377090,
0x0000023d713775a0, 0x0000023d71377ab0, 0x0000023d74b91bf0, 0x0000023d74b8f370,
0x0000023d74b92b20, 0x0000023d74b93030, 0x0000023d74b8f880, 0x0000023d74b92100,
0x0000023d74b916e0, 0x0000023d74b8fd90, 0x0000023d74b911d0, 0x0000023d74b93a50,
0x0000023d74b93f60, 0x0000023d74b907b0, 0x0000023d74b967e0, 0x0000023d74b962d0,
0x0000023d74b94980, 0x0000023d74b94470, 0x0000023d74b94e90, 0x0000023d6c0c2750,
0x0000023d74b958b0, 0x0000023d71379910, 0x0000023d73521a10, 0x0000023d76feef70,
0x0000023d76ff08c0, 0x0000023d76fef990, 0x0000023d76ff12e0, 0x0000023d76ff17f0,
0x0000023d76ff2210, 0x0000023d76e8ab60, 0x0000023d76e8c9c0, 0x0000023d76e8b580,
0x0000023d76e8ced0, 0x0000023d76e8c4b0, 0x0000023d76ff2720, 0x0000023d76c27ca0,
0x0000023d76c26d70, 0x0000023d76c27280, 0x0000023d76c281b0, 0x0000023d76c27790,
0x0000023d76c26350, 0x0000023d76c286c0, 0x0000023d76c24f10, 0x0000023d76c28bd0,
0x0000023d785a6190, 0x0000023d75ae5e10, 0x0000023d73f17c40, 0x0000023d75371900,
0x0000023d75ae44c0
}

Java Threads: ( => current thread )
  0x0000023d4d660d00 JavaThread "main" [_thread_blocked, id=376, stack(0x0000006389b00000,0x0000006389c00000)]
  0x0000023d6bb6c6b0 JavaThread "Reference Handler" daemon [_thread_blocked, id=19424, stack(0x000000638a200000,0x000000638a300000)]
  0x0000023d6bb6dcf0 JavaThread "Finalizer" daemon [_thread_blocked, id=27072, stack(0x000000638a300000,0x000000638a400000)]
  0x0000023d6bb837d0 JavaThread "Signal Dispatcher" daemon [_thread_blocked, id=7632, stack(0x000000638a400000,0x000000638a500000)]
  0x0000023d6bb860b0 JavaThread "Attach Listener" daemon [_thread_blocked, id=4508, stack(0x000000638a500000,0x000000638a600000)]
  0x0000023d6bb874f0 JavaThread "Service Thread" daemon [_thread_blocked, id=3120, stack(0x000000638a600000,0x000000638a700000)]
  0x0000023d6bb88930 JavaThread "Monitor Deflation Thread" daemon [_thread_blocked, id=24380, stack(0x000000638a700000,0x000000638a800000)]
  0x0000023d6bb8a0a0 JavaThread "C2 CompilerThread0" daemon [_thread_blocked, id=4448, stack(0x000000638a800000,0x000000638a900000)]
  0x0000023d6bb8d5e0 JavaThread "C1 CompilerThread0" daemon [_thread_blocked, id=6152, stack(0x000000638a900000,0x000000638aa00000)]
  0x0000023d6bb90a70 JavaThread "Sweeper thread" daemon [_thread_blocked, id=8144, stack(0x000000638aa00000,0x000000638ab00000)]
  0x0000023d6bf479b0 JavaThread "Common-Cleaner" daemon [_thread_blocked, id=21804, stack(0x000000638ab00000,0x000000638ac00000)]
  0x0000023d6c08cd80 JavaThread "Notification Thread" daemon [_thread_blocked, id=7572, stack(0x000000638ac00000,0x000000638ad00000)]
  0x0000023d71e8fd20 JavaThread "Daemon health stats" [_thread_blocked, id=9628, stack(0x000000638b400000,0x000000638b500000)]
  0x0000023d72435fd0 JavaThread "Incoming local TCP Connector on port 64880" [_thread_in_native, id=21728, stack(0x000000638b500000,0x000000638b600000)]
  0x0000023d729fc040 JavaThread "Daemon periodic checks" [_thread_blocked, id=16576, stack(0x000000638b600000,0x000000638b700000)]
  0x0000023d71fc75e0 JavaThread "Daemon" [_thread_blocked, id=24796, stack(0x000000638b700000,0x000000638b800000)]
  0x0000023d71fc86b0 JavaThread "Handler for socket connection from /127.0.0.1:64880 to /127.0.0.1:64881" [_thread_in_native, id=28444, stack(0x000000638b800000,0x000000638b900000)]
  0x0000023d71888cb0 JavaThread "Cancel handler" [_thread_blocked, id=7964, stack(0x000000638b900000,0x000000638ba00000)]
  0x0000023d71378ef0 JavaThread "Daemon worker" [_thread_blocked, id=22628, stack(0x000000638ba00000,0x000000638bb00000)]
  0x0000023d713784d0 JavaThread "Asynchronous log dispatcher for DefaultDaemonConnection: socket connection from /127.0.0.1:64880 to /127.0.0.1:64881" [_thread_blocked, id=26560, stack(0x000000638bb00000,0x000000638bc00000)]
  0x0000023d71379400 JavaThread "Stdin handler" [_thread_blocked, id=18512, stack(0x000000638bc00000,0x000000638bd00000)]
  0x0000023d71376160 JavaThread "Daemon client event forwarder" [_thread_blocked, id=26020, stack(0x000000638bd00000,0x000000638be00000)]
  0x0000023d71376b80 JavaThread "Cache worker for journal cache (C:\Users\16696\.gradle\caches\journal-1)" [_thread_blocked, id=11796, stack(0x000000638be00000,0x000000638bf00000)]
  0x0000023d71377090 JavaThread "File lock request listener" [_thread_in_native, id=9272, stack(0x000000638bf00000,0x000000638c000000)]
  0x0000023d713775a0 JavaThread "Cache worker for file hash cache (C:\Users\16696\.gradle\caches\9.4.1\fileHashes)" [_thread_blocked, id=2652, stack(0x000000638c000000,0x000000638c100000)]
  0x0000023d71377ab0 JavaThread "Cache worker for file hash cache (D:\Code\Application\music1\.gradle\9.4.1\fileHashes)" [_thread_blocked, id=22128, stack(0x000000638c600000,0x000000638c700000)]
  0x0000023d74b91bf0 JavaThread "Cache worker for Build Output Cleanup Cache (D:\Code\Application\music1\.gradle\buildOutputCleanup)" [_thread_blocked, id=21028, stack(0x000000638c700000,0x000000638c800000)]
  0x0000023d74b8f370 JavaThread "File watcher server" daemon [_thread_blocked, id=19660, stack(0x000000638c800000,0x000000638c900000)]
  0x0000023d74b92b20 JavaThread "File watcher consumer" daemon [_thread_blocked, id=2884, stack(0x000000638c900000,0x000000638ca00000)]
  0x0000023d74b93030 JavaThread "Cache worker for file content cache (C:\Users\16696\.gradle\caches\9.4.1\fileContent)" [_thread_blocked, id=28036, stack(0x000000638ca00000,0x000000638cb00000)]
  0x0000023d74b8f880 JavaThread "Cache worker for checksums cache (D:\Code\Application\music1\.gradle\9.4.1\checksums)" [_thread_blocked, id=12264, stack(0x000000638cd00000,0x000000638ce00000)]
  0x0000023d74b92100 JavaThread "Cache worker for cache directory md-supplier (C:\Users\16696\.gradle\caches\9.4.1\md-supplier)" [_thread_blocked, id=400, stack(0x000000638ce00000,0x000000638cf00000)]
  0x0000023d74b916e0 JavaThread "Cache worker for cache directory md-rule (C:\Users\16696\.gradle\caches\9.4.1\md-rule)" [_thread_blocked, id=25984, stack(0x000000638cf00000,0x000000638d000000)]
  0x0000023d74b8fd90 JavaThread "Build operations" [_thread_blocked, id=5796, stack(0x000000638d000000,0x000000638d100000)]
  0x0000023d74b911d0 JavaThread "Build operations Thread 2" [_thread_blocked, id=18928, stack(0x000000638d100000,0x000000638d200000)]
  0x0000023d74b93a50 JavaThread "Build operations Thread 3" [_thread_blocked, id=3112, stack(0x000000638d200000,0x000000638d300000)]
  0x0000023d74b93f60 JavaThread "Build operations Thread 4" [_thread_blocked, id=26644, stack(0x000000638d300000,0x000000638d400000)]
  0x0000023d74b907b0 JavaThread "Build operations Thread 5" [_thread_blocked, id=21096, stack(0x000000638d400000,0x000000638d500000)]
  0x0000023d74b967e0 JavaThread "Build operations Thread 6" [_thread_blocked, id=4460, stack(0x000000638d500000,0x000000638d600000)]
  0x0000023d74b962d0 JavaThread "Build operations Thread 7" [_thread_blocked, id=8068, stack(0x000000638d600000,0x000000638d700000)]
  0x0000023d74b94980 JavaThread "Build operations Thread 8" [_thread_blocked, id=13716, stack(0x000000638d700000,0x000000638d800000)]
  0x0000023d74b94470 JavaThread "Build operations Thread 9" [_thread_blocked, id=26680, stack(0x000000638d800000,0x000000638d900000)]
  0x0000023d74b94e90 JavaThread "Build operations Thread 10" [_thread_blocked, id=3896, stack(0x000000638d900000,0x000000638da00000)]
  0x0000023d6c0c2750 JavaThread "C2 CompilerThread1" daemon [_thread_blocked, id=27668, stack(0x000000638ae00000,0x000000638af00000)]
  0x0000023d74b958b0 JavaThread "Memory manager" [_thread_blocked, id=19416, stack(0x000000638af00000,0x000000638b000000)]
  0x0000023d71379910 JavaThread "build event listener" [_thread_blocked, id=21776, stack(0x000000638da00000,0x000000638db00000)]
  0x0000023d73521a10 JavaThread "C2 CompilerThread2" daemon [_thread_blocked, id=3428, stack(0x000000638db00000,0x000000638dc00000)]
  0x0000023d76feef70 JavaThread "included builds" [_thread_blocked, id=20196, stack(0x000000638dc00000,0x000000638dd00000)]
  0x0000023d76ff08c0 JavaThread "Execution worker" [_thread_blocked, id=3796, stack(0x000000638dd00000,0x000000638de00000)]
  0x0000023d76fef990 JavaThread "Execution worker Thread 2" [_thread_blocked, id=13416, stack(0x000000638de00000,0x000000638df00000)]
  0x0000023d76ff12e0 JavaThread "Execution worker Thread 3" [_thread_blocked, id=26260, stack(0x000000638df00000,0x000000638e000000)]
  0x0000023d76ff17f0 JavaThread "Execution worker Thread 4" [_thread_blocked, id=28220, stack(0x000000638e000000,0x000000638e100000)]
  0x0000023d76ff2210 JavaThread "Execution worker Thread 5" [_thread_blocked, id=1216, stack(0x000000638e100000,0x000000638e200000)]
  0x0000023d76e8ab60 JavaThread "Execution worker Thread 6" [_thread_blocked, id=21040, stack(0x000000638e200000,0x000000638e300000)]
  0x0000023d76e8c9c0 JavaThread "Execution worker Thread 7" [_thread_blocked, id=20540, stack(0x000000638e300000,0x000000638e400000)]
  0x0000023d76e8b580 JavaThread "Execution worker Thread 8" [_thread_blocked, id=28180, stack(0x000000638e400000,0x000000638e500000)]
  0x0000023d76e8ced0 JavaThread "Execution worker Thread 9" [_thread_blocked, id=1536, stack(0x000000638e500000,0x000000638e600000)]
  0x0000023d76e8c4b0 JavaThread "Cache worker for execution history cache (D:\Code\Application\music1\.gradle\9.4.1\executionHistory)" [_thread_blocked, id=22344, stack(0x000000638e600000,0x000000638e700000)]
  0x0000023d76ff2720 JavaThread "WorkerExecutor Queue" [_thread_blocked, id=3216, stack(0x000000638e700000,0x000000638e800000)]
  0x0000023d76c27ca0 JavaThread "WorkerExecutor Queue Thread 2" [_thread_blocked, id=16272, stack(0x000000638e800000,0x000000638e900000)]
  0x0000023d76c26d70 JavaThread "WorkerExecutor Queue Thread 3" [_thread_blocked, id=25692, stack(0x000000638e900000,0x000000638ea00000)]
  0x0000023d76c27280 JavaThread "WorkerExecutor Queue Thread 4" [_thread_blocked, id=28600, stack(0x000000638ea00000,0x000000638eb00000)]
  0x0000023d76c281b0 JavaThread "WorkerExecutor Queue Thread 5" [_thread_blocked, id=9624, stack(0x000000638eb00000,0x000000638ec00000)]
  0x0000023d76c27790 JavaThread "WorkerExecutor Queue Thread 6" [_thread_blocked, id=18724, stack(0x000000638ec00000,0x000000638ed00000)]
  0x0000023d76c26350 JavaThread "WorkerExecutor Queue Thread 7" [_thread_blocked, id=23576, stack(0x000000638ed00000,0x000000638ee00000)]
  0x0000023d76c286c0 JavaThread "WorkerExecutor Queue Thread 8" [_thread_blocked, id=27568, stack(0x000000638ee00000,0x000000638ef00000)]
  0x0000023d76c24f10 JavaThread "WorkerExecutor Queue Thread 9" [_thread_blocked, id=22500, stack(0x000000638ef00000,0x000000638f000000)]
  0x0000023d76c28bd0 JavaThread "WorkerExecutor Queue Thread 10" [_thread_blocked, id=18216, stack(0x000000638f000000,0x000000638f100000)]
  0x0000023d785a6190 JavaThread "ForkJoinPool.commonPool-worker-1" daemon [_thread_blocked, id=25336, stack(0x000000638f100000,0x000000638f200000)]
  0x0000023d75ae5e10 JavaThread "ForkJoinPool.commonPool-worker-2" daemon [_thread_blocked, id=21992, stack(0x000000638f200000,0x000000638f300000)]
  0x0000023d73f17c40 JavaThread "ForkJoinPool.commonPool-worker-3" daemon [_thread_blocked, id=6192, stack(0x000000638f300000,0x000000638f400000)]
  0x0000023d75371900 JavaThread "ForkJoinPool.commonPool-worker-4" daemon [_thread_blocked, id=17188, stack(0x000000638f400000,0x000000638f500000)]
  0x0000023d75ae44c0 JavaThread "ForkJoinPool.commonPool-worker-5" daemon [_thread_blocked, id=23580, stack(0x000000638f500000,0x000000638f600000)]

Other Threads:
=>0x0000023d6bb68b50 VMThread "VM Thread" [stack: 0x000000638a100000,0x000000638a200000] [id=24500]
  0x0000023d6c08d260 WatcherThread [stack: 0x000000638ad00000,0x000000638ae00000] [id=13240]
  0x0000023d4d6bfaa0 GCTaskThread "GC Thread#0" [stack: 0x0000006389c00000,0x0000006389d00000] [id=9468]
  0x0000023d6c4f85d0 GCTaskThread "GC Thread#1" [stack: 0x000000638b000000,0x000000638b100000] [id=1560]
  0x0000023d716f4c50 GCTaskThread "GC Thread#2" [stack: 0x000000638b100000,0x000000638b200000] [id=28232]
  0x0000023d716f4f20 GCTaskThread "GC Thread#3" [stack: 0x000000638b200000,0x000000638b300000] [id=3736]
  0x0000023d716337c0 GCTaskThread "GC Thread#4" [stack: 0x000000638b300000,0x000000638b400000] [id=9536]
  0x0000023d716329b0 GCTaskThread "GC Thread#5" [stack: 0x000000638c100000,0x000000638c200000] [id=23836]
  0x0000023d71632f50 GCTaskThread "GC Thread#6" [stack: 0x000000638c200000,0x000000638c300000] [id=19992]
  0x0000023d71633220 GCTaskThread "GC Thread#7" [stack: 0x000000638c300000,0x000000638c400000] [id=17192]
  0x0000023d716334f0 GCTaskThread "GC Thread#8" [stack: 0x000000638c400000,0x000000638c500000] [id=28140]
  0x0000023d4d6d15e0 ConcurrentGCThread "G1 Main Marker" [stack: 0x0000006389d00000,0x0000006389e00000] [id=16548]
  0x0000023d4d6d3ac0 ConcurrentGCThread "G1 Conc#0" [stack: 0x0000006389e00000,0x0000006389f00000] [id=25836]
  0x0000023d74d4ef00 ConcurrentGCThread "G1 Conc#1" [stack: 0x000000638c500000,0x000000638c600000] [id=6132]
  0x0000023d6ba9e2b0 ConcurrentGCThread "G1 Refine#0" [stack: 0x0000006389f00000,0x000000638a000000] [id=17356]
  0x0000023d7137ad70 ConcurrentGCThread "G1 Refine#1" [stack: 0x000000638cb00000,0x000000638cc00000] [id=22388]
  0x0000023d74729c70 ConcurrentGCThread "G1 Refine#2" [stack: 0x000000638cc00000,0x000000638cd00000] [id=27480]
  0x0000023d6ba9ec00 ConcurrentGCThread "G1 Service" [stack: 0x000000638a000000,0x000000638a100000] [id=4240]

Threads with active compile tasks:
C2 CompilerThread0  13363 16265       4       java.lang.reflect.Constructor::newInstanceWithCaller (75 bytes)
C2 CompilerThread1  13363 16313       4       java.lang.reflect.Constructor::newInstance (34 bytes)
C2 CompilerThread2  13363 16321       4       java.nio.HeapByteBuffer::put (12 bytes)

VM state: at safepoint (normal execution)

VM Mutex/Monitor currently owned by a thread:  ([mutex/lock_event])
[0x0000023d4d65c940] Threads_lock - owner thread: 0x0000023d6bb68b50
[0x0000023d4d65c1f0] Heap_lock - owner thread: 0x0000023d73f17c40

Heap address: 0x0000000080000000, size: 2048 MB, Compressed Oops mode: 32-bit

CDS archive(s) mapped at: [0x0000023d00000000-0x0000023d00bb0000-0x0000023d00bb0000), size 12255232, SharedBaseAddress: 0x0000023d00000000, ArchiveRelocationMode: 1.
Compressed class space mapped at: 0x0000023d01000000-0x0000023d41000000, reserved size: 1073741824
Narrow klass base: 0x0000023d00000000, Narrow klass shift: 0, Narrow klass range: 0x100000000

GC Precious Log:
 CPUs: 10 total, 10 available
 Memory: 15751M
 Large Page Support: Disabled
 NUMA Support: Disabled
 Compressed Oops: Enabled (32-bit)
 Heap Region Size: 1M
 Heap Min Capacity: 8M
 Heap Initial Capacity: 248M
 Heap Max Capacity: 2G
 Pre-touch: Disabled
 Parallel Workers: 9
 Concurrent Workers: 2
 Concurrent Refinement Workers: 9
 Periodic GC: Disabled

Heap:
 garbage-first heap   total 253952K, used 138735K [0x0000000080000000, 0x0000000100000000)
  region size 1024K, 3 young (3072K), 3 survivors (3072K)
 Metaspace       used 118234K, committed 119232K, reserved 1179648K
  class space    used 17438K, committed 17920K, reserved 1048576K

Heap Regions: E=young(eden), S=young(survivor), O=old, HS=humongous(starts), HC=humongous(continues), CS=collection set, F=free, OA=open archive, CA=closed archive, TAMS=top-at-mark-start (previous, next)
|   0|0x0000000080000000, 0x0000000080100000, 0x0000000080100000|100%|HS|  |TAMS 0x0000000080100000, 0x0000000080100000| Complete 
|   1|0x0000000080100000, 0x0000000080200000, 0x0000000080200000|100%|HC|  |TAMS 0x0000000080200000, 0x0000000080200000| Complete 
|   2|0x0000000080200000, 0x0000000080300000, 0x0000000080300000|100%|HC|  |TAMS 0x0000000080300000, 0x0000000080300000| Complete 
|   3|0x0000000080300000, 0x0000000080400000, 0x0000000080400000|100%|HC|  |TAMS 0x0000000080400000, 0x0000000080400000| Complete 
|   4|0x0000000080400000, 0x0000000080500000, 0x0000000080500000|100%| O|  |TAMS 0x0000000080500000, 0x0000000080500000| Untracked 
|   5|0x0000000080500000, 0x0000000080600000, 0x0000000080600000|100%| O|  |TAMS 0x0000000080600000, 0x0000000080600000| Untracked 
|   6|0x0000000080600000, 0x0000000080700000, 0x0000000080700000|100%| O|  |TAMS 0x0000000080700000, 0x0000000080700000| Untracked 
|   7|0x0000000080700000, 0x0000000080800000, 0x0000000080800000|100%| O|  |TAMS 0x0000000080800000, 0x0000000080800000| Untracked 
|   8|0x0000000080800000, 0x0000000080900000, 0x0000000080900000|100%|HS|  |TAMS 0x0000000080900000, 0x0000000080900000| Complete 
|   9|0x0000000080900000, 0x0000000080a00000, 0x0000000080a00000|100%| O|  |TAMS 0x0000000080a00000, 0x0000000080a00000| Untracked 
|  10|0x0000000080a00000, 0x0000000080b00000, 0x0000000080b00000|100%| O|  |TAMS 0x0000000080b00000, 0x0000000080b00000| Untracked 
|  11|0x0000000080b00000, 0x0000000080c00000, 0x0000000080c00000|100%| O|  |TAMS 0x0000000080c00000, 0x0000000080c00000| Untracked 
|  12|0x0000000080c00000, 0x0000000080d00000, 0x0000000080d00000|100%| O|  |TAMS 0x0000000080d00000, 0x0000000080d00000| Untracked 
|  13|0x0000000080d00000, 0x0000000080e00000, 0x0000000080e00000|100%| O|  |TAMS 0x0000000080e00000, 0x0000000080e00000| Untracked 
|  14|0x0000000080e00000, 0x0000000080f00000, 0x0000000080f00000|100%| O|  |TAMS 0x0000000080f00000, 0x0000000080f00000| Untracked 
|  15|0x0000000080f00000, 0x0000000081000000, 0x0000000081000000|100%| O|  |TAMS 0x0000000081000000, 0x0000000081000000| Untracked 
|  16|0x0000000081000000, 0x0000000081100000, 0x0000000081100000|100%| O|  |TAMS 0x0000000081100000, 0x0000000081100000| Untracked 
|  17|0x0000000081100000, 0x0000000081200000, 0x0000000081200000|100%| O|  |TAMS 0x0000000081200000, 0x0000000081200000| Untracked 
|  18|0x0000000081200000, 0x0000000081300000, 0x0000000081300000|100%| O|  |TAMS 0x0000000081300000, 0x0000000081300000| Untracked 
|  19|0x0000000081300000, 0x0000000081400000, 0x0000000081400000|100%| O|  |TAMS 0x0000000081400000, 0x0000000081400000| Untracked 
|  20|0x0000000081400000, 0x0000000081500000, 0x0000000081500000|100%| O|  |TAMS 0x0000000081500000, 0x0000000081500000| Untracked 
|  21|0x0000000081500000, 0x0000000081600000, 0x0000000081600000|100%| O|  |TAMS 0x0000000081600000, 0x0000000081600000| Untracked 
|  22|0x0000000081600000, 0x0000000081700000, 0x0000000081700000|100%| O|  |TAMS 0x0000000081700000, 0x0000000081700000| Untracked 
|  23|0x0000000081700000, 0x0000000081800000, 0x0000000081800000|100%| O|  |TAMS 0x0000000081800000, 0x0000000081800000| Untracked 
|  24|0x0000000081800000, 0x0000000081900000, 0x0000000081900000|100%| O|  |TAMS 0x0000000081900000, 0x0000000081900000| Untracked 
|  25|0x0000000081900000, 0x0000000081a00000, 0x0000000081a00000|100%|HS|  |TAMS 0x0000000081a00000, 0x0000000081a00000| Complete 
|  26|0x0000000081a00000, 0x0000000081b00000, 0x0000000081b00000|100%| O|  |TAMS 0x0000000081b00000, 0x0000000081b00000| Untracked 
|  27|0x0000000081b00000, 0x0000000081c00000, 0x0000000081c00000|100%| O|  |TAMS 0x0000000081c00000, 0x0000000081c00000| Untracked 
|  28|0x0000000081c00000, 0x0000000081d00000, 0x0000000081d00000|100%| O|  |TAMS 0x0000000081d00000, 0x0000000081d00000| Untracked 
|  29|0x0000000081d00000, 0x0000000081e00000, 0x0000000081e00000|100%| O|  |TAMS 0x0000000081e00000, 0x0000000081e00000| Untracked 
|  30|0x0000000081e00000, 0x0000000081f00000, 0x0000000081f00000|100%| O|  |TAMS 0x0000000081f00000, 0x0000000081f00000| Untracked 
|  31|0x0000000081f00000, 0x0000000082000000, 0x0000000082000000|100%| O|  |TAMS 0x0000000082000000, 0x0000000082000000| Untracked 
|  32|0x0000000082000000, 0x0000000082100000, 0x0000000082100000|100%|HS|  |TAMS 0x0000000082100000, 0x0000000082100000| Complete 
|  33|0x0000000082100000, 0x0000000082200000, 0x0000000082200000|100%|HS|  |TAMS 0x0000000082200000, 0x0000000082200000| Complete 
|  34|0x0000000082200000, 0x0000000082300000, 0x0000000082300000|100%|HC|  |TAMS 0x0000000082300000, 0x0000000082300000| Complete 
|  35|0x0000000082300000, 0x0000000082400000, 0x0000000082400000|100%|HS|  |TAMS 0x0000000082400000, 0x0000000082400000| Complete 
|  36|0x0000000082400000, 0x0000000082500000, 0x0000000082500000|100%|HS|  |TAMS 0x0000000082500000, 0x0000000082500000| Complete 
|  37|0x0000000082500000, 0x0000000082600000, 0x0000000082600000|100%|HS|  |TAMS 0x0000000082600000, 0x0000000082600000| Complete 
|  38|0x0000000082600000, 0x0000000082700000, 0x0000000082700000|100%|HS|  |TAMS 0x0000000082700000, 0x0000000082700000| Complete 
|  39|0x0000000082700000, 0x0000000082800000, 0x0000000082800000|100%| O|  |TAMS 0x0000000082800000, 0x0000000082800000| Untracked 
|  40|0x0000000082800000, 0x0000000082900000, 0x0000000082900000|100%| O|  |TAMS 0x0000000082900000, 0x0000000082900000| Untracked 
|  41|0x0000000082900000, 0x0000000082a00000, 0x0000000082a00000|100%| O|  |TAMS 0x0000000082a00000, 0x0000000082a00000| Untracked 
|  42|0x0000000082a00000, 0x0000000082b00000, 0x0000000082b00000|100%| O|  |TAMS 0x0000000082b00000, 0x0000000082b00000| Untracked 
|  43|0x0000000082b00000, 0x0000000082c00000, 0x0000000082c00000|100%| O|  |TAMS 0x0000000082c00000, 0x0000000082c00000| Untracked 
|  44|0x0000000082c00000, 0x0000000082d00000, 0x0000000082d00000|100%| O|  |TAMS 0x0000000082d00000, 0x0000000082d00000| Untracked 
|  45|0x0000000082d00000, 0x0000000082e00000, 0x0000000082e00000|100%| O|  |TAMS 0x0000000082e00000, 0x0000000082e00000| Untracked 
|  46|0x0000000082e00000, 0x0000000082f00000, 0x0000000082f00000|100%| O|  |TAMS 0x0000000082f00000, 0x0000000082f00000| Untracked 
|  47|0x0000000082f00000, 0x0000000083000000, 0x0000000083000000|100%| O|  |TAMS 0x0000000083000000, 0x0000000083000000| Untracked 
|  48|0x0000000083000000, 0x0000000083100000, 0x0000000083100000|100%| O|  |TAMS 0x0000000083100000, 0x0000000083100000| Untracked 
|  49|0x0000000083100000, 0x0000000083200000, 0x0000000083200000|100%| O|  |TAMS 0x0000000083200000, 0x0000000083200000| Untracked 
|  50|0x0000000083200000, 0x0000000083300000, 0x0000000083300000|100%| O|  |TAMS 0x0000000083300000, 0x0000000083300000| Untracked 
|  51|0x0000000083300000, 0x0000000083400000, 0x0000000083400000|100%| O|  |TAMS 0x0000000083400000, 0x0000000083400000| Untracked 
|  52|0x0000000083400000, 0x0000000083500000, 0x0000000083500000|100%| O|  |TAMS 0x0000000083500000, 0x0000000083500000| Untracked 
|  53|0x0000000083500000, 0x0000000083600000, 0x0000000083600000|100%| O|  |TAMS 0x0000000083500000, 0x0000000083600000| Untracked 
|  54|0x0000000083600000, 0x0000000083700000, 0x0000000083700000|100%| O|  |TAMS 0x0000000083700000, 0x0000000083700000| Untracked 
|  55|0x0000000083700000, 0x0000000083800000, 0x0000000083800000|100%|HS|  |TAMS 0x0000000083800000, 0x0000000083800000| Complete 
|  56|0x0000000083800000, 0x0000000083900000, 0x0000000083900000|100%|HC|  |TAMS 0x0000000083900000, 0x0000000083900000| Complete 
|  57|0x0000000083900000, 0x0000000083a00000, 0x0000000083a00000|100%| O|  |TAMS 0x0000000083a00000, 0x0000000083a00000| Untracked 
|  58|0x0000000083a00000, 0x0000000083b00000, 0x0000000083b00000|100%| O|  |TAMS 0x0000000083b00000, 0x0000000083b00000| Untracked 
|  59|0x0000000083b00000, 0x0000000083c00000, 0x0000000083c00000|100%| O|  |TAMS 0x0000000083c00000, 0x0000000083c00000| Untracked 
|  60|0x0000000083c00000, 0x0000000083d00000, 0x0000000083d00000|100%| O|  |TAMS 0x0000000083d00000, 0x0000000083d00000| Untracked 
|  61|0x0000000083d00000, 0x0000000083e00000, 0x0000000083e00000|100%|HS|  |TAMS 0x0000000083e00000, 0x0000000083e00000| Complete 
|  62|0x0000000083e00000, 0x0000000083f00000, 0x0000000083f00000|100%| O|  |TAMS 0x0000000083f00000, 0x0000000083f00000| Untracked 
|  63|0x0000000083f00000, 0x0000000084000000, 0x0000000084000000|100%| O|  |TAMS 0x0000000084000000, 0x0000000084000000| Untracked 
|  64|0x0000000084000000, 0x0000000084100000, 0x0000000084100000|100%| O|  |TAMS 0x0000000084100000, 0x0000000084100000| Untracked 
|  65|0x0000000084100000, 0x0000000084200000, 0x0000000084200000|100%| O|  |TAMS 0x0000000084200000, 0x0000000084200000| Untracked 
|  66|0x0000000084200000, 0x0000000084300000, 0x0000000084300000|100%| O|  |TAMS 0x0000000084300000, 0x0000000084300000| Untracked 
|  67|0x0000000084300000, 0x0000000084400000, 0x0000000084400000|100%| O|  |TAMS 0x0000000084400000, 0x0000000084400000| Untracked 
|  68|0x0000000084400000, 0x0000000084500000, 0x0000000084500000|100%| O|  |TAMS 0x0000000084500000, 0x0000000084500000| Untracked 
|  69|0x0000000084500000, 0x0000000084600000, 0x0000000084600000|100%| O|  |TAMS 0x0000000084600000, 0x0000000084600000| Untracked 
|  70|0x0000000084600000, 0x0000000084700000, 0x0000000084700000|100%| O|  |TAMS 0x0000000084600000, 0x0000000084700000| Untracked 
|  71|0x0000000084700000, 0x0000000084800000, 0x0000000084800000|100%| O|  |TAMS 0x0000000084800000, 0x0000000084800000| Untracked 
|  72|0x0000000084800000, 0x0000000084900000, 0x0000000084900000|100%| O|  |TAMS 0x0000000084900000, 0x0000000084900000| Untracked 
|  73|0x0000000084900000, 0x0000000084a00000, 0x0000000084a00000|100%| O|  |TAMS 0x0000000084a00000, 0x0000000084a00000| Untracked 
|  74|0x0000000084a00000, 0x0000000084b00000, 0x0000000084b00000|100%| O|  |TAMS 0x0000000084b00000, 0x0000000084b00000| Untracked 
|  75|0x0000000084b00000, 0x0000000084c00000, 0x0000000084c00000|100%| O|  |TAMS 0x0000000084c00000, 0x0000000084c00000| Untracked 
|  76|0x0000000084c00000, 0x0000000084d00000, 0x0000000084d00000|100%| O|  |TAMS 0x0000000084d00000, 0x0000000084d00000| Untracked 
|  77|0x0000000084d00000, 0x0000000084e00000, 0x0000000084e00000|100%| O|  |TAMS 0x0000000084e00000, 0x0000000084e00000| Untracked 
|  78|0x0000000084e00000, 0x0000000084f00000, 0x0000000084f00000|100%| O|  |TAMS 0x0000000084f00000, 0x0000000084f00000| Untracked 
|  79|0x0000000084f00000, 0x0000000085000000, 0x0000000085000000|100%| O|  |TAMS 0x0000000085000000, 0x0000000085000000| Untracked 
|  80|0x0000000085000000, 0x0000000085100000, 0x0000000085100000|100%| O|  |TAMS 0x0000000085100000, 0x0000000085100000| Untracked 
|  81|0x0000000085100000, 0x0000000085200000, 0x0000000085200000|100%| O|  |TAMS 0x0000000085200000, 0x0000000085200000| Untracked 
|  82|0x0000000085200000, 0x0000000085300000, 0x0000000085300000|100%| O|  |TAMS 0x0000000085300000, 0x0000000085300000| Untracked 
|  83|0x0000000085300000, 0x0000000085400000, 0x0000000085400000|100%| O|  |TAMS 0x0000000085400000, 0x0000000085400000| Untracked 
|  84|0x0000000085400000, 0x0000000085500000, 0x0000000085500000|100%| O|  |TAMS 0x0000000085500000, 0x0000000085500000| Untracked 
|  85|0x0000000085500000, 0x0000000085600000, 0x0000000085600000|100%| O|  |TAMS 0x0000000085600000, 0x0000000085600000| Untracked 
|  86|0x0000000085600000, 0x0000000085700000, 0x0000000085700000|100%| O|  |TAMS 0x0000000085700000, 0x0000000085700000| Untracked 
|  87|0x0000000085700000, 0x0000000085800000, 0x0000000085800000|100%| O|  |TAMS 0x0000000085800000, 0x0000000085800000| Untracked 
|  88|0x0000000085800000, 0x0000000085900000, 0x0000000085900000|100%| O|  |TAMS 0x0000000085900000, 0x0000000085900000| Untracked 
|  89|0x0000000085900000, 0x0000000085a00000, 0x0000000085a00000|100%| O|  |TAMS 0x0000000085a00000, 0x0000000085a00000| Untracked 
|  90|0x0000000085a00000, 0x0000000085b00000, 0x0000000085b00000|100%| O|  |TAMS 0x0000000085b00000, 0x0000000085b00000| Untracked 
|  91|0x0000000085b00000, 0x0000000085c00000, 0x0000000085c00000|100%| O|  |TAMS 0x0000000085c00000, 0x0000000085c00000| Untracked 
|  92|0x0000000085c00000, 0x0000000085d00000, 0x0000000085d00000|100%| O|  |TAMS 0x0000000085d00000, 0x0000000085d00000| Untracked 
|  93|0x0000000085d00000, 0x0000000085e00000, 0x0000000085e00000|100%| O|  |TAMS 0x0000000085e00000, 0x0000000085e00000| Untracked 
|  94|0x0000000085e00000, 0x0000000085f00000, 0x0000000085f00000|100%| O|  |TAMS 0x0000000085f00000, 0x0000000085f00000| Untracked 
|  95|0x0000000085f00000, 0x0000000086000000, 0x0000000086000000|100%| O|  |TAMS 0x0000000086000000, 0x0000000086000000| Untracked 
|  96|0x0000000086000000, 0x0000000086100000, 0x0000000086100000|100%| O|  |TAMS 0x0000000086100000, 0x0000000086100000| Untracked 
|  97|0x0000000086100000, 0x0000000086200000, 0x0000000086200000|100%| O|  |TAMS 0x0000000086200000, 0x0000000086200000| Untracked 
|  98|0x0000000086200000, 0x0000000086300000, 0x0000000086300000|100%| O|  |TAMS 0x0000000086300000, 0x0000000086300000| Untracked 
|  99|0x0000000086300000, 0x0000000086400000, 0x0000000086400000|100%| O|  |TAMS 0x0000000086400000, 0x0000000086400000| Untracked 
| 100|0x0000000086400000, 0x0000000086500000, 0x0000000086500000|100%| O|  |TAMS 0x0000000086500000, 0x0000000086500000| Untracked 
| 101|0x0000000086500000, 0x0000000086600000, 0x0000000086600000|100%| O|  |TAMS 0x0000000086600000, 0x0000000086600000| Untracked 
| 102|0x0000000086600000, 0x0000000086700000, 0x0000000086700000|100%| O|  |TAMS 0x0000000086700000, 0x0000000086700000| Untracked 
| 103|0x0000000086700000, 0x0000000086800000, 0x0000000086800000|100%| O|  |TAMS 0x0000000086800000, 0x0000000086800000| Untracked 
| 104|0x0000000086800000, 0x0000000086900000, 0x0000000086900000|100%| O|  |TAMS 0x000000008687e800, 0x0000000086900000| Untracked 
| 105|0x0000000086900000, 0x0000000086a00000, 0x0000000086a00000|100%| O|  |TAMS 0x0000000086900000, 0x0000000086a00000| Untracked 
| 106|0x0000000086a00000, 0x0000000086b00000, 0x0000000086b00000|100%| O|  |TAMS 0x0000000086a00000, 0x0000000086b00000| Untracked 
| 107|0x0000000086b00000, 0x0000000086c00000, 0x0000000086c00000|100%| O|  |TAMS 0x0000000086b00000, 0x0000000086c00000| Untracked 
| 108|0x0000000086c00000, 0x0000000086d00000, 0x0000000086d00000|100%| O|  |TAMS 0x0000000086c00000, 0x0000000086d00000| Untracked 
| 109|0x0000000086d00000, 0x0000000086e00000, 0x0000000086e00000|100%| O|  |TAMS 0x0000000086d00000, 0x0000000086e00000| Untracked 
| 110|0x0000000086e00000, 0x0000000086f00000, 0x0000000086f00000|100%| O|  |TAMS 0x0000000086e00000, 0x0000000086f00000| Untracked 
| 111|0x0000000086f00000, 0x0000000087000000, 0x0000000087000000|100%| O|  |TAMS 0x0000000086f00000, 0x0000000087000000| Untracked 
| 112|0x0000000087000000, 0x0000000087100000, 0x0000000087100000|100%| O|  |TAMS 0x0000000087000000, 0x0000000087100000| Untracked 
| 113|0x0000000087100000, 0x0000000087200000, 0x0000000087200000|100%| O|  |TAMS 0x0000000087100000, 0x0000000087200000| Untracked 
| 114|0x0000000087200000, 0x0000000087300000, 0x0000000087300000|100%|HS|  |TAMS 0x0000000087200000, 0x0000000087300000| Complete 
| 115|0x0000000087300000, 0x0000000087400000, 0x0000000087400000|100%|HC|  |TAMS 0x0000000087300000, 0x0000000087400000| Complete 
| 116|0x0000000087400000, 0x0000000087400000, 0x0000000087500000|  0%| F|  |TAMS 0x0000000087400000, 0x0000000087400000| Untracked 
| 117|0x0000000087500000, 0x0000000087500000, 0x0000000087600000|  0%| F|  |TAMS 0x0000000087500000, 0x0000000087500000| Untracked 
| 118|0x0000000087600000, 0x0000000087600000, 0x0000000087700000|  0%| F|  |TAMS 0x0000000087600000, 0x0000000087600000| Untracked 
| 119|0x0000000087700000, 0x0000000087700000, 0x0000000087800000|  0%| F|  |TAMS 0x0000000087700000, 0x0000000087700000| Untracked 
| 120|0x0000000087800000, 0x0000000087800000, 0x0000000087900000|  0%| F|  |TAMS 0x0000000087800000, 0x0000000087800000| Untracked 
| 121|0x0000000087900000, 0x0000000087900000, 0x0000000087a00000|  0%| F|  |TAMS 0x0000000087900000, 0x0000000087900000| Untracked 
| 122|0x0000000087a00000, 0x0000000087a00000, 0x0000000087b00000|  0%| F|  |TAMS 0x0000000087a00000, 0x0000000087a00000| Untracked 
| 123|0x0000000087b00000, 0x0000000087b00000, 0x0000000087c00000|  0%| F|  |TAMS 0x0000000087b00000, 0x0000000087b00000| Untracked 
| 124|0x0000000087c00000, 0x0000000087d00000, 0x0000000087d00000|100%|HS|  |TAMS 0x0000000087c00000, 0x0000000087d00000| Complete 
| 125|0x0000000087d00000, 0x0000000087e00000, 0x0000000087e00000|100%|HC|  |TAMS 0x0000000087d00000, 0x0000000087e00000| Complete 
| 126|0x0000000087e00000, 0x0000000087f00000, 0x0000000087f00000|100%|HC|  |TAMS 0x0000000087e00000, 0x0000000087f00000| Complete 
| 127|0x0000000087f00000, 0x0000000088000000, 0x0000000088000000|100%|HC|  |TAMS 0x0000000087f00000, 0x0000000088000000| Complete 
| 128|0x0000000088000000, 0x0000000088100000, 0x0000000088100000|100%|HC|  |TAMS 0x0000000088000000, 0x0000000088100000| Complete 
| 129|0x0000000088100000, 0x0000000088200000, 0x0000000088200000|100%|HC|  |TAMS 0x0000000088100000, 0x0000000088200000| Complete 
| 130|0x0000000088200000, 0x0000000088300000, 0x0000000088300000|100%|HC|  |TAMS 0x0000000088200000, 0x0000000088300000| Complete 
| 131|0x0000000088300000, 0x0000000088400000, 0x0000000088400000|100%|HC|  |TAMS 0x0000000088300000, 0x0000000088400000| Complete 
| 132|0x0000000088400000, 0x0000000088500000, 0x0000000088500000|100%|HC|  |TAMS 0x0000000088400000, 0x0000000088500000| Complete 
| 133|0x0000000088500000, 0x0000000088600000, 0x0000000088600000|100%|HC|  |TAMS 0x0000000088500000, 0x0000000088600000| Complete 
| 134|0x0000000088600000, 0x0000000088700000, 0x0000000088700000|100%|HS|  |TAMS 0x0000000088600000, 0x0000000088700000| Complete 
| 135|0x0000000088700000, 0x0000000088800000, 0x0000000088800000|100%|HC|  |TAMS 0x0000000088700000, 0x0000000088800000| Complete 
| 136|0x0000000088800000, 0x0000000088900000, 0x0000000088900000|100%|HS|  |TAMS 0x0000000088800000, 0x0000000088900000| Complete 
| 137|0x0000000088900000, 0x0000000088a00000, 0x0000000088a00000|100%|HC|  |TAMS 0x0000000088900000, 0x0000000088a00000| Complete 
| 138|0x0000000088a00000, 0x0000000088b00000, 0x0000000088b00000|100%| O|  |TAMS 0x0000000088a00000, 0x0000000088b00000| Untracked 
| 139|0x0000000088b00000, 0x0000000088c00000, 0x0000000088c00000|100%| O|  |TAMS 0x0000000088b00000, 0x0000000088c00000| Untracked 
| 140|0x0000000088c00000, 0x0000000088d00000, 0x0000000088d00000|100%| O|  |TAMS 0x0000000088c00000, 0x0000000088d00000| Untracked 
| 141|0x0000000088d00000, 0x0000000088d4c600, 0x0000000088e00000| 29%| O|  |TAMS 0x0000000088d00000, 0x0000000088d4c600| Untracked 
| 142|0x0000000088e00000, 0x0000000088e00000, 0x0000000088f00000|  0%| F|  |TAMS 0x0000000088e00000, 0x0000000088e00000| Untracked 
| 143|0x0000000088f00000, 0x0000000088f00000, 0x0000000089000000|  0%| F|  |TAMS 0x0000000088f00000, 0x0000000088f00000| Untracked 
| 144|0x0000000089000000, 0x0000000089000000, 0x0000000089100000|  0%| F|  |TAMS 0x0000000089000000, 0x0000000089000000| Untracked 
| 145|0x0000000089100000, 0x0000000089100000, 0x0000000089200000|  0%| F|  |TAMS 0x0000000089100000, 0x0000000089100000| Untracked 
| 146|0x0000000089200000, 0x0000000089200000, 0x0000000089300000|  0%| F|  |TAMS 0x0000000089200000, 0x0000000089200000| Untracked 
| 147|0x0000000089300000, 0x0000000089300000, 0x0000000089400000|  0%| F|  |TAMS 0x0000000089300000, 0x0000000089300000| Untracked 
| 148|0x0000000089400000, 0x0000000089400000, 0x0000000089500000|  0%| F|  |TAMS 0x0000000089400000, 0x0000000089400000| Untracked 
| 149|0x0000000089500000, 0x0000000089500000, 0x0000000089600000|  0%| F|  |TAMS 0x0000000089500000, 0x0000000089500000| Untracked 
| 150|0x0000000089600000, 0x0000000089600000, 0x0000000089700000|  0%| F|  |TAMS 0x0000000089600000, 0x0000000089600000| Untracked 
| 151|0x0000000089700000, 0x0000000089700000, 0x0000000089800000|  0%| F|  |TAMS 0x0000000089700000, 0x0000000089700000| Untracked 
| 152|0x0000000089800000, 0x0000000089800000, 0x0000000089900000|  0%| F|  |TAMS 0x0000000089800000, 0x0000000089800000| Untracked 
| 153|0x0000000089900000, 0x0000000089900000, 0x0000000089a00000|  0%| F|  |TAMS 0x0000000089900000, 0x0000000089900000| Untracked 
| 154|0x0000000089a00000, 0x0000000089a00000, 0x0000000089b00000|  0%| F|  |TAMS 0x0000000089a00000, 0x0000000089a00000| Untracked 
| 155|0x0000000089b00000, 0x0000000089b00000, 0x0000000089c00000|  0%| F|  |TAMS 0x0000000089b00000, 0x0000000089b00000| Untracked 
| 156|0x0000000089c00000, 0x0000000089c00000, 0x0000000089d00000|  0%| F|  |TAMS 0x0000000089c00000, 0x0000000089c00000| Untracked 
| 157|0x0000000089d00000, 0x0000000089d00000, 0x0000000089e00000|  0%| F|  |TAMS 0x0000000089d00000, 0x0000000089d00000| Untracked 
| 158|0x0000000089e00000, 0x0000000089e00000, 0x0000000089f00000|  0%| F|  |TAMS 0x0000000089e00000, 0x0000000089e00000| Untracked 
| 159|0x0000000089f00000, 0x0000000089f00000, 0x000000008a000000|  0%| F|  |TAMS 0x0000000089f00000, 0x0000000089f00000| Untracked 
| 160|0x000000008a000000, 0x000000008a000000, 0x000000008a100000|  0%| F|  |TAMS 0x000000008a000000, 0x000000008a000000| Untracked 
| 161|0x000000008a100000, 0x000000008a100000, 0x000000008a200000|  0%| F|  |TAMS 0x000000008a100000, 0x000000008a100000| Untracked 
| 162|0x000000008a200000, 0x000000008a200000, 0x000000008a300000|  0%| F|  |TAMS 0x000000008a200000, 0x000000008a200000| Untracked 
| 163|0x000000008a300000, 0x000000008a300000, 0x000000008a400000|  0%| F|  |TAMS 0x000000008a300000, 0x000000008a300000| Untracked 
| 164|0x000000008a400000, 0x000000008a400000, 0x000000008a500000|  0%| F|  |TAMS 0x000000008a400000, 0x000000008a400000| Untracked 
| 165|0x000000008a500000, 0x000000008a500000, 0x000000008a600000|  0%| F|  |TAMS 0x000000008a500000, 0x000000008a500000| Untracked 
| 166|0x000000008a600000, 0x000000008a600000, 0x000000008a700000|  0%| F|  |TAMS 0x000000008a600000, 0x000000008a600000| Untracked 
| 167|0x000000008a700000, 0x000000008a700000, 0x000000008a800000|  0%| F|  |TAMS 0x000000008a700000, 0x000000008a700000| Untracked 
| 168|0x000000008a800000, 0x000000008a800000, 0x000000008a900000|  0%| F|  |TAMS 0x000000008a800000, 0x000000008a800000| Untracked 
| 169|0x000000008a900000, 0x000000008a900000, 0x000000008aa00000|  0%| F|  |TAMS 0x000000008a900000, 0x000000008a900000| Untracked 
| 170|0x000000008aa00000, 0x000000008aa00000, 0x000000008ab00000|  0%| F|  |TAMS 0x000000008aa00000, 0x000000008aa00000| Untracked 
| 171|0x000000008ab00000, 0x000000008ab00000, 0x000000008ac00000|  0%| F|  |TAMS 0x000000008ab00000, 0x000000008ab00000| Untracked 
| 172|0x000000008ac00000, 0x000000008ac00000, 0x000000008ad00000|  0%| F|  |TAMS 0x000000008ac00000, 0x000000008ac00000| Untracked 
| 173|0x000000008ad00000, 0x000000008ad00000, 0x000000008ae00000|  0%| F|  |TAMS 0x000000008ad00000, 0x000000008ad00000| Untracked 
| 174|0x000000008ae00000, 0x000000008ae00000, 0x000000008af00000|  0%| F|  |TAMS 0x000000008ae00000, 0x000000008ae00000| Untracked 
| 175|0x000000008af00000, 0x000000008af00000, 0x000000008b000000|  0%| F|  |TAMS 0x000000008af00000, 0x000000008af00000| Untracked 
| 176|0x000000008b000000, 0x000000008b000000, 0x000000008b100000|  0%| F|  |TAMS 0x000000008b000000, 0x000000008b000000| Untracked 
| 177|0x000000008b100000, 0x000000008b100000, 0x000000008b200000|  0%| F|  |TAMS 0x000000008b100000, 0x000000008b100000| Untracked 
| 178|0x000000008b200000, 0x000000008b200000, 0x000000008b300000|  0%| F|  |TAMS 0x000000008b200000, 0x000000008b200000| Untracked 
| 179|0x000000008b300000, 0x000000008b300000, 0x000000008b400000|  0%| F|  |TAMS 0x000000008b300000, 0x000000008b300000| Untracked 
| 180|0x000000008b400000, 0x000000008b400000, 0x000000008b500000|  0%| F|  |TAMS 0x000000008b400000, 0x000000008b400000| Untracked 
| 181|0x000000008b500000, 0x000000008b500000, 0x000000008b600000|  0%| F|  |TAMS 0x000000008b500000, 0x000000008b500000| Untracked 
| 182|0x000000008b600000, 0x000000008b600000, 0x000000008b700000|  0%| F|  |TAMS 0x000000008b600000, 0x000000008b600000| Untracked 
| 183|0x000000008b700000, 0x000000008b700000, 0x000000008b800000|  0%| F|  |TAMS 0x000000008b700000, 0x000000008b700000| Untracked 
| 184|0x000000008b800000, 0x000000008b800000, 0x000000008b900000|  0%| F|  |TAMS 0x000000008b800000, 0x000000008b800000| Untracked 
| 185|0x000000008b900000, 0x000000008b900000, 0x000000008ba00000|  0%| F|  |TAMS 0x000000008b900000, 0x000000008b900000| Untracked 
| 186|0x000000008ba00000, 0x000000008ba00000, 0x000000008bb00000|  0%| F|  |TAMS 0x000000008ba00000, 0x000000008ba00000| Untracked 
| 187|0x000000008bb00000, 0x000000008bb00000, 0x000000008bc00000|  0%| F|  |TAMS 0x000000008bb00000, 0x000000008bb00000| Untracked 
| 188|0x000000008bc00000, 0x000000008bc00000, 0x000000008bd00000|  0%| F|  |TAMS 0x000000008bc00000, 0x000000008bc00000| Untracked 
| 189|0x000000008bd00000, 0x000000008bd00000, 0x000000008be00000|  0%| F|  |TAMS 0x000000008bd00000, 0x000000008bd00000| Untracked 
| 190|0x000000008be00000, 0x000000008be00000, 0x000000008bf00000|  0%| F|  |TAMS 0x000000008be00000, 0x000000008be00000| Untracked 
| 191|0x000000008bf00000, 0x000000008bf00000, 0x000000008c000000|  0%| F|  |TAMS 0x000000008bf00000, 0x000000008bf00000| Untracked 
| 192|0x000000008c000000, 0x000000008c000000, 0x000000008c100000|  0%| F|  |TAMS 0x000000008c000000, 0x000000008c000000| Untracked 
| 193|0x000000008c100000, 0x000000008c100000, 0x000000008c200000|  0%| F|  |TAMS 0x000000008c100000, 0x000000008c100000| Untracked 
| 194|0x000000008c200000, 0x000000008c200000, 0x000000008c300000|  0%| F|  |TAMS 0x000000008c200000, 0x000000008c200000| Untracked 
| 195|0x000000008c300000, 0x000000008c300000, 0x000000008c400000|  0%| F|  |TAMS 0x000000008c300000, 0x000000008c300000| Untracked 
| 196|0x000000008c400000, 0x000000008c400000, 0x000000008c500000|  0%| F|  |TAMS 0x000000008c400000, 0x000000008c400000| Untracked 
| 197|0x000000008c500000, 0x000000008c500000, 0x000000008c600000|  0%| F|  |TAMS 0x000000008c500000, 0x000000008c500000| Untracked 
| 198|0x000000008c600000, 0x000000008c600000, 0x000000008c700000|  0%| F|  |TAMS 0x000000008c600000, 0x000000008c600000| Untracked 
| 199|0x000000008c700000, 0x000000008c700000, 0x000000008c800000|  0%| F|  |TAMS 0x000000008c700000, 0x000000008c700000| Untracked 
| 200|0x000000008c800000, 0x000000008c800000, 0x000000008c900000|  0%| F|  |TAMS 0x000000008c800000, 0x000000008c800000| Untracked 
| 201|0x000000008c900000, 0x000000008c900000, 0x000000008ca00000|  0%| F|  |TAMS 0x000000008c900000, 0x000000008c900000| Untracked 
| 202|0x000000008ca00000, 0x000000008ca00000, 0x000000008cb00000|  0%| F|  |TAMS 0x000000008ca00000, 0x000000008ca00000| Untracked 
| 203|0x000000008cb00000, 0x000000008cb00000, 0x000000008cc00000|  0%| F|  |TAMS 0x000000008cb00000, 0x000000008cb00000| Untracked 
| 204|0x000000008cc00000, 0x000000008cc00000, 0x000000008cd00000|  0%| F|  |TAMS 0x000000008cc00000, 0x000000008cc00000| Untracked 
| 205|0x000000008cd00000, 0x000000008cd00000, 0x000000008ce00000|  0%| F|  |TAMS 0x000000008cd00000, 0x000000008cd00000| Untracked 
| 206|0x000000008ce00000, 0x000000008ce00000, 0x000000008cf00000|  0%| F|  |TAMS 0x000000008ce00000, 0x000000008ce00000| Untracked 
| 207|0x000000008cf00000, 0x000000008cf00000, 0x000000008d000000|  0%| F|  |TAMS 0x000000008cf00000, 0x000000008cf00000| Untracked 
| 208|0x000000008d000000, 0x000000008d000000, 0x000000008d100000|  0%| F|  |TAMS 0x000000008d000000, 0x000000008d000000| Untracked 
| 209|0x000000008d100000, 0x000000008d100000, 0x000000008d200000|  0%| F|  |TAMS 0x000000008d100000, 0x000000008d100000| Untracked 
| 210|0x000000008d200000, 0x000000008d200000, 0x000000008d300000|  0%| F|  |TAMS 0x000000008d200000, 0x000000008d200000| Untracked 
| 211|0x000000008d300000, 0x000000008d300000, 0x000000008d400000|  0%| F|  |TAMS 0x000000008d300000, 0x000000008d300000| Untracked 
| 212|0x000000008d400000, 0x000000008d400000, 0x000000008d500000|  0%| F|  |TAMS 0x000000008d400000, 0x000000008d400000| Untracked 
| 213|0x000000008d500000, 0x000000008d500000, 0x000000008d600000|  0%| F|  |TAMS 0x000000008d500000, 0x000000008d500000| Untracked 
| 214|0x000000008d600000, 0x000000008d62f6c0, 0x000000008d700000| 18%| S|CS|TAMS 0x000000008d600000, 0x000000008d600000| Complete 
| 215|0x000000008d700000, 0x000000008d700000, 0x000000008d800000|  0%| F|  |TAMS 0x000000008d700000, 0x000000008d700000| Untracked 
| 216|0x000000008d800000, 0x000000008d800000, 0x000000008d900000|  0%| F|  |TAMS 0x000000008d800000, 0x000000008d800000| Untracked 
| 217|0x000000008d900000, 0x000000008d900000, 0x000000008da00000|  0%| F|  |TAMS 0x000000008d900000, 0x000000008d900000| Untracked 
| 218|0x000000008da00000, 0x000000008db00000, 0x000000008db00000|100%| S|CS|TAMS 0x000000008da00000, 0x000000008da00000| Complete 
| 219|0x000000008db00000, 0x000000008dc00000, 0x000000008dc00000|100%| S|CS|TAMS 0x000000008db00000, 0x000000008db00000| Complete 
| 220|0x000000008dc00000, 0x000000008dc00000, 0x000000008dd00000|  0%| F|  |TAMS 0x000000008dc00000, 0x000000008dc00000| Untracked 
| 221|0x000000008dd00000, 0x000000008dd00000, 0x000000008de00000|  0%| F|  |TAMS 0x000000008dd00000, 0x000000008dd00000| Untracked 
| 222|0x000000008de00000, 0x000000008de00000, 0x000000008df00000|  0%| F|  |TAMS 0x000000008de00000, 0x000000008de00000| Untracked 
| 223|0x000000008df00000, 0x000000008df00000, 0x000000008e000000|  0%| F|  |TAMS 0x000000008df00000, 0x000000008df00000| Untracked 
| 224|0x000000008e000000, 0x000000008e000000, 0x000000008e100000|  0%| F|  |TAMS 0x000000008e000000, 0x000000008e000000| Untracked 
| 225|0x000000008e100000, 0x000000008e100000, 0x000000008e200000|  0%| F|  |TAMS 0x000000008e100000, 0x000000008e100000| Untracked 
| 226|0x000000008e200000, 0x000000008e200000, 0x000000008e300000|  0%| F|  |TAMS 0x000000008e200000, 0x000000008e200000| Untracked 
| 227|0x000000008e300000, 0x000000008e300000, 0x000000008e400000|  0%| F|  |TAMS 0x000000008e300000, 0x000000008e300000| Untracked 
| 228|0x000000008e400000, 0x000000008e400000, 0x000000008e500000|  0%| F|  |TAMS 0x000000008e400000, 0x000000008e400000| Untracked 
| 229|0x000000008e500000, 0x000000008e500000, 0x000000008e600000|  0%| F|  |TAMS 0x000000008e500000, 0x000000008e500000| Untracked 
| 230|0x000000008e600000, 0x000000008e600000, 0x000000008e700000|  0%| F|  |TAMS 0x000000008e600000, 0x000000008e600000| Untracked 
| 231|0x000000008e700000, 0x000000008e700000, 0x000000008e800000|  0%| F|  |TAMS 0x000000008e700000, 0x000000008e700000| Untracked 
| 232|0x000000008e800000, 0x000000008e800000, 0x000000008e900000|  0%| F|  |TAMS 0x000000008e800000, 0x000000008e800000| Untracked 
| 233|0x000000008e900000, 0x000000008e900000, 0x000000008ea00000|  0%| F|  |TAMS 0x000000008e900000, 0x000000008e900000| Untracked 
| 234|0x000000008ea00000, 0x000000008ea00000, 0x000000008eb00000|  0%| F|  |TAMS 0x000000008ea00000, 0x000000008ea00000| Untracked 
| 235|0x000000008eb00000, 0x000000008eb00000, 0x000000008ec00000|  0%| F|  |TAMS 0x000000008eb00000, 0x000000008eb00000| Untracked 
| 236|0x000000008ec00000, 0x000000008ec00000, 0x000000008ed00000|  0%| F|  |TAMS 0x000000008ec00000, 0x000000008ec00000| Untracked 
| 237|0x000000008ed00000, 0x000000008ed00000, 0x000000008ee00000|  0%| F|  |TAMS 0x000000008ed00000, 0x000000008ed00000| Untracked 
| 238|0x000000008ee00000, 0x000000008ee00000, 0x000000008ef00000|  0%| F|  |TAMS 0x000000008ee00000, 0x000000008ee00000| Untracked 
| 239|0x000000008ef00000, 0x000000008ef00000, 0x000000008f000000|  0%| F|  |TAMS 0x000000008ef00000, 0x000000008ef00000| Untracked 
| 240|0x000000008f000000, 0x000000008f000000, 0x000000008f100000|  0%| F|  |TAMS 0x000000008f000000, 0x000000008f000000| Untracked 
| 241|0x000000008f100000, 0x000000008f100000, 0x000000008f200000|  0%| F|  |TAMS 0x000000008f100000, 0x000000008f100000| Untracked 
| 242|0x000000008f200000, 0x000000008f200000, 0x000000008f300000|  0%| F|  |TAMS 0x000000008f200000, 0x000000008f200000| Untracked 
| 243|0x000000008f300000, 0x000000008f300000, 0x000000008f400000|  0%| F|  |TAMS 0x000000008f300000, 0x000000008f300000| Untracked 
| 244|0x000000008f400000, 0x000000008f400000, 0x000000008f500000|  0%| F|  |TAMS 0x000000008f400000, 0x000000008f400000| Untracked 
| 245|0x000000008f500000, 0x000000008f500000, 0x000000008f600000|  0%| F|  |TAMS 0x000000008f500000, 0x000000008f500000| Untracked 
| 246|0x000000008f600000, 0x000000008f600000, 0x000000008f700000|  0%| F|  |TAMS 0x000000008f600000, 0x000000008f600000| Untracked 
| 247|0x000000008f700000, 0x000000008f700000, 0x000000008f800000|  0%| F|  |TAMS 0x000000008f700000, 0x000000008f700000| Untracked 

Card table byte_map: [0x0000023d64a30000,0x0000023d64e30000] _byte_map_base: 0x0000023d64630000

Marking Bits (Prev, Next): (CMBitMap*) 0x0000023d4d6bffe0, (CMBitMap*) 0x0000023d4d6c0020
 Prev Bits: [0x0000023d65230000, 0x0000023d67230000)
 Next Bits: [0x0000023d67230000, 0x0000023d69230000)

Polling page: 0x0000023d4b830000

Metaspace:

Usage:
  Non-class:     98.43 MB used.
      Class:     17.03 MB used.
       Both:    115.46 MB used.

Virtual space:
  Non-class space:      128.00 MB reserved,      98.94 MB ( 77%) committed,  2 nodes.
      Class space:        1.00 GB reserved,      17.50 MB (  2%) committed,  1 nodes.
             Both:        1.12 GB reserved,     116.44 MB ( 10%) committed. 

Chunk freelists:
   Non-Class:  12.75 MB
       Class:  14.54 MB
        Both:  27.29 MB

MaxMetaspaceSize: unlimited
CompressedClassSpaceSize: 1.00 GB
Initial GC threshold: 21.00 MB
Current GC threshold: 182.50 MB
CDS: on
MetaspaceReclaimPolicy: balanced
 - commit_granule_bytes: 65536.
 - commit_granule_words: 8192.
 - virtual_space_node_default_size: 8388608.
 - enlarge_chunks_in_place: 1.
 - new_chunks_are_fully_committed: 0.
 - uncommit_free_chunks: 1.
 - use_allocation_guard: 0.
 - handle_deallocations: 1.


Internal statistics:

num_allocs_failed_limit: 9.
num_arena_births: 1586.
num_arena_deaths: 48.
num_vsnodes_births: 3.
num_vsnodes_deaths: 0.
num_space_committed: 1862.
num_space_uncommitted: 0.
num_chunks_returned_to_freelist: 80.
num_chunks_taken_from_freelist: 6699.
num_chunk_merges: 40.
num_chunk_splits: 4464.
num_chunks_enlarged: 3040.
num_inconsistent_stats: 0.

CodeHeap 'non-profiled nmethods': size=120000Kb used=8182Kb max_used=8604Kb free=111817Kb
 bounds [0x0000023d5ccb0000, 0x0000023d5d520000, 0x0000023d641e0000]
CodeHeap 'profiled nmethods': size=120000Kb used=25644Kb max_used=27707Kb free=94355Kb
 bounds [0x0000023d551e0000, 0x0000023d56cf0000, 0x0000023d5c710000]
CodeHeap 'non-nmethods': size=5760Kb used=1798Kb max_used=1847Kb free=3961Kb
 bounds [0x0000023d5c710000, 0x0000023d5c980000, 0x0000023d5ccb0000]
 total_blobs=14116 nmethods=13230 adapters=794
 compilation: enabled
              stopped_count=0, restarted_count=0
 full_count=0

Compilation events (20 events):
Event: 12.195 Thread 0x0000023d6bb8d5e0 nmethod 16305 0x0000023d55aff610 code [0x0000023d55aff7c0, 0x0000023d55affa38]
Event: 12.195 Thread 0x0000023d6bb8d5e0 16310       3       com.android.zipflinger.FreeStore::ualloc (78 bytes)
Event: 12.195 Thread 0x0000023d6bb8d5e0 nmethod 16310 0x0000023d552d0310 code [0x0000023d552d0500, 0x0000023d552d09a8]
Event: 12.195 Thread 0x0000023d73521a10 16314       4       java.nio.MappedByteBuffer::flip (5 bytes)
Event: 12.195 Thread 0x0000023d73521a10 nmethod 16314 0x0000023d5d3fc210 code [0x0000023d5d3fc380, 0x0000023d5d3fc418]
Event: 12.195 Thread 0x0000023d73521a10 16315       4       sun.nio.ch.Util::offerFirstTemporaryDirectBuffer (53 bytes)
Event: 12.203 Thread 0x0000023d6bb8d5e0 16318       3       com.android.zipflinger.CentralDirectoryRecord::getSize (27 bytes)
Event: 12.203 Thread 0x0000023d6bb8d5e0 nmethod 16318 0x0000023d561fa110 code [0x0000023d561fa2a0, 0x0000023d561fa418]
Event: 12.203 Thread 0x0000023d6bb8d5e0 16319       3       com.android.zipflinger.CentralDirectoryRecord::write (234 bytes)
Event: 12.203 Thread 0x0000023d73521a10 nmethod 16315 0x0000023d5d189910 code [0x0000023d5d189b00, 0x0000023d5d18a750]
Event: 12.203 Thread 0x0000023d73521a10 16316       4       sun.nio.ch.Util$BufferCache::offerFirst (73 bytes)
Event: 12.204 Thread 0x0000023d6bb8d5e0 nmethod 16319 0x0000023d561edb90 code [0x0000023d561edf40, 0x0000023d561ef948]
Event: 12.204 Thread 0x0000023d6bb8d5e0 16320       3       com.android.zipflinger.CentralDirectoryRecord::buildExtraField (77 bytes)
Event: 12.204 Thread 0x0000023d6bb8d5e0 nmethod 16320 0x0000023d5533d590 code [0x0000023d5533d7c0, 0x0000023d5533df08]
Event: 12.204 Thread 0x0000023d73521a10 nmethod 16316 0x0000023d5d3f1c90 code [0x0000023d5d3f1e20, 0x0000023d5d3f2038]
Event: 12.204 Thread 0x0000023d73521a10 16317       4       sun.nio.ch.Util::getTemporaryDirectBuffer (55 bytes)
Event: 12.217 Thread 0x0000023d73521a10 nmethod 16317 0x0000023d5ce44990 code [0x0000023d5ce44be0, 0x0000023d5ce45af0]
Event: 12.217 Thread 0x0000023d73521a10 16321       4       java.nio.HeapByteBuffer::put (12 bytes)
Event: 12.218 Thread 0x0000023d6bb8d5e0 16322       3       java.security.Provider$ServiceKey::equals (53 bytes)
Event: 12.222 Thread 0x0000023d6bb8d5e0 nmethod 16322 0x0000023d55c6a590 code [0x0000023d55c6a760, 0x0000023d55c6ac18]

GC Heap History (20 events):
Event: 10.225 GC heap after
{Heap after GC invocations=37 (full 0):
 garbage-first heap   total 171008K, used 103748K [0x0000000080000000, 0x0000000100000000)
  region size 1024K, 7 young (7168K), 7 survivors (7168K)
 Metaspace       used 98691K, committed 99648K, reserved 1179648K
  class space    used 14070K, committed 14528K, reserved 1048576K
}
Event: 10.421 GC heap before
{Heap before GC invocations=38 (full 0):
 garbage-first heap   total 188416K, used 139588K [0x0000000080000000, 0x0000000100000000)
  region size 1024K, 43 young (44032K), 7 survivors (7168K)
 Metaspace       used 102765K, committed 103680K, reserved 1179648K
  class space    used 14794K, committed 15232K, reserved 1048576K
}
Event: 10.424 GC heap after
{Heap after GC invocations=39 (full 0):
 garbage-first heap   total 188416K, used 106499K [0x0000000080000000, 0x0000000100000000)
  region size 1024K, 3 young (3072K), 3 survivors (3072K)
 Metaspace       used 102765K, committed 103680K, reserved 1179648K
  class space    used 14794K, committed 15232K, reserved 1048576K
}
Event: 10.454 GC heap before
{Heap before GC invocations=39 (full 0):
 garbage-first heap   total 188416K, used 112643K [0x0000000080000000, 0x0000000100000000)
  region size 1024K, 9 young (9216K), 3 survivors (3072K)
 Metaspace       used 103534K, committed 104512K, reserved 1179648K
  class space    used 15030K, committed 15488K, reserved 1048576K
}
Event: 10.456 GC heap after
{Heap after GC invocations=40 (full 0):
 garbage-first heap   total 226304K, used 106766K [0x0000000080000000, 0x0000000100000000)
  region size 1024K, 1 young (1024K), 1 survivors (1024K)
 Metaspace       used 103534K, committed 104512K, reserved 1179648K
  class space    used 15030K, committed 15488K, reserved 1048576K
}
Event: 10.799 GC heap before
{Heap before GC invocations=40 (full 0):
 garbage-first heap   total 226304K, used 185614K [0x0000000080000000, 0x0000000100000000)
  region size 1024K, 79 young (80896K), 1 survivors (1024K)
 Metaspace       used 110650K, committed 111616K, reserved 1179648K
  class space    used 16421K, committed 16896K, reserved 1048576K
}
Event: 10.804 GC heap after
{Heap after GC invocations=41 (full 0):
 garbage-first heap   total 226304K, used 112301K [0x0000000080000000, 0x0000000100000000)
  region size 1024K, 7 young (7168K), 7 survivors (7168K)
 Metaspace       used 110650K, committed 111616K, reserved 1179648K
  class space    used 16421K, committed 16896K, reserved 1048576K
}
Event: 11.070 GC heap before
{Heap before GC invocations=42 (full 0):
 garbage-first heap   total 226304K, used 185005K [0x0000000080000000, 0x0000000100000000)
  region size 1024K, 79 young (80896K), 7 survivors (7168K)
 Metaspace       used 113740K, committed 114688K, reserved 1179648K
  class space    used 16876K, committed 17344K, reserved 1048576K
}
Event: 11.074 GC heap after
{Heap after GC invocations=43 (full 0):
 garbage-first heap   total 226304K, used 116090K [0x0000000080000000, 0x0000000100000000)
  region size 1024K, 7 young (7168K), 7 survivors (7168K)
 Metaspace       used 113740K, committed 114688K, reserved 1179648K
  class space    used 16876K, committed 17344K, reserved 1048576K
}
Event: 11.082 GC heap before
{Heap before GC invocations=43 (full 0):
 garbage-first heap   total 226304K, used 120186K [0x0000000080000000, 0x0000000100000000)
  region size 1024K, 11 young (11264K), 7 survivors (7168K)
 Metaspace       used 113882K, committed 114880K, reserved 1179648K
  class space    used 16916K, committed 17408K, reserved 1048576K
}
Event: 11.085 GC heap after
{Heap after GC invocations=44 (full 0):
 garbage-first heap   total 226304K, used 116090K [0x0000000080000000, 0x0000000100000000)
  region size 1024K, 1 young (1024K), 1 survivors (1024K)
 Metaspace       used 113882K, committed 114880K, reserved 1179648K
  class space    used 16916K, committed 17408K, reserved 1048576K
}
Event: 11.387 GC heap before
{Heap before GC invocations=44 (full 0):
 garbage-first heap   total 226304K, used 185722K [0x0000000080000000, 0x0000000100000000)
  region size 1024K, 69 young (70656K), 1 survivors (1024K)
 Metaspace       used 115031K, committed 115968K, reserved 1179648K
  class space    used 17066K, committed 17536K, reserved 1048576K
}
Event: 11.389 GC heap after
{Heap after GC invocations=45 (full 0):
 garbage-first heap   total 226304K, used 116442K [0x0000000080000000, 0x0000000100000000)
  region size 1024K, 2 young (2048K), 2 survivors (2048K)
 Metaspace       used 115031K, committed 115968K, reserved 1179648K
  class space    used 17066K, committed 17536K, reserved 1048576K
}
Event: 11.786 GC heap before
{Heap before GC invocations=45 (full 0):
 garbage-first heap   total 226304K, used 186074K [0x0000000080000000, 0x0000000100000000)
  region size 1024K, 71 young (72704K), 2 survivors (2048K)
 Metaspace       used 116236K, committed 117248K, reserved 1179648K
  class space    used 17190K, committed 17664K, reserved 1048576K
}
Event: 11.788 GC heap after
{Heap after GC invocations=46 (full 0):
 garbage-first heap   total 226304K, used 120134K [0x0000000080000000, 0x0000000100000000)
  region size 1024K, 5 young (5120K), 5 survivors (5120K)
 Metaspace       used 116236K, committed 117248K, reserved 1179648K
  class space    used 17190K, committed 17664K, reserved 1048576K
}
Event: 12.026 GC heap before
{Heap before GC invocations=46 (full 0):
 garbage-first heap   total 226304K, used 148806K [0x0000000080000000, 0x0000000100000000)
  region size 1024K, 25 young (25600K), 5 survivors (5120K)
 Metaspace       used 117989K, committed 118976K, reserved 1179648K
  class space    used 17409K, committed 17856K, reserved 1048576K
}
Event: 12.029 GC heap after
{Heap after GC invocations=47 (full 0):
 garbage-first heap   total 226304K, used 132579K [0x0000000080000000, 0x0000000100000000)
  region size 1024K, 6 young (6144K), 6 survivors (6144K)
 Metaspace       used 117989K, committed 118976K, reserved 1179648K
  class space    used 17409K, committed 17856K, reserved 1048576K
}
Event: 12.218 GC heap before
{Heap before GC invocations=47 (full 0):
 garbage-first heap   total 226304K, used 148963K [0x0000000080000000, 0x0000000100000000)
  region size 1024K, 9 young (9216K), 6 survivors (6144K)
 Metaspace       used 118234K, committed 119232K, reserved 1179648K
  class space    used 17438K, committed 17920K, reserved 1048576K
}
Event: 12.222 GC heap after
{Heap after GC invocations=48 (full 0):
 garbage-first heap   total 226304K, used 136906K [0x0000000080000000, 0x0000000100000000)
  region size 1024K, 3 young (3072K), 3 survivors (3072K)
 Metaspace       used 118234K, committed 119232K, reserved 1179648K
  class space    used 17438K, committed 17920K, reserved 1048576K
}
Event: 12.223 GC heap before
{Heap before GC invocations=48 (full 0):
 garbage-first heap   total 226304K, used 138954K [0x0000000080000000, 0x0000000100000000)
  region size 1024K, 4 young (4096K), 3 survivors (3072K)
 Metaspace       used 118234K, committed 119232K, reserved 1179648K
  class space    used 17438K, committed 17920K, reserved 1048576K
}

Dll operation events (15 events):
Event: 0.007 Loaded shared library C:\Users\16696\.jdks\ms-17.0.19\bin\java.dll
Event: 0.019 Loaded shared library C:\Users\16696\.jdks\ms-17.0.19\bin\jsvml.dll
Event: 0.047 Loaded shared library C:\Users\16696\.jdks\ms-17.0.19\bin\zip.dll
Event: 0.052 Loaded shared library C:\Users\16696\.jdks\ms-17.0.19\bin\instrument.dll
Event: 0.055 Loaded shared library C:\Users\16696\.jdks\ms-17.0.19\bin\net.dll
Event: 0.057 Loaded shared library C:\Users\16696\.jdks\ms-17.0.19\bin\nio.dll
Event: 0.059 Loaded shared library C:\Users\16696\.jdks\ms-17.0.19\bin\zip.dll
Event: 0.127 Loaded shared library C:\Users\16696\.jdks\ms-17.0.19\bin\jimage.dll
Event: 0.233 Loaded shared library C:\Users\16696\.jdks\ms-17.0.19\bin\verify.dll
Event: 0.253 Loaded shared library C:\Users\16696\.gradle\native\660c5614fbf4a5f2a75b1949f50a0caf5cd603558e7d8a26e50b933a0cfb79d1\windows-amd64\native-platform.dll
Event: 0.262 Loaded shared library C:\Users\16696\.gradle\native\0.2.8\x86_64-windows-gnu\gradle-fileevents.dll
Event: 0.750 Loaded shared library C:\Users\16696\.jdks\ms-17.0.19\bin\management.dll
Event: 0.753 Loaded shared library C:\Users\16696\.jdks\ms-17.0.19\bin\management_ext.dll
Event: 0.951 Loaded shared library C:\Users\16696\.jdks\ms-17.0.19\bin\extnet.dll
Event: 1.115 Loaded shared library C:\Users\16696\.jdks\ms-17.0.19\bin\sunmscapi.dll

Deoptimization events (20 events):
Event: 11.940 Thread 0x0000023d76c286c0 DEOPT PACKING pc=0x0000023d55e05330 sp=0x000000638eefd2c0
Event: 11.940 Thread 0x0000023d76c286c0 DEOPT UNPACKING pc=0x0000023d5c767143 sp=0x000000638eefc718 mode 0
Event: 11.940 Thread 0x0000023d76c286c0 DEOPT PACKING pc=0x0000023d55e05330 sp=0x000000638eefd240
Event: 11.940 Thread 0x0000023d76c286c0 DEOPT UNPACKING pc=0x0000023d5c767143 sp=0x000000638eefc698 mode 0
Event: 11.940 Thread 0x0000023d76c286c0 DEOPT PACKING pc=0x0000023d55e05330 sp=0x000000638eefd2c0
Event: 11.940 Thread 0x0000023d76c286c0 DEOPT UNPACKING pc=0x0000023d5c767143 sp=0x000000638eefc718 mode 0
Event: 11.940 Thread 0x0000023d76c286c0 DEOPT PACKING pc=0x0000023d5583df40 sp=0x000000638eefd8e0
Event: 11.940 Thread 0x0000023d76c286c0 DEOPT UNPACKING pc=0x0000023d5c767143 sp=0x000000638eefcd90 mode 0
Event: 12.004 Thread 0x0000023d785a6190 Uncommon trap: trap_request=0xffffff45 fr.pc=0x0000023d5cf6df38 relative=0x00000000000000f8
Event: 12.004 Thread 0x0000023d785a6190 Uncommon trap: reason=unstable_if action=reinterpret pc=0x0000023d5cf6df38 method=java.lang.ThreadLocal.get()Ljava/lang/Object; @ 11 c2
Event: 12.004 Thread 0x0000023d785a6190 DEOPT PACKING pc=0x0000023d5cf6df38 sp=0x000000638f1fdd80
Event: 12.004 Thread 0x0000023d785a6190 DEOPT UNPACKING pc=0x0000023d5c7669a3 sp=0x000000638f1fdd08 mode 2
Event: 12.004 Thread 0x0000023d785a6190 Uncommon trap: trap_request=0xffffff45 fr.pc=0x0000023d5ce71ccc relative=0x000000000000086c
Event: 12.004 Thread 0x0000023d785a6190 Uncommon trap: reason=unstable_if action=reinterpret pc=0x0000023d5ce71ccc method=java.lang.ThreadLocal.setInitialValue()Ljava/lang/Object; @ 16 c2
Event: 12.004 Thread 0x0000023d785a6190 DEOPT PACKING pc=0x0000023d5ce71ccc sp=0x000000638f1fdca0
Event: 12.004 Thread 0x0000023d785a6190 DEOPT UNPACKING pc=0x0000023d5c7669a3 sp=0x000000638f1fdc88 mode 2
Event: 12.005 Thread 0x0000023d75ae44c0 Uncommon trap: trap_request=0xffffff45 fr.pc=0x0000023d5cd3d858 relative=0x00000000000002f8
Event: 12.005 Thread 0x0000023d75ae44c0 Uncommon trap: reason=unstable_if action=reinterpret pc=0x0000023d5cd3d858 method=java.lang.ThreadLocal.get()Ljava/lang/Object; @ 11 c2
Event: 12.005 Thread 0x0000023d75ae44c0 DEOPT PACKING pc=0x0000023d5cd3d858 sp=0x000000638f5feb00
Event: 12.005 Thread 0x0000023d75ae44c0 DEOPT UNPACKING pc=0x0000023d5c7669a3 sp=0x000000638f5fea40 mode 2

Classes loaded (20 events):
Event: 12.157 Loading class jdk/internal/access/foreign/UnmapperProxy
Event: 12.157 Loading class jdk/internal/access/foreign/UnmapperProxy done
Event: 12.157 Loading class sun/nio/ch/FileChannelImpl$Unmapper done
Event: 12.157 Loading class sun/nio/ch/FileChannelImpl$DefaultUnmapper done
Event: 12.157 Loading class sun/nio/ch/Util$4
Event: 12.157 Loading class sun/nio/ch/Util$4 done
Event: 12.178 Loading class jdk/internal/misc/ScopedMemoryAccess$Scope$Handle
Event: 12.178 Loading class jdk/internal/misc/ScopedMemoryAccess$Scope$Handle done
Event: 12.205 Loading class java/nio/BufferOverflowException
Event: 12.205 Loading class java/nio/BufferOverflowException done
Event: 12.207 Loading class java/security/DigestException
Event: 12.208 Loading class java/security/DigestException done
Event: 12.210 Loading class java/security/spec/InvalidKeySpecException
Event: 12.210 Loading class java/security/spec/InvalidKeySpecException done
Event: 12.211 Loading class java/security/InvalidAlgorithmParameterException
Event: 12.211 Loading class java/security/InvalidAlgorithmParameterException done
Event: 12.216 Loading class java/security/spec/MGF1ParameterSpec
Event: 12.216 Loading class java/security/spec/MGF1ParameterSpec done
Event: 12.218 Loading class java/util/concurrent/ForkJoinTask$AdaptedRunnableAction
Event: 12.218 Loading class java/util/concurrent/ForkJoinTask$AdaptedRunnableAction done

Classes unloaded (20 events):
Event: 10.847 Thread 0x0000023d6bb68b50 Unloading class 0x0000023d01ec5400 'java/lang/invoke/LambdaForm$DMH+0x0000023d01ec5400'
Event: 10.847 Thread 0x0000023d6bb68b50 Unloading class 0x0000023d01ec5000 'java/lang/invoke/LambdaForm$DMH+0x0000023d01ec5000'
Event: 10.847 Thread 0x0000023d6bb68b50 Unloading class 0x0000023d01ec4c00 'java/lang/invoke/LambdaForm$DMH+0x0000023d01ec4c00'
Event: 10.847 Thread 0x0000023d6bb68b50 Unloading class 0x0000023d01ec4800 'java/lang/invoke/LambdaForm$DMH+0x0000023d01ec4800'
Event: 10.847 Thread 0x0000023d6bb68b50 Unloading class 0x0000023d01ec4400 'java/lang/invoke/LambdaForm$DMH+0x0000023d01ec4400'
Event: 10.847 Thread 0x0000023d6bb68b50 Unloading class 0x0000023d01ebe400 'java/lang/invoke/LambdaForm$DMH+0x0000023d01ebe400'
Event: 10.847 Thread 0x0000023d6bb68b50 Unloading class 0x0000023d01ebe000 'java/lang/invoke/LambdaForm$DMH+0x0000023d01ebe000'
Event: 10.847 Thread 0x0000023d6bb68b50 Unloading class 0x0000023d01ebc800 'java/lang/invoke/LambdaForm$DMH+0x0000023d01ebc800'
Event: 10.847 Thread 0x0000023d6bb68b50 Unloading class 0x0000023d01ebd800 'java/lang/invoke/LambdaForm$DMH+0x0000023d01ebd800'
Event: 10.847 Thread 0x0000023d6bb68b50 Unloading class 0x0000023d01ebc000 'java/lang/invoke/LambdaForm$DMH+0x0000023d01ebc000'
Event: 10.847 Thread 0x0000023d6bb68b50 Unloading class 0x0000023d01ebd400 'java/lang/invoke/LambdaForm$DMH+0x0000023d01ebd400'
Event: 10.847 Thread 0x0000023d6bb68b50 Unloading class 0x0000023d01ebd000 'java/lang/invoke/LambdaForm$DMH+0x0000023d01ebd000'
Event: 10.847 Thread 0x0000023d6bb68b50 Unloading class 0x0000023d01ebdc00 'java/lang/invoke/LambdaForm$DMH+0x0000023d01ebdc00'
Event: 10.847 Thread 0x0000023d6bb68b50 Unloading class 0x0000023d01ebcc00 'java/lang/invoke/LambdaForm$DMH+0x0000023d01ebcc00'
Event: 10.847 Thread 0x0000023d6bb68b50 Unloading class 0x0000023d01e41800 'java/lang/invoke/LambdaForm$DMH+0x0000023d01e41800'
Event: 10.847 Thread 0x0000023d6bb68b50 Unloading class 0x0000023d01e41400 'java/lang/invoke/LambdaForm$DMH+0x0000023d01e41400'
Event: 10.847 Thread 0x0000023d6bb68b50 Unloading class 0x0000023d01e41000 'java/lang/invoke/LambdaForm$DMH+0x0000023d01e41000'
Event: 10.847 Thread 0x0000023d6bb68b50 Unloading class 0x0000023d01e40c00 'java/lang/invoke/LambdaForm$DMH+0x0000023d01e40c00'
Event: 10.847 Thread 0x0000023d6bb68b50 Unloading class 0x0000023d01e40800 'java/lang/invoke/LambdaForm$DMH+0x0000023d01e40800'
Event: 10.847 Thread 0x0000023d6bb68b50 Unloading class 0x0000023d01e40400 'java/lang/invoke/LambdaForm$DMH+0x0000023d01e40400'

Classes redefined (0 events):
No events

Internal exceptions (20 events):
Event: 11.660 Thread 0x0000023d76e8b580 Exception <a 'sun/nio/fs/WindowsException'{0x000000008a79e0c0}> (0x000000008a79e0c0) 
thrown [s\src\hotspot\share\prims\jni.cpp, line 516]
Event: 11.676 Thread 0x0000023d76e8b580 Exception <a 'sun/nio/fs/WindowsException'{0x000000008a6e04b8}> (0x000000008a6e04b8) 
thrown [s\src\hotspot\share\prims\jni.cpp, line 516]
Event: 11.683 Thread 0x0000023d76e8b580 Exception <a 'sun/nio/fs/WindowsException'{0x000000008a523240}> (0x000000008a523240) 
thrown [s\src\hotspot\share\prims\jni.cpp, line 516]
Event: 11.683 Thread 0x0000023d76e8b580 Exception <a 'sun/nio/fs/WindowsException'{0x000000008a524090}> (0x000000008a524090) 
thrown [s\src\hotspot\share\prims\jni.cpp, line 516]
Event: 11.683 Thread 0x0000023d76e8b580 Exception <a 'sun/nio/fs/WindowsException'{0x000000008a5241a8}> (0x000000008a5241a8) 
thrown [s\src\hotspot\share\prims\jni.cpp, line 516]
Event: 11.806 Thread 0x0000023d76e8b580 Exception <a 'java/lang/NoSuchMethodError'{0x000000008da6a290}: static Lcom/android/build/api/variant/impl/SerializableApplicationMultiOutputHandler;.<clinit>()V> (0x000000008da6a290) 
thrown [s\src\hotspot\share\prims\jni.cpp, line 1112]
Event: 11.806 Thread 0x0000023d76e8b580 Exception <a 'java/lang/NoSuchMethodError'{0x000000008da80798}: static Lcom/android/build/api/variant/impl/VariantOutputImpl$SerializedForm;.<clinit>()V> (0x000000008da80798) 
thrown [s\src\hotspot\share\prims\jni.cpp, line 1112]
Event: 11.807 Thread 0x0000023d76e8b580 Exception <a 'java/lang/NoSuchMethodError'{0x000000008da96618}: static Lcom/android/build/api/variant/impl/VariantOutputConfigurationImpl;.<clinit>()V> (0x000000008da96618) 
thrown [s\src\hotspot\share\prims\jni.cpp, line 1112]
Event: 11.869 Thread 0x0000023d76c286c0 Exception <a 'sun/nio/fs/WindowsException'{0x000000008d322420}> (0x000000008d322420) 
thrown [s\src\hotspot\share\prims\jni.cpp, line 516]
Event: 11.911 Thread 0x0000023d76c286c0 Exception <a 'java/lang/NoSuchMethodError'{0x000000008d210cd8}: 'java.lang.Object java.lang.invoke.DirectMethodHandle$Holder.newInvokeSpecial(java.lang.Object, java.lang.Object, java.lang.Object, java.lang.Object, java.lang.Object, int, java.lang.Object)'> (0x000000008d210cd8) 
thrown [s\src\hotspot\share\interpreter\linkResolver.cpp, line 759]
Event: 11.912 Thread 0x0000023d76c286c0 Exception <a 'java/lang/NoSuchMethodError'{0x000000008d215b78}: 'java.lang.Object java.lang.invoke.DirectMethodHandle$Holder.invokeSpecial(java.lang.Object, java.lang.Object, java.lang.Object, java.lang.Object, java.lang.Object, java.lang.Object, int, java.lang.Object)'> (0x000000008d215b78) 
thrown [s\src\hotspot\share\interpreter\linkResolver.cpp, line 759]
Event: 11.912 Thread 0x0000023d76c286c0 Exception <a 'java/lang/NoSuchMethodError'{0x000000008d21a010}: 'java.lang.Object java.lang.invoke.Invokers$Holder.linkToTargetMethod(java.lang.Object, java.lang.Object, java.lang.Object, java.lang.Object, int, java.lang.Object, java.lang.Object)'> (0x000000008d21a010) 
thrown [s\src\hotspot\share\interpreter\linkResolver.cpp, line 759]
Event: 11.924 Thread 0x0000023d76c286c0 Exception <a 'java/lang/NoSuchMethodError'{0x000000008d2ace20}: 'java.lang.Object java.lang.invoke.DirectMethodHandle$Holder.newInvokeSpecial(java.lang.Object, java.lang.Object, java.lang.Object, java.lang.Object, java.lang.Object, java.lang.Object, java.lang.Object, int)'> (0x000000008d2ace20) 
thrown [s\src\hotspot\share\interpreter\linkResolver.cpp, line 759]
Event: 11.924 Thread 0x0000023d76c286c0 Exception <a 'java/lang/NoSuchMethodError'{0x000000008d2b2078}: 'java.lang.Object java.lang.invoke.DirectMethodHandle$Holder.invokeSpecial(java.lang.Object, java.lang.Object, java.lang.Object, java.lang.Object, java.lang.Object, java.lang.Object, java.lang.Object, java.lang.Object, int)'> (0x000000008d2b2078) 
thrown [s\src\hotspot\share\interpreter\linkResolver.cpp, line 759]
Event: 11.924 Thread 0x0000023d76c286c0 Exception <a 'java/lang/NoSuchMethodError'{0x000000008d2b6da0}: 'java.lang.Object java.lang.invoke.Invokers$Holder.linkToTargetMethod(java.lang.Object, java.lang.Object, java.lang.Object, java.lang.Object, java.lang.Object, java.lang.Object, int, java.lang.Object)'> (0x000000008d2b6da0) 
thrown [s\src\hotspot\share\interpreter\linkResolver.cpp, line 759]
Event: 11.982 Thread 0x0000023d76c286c0 Exception <a 'sun/nio/fs/WindowsException'{0x000000008ce87670}> (0x000000008ce87670) 
thrown [s\src\hotspot\share\prims\jni.cpp, line 516]
Event: 12.004 Thread 0x0000023d785a6190 Implicit null exception at 0x0000023d5cf6de8c to 0x0000023d5cf6df24
Event: 12.004 Thread 0x0000023d785a6190 Implicit null exception at 0x0000023d5ce714d9 to 0x0000023d5ce71cb0
Event: 12.005 Thread 0x0000023d75ae44c0 Implicit null exception at 0x0000023d5cd3d5a4 to 0x0000023d5cd3d840
Event: 12.157 Thread 0x0000023d76c286c0 Exception <a 'java/lang/NoSuchMethodError'{0x000000008f74db68}: 'java.lang.Object java.lang.invoke.Invokers$Holder.invoke_MT(java.lang.Object, java.lang.Object, java.lang.Object)'> (0x000000008f74db68) 
thrown [s\src\hotspot\share\interpreter\linkResolver.cpp, line 759]

VM Operations (20 events):
Event: 11.811 Executing VM operation: HandshakeAllThreads done
Event: 11.827 Executing VM operation: ICBufferFull
Event: 11.827 Executing VM operation: ICBufferFull done
Event: 11.871 Executing VM operation: HandshakeAllThreads
Event: 11.871 Executing VM operation: HandshakeAllThreads done
Event: 11.877 Executing VM operation: HandshakeAllThreads
Event: 11.878 Executing VM operation: HandshakeAllThreads done
Event: 11.880 Executing VM operation: HandshakeAllThreads
Event: 11.880 Executing VM operation: HandshakeAllThreads done
Event: 11.996 Executing VM operation: HandshakeAllThreads
Event: 11.996 Executing VM operation: HandshakeAllThreads done
Event: 12.019 Executing VM operation: HandshakeAllThreads
Event: 12.020 Executing VM operation: HandshakeAllThreads done
Event: 12.021 Executing VM operation: G1TryInitiateConcMark
Event: 12.029 Executing VM operation: G1TryInitiateConcMark done
Event: 12.029 Executing VM operation: HandshakeAllThreads
Event: 12.030 Executing VM operation: HandshakeAllThreads done
Event: 12.218 Executing VM operation: G1TryInitiateConcMark
Event: 12.222 Executing VM operation: G1TryInitiateConcMark done
Event: 12.222 Executing VM operation: G1TryInitiateConcMark

Memory protections (0 events):
No events

Nmethod flushes (20 events):
Event: 12.042 Thread 0x0000023d6bb90a70 flushing  nmethod 0x0000023d56b23d10
Event: 12.042 Thread 0x0000023d6bb90a70 flushing  nmethod 0x0000023d56b24410
Event: 12.042 Thread 0x0000023d6bb90a70 flushing  nmethod 0x0000023d56b32390
Event: 12.042 Thread 0x0000023d6bb90a70 flushing  nmethod 0x0000023d56b32a90
Event: 12.042 Thread 0x0000023d6bb90a70 flushing  nmethod 0x0000023d56b33a90
Event: 12.042 Thread 0x0000023d6bb90a70 flushing  nmethod 0x0000023d56b34290
Event: 12.042 Thread 0x0000023d6bb90a70 flushing  nmethod 0x0000023d56b34f10
Event: 12.042 Thread 0x0000023d6bb90a70 flushing  nmethod 0x0000023d56b35c90
Event: 12.042 Thread 0x0000023d6bb90a70 flushing  nmethod 0x0000023d56b36090
Event: 12.042 Thread 0x0000023d6bb90a70 flushing  nmethod 0x0000023d56b36490
Event: 12.042 Thread 0x0000023d6bb90a70 flushing  nmethod 0x0000023d56b37b10
Event: 12.042 Thread 0x0000023d6bb90a70 flushing  nmethod 0x0000023d56b38710
Event: 12.042 Thread 0x0000023d6bb90a70 flushing  nmethod 0x0000023d56b38d90
Event: 12.042 Thread 0x0000023d6bb90a70 flushing  nmethod 0x0000023d56b3cc90
Event: 12.042 Thread 0x0000023d6bb90a70 flushing  nmethod 0x0000023d56b48b10
Event: 12.042 Thread 0x0000023d6bb90a70 flushing  nmethod 0x0000023d56b49290
Event: 12.042 Thread 0x0000023d6bb90a70 flushing  nmethod 0x0000023d56b49a90
Event: 12.042 Thread 0x0000023d6bb90a70 flushing  nmethod 0x0000023d56b52910
Event: 12.042 Thread 0x0000023d6bb90a70 flushing  nmethod 0x0000023d56b58390
Event: 12.042 Thread 0x0000023d6bb90a70 flushing  nmethod 0x0000023d56b85a10

Events (20 events):
Event: 8.498 Thread 0x0000023d76feef70 Thread added: 0x0000023d76e8b580
Event: 8.498 Thread 0x0000023d76feef70 Thread added: 0x0000023d76e8ced0
Event: 8.516 Thread 0x0000023d76ff17f0 Thread added: 0x0000023d76e8c4b0
Event: 9.635 Thread 0x0000023d76e8b580 Thread added: 0x0000023d76ff2720
Event: 9.635 Thread 0x0000023d76e8b580 Thread added: 0x0000023d76c27ca0
Event: 9.635 Thread 0x0000023d76e8b580 Thread added: 0x0000023d76c26d70
Event: 9.636 Thread 0x0000023d76e8b580 Thread added: 0x0000023d76c27280
Event: 9.637 Thread 0x0000023d76e8b580 Thread added: 0x0000023d76c281b0
Event: 9.643 Thread 0x0000023d76e8b580 Thread added: 0x0000023d76c27790
Event: 9.644 Thread 0x0000023d76e8b580 Thread added: 0x0000023d76c26350
Event: 9.645 Thread 0x0000023d76e8b580 Thread added: 0x0000023d76c286c0
Event: 9.645 Thread 0x0000023d76e8b580 Thread added: 0x0000023d76c24f10
Event: 9.646 Thread 0x0000023d76e8b580 Thread added: 0x0000023d76c28bd0
Event: 9.668 Thread 0x0000023d76e8b580 Thread added: 0x0000023d76c25420
Event: 11.729 Thread 0x0000023d76c25420 Thread exited: 0x0000023d76c25420
Event: 12.003 Thread 0x0000023d76c286c0 Thread added: 0x0000023d785a6190
Event: 12.004 Thread 0x0000023d785a6190 Thread added: 0x0000023d75ae5e10
Event: 12.004 Thread 0x0000023d75ae5e10 Thread added: 0x0000023d73f17c40
Event: 12.004 Thread 0x0000023d73f17c40 Thread added: 0x0000023d75371900
Event: 12.004 Thread 0x0000023d75371900 Thread added: 0x0000023d75ae44c0


Dynamic libraries:
0x00007ff76e8a0000 - 0x00007ff76e8ae000 	C:\Users\16696\.jdks\ms-17.0.19\bin\java.exe
0x00007ff880020000 - 0x00007ff880286000 	C:\Windows\SYSTEM32\ntdll.dll
0x00007ff87e450000 - 0x00007ff87e519000 	C:\Windows\System32\KERNEL32.DLL
0x00007ff87d960000 - 0x00007ff87dd5a000 	C:\Windows\System32\KERNELBASE.dll
0x00007ff87d620000 - 0x00007ff87d76c000 	C:\Windows\System32\ucrtbase.dll
0x00007ff8727d0000 - 0x00007ff8727e8000 	C:\Users\16696\.jdks\ms-17.0.19\bin\jli.dll
0x00007ff8727f0000 - 0x00007ff87280e000 	C:\Users\16696\.jdks\ms-17.0.19\bin\VCRUNTIME140.dll
0x00007ff87fa80000 - 0x00007ff87fc47000 	C:\Windows\System32\USER32.dll
0x00007ff87dd60000 - 0x00007ff87dd87000 	C:\Windows\System32\win32u.dll
0x00007ff87c3b0000 - 0x00007ff87c642000 	C:\Windows\WinSxS\amd64_microsoft.windows.common-controls_6595b64144ccf1df_6.0.26100.8521_none_3e08b75ce33403b3\COMCTL32.dll
0x00007ff87fa30000 - 0x00007ff87fa5b000 	C:\Windows\System32\GDI32.dll
0x00007ff87e5f0000 - 0x00007ff87e699000 	C:\Windows\System32\msvcrt.dll
0x00007ff87d830000 - 0x00007ff87d95b000 	C:\Windows\System32\gdi32full.dll
0x00007ff87d2b0000 - 0x00007ff87d353000 	C:\Windows\System32\msvcp_win.dll
0x00007ff87dea0000 - 0x00007ff87ded2000 	C:\Windows\System32\IMM32.DLL
0x00007ff86df20000 - 0x00007ff86df2c000 	C:\Users\16696\.jdks\ms-17.0.19\bin\vcruntime140_1.dll
0x00007ff853430000 - 0x00007ff8534b9000 	C:\Users\16696\.jdks\ms-17.0.19\bin\msvcp140.dll
0x00007ff807770000 - 0x00007ff8083eb000 	C:\Users\16696\.jdks\ms-17.0.19\bin\server\jvm.dll
0x00007ff87ed10000 - 0x00007ff87edc6000 	C:\Windows\System32\ADVAPI32.dll
0x00007ff87e1e0000 - 0x00007ff87e28a000 	C:\Windows\System32\sechost.dll
0x00007ff87f8a0000 - 0x00007ff87f9b8000 	C:\Windows\System32\RPCRT4.dll
0x00007ff87de10000 - 0x00007ff87de90000 	C:\Windows\System32\WS2_32.dll
0x00007ff87d110000 - 0x00007ff87d16e000 	C:\Windows\SYSTEM32\POWRPROF.dll
0x00007ff875340000 - 0x00007ff87534b000 	C:\Windows\SYSTEM32\VERSION.dll
0x00007ff875350000 - 0x00007ff875386000 	C:\Windows\SYSTEM32\WINMM.dll
0x00007ff87d0f0000 - 0x00007ff87d104000 	C:\Windows\SYSTEM32\UMPDC.dll
0x00007ff87b6d0000 - 0x00007ff87b6eb000 	C:\Windows\SYSTEM32\kernel.appcore.dll
0x00007ff86de60000 - 0x00007ff86de6a000 	C:\Users\16696\.jdks\ms-17.0.19\bin\jimage.dll
0x00007ff87ca80000 - 0x00007ff87ccc2000 	C:\Windows\SYSTEM32\DBGHELP.DLL
0x00007ff87fc50000 - 0x00007ff87ffd3000 	C:\Windows\System32\combase.dll
0x00007ff87f760000 - 0x00007ff87f839000 	C:\Windows\System32\OLEAUT32.dll
0x00007ff87c950000 - 0x00007ff87c98b000 	C:\Windows\SYSTEM32\dbgcore.DLL
0x00007ff87d360000 - 0x00007ff87d408000 	C:\Windows\System32\bcryptPrimitives.dll
0x00007ff86de50000 - 0x00007ff86de5f000 	C:\Users\16696\.jdks\ms-17.0.19\bin\instrument.dll
0x00007ff86d460000 - 0x00007ff86d486000 	C:\Users\16696\.jdks\ms-17.0.19\bin\java.dll
0x00007ff83d0c0000 - 0x00007ff83d196000 	C:\Users\16696\.jdks\ms-17.0.19\bin\jsvml.dll
0x00007ff87ee60000 - 0x00007ff87f5e4000 	C:\Windows\System32\SHELL32.dll
0x00007ff87a390000 - 0x00007ff87ac10000 	C:\Windows\SYSTEM32\windows.storage.dll
0x00007ff87e350000 - 0x00007ff87e446000 	C:\Windows\System32\SHCORE.dll
0x00007ff87f9c0000 - 0x00007ff87fa27000 	C:\Windows\System32\shlwapi.dll
0x00007ff87d1d0000 - 0x00007ff87d1f9000 	C:\Windows\SYSTEM32\profapi.dll
0x00007ff86de00000 - 0x00007ff86de18000 	C:\Users\16696\.jdks\ms-17.0.19\bin\zip.dll
0x00007ff86d930000 - 0x00007ff86d94b000 	C:\Users\16696\.jdks\ms-17.0.19\bin\net.dll
0x00007ff874b00000 - 0x00007ff874c29000 	C:\Windows\SYSTEM32\WINHTTP.dll
0x00007ff87bbf0000 - 0x00007ff87bc5c000 	C:\Windows\system32\mswsock.dll
0x00007ff86d060000 - 0x00007ff86d076000 	C:\Users\16696\.jdks\ms-17.0.19\bin\nio.dll
0x00007ff86de40000 - 0x00007ff86de50000 	C:\Users\16696\.jdks\ms-17.0.19\bin\verify.dll
0x00007fffe4c80000 - 0x00007fffe4ca7000 	C:\Users\16696\.gradle\native\660c5614fbf4a5f2a75b1949f50a0caf5cd603558e7d8a26e50b933a0cfb79d1\windows-amd64\native-platform.dll
0x00007ff845a90000 - 0x00007ff845b07000 	C:\Users\16696\.gradle\native\0.2.8\x86_64-windows-gnu\gradle-fileevents.dll
0x00007ff86ddd0000 - 0x00007ff86ddda000 	C:\Users\16696\.jdks\ms-17.0.19\bin\management.dll
0x00007ff86ce50000 - 0x00007ff86ce5c000 	C:\Users\16696\.jdks\ms-17.0.19\bin\management_ext.dll
0x00007ff87fa70000 - 0x00007ff87fa78000 	C:\Windows\System32\PSAPI.DLL
0x00007ff87b0f0000 - 0x00007ff87b123000 	C:\Windows\SYSTEM32\IPHLPAPI.DLL
0x00007ff87fa60000 - 0x00007ff87fa6a000 	C:\Windows\System32\NSI.dll
0x00007ff875390000 - 0x00007ff8753ad000 	C:\Windows\SYSTEM32\dhcpcsvc6.DLL
0x00007ff874450000 - 0x00007ff874475000 	C:\Windows\SYSTEM32\dhcpcsvc.DLL
0x00007ff87b180000 - 0x00007ff87b2ca000 	C:\Windows\SYSTEM32\DNSAPI.dll
0x00007ff87ba10000 - 0x00007ff87ba1d000 	C:\Windows\SYSTEM32\DSPARSE.dll
0x00007ff86ce40000 - 0x00007ff86ce49000 	C:\Users\16696\.jdks\ms-17.0.19\bin\extnet.dll
0x00007ff87cdd0000 - 0x00007ff87cdeb000 	C:\Windows\SYSTEM32\CRYPTSP.dll
0x00007ff87be90000 - 0x00007ff87bec9000 	C:\Windows\system32\rsaenh.dll
0x00007ff87bc60000 - 0x00007ff87bc93000 	C:\Windows\SYSTEM32\USERENV.dll
0x00007ff87d1a0000 - 0x00007ff87d1ca000 	C:\Windows\SYSTEM32\bcrypt.dll
0x00007ff87be80000 - 0x00007ff87be8c000 	C:\Windows\SYSTEM32\CRYPTBASE.dll
0x00007ff86ce30000 - 0x00007ff86ce3e000 	C:\Users\16696\.jdks\ms-17.0.19\bin\sunmscapi.dll
0x00007ff87d410000 - 0x00007ff87d588000 	C:\Windows\System32\CRYPT32.dll
0x00007ff87c370000 - 0x00007ff87c3a0000 	C:\Windows\SYSTEM32\ncrypt.dll
0x00007ff87c320000 - 0x00007ff87c35f000 	C:\Windows\SYSTEM32\NTASN1.dll
0x00007ff865540000 - 0x00007ff865548000 	C:\Windows\system32\wshunix.dll

dbghelp: loaded successfully - version: 4.0.5 - missing functions: none
symbol engine: initialized successfully - sym options: 0x614 - pdb path: .;C:\Users\16696\.jdks\ms-17.0.19\bin;C:\Windows\SYSTEM32;C:\Windows\WinSxS\amd64_microsoft.windows.common-controls_6595b64144ccf1df_6.0.26100.8521_none_3e08b75ce33403b3;C:\Users\16696\.jdks\ms-17.0.19\bin\server;C:\Users\16696\.gradle\native\660c5614fbf4a5f2a75b1949f50a0caf5cd603558e7d8a26e50b933a0cfb79d1\windows-amd64;C:\Users\16696\.gradle\native\0.2.8\x86_64-windows-gnu

VM Arguments:
jvm_args: --add-opens=java.base/java.lang=ALL-UNNAMED --add-opens=java.base/java.lang.invoke=ALL-UNNAMED --add-opens=java.base/java.util=ALL-UNNAMED --add-opens=java.prefs/java.util.prefs=ALL-UNNAMED --add-exports=jdk.compiler/com.sun.tools.javac.api=ALL-UNNAMED --add-exports=jdk.compiler/com.sun.tools.javac.util=ALL-UNNAMED --add-opens=java.base/java.util=ALL-UNNAMED --add-opens=java.prefs/java.util.prefs=ALL-UNNAMED --add-opens=java.base/java.nio.charset=ALL-UNNAMED --add-opens=java.base/java.net=ALL-UNNAMED --add-opens=java.base/java.util.concurrent=ALL-UNNAMED --add-opens=java.base/java.util.concurrent.atomic=ALL-UNNAMED --add-opens=java.xml/javax.xml.namespace=ALL-UNNAMED --add-opens=java.base/java.time=ALL-UNNAMED -Xmx2048m -Dfile.encoding=UTF-8 -Duser.country=CN -Duser.language=zh -Duser.variant -javaagent:C:\Users\16696\.gradle\wrapper\dists\gradle-9.4.1-bin\arn2x92ynaizyzdaamcbpbhtj\gradle-9.4.1\lib\agents\gradle-instrumentation-agent-9.4.1.jar 
java_command: org.gradle.launcher.daemon.bootstrap.GradleDaemon 9.4.1
java_class_path (initial): C:\Users\16696\.gradle\wrapper\dists\gradle-9.4.1-bin\arn2x92ynaizyzdaamcbpbhtj\gradle-9.4.1\lib\gradle-daemon-main-9.4.1.jar
Launcher Type: SUN_STANDARD

[Global flags]
     intx CICompilerCount                          = 4                                         {product} {ergonomic}
     uint ConcGCThreads                            = 2                                         {product} {ergonomic}
     uint G1ConcRefinementThreads                  = 9                                         {product} {ergonomic}
   size_t G1HeapRegionSize                         = 1048576                                   {product} {ergonomic}
    uintx GCDrainStackTargetSize                   = 64                                        {product} {ergonomic}
   size_t InitialHeapSize                          = 260046848                                 {product} {ergonomic}
   size_t MarkStackSize                            = 4194304                                   {product} {ergonomic}
   size_t MaxHeapSize                              = 2147483648                                {product} {command line}
   size_t MaxNewSize                               = 1287651328                                {product} {ergonomic}
   size_t MinHeapDeltaBytes                        = 1048576                                   {product} {ergonomic}
   size_t MinHeapSize                              = 8388608                                   {product} {ergonomic}
    uintx NonNMethodCodeHeapSize                   = 5839372                                {pd product} {ergonomic}
    uintx NonProfiledCodeHeapSize                  = 122909434                              {pd product} {ergonomic}
    uintx ProfiledCodeHeapSize                     = 122909434                              {pd product} {ergonomic}
    uintx ReservedCodeCacheSize                    = 251658240                              {pd product} {ergonomic}
     bool SegmentedCodeCache                       = true                                      {product} {ergonomic}
   size_t SoftMaxHeapSize                          = 2147483648                             {manageable} {ergonomic}
     bool UseCompressedClassPointers               = true                           {product lp64_product} {ergonomic}
     bool UseCompressedOops                        = true                           {product lp64_product} {ergonomic}
     bool UseG1GC                                  = true                                      {product} {ergonomic}
     bool UseLargePagesIndividualAllocation        = false                                  {pd product} {ergonomic}

Logging:
Log output configuration:
 #0: stdout all=warning uptime,level,tags
 #1: stderr all=off uptime,level,tags

Environment Variables:
JAVA_HOME=D:\Android\jdk-8.0.492.9-hotspot
PATH=d:\Trea\Trae CN\resources\app\modules\ai-agent\bin;D:\Android\jdk-8.0.492.9-hotspot\bin;C:\Program Files (x86)\VMware\VMware Workstation\bin\;C:\Windows\system32;C:\Windows;C:\Windows\System32\Wbem;C:\Windows\System32\WindowsPowerShell\v1.0\;C:\Windows\System32\OpenSSH\;D:\Git\Git\cmd;D:\Cmake\bin;D:\Windows Kits\10\Windows Performance Toolkit\;C:\Program Files\CMake\bin;C:\Program Files\TortoiseGit\bin;C:\NXP\S32DS.3.5\S32DS\build_tools\gcc-10.2-arm32-eabi\bin;D:\Xshell\;C:\Users\16696\AppData\Local\Programs\Python\Python314\Scripts\;C:\Users\16696\AppData\Local\Programs\Python\Python314\;C:\Users\16696\AppData\Local\Microsoft\WindowsApps;D:\pycharm\PyCharm 2026.1.2\bin;D:\vscode\Microsoft VS Code\bin;D:\Android\Sdk\platform-tools;;c:\Users\16696\.trae-cn\extensions\vscjava.vscode-java-debug-0.59.0-universal\bundled\scripts\noConfigScripts;D:\Android\jdk-8.0.492.9-hotspot\bin;C:\Program Files (x86)\VMware\VMware Workstation\bin\;C:\Windows\system32;C:\Windows;C:\Windows\System32\Wbem;C:\Windows\System32\WindowsPowerShell\v1.0\;C:\Windows\System32\OpenSSH\;D:\Git\Git\cmd;D:\Cmake\bin;D:\Windows Kits\10\Windows Performance Toolkit\;C:\Program Files\CMake\bin;C:\Program Files\TortoiseGit\bin;C:\NXP\S32DS.3.5\S32DS\build_tools\gcc-10.2-arm32-eabi\bin;D:\Xshell\;C:\Users\16696\AppData\Local\Programs\Python\Python314\Scripts\;C:\Users\16696\AppData\Local\Programs\Python\Python314\;C:\Users\16696\AppData\Local\Microsoft\WindowsApps;D:\pycharm\PyCharm 2026.1.2\bin;D:\vscode\Microsoft VS Code\bin;D:\Android\Sdk\platform-tools;d:\Trea\Trae CN\resources\app\bin\lib;d:\Trea\Trae CN\resources\app\node_modules\@vscode\ripgrep\bin
USERNAME=16696
LANG=zh_CN.UTF-8
TERM=dumb
OS=Windows_NT
PROCESSOR_IDENTIFIER=Intel64 Family 6 Model 198 Stepping 2, GenuineIntel
TMP=C:\Users\16696\AppData\Local\Temp
TEMP=C:\Users\16696\AppData\Local\Temp



Periodic native trim disabled


---------------  S Y S T E M  ---------------

OS:
 Windows 11 , 64 bit Build 26100 (10.0.26100.8521)
OS uptime: 1 days 20:19 hours
Hyper-V role detected

CPU: total 10 (initial active 10) (10 cores per cpu, 1 threads per core) family 6 model 198 stepping 2 microcode 0x118, cx8, cmov, fxsr, mmx, 3dnowpref, sse, sse2, sse3, ssse3, sse4.1, sse4.2, popcnt, lzcnt, tsc, tscinvbit, avx, avx2, aes, erms, clmul, bmi1, bmi2, adx, sha, fma, vzeroupper, clflush, clflushopt, clwb, hv
Processor Information for processor 0
  Max Mhz: 3300, Current Mhz: 3300, Mhz Limit: 3300
Processor Information for processor 1
  Max Mhz: 3300, Current Mhz: 3300, Mhz Limit: 3300
Processor Information for processor 2
  Max Mhz: 2700, Current Mhz: 2700, Mhz Limit: 2700
Processor Information for processor 3
  Max Mhz: 2700, Current Mhz: 2700, Mhz Limit: 2700
Processor Information for processor 4
  Max Mhz: 2700, Current Mhz: 2700, Mhz Limit: 2700
Processor Information for processor 5
  Max Mhz: 2700, Current Mhz: 2700, Mhz Limit: 2700
Processor Information for processor 6
  Max Mhz: 3300, Current Mhz: 3300, Mhz Limit: 3300
Processor Information for processor 7
  Max Mhz: 3300, Current Mhz: 3300, Mhz Limit: 3300
Processor Information for processor 8
  Max Mhz: 3300, Current Mhz: 3300, Mhz Limit: 3300
Processor Information for processor 9
  Max Mhz: 3300, Current Mhz: 3300, Mhz Limit: 3300

Memory: 4k page, system-wide physical 15751M (664M free)
TotalPageFile size 54151M (AvailPageFile size 104M)
current process WorkingSet (physical memory assigned to process): 557M, peak: 575M
current process commit charge ("private bytes"): 630M, peak: 788M

vm_info: OpenJDK 64-Bit Server VM (17.0.19+10-LTS) for windows-amd64 JRE (17.0.19+10-LTS), built on Apr 18 2026 18:24:40 by "MicrosoftCorporation" with MS VC++ 17.14 (VS2022)

END.
