#
# There is insufficient memory for the Java Runtime Environment to continue.
# Native memory allocation (mmap) failed to map 249561088 bytes. Error detail: G1 virtual space
# Possible reasons:
#   The system is out of physical RAM or swap space
#   This process is running with CompressedOops enabled, and the Java Heap may be blocking the growth of the native heap
# Possible solutions:
#   Reduce memory load on the system
#   Increase physical memory or swap space
#   Check if swap backing store is full
#   Decrease Java heap size (-Xmx/-Xms)
#   Decrease number of Java threads
#   Decrease Java thread stack sizes (-Xss)
#   Set larger code cache with -XX:ReservedCodeCacheSize=
#   JVM is running with Unscaled Compressed Oops mode in which the Java heap is
#     placed in the first 4GB address space. The Java Heap base address is the
#     maximum limit for the native heap growth. Please use -XX:HeapBaseMinAddress
#     to set the Java Heap base and to place the Java Heap above 4GB virtual address.
# This output file may be truncated or incomplete.
#
#  Out of Memory Error (os_windows.cpp:3690), pid=18900, tid=7292
#
# JRE version: OpenJDK Runtime Environment Microsoft-13877129 (17.0.19+10) (build 17.0.19+10-LTS)
# Java VM: OpenJDK 64-Bit Server VM Microsoft-13877129 (17.0.19+10-LTS, mixed mode, sharing, tiered, compressed oops, compressed class ptrs, g1 gc, windows-amd64)
# No core dump will be written. Minidumps are not enabled by default on client versions of Windows
#

---------------  S U M M A R Y ------------

Command Line: --add-opens=java.base/java.lang=ALL-UNNAMED --add-opens=java.base/java.lang.invoke=ALL-UNNAMED --add-opens=java.base/java.util=ALL-UNNAMED --add-opens=java.prefs/java.util.prefs=ALL-UNNAMED --add-exports=jdk.compiler/com.sun.tools.javac.api=ALL-UNNAMED --add-exports=jdk.compiler/com.sun.tools.javac.util=ALL-UNNAMED --add-opens=java.base/java.util=ALL-UNNAMED --add-opens=java.prefs/java.util.prefs=ALL-UNNAMED --add-opens=java.base/java.nio.charset=ALL-UNNAMED --add-opens=java.base/java.net=ALL-UNNAMED --add-opens=java.base/java.util.concurrent=ALL-UNNAMED --add-opens=java.base/java.util.concurrent.atomic=ALL-UNNAMED --add-opens=java.xml/javax.xml.namespace=ALL-UNNAMED --add-opens=java.base/java.time=ALL-UNNAMED -Xmx2048m -Dfile.encoding=UTF-8 -Duser.country=CN -Duser.language=zh -Duser.variant -javaagent:C:\Users\16696\.gradle\wrapper\dists\gradle-9.4.1-bin\arn2x92ynaizyzdaamcbpbhtj\gradle-9.4.1\lib\agents\gradle-instrumentation-agent-9.4.1.jar org.gradle.launcher.daemon.bootstrap.GradleDaemon 9.4.1

Host: Intel(R) Core(TM) Ultra 5 225, 10 cores, 15G,  Windows 11 , 64 bit Build 26100 (10.0.26100.8521)
Time: Tue Jul 14 11:53:45 2026  Windows 11 , 64 bit Build 26100 (10.0.26100.8521) elapsed time: 17.110115 seconds (0d 0h 0m 17s)

---------------  T H R E A D  ---------------

Current thread (0x000002d46b028560):  VMThread "VM Thread" [stack: 0x000000e669300000,0x000000e669400000] [id=7292]

Stack: [0x000000e669300000,0x000000e669400000]
Native frames: (J=compiled Java code, j=interpreted, Vv=VM code, C=native code)
V  [jvm.dll+0x68cc89]  (no source info available)
V  [jvm.dll+0x845d89]  (no source info available)
V  [jvm.dll+0x847af8]  (no source info available)
V  [jvm.dll+0x848183]  (no source info available)
V  [jvm.dll+0x24d0bf]  (no source info available)
V  [jvm.dll+0x68c089]  (no source info available)
V  [jvm.dll+0x68064a]  (no source info available)
V  [jvm.dll+0x3102f0]  (no source info available)
V  [jvm.dll+0x310192]  (no source info available)
V  [jvm.dll+0x317709]  (no source info available)
V  [jvm.dll+0x369b09]  (no source info available)
V  [jvm.dll+0x369d3d]  (no source info available)
V  [jvm.dll+0x2e6afa]  (no source info available)
V  [jvm.dll+0x2e4ef1]  (no source info available)
V  [jvm.dll+0x2e468c]  (no source info available)
V  [jvm.dll+0x32903b]  (no source info available)
V  [jvm.dll+0x84ca0d]  (no source info available)
V  [jvm.dll+0x84d723]  (no source info available)
V  [jvm.dll+0x84dc54]  (no source info available)
V  [jvm.dll+0x84e038]  (no source info available)
V  [jvm.dll+0x84e12e]  (no source info available)
V  [jvm.dll+0x7f62cc]  (no source info available)
V  [jvm.dll+0x68e227]  (no source info available)
C  [ucrtbase.dll+0x2cd30]  (no source info available)
C  [KERNEL32.DLL+0x2e957]  (no source info available)
C  [ntdll.dll+0x87c1c]  (no source info available)

VM_Operation (0x000000e66e0fb5f0): G1CollectForAllocation, mode: safepoint, requested by thread 0x000002d4767647f0


---------------  P R O C E S S  ---------------

Threads class SMR info:
_java_thread_list=0x000002d47cf92120, length=73, elements={
0x000002d44bd6dcd0, 0x000002d46b02c0f0, 0x000002d46b02c9c0, 0x000002d46b03b4b0,
0x000002d46b03bd80, 0x000002d46b05dea0, 0x000002d46b043e60, 0x000002d46b046680,
0x000002d46b073ed0, 0x000002d46b0473c0, 0x000002d46b042f30, 0x000002d46b040bc0,
0x000002d46b0415e0, 0x000002d46b0406b0, 0x000002d46b0410d0, 0x000002d46b043950,
0x000002d46b041af0, 0x000002d46b042000, 0x000002d46b042510, 0x000002d46b042a20,
0x000002d4717dfcb0, 0x000002d4717e0be0, 0x000002d4717e10f0, 0x000002d4717df290,
0x000002d4717e2020, 0x000002d4717df7a0, 0x000002d4717e01c0, 0x000002d4717ded80,
0x000002d4717e3e80, 0x000002d4717e3460, 0x000002d4717e2a40, 0x000002d4717e4390,
0x000002d4717e3970, 0x000002d4717e4db0, 0x000002d4717e1600, 0x000002d4717e1b10,
0x000002d4717e57d0, 0x000002d4717e48a0, 0x000002d4717e5ce0, 0x000002d4717e61f0,
0x000002d4717e6700, 0x000002d4741f68e0, 0x000002d4741f4060, 0x000002d4741f4570,
0x000002d4741f7300, 0x000002d4741f4f90, 0x000002d4741f9160, 0x000002d4741f59b0,
0x000002d4741faab0, 0x000002d4741fafc0, 0x000002d4741fb4d0, 0x000002d4741f9b80,
0x000002d4741f9670, 0x000002d4741fb9e0, 0x000002d4741fa090, 0x000002d4741fa5a0,
0x000002d4717e2530, 0x000002d4717e52c0, 0x000002d476764d00, 0x000002d476766650,
0x000002d476765210, 0x000002d476765720, 0x000002d476767fa0, 0x000002d476767a90,
0x000002d476766140, 0x000002d4767647f0, 0x000002d4767684b0, 0x000002d4767689c0,
0x000002d476768ed0, 0x000002d4767693e0, 0x000002d476765c30, 0x000002d47252e280,
0x000002d472532240
}

Java Threads: ( => current thread )
  0x000002d44bd6dcd0 JavaThread "main" [_thread_blocked, id=23020, stack(0x000000e668900000,0x000000e668a00000)]
  0x000002d46b02c0f0 JavaThread "Reference Handler" daemon [_thread_blocked, id=20452, stack(0x000000e669400000,0x000000e669500000)]
  0x000002d46b02c9c0 JavaThread "Finalizer" daemon [_thread_blocked, id=14976, stack(0x000000e669500000,0x000000e669600000)]
  0x000002d46b03b4b0 JavaThread "Signal Dispatcher" daemon [_thread_blocked, id=17944, stack(0x000000e669600000,0x000000e669700000)]
  0x000002d46b03bd80 JavaThread "Attach Listener" daemon [_thread_blocked, id=24300, stack(0x000000e669700000,0x000000e669800000)]
  0x000002d46b05dea0 JavaThread "Service Thread" daemon [_thread_blocked, id=22720, stack(0x000000e669800000,0x000000e669900000)]
  0x000002d46b043e60 JavaThread "Monitor Deflation Thread" daemon [_thread_blocked, id=22576, stack(0x000000e669900000,0x000000e669a00000)]
  0x000002d46b046680 JavaThread "C2 CompilerThread0" daemon [_thread_blocked, id=20292, stack(0x000000e669a00000,0x000000e669b00000)]
  0x000002d46b073ed0 JavaThread "C1 CompilerThread0" daemon [_thread_blocked, id=13960, stack(0x000000e669b00000,0x000000e669c00000)]
  0x000002d46b0473c0 JavaThread "Sweeper thread" daemon [_thread_blocked, id=21216, stack(0x000000e669c00000,0x000000e669d00000)]
  0x000002d46b042f30 JavaThread "Common-Cleaner" daemon [_thread_blocked, id=3596, stack(0x000000e669d00000,0x000000e669e00000)]
  0x000002d46b040bc0 JavaThread "Notification Thread" daemon [_thread_blocked, id=15288, stack(0x000000e669f00000,0x000000e66a000000)]
  0x000002d46b0415e0 JavaThread "Daemon health stats" [_thread_blocked, id=16888, stack(0x000000e66a600000,0x000000e66a700000)]
  0x000002d46b0406b0 JavaThread "Incoming local TCP Connector on port 65020" [_thread_in_native, id=25528, stack(0x000000e66a700000,0x000000e66a800000)]
  0x000002d46b0410d0 JavaThread "Daemon periodic checks" [_thread_blocked, id=20620, stack(0x000000e66a800000,0x000000e66a900000)]
  0x000002d46b043950 JavaThread "Daemon" [_thread_blocked, id=24056, stack(0x000000e66a900000,0x000000e66aa00000)]
  0x000002d46b041af0 JavaThread "Handler for socket connection from /127.0.0.1:65020 to /127.0.0.1:65021" [_thread_in_native, id=17000, stack(0x000000e66aa00000,0x000000e66ab00000)]
  0x000002d46b042000 JavaThread "Cancel handler" [_thread_blocked, id=12112, stack(0x000000e66ab00000,0x000000e66ac00000)]
  0x000002d46b042510 JavaThread "Daemon worker" [_thread_blocked, id=18184, stack(0x000000e66ac00000,0x000000e66ad00000)]
  0x000002d46b042a20 JavaThread "Asynchronous log dispatcher for DefaultDaemonConnection: socket connection from /127.0.0.1:65020 to /127.0.0.1:65021" [_thread_blocked, id=21856, stack(0x000000e66ad00000,0x000000e66ae00000)]
  0x000002d4717dfcb0 JavaThread "Stdin handler" [_thread_blocked, id=3912, stack(0x000000e66ae00000,0x000000e66af00000)]
  0x000002d4717e0be0 JavaThread "Daemon client event forwarder" [_thread_blocked, id=21012, stack(0x000000e66af00000,0x000000e66b000000)]
  0x000002d4717e10f0 JavaThread "Cache worker for journal cache (C:\Users\16696\.gradle\caches\journal-1)" [_thread_blocked, id=10168, stack(0x000000e66b000000,0x000000e66b100000)]
  0x000002d4717df290 JavaThread "File lock request listener" [_thread_in_native, id=1376, stack(0x000000e66b100000,0x000000e66b200000)]
  0x000002d4717e2020 JavaThread "Cache worker for file hash cache (C:\Users\16696\.gradle\caches\9.4.1\fileHashes)" [_thread_blocked, id=3952, stack(0x000000e66b200000,0x000000e66b300000)]
  0x000002d4717df7a0 JavaThread "Cache worker for file hash cache (D:\Code\Application\music1\.gradle\9.4.1\fileHashes)" [_thread_blocked, id=24956, stack(0x000000e66b800000,0x000000e66b900000)]
  0x000002d4717e01c0 JavaThread "Cache worker for Build Output Cleanup Cache (D:\Code\Application\music1\.gradle\buildOutputCleanup)" [_thread_blocked, id=23108, stack(0x000000e66b900000,0x000000e66ba00000)]
  0x000002d4717ded80 JavaThread "File watcher server" daemon [_thread_blocked, id=2076, stack(0x000000e66ba00000,0x000000e66bb00000)]
  0x000002d4717e3e80 JavaThread "File watcher consumer" daemon [_thread_blocked, id=11620, stack(0x000000e66bb00000,0x000000e66bc00000)]
  0x000002d4717e3460 JavaThread "Cache worker for file content cache (C:\Users\16696\.gradle\caches\9.4.1\fileContent)" [_thread_blocked, id=9284, stack(0x000000e66bc00000,0x000000e66bd00000)]
  0x000002d4717e2a40 JavaThread "Cache worker for checksums cache (D:\Code\Application\music1\.gradle\9.4.1\checksums)" [_thread_blocked, id=14896, stack(0x000000e66bf00000,0x000000e66c000000)]
  0x000002d4717e4390 JavaThread "Cache worker for cache directory md-supplier (C:\Users\16696\.gradle\caches\9.4.1\md-supplier)" [_thread_blocked, id=22224, stack(0x000000e66c000000,0x000000e66c100000)]
  0x000002d4717e3970 JavaThread "Cache worker for cache directory md-rule (C:\Users\16696\.gradle\caches\9.4.1\md-rule)" [_thread_blocked, id=22184, stack(0x000000e66c100000,0x000000e66c200000)]
  0x000002d4717e4db0 JavaThread "Build operations" [_thread_blocked, id=21376, stack(0x000000e66c200000,0x000000e66c300000)]
  0x000002d4717e1600 JavaThread "Build operations Thread 2" [_thread_blocked, id=21084, stack(0x000000e66c300000,0x000000e66c400000)]
  0x000002d4717e1b10 JavaThread "Build operations Thread 3" [_thread_blocked, id=23764, stack(0x000000e66c400000,0x000000e66c500000)]
  0x000002d4717e57d0 JavaThread "Build operations Thread 4" [_thread_blocked, id=15752, stack(0x000000e66c500000,0x000000e66c600000)]
  0x000002d4717e48a0 JavaThread "Build operations Thread 5" [_thread_blocked, id=25064, stack(0x000000e66c600000,0x000000e66c700000)]
  0x000002d4717e5ce0 JavaThread "Build operations Thread 6" [_thread_blocked, id=21484, stack(0x000000e66c700000,0x000000e66c800000)]
  0x000002d4717e61f0 JavaThread "Build operations Thread 7" [_thread_blocked, id=7024, stack(0x000000e66c800000,0x000000e66c900000)]
  0x000002d4717e6700 JavaThread "Build operations Thread 8" [_thread_blocked, id=14468, stack(0x000000e66c900000,0x000000e66ca00000)]
  0x000002d4741f68e0 JavaThread "Build operations Thread 9" [_thread_blocked, id=22200, stack(0x000000e66ca00000,0x000000e66cb00000)]
  0x000002d4741f4060 JavaThread "Build operations Thread 10" [_thread_blocked, id=24204, stack(0x000000e66cb00000,0x000000e66cc00000)]
  0x000002d4741f4570 JavaThread "Memory manager" [_thread_blocked, id=19008, stack(0x000000e66cc00000,0x000000e66cd00000)]
  0x000002d4741f7300 JavaThread "build event listener" [_thread_blocked, id=10708, stack(0x000000e66cd00000,0x000000e66ce00000)]
  0x000002d4741f4f90 JavaThread "included builds" [_thread_blocked, id=19628, stack(0x000000e66ce00000,0x000000e66cf00000)]
  0x000002d4741f9160 JavaThread "Execution worker" [_thread_blocked, id=23576, stack(0x000000e66cf00000,0x000000e66d000000)]
  0x000002d4741f59b0 JavaThread "Execution worker Thread 2" [_thread_blocked, id=7036, stack(0x000000e66d000000,0x000000e66d100000)]
  0x000002d4741faab0 JavaThread "Execution worker Thread 3" [_thread_blocked, id=25564, stack(0x000000e66d100000,0x000000e66d200000)]
  0x000002d4741fafc0 JavaThread "Execution worker Thread 4" [_thread_blocked, id=19912, stack(0x000000e66d200000,0x000000e66d300000)]
  0x000002d4741fb4d0 JavaThread "Execution worker Thread 5" [_thread_blocked, id=13828, stack(0x000000e66d300000,0x000000e66d400000)]
  0x000002d4741f9b80 JavaThread "Execution worker Thread 6" [_thread_blocked, id=5984, stack(0x000000e66d400000,0x000000e66d500000)]
  0x000002d4741f9670 JavaThread "Execution worker Thread 7" [_thread_blocked, id=2968, stack(0x000000e66d500000,0x000000e66d600000)]
  0x000002d4741fb9e0 JavaThread "Execution worker Thread 8" [_thread_blocked, id=9456, stack(0x000000e66d600000,0x000000e66d700000)]
  0x000002d4741fa090 JavaThread "Execution worker Thread 9" [_thread_blocked, id=6132, stack(0x000000e66d700000,0x000000e66d800000)]
  0x000002d4741fa5a0 JavaThread "Cache worker for execution history cache (D:\Code\Application\music1\.gradle\9.4.1\executionHistory)" [_thread_blocked, id=6784, stack(0x000000e66d800000,0x000000e66d900000)]
  0x000002d4717e2530 JavaThread "Cache worker for Java compile cache (C:\Users\16696\.gradle\caches\9.4.1\javaCompile)" [_thread_blocked, id=23116, stack(0x000000e66d900000,0x000000e66da00000)]
  0x000002d4717e52c0 JavaThread "Problems report writer" [_thread_blocked, id=20824, stack(0x000000e66a100000,0x000000e66a200000)]
  0x000002d476764d00 JavaThread "WorkerExecutor Queue" [_thread_blocked, id=3024, stack(0x000000e66db00000,0x000000e66dc00000)]
  0x000002d476766650 JavaThread "WorkerExecutor Queue Thread 2" [_thread_blocked, id=21104, stack(0x000000e66dc00000,0x000000e66dd00000)]
  0x000002d476765210 JavaThread "pool-3-thread-1" [_thread_blocked, id=21792, stack(0x000000e66dd00000,0x000000e66de00000)]
  0x000002d476765720 JavaThread "stderr" [_thread_in_native, id=24724, stack(0x000000e66de00000,0x000000e66df00000)]
  0x000002d476767fa0 JavaThread "stdout" [_thread_in_native, id=3192, stack(0x000000e66df00000,0x000000e66e000000)]
  0x000002d476767a90 JavaThread "WorkerExecutor Queue Thread 3" [_thread_blocked, id=17244, stack(0x000000e669e00000,0x000000e669f00000)]
  0x000002d476766140 JavaThread "WorkerExecutor Queue Thread 4" [_thread_blocked, id=5060, stack(0x000000e66da00000,0x000000e66db00000)]
  0x000002d4767647f0 JavaThread "WorkerExecutor Queue Thread 5" [_thread_blocked, id=20660, stack(0x000000e66e000000,0x000000e66e100000)]
  0x000002d4767684b0 JavaThread "WorkerExecutor Queue Thread 6" [_thread_blocked, id=20092, stack(0x000000e66e100000,0x000000e66e200000)]
  0x000002d4767689c0 JavaThread "WorkerExecutor Queue Thread 7" [_thread_blocked, id=24688, stack(0x000000e66e200000,0x000000e66e300000)]
  0x000002d476768ed0 JavaThread "WorkerExecutor Queue Thread 8" [_thread_blocked, id=16696, stack(0x000000e66e300000,0x000000e66e400000)]
  0x000002d4767693e0 JavaThread "WorkerExecutor Queue Thread 9" [_thread_blocked, id=21096, stack(0x000000e66e400000,0x000000e66e500000)]
  0x000002d476765c30 JavaThread "WorkerExecutor Queue Thread 10" [_thread_blocked, id=23280, stack(0x000000e66e500000,0x000000e66e600000)]
  0x000002d47252e280 JavaThread "C2 CompilerThread1" daemon [_thread_blocked, id=24548, stack(0x000000e66e600000,0x000000e66e700000)]
  0x000002d472532240 JavaThread "C2 CompilerThread2" daemon [_thread_blocked, id=3360, stack(0x000000e66e700000,0x000000e66e800000)]

Other Threads:
=>0x000002d46b028560 VMThread "VM Thread" [stack: 0x000000e669300000,0x000000e669400000] [id=7292]
  0x000002d44c3038e0 WatcherThread [stack: 0x000000e66a000000,0x000000e66a100000] [id=17448]
  0x000002d44be86870 GCTaskThread "GC Thread#0" [stack: 0x000000e668e00000,0x000000e668f00000] [id=24024]
  0x000002d47085d510 GCTaskThread "GC Thread#1" [stack: 0x000000e66a200000,0x000000e66a300000] [id=7128]
  0x000002d470461b30 GCTaskThread "GC Thread#2" [stack: 0x000000e66a300000,0x000000e66a400000] [id=23808]
  0x000002d47054b580 GCTaskThread "GC Thread#3" [stack: 0x000000e66a400000,0x000000e66a500000] [id=16832]
  0x000002d46b9df120 GCTaskThread "GC Thread#4" [stack: 0x000000e66a500000,0x000000e66a600000] [id=8340]
  0x000002d4701a2b70 GCTaskThread "GC Thread#5" [stack: 0x000000e66b300000,0x000000e66b400000] [id=25352]
  0x000002d4701a1220 GCTaskThread "GC Thread#6" [stack: 0x000000e66b400000,0x000000e66b500000] [id=20188]
  0x000002d4701a17c0 GCTaskThread "GC Thread#7" [stack: 0x000000e66b500000,0x000000e66b600000] [id=17820]
  0x000002d4701a1a90 GCTaskThread "GC Thread#8" [stack: 0x000000e66b600000,0x000000e66b700000] [id=20516]
  0x000002d44be8f620 ConcurrentGCThread "G1 Main Marker" [stack: 0x000000e668f00000,0x000000e669000000] [id=22968]
  0x000002d44be8fcf0 ConcurrentGCThread "G1 Conc#0" [stack: 0x000000e669000000,0x000000e669100000] [id=9296]
  0x000002d4701a1d60 ConcurrentGCThread "G1 Conc#1" [stack: 0x000000e66b700000,0x000000e66b800000] [id=17148]
  0x000002d44bf4cd00 ConcurrentGCThread "G1 Refine#0" [stack: 0x000000e669100000,0x000000e669200000] [id=16964]
  0x000002d471cc2b90 ConcurrentGCThread "G1 Refine#1" [stack: 0x000000e66bd00000,0x000000e66be00000] [id=25204]
  0x000002d4723b6a70 ConcurrentGCThread "G1 Refine#2" [stack: 0x000000e66be00000,0x000000e66bf00000] [id=6668]
  0x000002d44bf4d3f0 ConcurrentGCThread "G1 Service" [stack: 0x000000e669200000,0x000000e669300000] [id=17624]

Threads with active compile tasks:
C2 CompilerThread0  17152 18431       4       com.android.tools.r8.internal.g71::a (271 bytes)
C1 CompilerThread0  17152 18883       3       com.android.tools.r8.internal.v72$$Lambda$5264/0x000002d402201940::accept (13 bytes)
C2 CompilerThread1  17152 18830       4       com.android.tools.r8.internal.ap::a (310 bytes)
C2 CompilerThread2  17152 18548       4       com.android.tools.r8.ir.optimize.j0::a (870 bytes)

VM state: at safepoint (normal execution)

VM Mutex/Monitor currently owned by a thread:  ([mutex/lock_event])
[0x000002d44c2deed0] Threads_lock - owner thread: 0x000002d46b028560
[0x000002d44c2dfa10] Heap_lock - owner thread: 0x000002d4767647f0

Heap address: 0x0000000080000000, size: 2048 MB, Compressed Oops mode: 32-bit

CDS archive(s) mapped at: [0x000002d400000000-0x000002d400bb0000-0x000002d400bb0000), size 12255232, SharedBaseAddress: 0x000002d400000000, ArchiveRelocationMode: 1.
Compressed class space mapped at: 0x000002d401000000-0x000002d441000000, reserved size: 1073741824
Narrow klass base: 0x000002d400000000, Narrow klass shift: 0, Narrow klass range: 0x100000000

GC Precious Log:
 CPUs: 10 total, 10 available
 Memory: 15751M
 Large Page Support: Disabled
 NUMA Support: Disabled
 Compressed Oops: Enabled (32-bit)
 Heap Region Size: 1M
 Heap Min Capacity: 8M
 Heap Initial Capacity: 248M
 Heap Max Capacity: 2G
 Pre-touch: Disabled
 Parallel Workers: 9
 Concurrent Workers: 2
 Concurrent Refinement Workers: 9
 Periodic GC: Disabled

Heap:
 garbage-first heap   total 253952K, used 133165K [0x0000000080000000, 0x0000000100000000)
  region size 1024K, 3 young (3072K), 3 survivors (3072K)
 Metaspace       used 130839K, committed 131904K, reserved 1179648K
  class space    used 18802K, committed 19328K, reserved 1048576K

Heap Regions: E=young(eden), S=young(survivor), O=old, HS=humongous(starts), HC=humongous(continues), CS=collection set, F=free, OA=open archive, CA=closed archive, TAMS=top-at-mark-start (previous, next)
|   0|0x0000000080000000, 0x0000000080100000, 0x0000000080100000|100%|HS|  |TAMS 0x0000000080100000, 0x0000000080100000| Complete 
|   1|0x0000000080100000, 0x0000000080200000, 0x0000000080200000|100%|HC|  |TAMS 0x0000000080200000, 0x0000000080200000| Complete 
|   2|0x0000000080200000, 0x0000000080300000, 0x0000000080300000|100%|HC|  |TAMS 0x0000000080300000, 0x0000000080300000| Complete 
|   3|0x0000000080300000, 0x0000000080400000, 0x0000000080400000|100%|HC|  |TAMS 0x0000000080400000, 0x0000000080400000| Complete 
|   4|0x0000000080400000, 0x0000000080500000, 0x0000000080500000|100%| O|  |TAMS 0x0000000080500000, 0x0000000080500000| Untracked 
|   5|0x0000000080500000, 0x0000000080600000, 0x0000000080600000|100%| O|  |TAMS 0x0000000080600000, 0x0000000080600000| Untracked 
|   6|0x0000000080600000, 0x0000000080700000, 0x0000000080700000|100%| O|  |TAMS 0x0000000080700000, 0x0000000080700000| Untracked 
|   7|0x0000000080700000, 0x0000000080800000, 0x0000000080800000|100%| O|  |TAMS 0x0000000080800000, 0x0000000080800000| Untracked 
|   8|0x0000000080800000, 0x0000000080900000, 0x0000000080900000|100%|HS|  |TAMS 0x0000000080900000, 0x0000000080900000| Complete 
|   9|0x0000000080900000, 0x0000000080a00000, 0x0000000080a00000|100%| O|  |TAMS 0x0000000080a00000, 0x0000000080a00000| Untracked 
|  10|0x0000000080a00000, 0x0000000080b00000, 0x0000000080b00000|100%| O|  |TAMS 0x0000000080b00000, 0x0000000080b00000| Untracked 
|  11|0x0000000080b00000, 0x0000000080c00000, 0x0000000080c00000|100%| O|  |TAMS 0x0000000080c00000, 0x0000000080c00000| Untracked 
|  12|0x0000000080c00000, 0x0000000080d00000, 0x0000000080d00000|100%| O|  |TAMS 0x0000000080d00000, 0x0000000080d00000| Untracked 
|  13|0x0000000080d00000, 0x0000000080e00000, 0x0000000080e00000|100%| O|  |TAMS 0x0000000080e00000, 0x0000000080e00000| Untracked 
|  14|0x0000000080e00000, 0x0000000080f00000, 0x0000000080f00000|100%| O|  |TAMS 0x0000000080f00000, 0x0000000080f00000| Untracked 
|  15|0x0000000080f00000, 0x0000000081000000, 0x0000000081000000|100%| O|  |TAMS 0x0000000081000000, 0x0000000081000000| Untracked 
|  16|0x0000000081000000, 0x0000000081100000, 0x0000000081100000|100%| O|  |TAMS 0x0000000081100000, 0x0000000081100000| Untracked 
|  17|0x0000000081100000, 0x0000000081200000, 0x0000000081200000|100%| O|  |TAMS 0x0000000081200000, 0x0000000081200000| Untracked 
|  18|0x0000000081200000, 0x0000000081300000, 0x0000000081300000|100%| O|  |TAMS 0x0000000081300000, 0x0000000081300000| Untracked 
|  19|0x0000000081300000, 0x0000000081400000, 0x0000000081400000|100%| O|  |TAMS 0x0000000081400000, 0x0000000081400000| Untracked 
|  20|0x0000000081400000, 0x0000000081500000, 0x0000000081500000|100%| O|  |TAMS 0x0000000081500000, 0x0000000081500000| Untracked 
|  21|0x0000000081500000, 0x0000000081600000, 0x0000000081600000|100%| O|  |TAMS 0x0000000081600000, 0x0000000081600000| Untracked 
|  22|0x0000000081600000, 0x0000000081700000, 0x0000000081700000|100%| O|  |TAMS 0x0000000081700000, 0x0000000081700000| Untracked 
|  23|0x0000000081700000, 0x0000000081800000, 0x0000000081800000|100%| O|  |TAMS 0x0000000081800000, 0x0000000081800000| Untracked 
|  24|0x0000000081800000, 0x0000000081900000, 0x0000000081900000|100%| O|  |TAMS 0x0000000081900000, 0x0000000081900000| Untracked 
|  25|0x0000000081900000, 0x0000000081a00000, 0x0000000081a00000|100%| O|  |TAMS 0x0000000081a00000, 0x0000000081a00000| Untracked 
|  26|0x0000000081a00000, 0x0000000081b00000, 0x0000000081b00000|100%| O|  |TAMS 0x0000000081b00000, 0x0000000081b00000| Untracked 
|  27|0x0000000081b00000, 0x0000000081c00000, 0x0000000081c00000|100%| O|  |TAMS 0x0000000081c00000, 0x0000000081c00000| Untracked 
|  28|0x0000000081c00000, 0x0000000081d00000, 0x0000000081d00000|100%| O|  |TAMS 0x0000000081d00000, 0x0000000081d00000| Untracked 
|  29|0x0000000081d00000, 0x0000000081e00000, 0x0000000081e00000|100%| O|  |TAMS 0x0000000081e00000, 0x0000000081e00000| Untracked 
|  30|0x0000000081e00000, 0x0000000081f00000, 0x0000000081f00000|100%| O|  |TAMS 0x0000000081f00000, 0x0000000081f00000| Untracked 
|  31|0x0000000081f00000, 0x0000000082000000, 0x0000000082000000|100%| O|  |TAMS 0x0000000082000000, 0x0000000082000000| Untracked 
|  32|0x0000000082000000, 0x0000000082100000, 0x0000000082100000|100%| O|  |TAMS 0x0000000082100000, 0x0000000082100000| Untracked 
|  33|0x0000000082100000, 0x0000000082200000, 0x0000000082200000|100%| O|  |TAMS 0x0000000082200000, 0x0000000082200000| Untracked 
|  34|0x0000000082200000, 0x0000000082300000, 0x0000000082300000|100%| O|  |TAMS 0x0000000082300000, 0x0000000082300000| Untracked 
|  35|0x0000000082300000, 0x0000000082400000, 0x0000000082400000|100%| O|  |TAMS 0x0000000082400000, 0x0000000082400000| Untracked 
|  36|0x0000000082400000, 0x0000000082500000, 0x0000000082500000|100%| O|  |TAMS 0x0000000082500000, 0x0000000082500000| Untracked 
|  37|0x0000000082500000, 0x0000000082600000, 0x0000000082600000|100%| O|  |TAMS 0x0000000082600000, 0x0000000082600000| Untracked 
|  38|0x0000000082600000, 0x0000000082700000, 0x0000000082700000|100%| O|  |TAMS 0x0000000082700000, 0x0000000082700000| Untracked 
|  39|0x0000000082700000, 0x0000000082800000, 0x0000000082800000|100%| O|  |TAMS 0x0000000082800000, 0x0000000082800000| Untracked 
|  40|0x0000000082800000, 0x0000000082900000, 0x0000000082900000|100%|HS|  |TAMS 0x0000000082900000, 0x0000000082900000| Complete 
|  41|0x0000000082900000, 0x0000000082a00000, 0x0000000082a00000|100%|HS|  |TAMS 0x0000000082a00000, 0x0000000082a00000| Complete 
|  42|0x0000000082a00000, 0x0000000082b00000, 0x0000000082b00000|100%|HS|  |TAMS 0x0000000082b00000, 0x0000000082b00000| Complete 
|  43|0x0000000082b00000, 0x0000000082c00000, 0x0000000082c00000|100%|HC|  |TAMS 0x0000000082c00000, 0x0000000082c00000| Complete 
|  44|0x0000000082c00000, 0x0000000082d00000, 0x0000000082d00000|100%|HS|  |TAMS 0x0000000082d00000, 0x0000000082d00000| Complete 
|  45|0x0000000082d00000, 0x0000000082e00000, 0x0000000082e00000|100%|HS|  |TAMS 0x0000000082e00000, 0x0000000082e00000| Complete 
|  46|0x0000000082e00000, 0x0000000082f00000, 0x0000000082f00000|100%| O|  |TAMS 0x0000000082f00000, 0x0000000082f00000| Untracked 
|  47|0x0000000082f00000, 0x0000000083000000, 0x0000000083000000|100%| O|  |TAMS 0x0000000083000000, 0x0000000083000000| Untracked 
|  48|0x0000000083000000, 0x0000000083100000, 0x0000000083100000|100%| O|  |TAMS 0x0000000083100000, 0x0000000083100000| Untracked 
|  49|0x0000000083100000, 0x0000000083200000, 0x0000000083200000|100%| O|  |TAMS 0x0000000083200000, 0x0000000083200000| Untracked 
|  50|0x0000000083200000, 0x0000000083300000, 0x0000000083300000|100%| O|  |TAMS 0x0000000083300000, 0x0000000083300000| Untracked 
|  51|0x0000000083300000, 0x0000000083400000, 0x0000000083400000|100%| O|  |TAMS 0x0000000083400000, 0x0000000083400000| Untracked 
|  52|0x0000000083400000, 0x0000000083500000, 0x0000000083500000|100%|HS|  |TAMS 0x0000000083500000, 0x0000000083500000| Complete 
|  53|0x0000000083500000, 0x0000000083600000, 0x0000000083600000|100%|HS|  |TAMS 0x0000000083600000, 0x0000000083600000| Complete 
|  54|0x0000000083600000, 0x0000000083700000, 0x0000000083700000|100%| O|  |TAMS 0x0000000083700000, 0x0000000083700000| Untracked 
|  55|0x0000000083700000, 0x0000000083800000, 0x0000000083800000|100%| O|  |TAMS 0x0000000083800000, 0x0000000083800000| Untracked 
|  56|0x0000000083800000, 0x0000000083900000, 0x0000000083900000|100%| O|  |TAMS 0x0000000083900000, 0x0000000083900000| Untracked 
|  57|0x0000000083900000, 0x0000000083a00000, 0x0000000083a00000|100%|HS|  |TAMS 0x0000000083a00000, 0x0000000083a00000| Complete 
|  58|0x0000000083a00000, 0x0000000083b00000, 0x0000000083b00000|100%|HC|  |TAMS 0x0000000083b00000, 0x0000000083b00000| Complete 
|  59|0x0000000083b00000, 0x0000000083c00000, 0x0000000083c00000|100%| O|  |TAMS 0x0000000083c00000, 0x0000000083c00000| Untracked 
|  60|0x0000000083c00000, 0x0000000083d00000, 0x0000000083d00000|100%| O|  |TAMS 0x0000000083d00000, 0x0000000083d00000| Untracked 
|  61|0x0000000083d00000, 0x0000000083e00000, 0x0000000083e00000|100%| O|  |TAMS 0x0000000083e00000, 0x0000000083e00000| Untracked 
|  62|0x0000000083e00000, 0x0000000083f00000, 0x0000000083f00000|100%| O|  |TAMS 0x0000000083f00000, 0x0000000083f00000| Untracked 
|  63|0x0000000083f00000, 0x0000000084000000, 0x0000000084000000|100%|HS|  |TAMS 0x0000000084000000, 0x0000000084000000| Complete 
|  64|0x0000000084000000, 0x0000000084100000, 0x0000000084100000|100%| O|  |TAMS 0x0000000084100000, 0x0000000084100000| Untracked 
|  65|0x0000000084100000, 0x0000000084200000, 0x0000000084200000|100%| O|  |TAMS 0x0000000084200000, 0x0000000084200000| Untracked 
|  66|0x0000000084200000, 0x0000000084300000, 0x0000000084300000|100%| O|  |TAMS 0x0000000084300000, 0x0000000084300000| Untracked 
|  67|0x0000000084300000, 0x0000000084400000, 0x0000000084400000|100%| O|  |TAMS 0x0000000084400000, 0x0000000084400000| Untracked 
|  68|0x0000000084400000, 0x0000000084500000, 0x0000000084500000|100%| O|  |TAMS 0x0000000084500000, 0x0000000084500000| Untracked 
|  69|0x0000000084500000, 0x0000000084600000, 0x0000000084600000|100%| O|  |TAMS 0x0000000084600000, 0x0000000084600000| Untracked 
|  70|0x0000000084600000, 0x0000000084700000, 0x0000000084700000|100%| O|  |TAMS 0x0000000084700000, 0x0000000084700000| Untracked 
|  71|0x0000000084700000, 0x0000000084800000, 0x0000000084800000|100%| O|  |TAMS 0x0000000084800000, 0x0000000084800000| Untracked 
|  72|0x0000000084800000, 0x0000000084900000, 0x0000000084900000|100%| O|  |TAMS 0x0000000084900000, 0x0000000084900000| Untracked 
|  73|0x0000000084900000, 0x0000000084a00000, 0x0000000084a00000|100%| O|  |TAMS 0x0000000084a00000, 0x0000000084a00000| Untracked 
|  74|0x0000000084a00000, 0x0000000084b00000, 0x0000000084b00000|100%| O|  |TAMS 0x0000000084b00000, 0x0000000084b00000| Untracked 
|  75|0x0000000084b00000, 0x0000000084c00000, 0x0000000084c00000|100%| O|  |TAMS 0x0000000084c00000, 0x0000000084c00000| Untracked 
|  76|0x0000000084c00000, 0x0000000084d00000, 0x0000000084d00000|100%| O|  |TAMS 0x0000000084d00000, 0x0000000084d00000| Untracked 
|  77|0x0000000084d00000, 0x0000000084e00000, 0x0000000084e00000|100%| O|  |TAMS 0x0000000084e00000, 0x0000000084e00000| Untracked 
|  78|0x0000000084e00000, 0x0000000084f00000, 0x0000000084f00000|100%| O|  |TAMS 0x0000000084f00000, 0x0000000084f00000| Untracked 
|  79|0x0000000084f00000, 0x0000000085000000, 0x0000000085000000|100%| O|  |TAMS 0x0000000085000000, 0x0000000085000000| Untracked 
|  80|0x0000000085000000, 0x0000000085100000, 0x0000000085100000|100%| O|  |TAMS 0x0000000085100000, 0x0000000085100000| Untracked 
|  81|0x0000000085100000, 0x0000000085200000, 0x0000000085200000|100%| O|  |TAMS 0x0000000085200000, 0x0000000085200000| Untracked 
|  82|0x0000000085200000, 0x0000000085300000, 0x0000000085300000|100%| O|  |TAMS 0x0000000085300000, 0x0000000085300000| Untracked 
|  83|0x0000000085300000, 0x0000000085400000, 0x0000000085400000|100%| O|  |TAMS 0x0000000085400000, 0x0000000085400000| Untracked 
|  84|0x0000000085400000, 0x0000000085500000, 0x0000000085500000|100%| O|  |TAMS 0x0000000085500000, 0x0000000085500000| Untracked 
|  85|0x0000000085500000, 0x0000000085600000, 0x0000000085600000|100%| O|  |TAMS 0x0000000085600000, 0x0000000085600000| Untracked 
|  86|0x0000000085600000, 0x0000000085700000, 0x0000000085700000|100%| O|  |TAMS 0x0000000085700000, 0x0000000085700000| Untracked 
|  87|0x0000000085700000, 0x0000000085800000, 0x0000000085800000|100%| O|  |TAMS 0x0000000085800000, 0x0000000085800000| Untracked 
|  88|0x0000000085800000, 0x0000000085900000, 0x0000000085900000|100%| O|  |TAMS 0x0000000085900000, 0x0000000085900000| Untracked 
|  89|0x0000000085900000, 0x0000000085a00000, 0x0000000085a00000|100%| O|  |TAMS 0x0000000085a00000, 0x0000000085a00000| Untracked 
|  90|0x0000000085a00000, 0x0000000085b00000, 0x0000000085b00000|100%| O|  |TAMS 0x0000000085b00000, 0x0000000085b00000| Untracked 
|  91|0x0000000085b00000, 0x0000000085c00000, 0x0000000085c00000|100%| O|  |TAMS 0x0000000085c00000, 0x0000000085c00000| Untracked 
|  92|0x0000000085c00000, 0x0000000085d00000, 0x0000000085d00000|100%| O|  |TAMS 0x0000000085d00000, 0x0000000085d00000| Untracked 
|  93|0x0000000085d00000, 0x0000000085e00000, 0x0000000085e00000|100%| O|  |TAMS 0x0000000085d00000, 0x0000000085e00000| Untracked 
|  94|0x0000000085e00000, 0x0000000085f00000, 0x0000000085f00000|100%| O|  |TAMS 0x0000000085f00000, 0x0000000085f00000| Untracked 
|  95|0x0000000085f00000, 0x0000000086000000, 0x0000000086000000|100%| O|  |TAMS 0x0000000085f00000, 0x0000000086000000| Untracked 
|  96|0x0000000086000000, 0x0000000086100000, 0x0000000086100000|100%| O|  |TAMS 0x0000000086000000, 0x0000000086100000| Untracked 
|  97|0x0000000086100000, 0x0000000086200000, 0x0000000086200000|100%| O|  |TAMS 0x0000000086100000, 0x0000000086200000| Untracked 
|  98|0x0000000086200000, 0x0000000086300000, 0x0000000086300000|100%| O|  |TAMS 0x0000000086200000, 0x0000000086300000| Untracked 
|  99|0x0000000086300000, 0x0000000086400000, 0x0000000086400000|100%| O|  |TAMS 0x0000000086400000, 0x0000000086400000| Untracked 
| 100|0x0000000086400000, 0x0000000086500000, 0x0000000086500000|100%| O|  |TAMS 0x0000000086400000, 0x0000000086500000| Untracked 
| 101|0x0000000086500000, 0x0000000086600000, 0x0000000086600000|100%| O|  |TAMS 0x0000000086500000, 0x0000000086600000| Untracked 
| 102|0x0000000086600000, 0x0000000086700000, 0x0000000086700000|100%| O|  |TAMS 0x0000000086600000, 0x0000000086700000| Untracked 
| 103|0x0000000086700000, 0x0000000086800000, 0x0000000086800000|100%| O|  |TAMS 0x0000000086800000, 0x0000000086800000| Untracked 
| 104|0x0000000086800000, 0x0000000086900000, 0x0000000086900000|100%| O|  |TAMS 0x0000000086800000, 0x0000000086900000| Untracked 
| 105|0x0000000086900000, 0x0000000086a00000, 0x0000000086a00000|100%| O|  |TAMS 0x0000000086900000, 0x0000000086a00000| Untracked 
| 106|0x0000000086a00000, 0x0000000086b00000, 0x0000000086b00000|100%| O|  |TAMS 0x0000000086b00000, 0x0000000086b00000| Untracked 
| 107|0x0000000086b00000, 0x0000000086c00000, 0x0000000086c00000|100%| O|  |TAMS 0x0000000086c00000, 0x0000000086c00000| Untracked 
| 108|0x0000000086c00000, 0x0000000086d00000, 0x0000000086d00000|100%| O|  |TAMS 0x0000000086c00000, 0x0000000086d00000| Untracked 
| 109|0x0000000086d00000, 0x0000000086e00000, 0x0000000086e00000|100%| O|  |TAMS 0x0000000086d00000, 0x0000000086e00000| Untracked 
| 110|0x0000000086e00000, 0x0000000086f00000, 0x0000000086f00000|100%| O|  |TAMS 0x0000000086f00000, 0x0000000086f00000| Untracked 
| 111|0x0000000086f00000, 0x0000000087000000, 0x0000000087000000|100%| O|  |TAMS 0x0000000087000000, 0x0000000087000000| Untracked 
| 112|0x0000000087000000, 0x0000000087100000, 0x0000000087100000|100%| O|  |TAMS 0x0000000087100000, 0x0000000087100000| Untracked 
| 113|0x0000000087100000, 0x0000000087200000, 0x0000000087200000|100%| O|  |TAMS 0x0000000087200000, 0x0000000087200000| Untracked 
| 114|0x0000000087200000, 0x0000000087300000, 0x0000000087300000|100%| O|  |TAMS 0x0000000087300000, 0x0000000087300000| Untracked 
| 115|0x0000000087300000, 0x0000000087400000, 0x0000000087400000|100%| O|  |TAMS 0x0000000087400000, 0x0000000087400000| Untracked 
| 116|0x0000000087400000, 0x0000000087500000, 0x0000000087500000|100%| O|  |TAMS 0x0000000087500000, 0x0000000087500000| Untracked 
| 117|0x0000000087500000, 0x0000000087600000, 0x0000000087600000|100%| O|  |TAMS 0x0000000087600000, 0x0000000087600000| Untracked 
| 118|0x0000000087600000, 0x0000000087700000, 0x0000000087700000|100%| O|  |TAMS 0x00000000876cfe00, 0x0000000087700000| Untracked 
| 119|0x0000000087700000, 0x0000000087800000, 0x0000000087800000|100%| O|  |TAMS 0x0000000087700000, 0x0000000087800000| Untracked 
| 120|0x0000000087800000, 0x0000000087900000, 0x0000000087900000|100%| O|  |TAMS 0x0000000087800000, 0x0000000087900000| Untracked 
| 121|0x0000000087900000, 0x0000000087a00000, 0x0000000087a00000|100%| O|  |TAMS 0x0000000087900000, 0x0000000087a00000| Untracked 
| 122|0x0000000087a00000, 0x0000000087b00000, 0x0000000087b00000|100%| O|  |TAMS 0x0000000087a00000, 0x0000000087b00000| Untracked 
| 123|0x0000000087b00000, 0x0000000087c00000, 0x0000000087c00000|100%| O|  |TAMS 0x0000000087b00000, 0x0000000087c00000| Untracked 
| 124|0x0000000087c00000, 0x0000000087d00000, 0x0000000087d00000|100%| O|  |TAMS 0x0000000087c00000, 0x0000000087c13a00| Untracked 
| 125|0x0000000087d00000, 0x0000000087d00000, 0x0000000087e00000|  0%| F|  |TAMS 0x0000000087d00000, 0x0000000087d00000| Untracked 
| 126|0x0000000087e00000, 0x0000000087f00000, 0x0000000087f00000|100%| O|  |TAMS 0x0000000087e00000, 0x0000000087e00000| Untracked 
| 127|0x0000000087f00000, 0x0000000088000000, 0x0000000088000000|100%| O|  |TAMS 0x0000000087f00000, 0x0000000087f00000| Untracked 
| 128|0x0000000088000000, 0x000000008804d200, 0x0000000088100000| 30%| O|  |TAMS 0x0000000088000000, 0x0000000088000000| Untracked 
| 129|0x0000000088100000, 0x0000000088100000, 0x0000000088200000|  0%| F|  |TAMS 0x0000000088100000, 0x0000000088100000| Untracked 
| 130|0x0000000088200000, 0x0000000088200000, 0x0000000088300000|  0%| F|  |TAMS 0x0000000088200000, 0x0000000088200000| Untracked 
| 131|0x0000000088300000, 0x0000000088300000, 0x0000000088400000|  0%| F|  |TAMS 0x0000000088300000, 0x0000000088300000| Untracked 
| 132|0x0000000088400000, 0x0000000088400000, 0x0000000088500000|  0%| F|  |TAMS 0x0000000088400000, 0x0000000088400000| Untracked 
| 133|0x0000000088500000, 0x0000000088500000, 0x0000000088600000|  0%| F|  |TAMS 0x0000000088500000, 0x0000000088500000| Untracked 
| 134|0x0000000088600000, 0x0000000088600000, 0x0000000088700000|  0%| F|  |TAMS 0x0000000088600000, 0x0000000088600000| Untracked 
| 135|0x0000000088700000, 0x0000000088700000, 0x0000000088800000|  0%| F|  |TAMS 0x0000000088700000, 0x0000000088700000| Untracked 
| 136|0x0000000088800000, 0x0000000088800000, 0x0000000088900000|  0%| F|  |TAMS 0x0000000088800000, 0x0000000088800000| Untracked 
| 137|0x0000000088900000, 0x0000000088900000, 0x0000000088a00000|  0%| F|  |TAMS 0x0000000088900000, 0x0000000088900000| Untracked 
| 138|0x0000000088a00000, 0x0000000088a00000, 0x0000000088b00000|  0%| F|  |TAMS 0x0000000088a00000, 0x0000000088a00000| Untracked 
| 139|0x0000000088b00000, 0x0000000088b00000, 0x0000000088c00000|  0%| F|  |TAMS 0x0000000088b00000, 0x0000000088b00000| Untracked 
| 140|0x0000000088c00000, 0x0000000088c00000, 0x0000000088d00000|  0%| F|  |TAMS 0x0000000088c00000, 0x0000000088c00000| Untracked 
| 141|0x0000000088d00000, 0x0000000088d00000, 0x0000000088e00000|  0%| F|  |TAMS 0x0000000088d00000, 0x0000000088d00000| Untracked 
| 142|0x0000000088e00000, 0x0000000088e00000, 0x0000000088f00000|  0%| F|  |TAMS 0x0000000088e00000, 0x0000000088e00000| Untracked 
| 143|0x0000000088f00000, 0x0000000088f00000, 0x0000000089000000|  0%| F|  |TAMS 0x0000000088f00000, 0x0000000088f00000| Untracked 
| 144|0x0000000089000000, 0x0000000089000000, 0x0000000089100000|  0%| F|  |TAMS 0x0000000089000000, 0x0000000089000000| Untracked 
| 145|0x0000000089100000, 0x0000000089100000, 0x0000000089200000|  0%| F|  |TAMS 0x0000000089100000, 0x0000000089100000| Untracked 
| 146|0x0000000089200000, 0x0000000089200000, 0x0000000089300000|  0%| F|  |TAMS 0x0000000089200000, 0x0000000089200000| Untracked 
| 147|0x0000000089300000, 0x0000000089300000, 0x0000000089400000|  0%| F|  |TAMS 0x0000000089300000, 0x0000000089300000| Untracked 
| 148|0x0000000089400000, 0x0000000089400000, 0x0000000089500000|  0%| F|  |TAMS 0x0000000089400000, 0x0000000089400000| Untracked 
| 149|0x0000000089500000, 0x0000000089500000, 0x0000000089600000|  0%| F|  |TAMS 0x0000000089500000, 0x0000000089500000| Untracked 
| 150|0x0000000089600000, 0x0000000089600000, 0x0000000089700000|  0%| F|  |TAMS 0x0000000089600000, 0x0000000089600000| Untracked 
| 151|0x0000000089700000, 0x0000000089700000, 0x0000000089800000|  0%| F|  |TAMS 0x0000000089700000, 0x0000000089700000| Untracked 
| 152|0x0000000089800000, 0x0000000089800000, 0x0000000089900000|  0%| F|  |TAMS 0x0000000089800000, 0x0000000089800000| Untracked 
| 153|0x0000000089900000, 0x0000000089900000, 0x0000000089a00000|  0%| F|  |TAMS 0x0000000089900000, 0x0000000089900000| Untracked 
| 154|0x0000000089a00000, 0x0000000089a00000, 0x0000000089b00000|  0%| F|  |TAMS 0x0000000089a00000, 0x0000000089a00000| Untracked 
| 155|0x0000000089b00000, 0x0000000089b00000, 0x0000000089c00000|  0%| F|  |TAMS 0x0000000089b00000, 0x0000000089b00000| Untracked 
| 156|0x0000000089c00000, 0x0000000089c00000, 0x0000000089d00000|  0%| F|  |TAMS 0x0000000089c00000, 0x0000000089c00000| Untracked 
| 157|0x0000000089d00000, 0x0000000089d00000, 0x0000000089e00000|  0%| F|  |TAMS 0x0000000089d00000, 0x0000000089d00000| Untracked 
| 158|0x0000000089e00000, 0x0000000089e00000, 0x0000000089f00000|  0%| F|  |TAMS 0x0000000089e00000, 0x0000000089e00000| Untracked 
| 159|0x0000000089f00000, 0x0000000089f00000, 0x000000008a000000|  0%| F|  |TAMS 0x0000000089f00000, 0x0000000089f00000| Untracked 
| 160|0x000000008a000000, 0x000000008a000000, 0x000000008a100000|  0%| F|  |TAMS 0x000000008a000000, 0x000000008a000000| Untracked 
| 161|0x000000008a100000, 0x000000008a100000, 0x000000008a200000|  0%| F|  |TAMS 0x000000008a100000, 0x000000008a100000| Untracked 
| 162|0x000000008a200000, 0x000000008a200000, 0x000000008a300000|  0%| F|  |TAMS 0x000000008a200000, 0x000000008a200000| Untracked 
| 163|0x000000008a300000, 0x000000008a300000, 0x000000008a400000|  0%| F|  |TAMS 0x000000008a300000, 0x000000008a300000| Untracked 
| 164|0x000000008a400000, 0x000000008a400000, 0x000000008a500000|  0%| F|  |TAMS 0x000000008a400000, 0x000000008a400000| Untracked 
| 165|0x000000008a500000, 0x000000008a500000, 0x000000008a600000|  0%| F|  |TAMS 0x000000008a500000, 0x000000008a500000| Untracked 
| 166|0x000000008a600000, 0x000000008a6be320, 0x000000008a700000| 74%| S|CS|TAMS 0x000000008a600000, 0x000000008a600000| Complete 
| 167|0x000000008a700000, 0x000000008a800000, 0x000000008a800000|100%| S|CS|TAMS 0x000000008a700000, 0x000000008a700000| Complete 
| 168|0x000000008a800000, 0x000000008a800000, 0x000000008a900000|  0%| F|  |TAMS 0x000000008a800000, 0x000000008a800000| Untracked 
| 169|0x000000008a900000, 0x000000008a900000, 0x000000008aa00000|  0%| F|  |TAMS 0x000000008a900000, 0x000000008a900000| Untracked 
| 170|0x000000008aa00000, 0x000000008aa00000, 0x000000008ab00000|  0%| F|  |TAMS 0x000000008aa00000, 0x000000008aa00000| Untracked 
| 171|0x000000008ab00000, 0x000000008ab00000, 0x000000008ac00000|  0%| F|  |TAMS 0x000000008ab00000, 0x000000008ab00000| Untracked 
| 172|0x000000008ac00000, 0x000000008ac00000, 0x000000008ad00000|  0%| F|  |TAMS 0x000000008ac00000, 0x000000008ac00000| Untracked 
| 173|0x000000008ad00000, 0x000000008ae00000, 0x000000008ae00000|100%| S|CS|TAMS 0x000000008ad00000, 0x000000008ad00000| Complete 
| 174|0x000000008ae00000, 0x000000008ae00000, 0x000000008af00000|  0%| F|  |TAMS 0x000000008ae00000, 0x000000008ae00000| Untracked 
| 175|0x000000008af00000, 0x000000008af00000, 0x000000008b000000|  0%| F|  |TAMS 0x000000008af00000, 0x000000008af00000| Untracked 
| 176|0x000000008b000000, 0x000000008b000000, 0x000000008b100000|  0%| F|  |TAMS 0x000000008b000000, 0x000000008b000000| Untracked 
| 177|0x000000008b100000, 0x000000008b100000, 0x000000008b200000|  0%| F|  |TAMS 0x000000008b100000, 0x000000008b100000| Untracked 
| 178|0x000000008b200000, 0x000000008b200000, 0x000000008b300000|  0%| F|  |TAMS 0x000000008b200000, 0x000000008b200000| Untracked 
| 179|0x000000008b300000, 0x000000008b300000, 0x000000008b400000|  0%| F|  |TAMS 0x000000008b300000, 0x000000008b300000| Untracked 
| 180|0x000000008b400000, 0x000000008b400000, 0x000000008b500000|  0%| F|  |TAMS 0x000000008b400000, 0x000000008b400000| Untracked 
| 181|0x000000008b500000, 0x000000008b500000, 0x000000008b600000|  0%| F|  |TAMS 0x000000008b500000, 0x000000008b500000| Untracked 
| 182|0x000000008b600000, 0x000000008b600000, 0x000000008b700000|  0%| F|  |TAMS 0x000000008b600000, 0x000000008b600000| Untracked 
| 183|0x000000008b700000, 0x000000008b700000, 0x000000008b800000|  0%| F|  |TAMS 0x000000008b700000, 0x000000008b700000| Untracked 
| 184|0x000000008b800000, 0x000000008b800000, 0x000000008b900000|  0%| F|  |TAMS 0x000000008b800000, 0x000000008b800000| Untracked 
| 185|0x000000008b900000, 0x000000008b900000, 0x000000008ba00000|  0%| F|  |TAMS 0x000000008b900000, 0x000000008b900000| Untracked 
| 186|0x000000008ba00000, 0x000000008ba00000, 0x000000008bb00000|  0%| F|  |TAMS 0x000000008ba00000, 0x000000008ba00000| Untracked 
| 187|0x000000008bb00000, 0x000000008bb00000, 0x000000008bc00000|  0%| F|  |TAMS 0x000000008bb00000, 0x000000008bb00000| Untracked 
| 188|0x000000008bc00000, 0x000000008bc00000, 0x000000008bd00000|  0%| F|  |TAMS 0x000000008bc00000, 0x000000008bc00000| Untracked 
| 189|0x000000008bd00000, 0x000000008bd00000, 0x000000008be00000|  0%| F|  |TAMS 0x000000008bd00000, 0x000000008bd00000| Untracked 
| 190|0x000000008be00000, 0x000000008be00000, 0x000000008bf00000|  0%| F|  |TAMS 0x000000008be00000, 0x000000008be00000| Untracked 
| 191|0x000000008bf00000, 0x000000008bf00000, 0x000000008c000000|  0%| F|  |TAMS 0x000000008bf00000, 0x000000008bf00000| Untracked 
| 192|0x000000008c000000, 0x000000008c000000, 0x000000008c100000|  0%| F|  |TAMS 0x000000008c000000, 0x000000008c000000| Untracked 
| 193|0x000000008c100000, 0x000000008c100000, 0x000000008c200000|  0%| F|  |TAMS 0x000000008c100000, 0x000000008c100000| Untracked 
| 194|0x000000008c200000, 0x000000008c200000, 0x000000008c300000|  0%| F|  |TAMS 0x000000008c200000, 0x000000008c200000| Untracked 
| 195|0x000000008c300000, 0x000000008c300000, 0x000000008c400000|  0%| F|  |TAMS 0x000000008c300000, 0x000000008c300000| Untracked 
| 196|0x000000008c400000, 0x000000008c400000, 0x000000008c500000|  0%| F|  |TAMS 0x000000008c400000, 0x000000008c400000| Untracked 
| 197|0x000000008c500000, 0x000000008c500000, 0x000000008c600000|  0%| F|  |TAMS 0x000000008c500000, 0x000000008c500000| Untracked 
| 198|0x000000008c600000, 0x000000008c600000, 0x000000008c700000|  0%| F|  |TAMS 0x000000008c600000, 0x000000008c600000| Untracked 
| 199|0x000000008c700000, 0x000000008c700000, 0x000000008c800000|  0%| F|  |TAMS 0x000000008c700000, 0x000000008c700000| Untracked 
| 200|0x000000008c800000, 0x000000008c800000, 0x000000008c900000|  0%| F|  |TAMS 0x000000008c800000, 0x000000008c800000| Untracked 
| 201|0x000000008c900000, 0x000000008c900000, 0x000000008ca00000|  0%| F|  |TAMS 0x000000008c900000, 0x000000008c900000| Untracked 
| 202|0x000000008ca00000, 0x000000008ca00000, 0x000000008cb00000|  0%| F|  |TAMS 0x000000008ca00000, 0x000000008ca00000| Untracked 
| 203|0x000000008cb00000, 0x000000008cb00000, 0x000000008cc00000|  0%| F|  |TAMS 0x000000008cb00000, 0x000000008cb00000| Untracked 
| 204|0x000000008cc00000, 0x000000008cc00000, 0x000000008cd00000|  0%| F|  |TAMS 0x000000008cc00000, 0x000000008cc00000| Untracked 
| 205|0x000000008cd00000, 0x000000008cd00000, 0x000000008ce00000|  0%| F|  |TAMS 0x000000008cd00000, 0x000000008cd00000| Untracked 
| 206|0x000000008ce00000, 0x000000008ce00000, 0x000000008cf00000|  0%| F|  |TAMS 0x000000008ce00000, 0x000000008ce00000| Untracked 
| 207|0x000000008cf00000, 0x000000008cf00000, 0x000000008d000000|  0%| F|  |TAMS 0x000000008cf00000, 0x000000008cf00000| Untracked 
| 208|0x000000008d000000, 0x000000008d000000, 0x000000008d100000|  0%| F|  |TAMS 0x000000008d000000, 0x000000008d000000| Untracked 
| 209|0x000000008d100000, 0x000000008d100000, 0x000000008d200000|  0%| F|  |TAMS 0x000000008d100000, 0x000000008d100000| Untracked 
| 210|0x000000008d200000, 0x000000008d200000, 0x000000008d300000|  0%| F|  |TAMS 0x000000008d200000, 0x000000008d200000| Untracked 
| 211|0x000000008d300000, 0x000000008d300000, 0x000000008d400000|  0%| F|  |TAMS 0x000000008d300000, 0x000000008d300000| Untracked 
| 212|0x000000008d400000, 0x000000008d400000, 0x000000008d500000|  0%| F|  |TAMS 0x000000008d400000, 0x000000008d400000| Untracked 
| 213|0x000000008d500000, 0x000000008d500000, 0x000000008d600000|  0%| F|  |TAMS 0x000000008d500000, 0x000000008d500000| Untracked 
| 214|0x000000008d600000, 0x000000008d600000, 0x000000008d700000|  0%| F|  |TAMS 0x000000008d600000, 0x000000008d600000| Untracked 
| 215|0x000000008d700000, 0x000000008d700000, 0x000000008d800000|  0%| F|  |TAMS 0x000000008d700000, 0x000000008d700000| Untracked 
| 216|0x000000008d800000, 0x000000008d800000, 0x000000008d900000|  0%| F|  |TAMS 0x000000008d800000, 0x000000008d800000| Untracked 
| 217|0x000000008d900000, 0x000000008d900000, 0x000000008da00000|  0%| F|  |TAMS 0x000000008d900000, 0x000000008d900000| Untracked 
| 218|0x000000008da00000, 0x000000008da00000, 0x000000008db00000|  0%| F|  |TAMS 0x000000008da00000, 0x000000008da00000| Untracked 
| 219|0x000000008db00000, 0x000000008db00000, 0x000000008dc00000|  0%| F|  |TAMS 0x000000008db00000, 0x000000008db00000| Untracked 
| 220|0x000000008dc00000, 0x000000008dc00000, 0x000000008dd00000|  0%| F|  |TAMS 0x000000008dc00000, 0x000000008dc00000| Untracked 
| 221|0x000000008dd00000, 0x000000008dd00000, 0x000000008de00000|  0%| F|  |TAMS 0x000000008dd00000, 0x000000008dd00000| Untracked 
| 222|0x000000008de00000, 0x000000008de00000, 0x000000008df00000|  0%| F|  |TAMS 0x000000008de00000, 0x000000008de00000| Untracked 
| 223|0x000000008df00000, 0x000000008df00000, 0x000000008e000000|  0%| F|  |TAMS 0x000000008df00000, 0x000000008df00000| Untracked 
| 224|0x000000008e000000, 0x000000008e000000, 0x000000008e100000|  0%| F|  |TAMS 0x000000008e000000, 0x000000008e000000| Untracked 
| 225|0x000000008e100000, 0x000000008e100000, 0x000000008e200000|  0%| F|  |TAMS 0x000000008e100000, 0x000000008e100000| Untracked 
| 226|0x000000008e200000, 0x000000008e200000, 0x000000008e300000|  0%| F|  |TAMS 0x000000008e200000, 0x000000008e200000| Untracked 
| 227|0x000000008e300000, 0x000000008e300000, 0x000000008e400000|  0%| F|  |TAMS 0x000000008e300000, 0x000000008e300000| Untracked 
| 228|0x000000008e400000, 0x000000008e400000, 0x000000008e500000|  0%| F|  |TAMS 0x000000008e400000, 0x000000008e400000| Untracked 
| 229|0x000000008e500000, 0x000000008e500000, 0x000000008e600000|  0%| F|  |TAMS 0x000000008e500000, 0x000000008e500000| Untracked 
| 230|0x000000008e600000, 0x000000008e600000, 0x000000008e700000|  0%| F|  |TAMS 0x000000008e600000, 0x000000008e600000| Untracked 
| 231|0x000000008e700000, 0x000000008e700000, 0x000000008e800000|  0%| F|  |TAMS 0x000000008e700000, 0x000000008e700000| Untracked 
| 232|0x000000008e800000, 0x000000008e800000, 0x000000008e900000|  0%| F|  |TAMS 0x000000008e800000, 0x000000008e800000| Untracked 
| 233|0x000000008e900000, 0x000000008e900000, 0x000000008ea00000|  0%| F|  |TAMS 0x000000008e900000, 0x000000008e900000| Untracked 
| 234|0x000000008ea00000, 0x000000008ea00000, 0x000000008eb00000|  0%| F|  |TAMS 0x000000008ea00000, 0x000000008ea00000| Untracked 
| 235|0x000000008eb00000, 0x000000008eb00000, 0x000000008ec00000|  0%| F|  |TAMS 0x000000008eb00000, 0x000000008eb00000| Untracked 
| 236|0x000000008ec00000, 0x000000008ec00000, 0x000000008ed00000|  0%| F|  |TAMS 0x000000008ec00000, 0x000000008ec00000| Untracked 
| 237|0x000000008ed00000, 0x000000008ed00000, 0x000000008ee00000|  0%| F|  |TAMS 0x000000008ed00000, 0x000000008ed00000| Untracked 
| 238|0x000000008ee00000, 0x000000008ee00000, 0x000000008ef00000|  0%| F|  |TAMS 0x000000008ee00000, 0x000000008ee00000| Untracked 
| 239|0x000000008ef00000, 0x000000008ef00000, 0x000000008f000000|  0%| F|  |TAMS 0x000000008ef00000, 0x000000008ef00000| Untracked 
| 240|0x000000008f000000, 0x000000008f000000, 0x000000008f100000|  0%| F|  |TAMS 0x000000008f000000, 0x000000008f000000| Untracked 
| 241|0x000000008f100000, 0x000000008f100000, 0x000000008f200000|  0%| F|  |TAMS 0x000000008f100000, 0x000000008f100000| Untracked 
| 242|0x000000008f200000, 0x000000008f200000, 0x000000008f300000|  0%| F|  |TAMS 0x000000008f200000, 0x000000008f200000| Untracked 
| 243|0x000000008f300000, 0x000000008f300000, 0x000000008f400000|  0%| F|  |TAMS 0x000000008f300000, 0x000000008f300000| Untracked 
| 244|0x000000008f400000, 0x000000008f400000, 0x000000008f500000|  0%| F|  |TAMS 0x000000008f400000, 0x000000008f400000| Untracked 
| 245|0x000000008f500000, 0x000000008f500000, 0x000000008f600000|  0%| F|  |TAMS 0x000000008f500000, 0x000000008f500000| Untracked 
| 246|0x000000008f600000, 0x000000008f600000, 0x000000008f700000|  0%| F|  |TAMS 0x000000008f600000, 0x000000008f600000| Untracked 
| 247|0x000000008f700000, 0x000000008f700000, 0x000000008f800000|  0%| F|  |TAMS 0x000000008f700000, 0x000000008f700000| Untracked 

Card table byte_map: [0x000002d463d60000,0x000002d464160000] _byte_map_base: 0x000002d463960000

Marking Bits (Prev, Next): (CMBitMap*) 0x000002d44be86b50, (CMBitMap*) 0x000002d44be86b90
 Prev Bits: [0x000002d464560000, 0x000002d466560000)
 Next Bits: [0x000002d466560000, 0x000002d468560000)

Polling page: 0x000002d44bd50000

Metaspace:

Usage:
  Non-class:    109.41 MB used.
      Class:     18.36 MB used.
       Both:    127.77 MB used.

Virtual space:
  Non-class space:      128.00 MB reserved,     109.94 MB ( 86%) committed,  2 nodes.
      Class space:        1.00 GB reserved,      18.88 MB (  2%) committed,  1 nodes.
             Both:        1.12 GB reserved,     128.81 MB ( 11%) committed. 

Chunk freelists:
   Non-Class:  1.86 MB
       Class:  12.97 MB
        Both:  14.83 MB

MaxMetaspaceSize: unlimited
CompressedClassSpaceSize: 1.00 GB
Initial GC threshold: 21.00 MB
Current GC threshold: 179.94 MB
CDS: on
MetaspaceReclaimPolicy: balanced
 - commit_granule_bytes: 65536.
 - commit_granule_words: 8192.
 - virtual_space_node_default_size: 8388608.
 - enlarge_chunks_in_place: 1.
 - new_chunks_are_fully_committed: 0.
 - uncommit_free_chunks: 1.
 - use_allocation_guard: 0.
 - handle_deallocations: 1.


Internal statistics:

num_allocs_failed_limit: 6.
num_arena_births: 1606.
num_arena_deaths: 2.
num_vsnodes_births: 3.
num_vsnodes_deaths: 0.
num_space_committed: 2062.
num_space_uncommitted: 2.
num_chunks_returned_to_freelist: 28.
num_chunks_taken_from_freelist: 7202.
num_chunk_merges: 8.
num_chunk_splits: 4842.
num_chunks_enlarged: 3325.
num_inconsistent_stats: 0.

CodeHeap 'non-profiled nmethods': size=120000Kb used=9083Kb max_used=9083Kb free=110916Kb
 bounds [0x000002d45b8c0000, 0x000002d45c1a0000, 0x000002d462df0000]
CodeHeap 'profiled nmethods': size=120000Kb used=30825Kb max_used=30825Kb free=89174Kb
 bounds [0x000002d453df0000, 0x000002d455c10000, 0x000002d45b320000]
CodeHeap 'non-nmethods': size=5760Kb used=1805Kb max_used=1859Kb free=3954Kb
 bounds [0x000002d45b320000, 0x000002d45b590000, 0x000002d45b8c0000]
 total_blobs=16434 nmethods=15530 adapters=814
 compilation: enabled
              stopped_count=0, restarted_count=0
 full_count=0

Compilation events (20 events):
Event: 15.087 Thread 0x000002d46b073ed0 nmethod 18849 0x000002d455c02210 code [0x000002d455c023c0, 0x000002d455c02608]
Event: 15.087 Thread 0x000002d46b073ed0 18861       3       com.android.tools.r8.internal.ep::a (33 bytes)
Event: 15.087 Thread 0x000002d46b073ed0 nmethod 18861 0x000002d455c02710 code [0x000002d455c028e0, 0x000002d455c02b88]
Event: 15.087 Thread 0x000002d46b073ed0 18877       3       com.android.tools.r8.internal.dk::equals (53 bytes)
Event: 15.087 Thread 0x000002d46b073ed0 nmethod 18877 0x000002d455c02c90 code [0x000002d455c02e80, 0x000002d455c03378]
Event: 15.087 Thread 0x000002d46b073ed0 18852       3       java.util.IdentityHashMap$ValueIterator::next (12 bytes)
Event: 15.087 Thread 0x000002d46b073ed0 nmethod 18852 0x000002d455c03490 code [0x000002d455c03640, 0x000002d455c03828]
Event: 15.087 Thread 0x000002d46b073ed0 18878       3       com.android.tools.r8.internal.vv::equals (62 bytes)
Event: 15.088 Thread 0x000002d46b073ed0 nmethod 18878 0x000002d455c03910 code [0x000002d455c03b60, 0x000002d455c046f8]
Event: 15.088 Thread 0x000002d46b073ed0 18847       3       com.android.tools.r8.internal.nd0::a (110 bytes)
Event: 15.088 Thread 0x000002d46b073ed0 nmethod 18847 0x000002d455c04990 code [0x000002d455c04c20, 0x000002d455c05bc8]
Event: 15.088 Thread 0x000002d46b073ed0 18880       3       com.android.tools.r8.internal.kd$$Lambda$5576/0x000002d40226e848::accept (12 bytes)
Event: 15.088 Thread 0x000002d46b073ed0 nmethod 18880 0x000002d455c06090 code [0x000002d455c06240, 0x000002d455c06488]
Event: 15.088 Thread 0x000002d46b073ed0 18881       3       com.android.tools.r8.internal.a52$$Lambda$5296/0x000002d402209e60::compare (12 bytes)
Event: 15.088 Thread 0x000002d46b073ed0 nmethod 18881 0x000002d455c06590 code [0x000002d455c06740, 0x000002d455c06a88]
Event: 15.088 Thread 0x000002d46b073ed0 18882       3       com.android.tools.r8.internal.z42::a (33 bytes)
Event: 15.088 Thread 0x000002d46b073ed0 nmethod 18882 0x000002d455c06b90 code [0x000002d455c06d60, 0x000002d455c07118]
Event: 15.088 Thread 0x000002d46b073ed0 18831       2       com.android.tools.r8.ir.optimize.j0::a (728 bytes)
Event: 15.090 Thread 0x000002d46b073ed0 nmethod 18831 0x000002d455c07210 code [0x000002d455c07740, 0x000002d455c091f8]
Event: 15.090 Thread 0x000002d46b073ed0 18883       3       com.android.tools.r8.internal.v72$$Lambda$5264/0x000002d402201940::accept (13 bytes)

GC Heap History (20 events):
Event: 10.048 GC heap after
{Heap after GC invocations=66 (full 0):
 garbage-first heap   total 206848K, used 116256K [0x0000000080000000, 0x0000000100000000)
  region size 1024K, 1 young (1024K), 1 survivors (1024K)
 Metaspace       used 103380K, committed 104256K, reserved 1179648K
  class space    used 14219K, committed 14656K, reserved 1048576K
}
Event: 10.443 GC heap before
{Heap before GC invocations=66 (full 0):
 garbage-first heap   total 206848K, used 161312K [0x0000000080000000, 0x0000000100000000)
  region size 1024K, 46 young (47104K), 1 survivors (1024K)
 Metaspace       used 105598K, committed 106432K, reserved 1179648K
  class space    used 14461K, committed 14848K, reserved 1048576K
}
Event: 10.445 GC heap after
{Heap after GC invocations=67 (full 0):
 garbage-first heap   total 206848K, used 119072K [0x0000000080000000, 0x0000000100000000)
  region size 1024K, 4 young (4096K), 4 survivors (4096K)
 Metaspace       used 105598K, committed 106432K, reserved 1179648K
  class space    used 14461K, committed 14848K, reserved 1048576K
}
Event: 10.640 GC heap before
{Heap before GC invocations=68 (full 0):
 garbage-first heap   total 206848K, used 164128K [0x0000000080000000, 0x0000000100000000)
  region size 1024K, 49 young (50176K), 4 survivors (4096K)
 Metaspace       used 105714K, committed 106624K, reserved 1179648K
  class space    used 14485K, committed 14912K, reserved 1048576K
}
Event: 10.643 GC heap after
{Heap after GC invocations=69 (full 0):
 garbage-first heap   total 206848K, used 121823K [0x0000000080000000, 0x0000000100000000)
  region size 1024K, 7 young (7168K), 7 survivors (7168K)
 Metaspace       used 105714K, committed 106624K, reserved 1179648K
  class space    used 14485K, committed 14912K, reserved 1048576K
}
Event: 10.763 GC heap before
{Heap before GC invocations=69 (full 0):
 garbage-first heap   total 206848K, used 124895K [0x0000000080000000, 0x0000000100000000)
  region size 1024K, 10 young (10240K), 7 survivors (7168K)
 Metaspace       used 105871K, committed 106816K, reserved 1179648K
  class space    used 14505K, committed 14976K, reserved 1048576K
}
Event: 10.766 GC heap after
{Heap after GC invocations=70 (full 0):
 garbage-first heap   total 248832K, used 113471K [0x0000000080000000, 0x0000000100000000)
  region size 1024K, 1 young (1024K), 1 survivors (1024K)
 Metaspace       used 105871K, committed 106816K, reserved 1179648K
  class space    used 14505K, committed 14976K, reserved 1048576K
}
Event: 13.612 GC heap before
{Heap before GC invocations=70 (full 0):
 garbage-first heap   total 248832K, used 189247K [0x0000000080000000, 0x0000000100000000)
  region size 1024K, 74 young (75776K), 1 survivors (1024K)
 Metaspace       used 109397K, committed 110336K, reserved 1179648K
  class space    used 14979K, committed 15424K, reserved 1048576K
}
Event: 13.614 GC heap after
{Heap after GC invocations=71 (full 0):
 garbage-first heap   total 248832K, used 117760K [0x0000000080000000, 0x0000000100000000)
  region size 1024K, 6 young (6144K), 6 survivors (6144K)
 Metaspace       used 109397K, committed 110336K, reserved 1179648K
  class space    used 14979K, committed 15424K, reserved 1048576K
}
Event: 14.105 GC heap before
{Heap before GC invocations=72 (full 0):
 garbage-first heap   total 248832K, used 189440K [0x0000000080000000, 0x0000000100000000)
  region size 1024K, 78 young (79872K), 6 survivors (6144K)
 Metaspace       used 115884K, committed 116800K, reserved 1179648K
  class space    used 16078K, committed 16512K, reserved 1048576K
}
Event: 14.109 GC heap after
{Heap after GC invocations=73 (full 0):
 garbage-first heap   total 248832K, used 125002K [0x0000000080000000, 0x0000000100000000)
  region size 1024K, 10 young (10240K), 10 survivors (10240K)
 Metaspace       used 115884K, committed 116800K, reserved 1179648K
  class space    used 16078K, committed 16512K, reserved 1048576K
}
Event: 14.115 GC heap before
{Heap before GC invocations=73 (full 0):
 garbage-first heap   total 248832K, used 127050K [0x0000000080000000, 0x0000000100000000)
  region size 1024K, 12 young (12288K), 10 survivors (10240K)
 Metaspace       used 116077K, committed 116992K, reserved 1179648K
  class space    used 16104K, committed 16512K, reserved 1048576K
}
Event: 14.118 GC heap after
{Heap after GC invocations=74 (full 0):
 garbage-first heap   total 248832K, used 124840K [0x0000000080000000, 0x0000000100000000)
  region size 1024K, 2 young (2048K), 2 survivors (2048K)
 Metaspace       used 116077K, committed 116992K, reserved 1179648K
  class space    used 16104K, committed 16512K, reserved 1048576K
}
Event: 14.479 GC heap before
{Heap before GC invocations=74 (full 0):
 garbage-first heap   total 248832K, used 193448K [0x0000000080000000, 0x0000000100000000)
  region size 1024K, 70 young (71680K), 2 survivors (2048K)
 Metaspace       used 123753K, committed 124736K, reserved 1179648K
  class space    used 17705K, committed 18176K, reserved 1048576K
}
Event: 14.482 GC heap after
{Heap after GC invocations=75 (full 0):
 garbage-first heap   total 248832K, used 128013K [0x0000000080000000, 0x0000000100000000)
  region size 1024K, 5 young (5120K), 5 survivors (5120K)
 Metaspace       used 123753K, committed 124736K, reserved 1179648K
  class space    used 17705K, committed 18176K, reserved 1048576K
}
Event: 14.674 GC heap before
{Heap before GC invocations=75 (full 0):
 garbage-first heap   total 248832K, used 197645K [0x0000000080000000, 0x0000000100000000)
  region size 1024K, 73 young (74752K), 5 survivors (5120K)
 Metaspace       used 127710K, committed 128832K, reserved 1179648K
  class space    used 18338K, committed 18880K, reserved 1048576K
}
Event: 14.678 GC heap after
{Heap after GC invocations=76 (full 0):
 garbage-first heap   total 248832K, used 132360K [0x0000000080000000, 0x0000000100000000)
  region size 1024K, 9 young (9216K), 9 survivors (9216K)
 Metaspace       used 127710K, committed 128832K, reserved 1179648K
  class space    used 18338K, committed 18880K, reserved 1048576K
}
Event: 14.813 GC heap before
{Heap before GC invocations=76 (full 0):
 garbage-first heap   total 248832K, used 199944K [0x0000000080000000, 0x0000000100000000)
  region size 1024K, 76 young (77824K), 9 survivors (9216K)
 Metaspace       used 130009K, committed 131072K, reserved 1179648K
  class space    used 18717K, committed 19264K, reserved 1048576K
}
Event: 14.816 GC heap after
{Heap after GC invocations=77 (full 0):
 garbage-first heap   total 248832K, used 133153K [0x0000000080000000, 0x0000000100000000)
  region size 1024K, 6 young (6144K), 6 survivors (6144K)
 Metaspace       used 130009K, committed 131072K, reserved 1179648K
  class space    used 18717K, committed 19264K, reserved 1048576K
}
Event: 15.091 GC heap before
{Heap before GC invocations=77 (full 0):
 garbage-first heap   total 248832K, used 202785K [0x0000000080000000, 0x0000000100000000)
  region size 1024K, 74 young (75776K), 6 survivors (6144K)
 Metaspace       used 130839K, committed 131904K, reserved 1179648K
  class space    used 18802K, committed 19328K, reserved 1048576K
}

Dll operation events (15 events):
Event: 0.070 Loaded shared library C:\Users\16696\.jdks\ms-17.0.19\bin\java.dll
Event: 0.082 Loaded shared library C:\Users\16696\.jdks\ms-17.0.19\bin\jsvml.dll
Event: 0.106 Loaded shared library C:\Users\16696\.jdks\ms-17.0.19\bin\zip.dll
Event: 0.112 Loaded shared library C:\Users\16696\.jdks\ms-17.0.19\bin\instrument.dll
Event: 0.115 Loaded shared library C:\Users\16696\.jdks\ms-17.0.19\bin\net.dll
Event: 0.119 Loaded shared library C:\Users\16696\.jdks\ms-17.0.19\bin\nio.dll
Event: 0.121 Loaded shared library C:\Users\16696\.jdks\ms-17.0.19\bin\zip.dll
Event: 0.206 Loaded shared library C:\Users\16696\.jdks\ms-17.0.19\bin\jimage.dll
Event: 0.321 Loaded shared library C:\Users\16696\.jdks\ms-17.0.19\bin\verify.dll
Event: 0.340 Loaded shared library C:\Users\16696\.gradle\native\660c5614fbf4a5f2a75b1949f50a0caf5cd603558e7d8a26e50b933a0cfb79d1\windows-amd64\native-platform.dll
Event: 0.348 Loaded shared library C:\Users\16696\.gradle\native\0.2.8\x86_64-windows-gnu\gradle-fileevents.dll
Event: 0.751 Loaded shared library C:\Users\16696\.jdks\ms-17.0.19\bin\management.dll
Event: 0.754 Loaded shared library C:\Users\16696\.jdks\ms-17.0.19\bin\management_ext.dll
Event: 0.983 Loaded shared library C:\Users\16696\.jdks\ms-17.0.19\bin\extnet.dll
Event: 1.140 Loaded shared library C:\Users\16696\.jdks\ms-17.0.19\bin\sunmscapi.dll

Deoptimization events (20 events):
Event: 14.922 Thread 0x000002d4767647f0 DEOPT PACKING pc=0x000002d45c166c5c sp=0x000000e66e0fc1c0
Event: 14.922 Thread 0x000002d4767647f0 DEOPT UNPACKING pc=0x000002d45b3769a3 sp=0x000000e66e0fc140 mode 2
Event: 14.922 Thread 0x000002d4767647f0 Uncommon trap: trap_request=0xffffffc6 fr.pc=0x000002d45c166c5c relative=0x000000000000019c
Event: 14.922 Thread 0x000002d4767647f0 Uncommon trap: reason=bimorphic_or_optimized_type_check action=maybe_recompile pc=0x000002d45c166c5c method=com.android.tools.r8.internal.wz.a(Lcom/android/tools/r8/graph/z;Lcom/android/tools/r8/internal/tk;Lcom/android/tools/r8/graph/l6;Ljava/util/functi
Event: 14.922 Thread 0x000002d4767647f0 DEOPT PACKING pc=0x000002d45c166c5c sp=0x000000e66e0fc1c0
Event: 14.922 Thread 0x000002d4767647f0 DEOPT UNPACKING pc=0x000002d45b3769a3 sp=0x000000e66e0fc140 mode 2
Event: 14.922 Thread 0x000002d4767647f0 Uncommon trap: trap_request=0xffffffc6 fr.pc=0x000002d45c166c5c relative=0x000000000000019c
Event: 14.922 Thread 0x000002d4767647f0 Uncommon trap: reason=bimorphic_or_optimized_type_check action=maybe_recompile pc=0x000002d45c166c5c method=com.android.tools.r8.internal.wz.a(Lcom/android/tools/r8/graph/z;Lcom/android/tools/r8/internal/tk;Lcom/android/tools/r8/graph/l6;Ljava/util/functi
Event: 14.922 Thread 0x000002d4767647f0 DEOPT PACKING pc=0x000002d45c166c5c sp=0x000000e66e0fc1c0
Event: 14.922 Thread 0x000002d4767647f0 DEOPT UNPACKING pc=0x000002d45b3769a3 sp=0x000000e66e0fc140 mode 2
Event: 14.984 Thread 0x000002d4767647f0 Uncommon trap: trap_request=0xffffff45 fr.pc=0x000002d45c171430 relative=0x0000000000003650
Event: 14.984 Thread 0x000002d4767647f0 Uncommon trap: reason=unstable_if action=reinterpret pc=0x000002d45c171430 method=com.android.tools.r8.internal.of4.v()Z @ 39 c2
Event: 14.984 Thread 0x000002d4767647f0 DEOPT PACKING pc=0x000002d45c171430 sp=0x000000e66e0fbe90
Event: 14.984 Thread 0x000002d4767647f0 DEOPT UNPACKING pc=0x000002d45b3769a3 sp=0x000000e66e0fbdc8 mode 2
Event: 15.029 Thread 0x000002d4767647f0 Uncommon trap: trap_request=0xffffff45 fr.pc=0x000002d45bc65074 relative=0x00000000000012b4
Event: 15.029 Thread 0x000002d4767647f0 Uncommon trap: reason=unstable_if action=reinterpret pc=0x000002d45bc65074 method=java.util.concurrent.ConcurrentHashMap.transfer([Ljava/util/concurrent/ConcurrentHashMap$Node;[Ljava/util/concurrent/ConcurrentHashMap$Node;)V @ 352 c2
Event: 15.029 Thread 0x000002d4767647f0 DEOPT PACKING pc=0x000002d45bc65074 sp=0x000000e66e0fc0f0
Event: 15.029 Thread 0x000002d4767647f0 DEOPT UNPACKING pc=0x000002d45b3769a3 sp=0x000000e66e0fc088 mode 2
Event: 15.050 Thread 0x000002d4767647f0 DEOPT PACKING pc=0x000002d455909200 sp=0x000000e66e0fbcb0
Event: 15.050 Thread 0x000002d4767647f0 DEOPT UNPACKING pc=0x000002d45b377143 sp=0x000000e66e0fb1a0 mode 0

Classes loaded (20 events):
Event: 14.475 Loading class java/util/SortedSet$1
Event: 14.475 Loading class java/util/SortedSet$1 done
Event: 14.718 Loading class java/nio/ShortBuffer
Event: 14.719 Loading class java/nio/ShortBuffer done
Event: 14.740 Loading class java/nio/ByteBufferAsShortBufferL
Event: 14.740 Loading class java/nio/ByteBufferAsShortBufferL done
Event: 14.743 Loading class java/util/concurrent/ConcurrentHashMap$TreeNode
Event: 14.743 Loading class java/util/concurrent/ConcurrentHashMap$TreeNode done
Event: 14.744 Loading class java/util/concurrent/ConcurrentHashMap$TreeBin
Event: 14.744 Loading class java/util/concurrent/ConcurrentHashMap$TreeBin done
Event: 14.761 Loading class java/util/zip/Adler32
Event: 14.762 Loading class java/util/zip/Adler32 done
Event: 14.768 Loading class java/util/zip/Deflater
Event: 14.768 Loading class java/util/zip/Deflater done
Event: 14.770 Loading class java/util/zip/Deflater$DeflaterZStreamRef
Event: 14.770 Loading class java/util/zip/Deflater$DeflaterZStreamRef done
Event: 14.772 Loading class java/util/zip/ZipOutputStream$XEntry
Event: 14.772 Loading class java/util/zip/ZipOutputStream$XEntry done
Event: 14.775 Loading class java/util/Vector$Itr
Event: 14.776 Loading class java/util/Vector$Itr done

Classes unloaded (20 events):
Event: 10.481 Thread 0x000002d46b028560 Unloading class 0x000002d401dcf800 'jdk/internal/jimage/ImageHeader'
Event: 10.481 Thread 0x000002d46b028560 Unloading class 0x000002d401dcedc8 'jdk/internal/jimage/BasicImageReader$2'
Event: 10.481 Thread 0x000002d46b028560 Unloading class 0x000002d401dceb98 'jdk/internal/jimage/BasicImageReader$1'
Event: 10.481 Thread 0x000002d46b028560 Unloading class 0x000002d401dce930 'jdk/internal/jimage/ImageReader$Resource'
Event: 10.481 Thread 0x000002d46b028560 Unloading class 0x000002d401dce6c8 'jdk/internal/jimage/ImageReader$LinkNode'
Event: 10.481 Thread 0x000002d46b028560 Unloading class 0x000002d401dce460 'jdk/internal/jimage/ImageReader$Directory'
Event: 10.481 Thread 0x000002d46b028560 Unloading class 0x000002d401dce1f8 'jdk/internal/jimage/ImageReader$Node'
Event: 10.481 Thread 0x000002d46b028560 Unloading class 0x000002d401dce000 'jdk/internal/jimage/ImageStrings'
Event: 10.481 Thread 0x000002d46b028560 Unloading class 0x000002d401dcdb50 'jdk/internal/jimage/ImageReader$SharedImageReader'
Event: 10.481 Thread 0x000002d46b028560 Unloading class 0x000002d401dcd890 'jdk/internal/jimage/BasicImageReader'
Event: 10.481 Thread 0x000002d46b028560 Unloading class 0x000002d401dcd670 'jdk/internal/jimage/ImageReader'
Event: 10.481 Thread 0x000002d46b028560 Unloading class 0x000002d401dcd448 'jdk/internal/jrtfs/SystemImage$2'
Event: 10.481 Thread 0x000002d46b028560 Unloading class 0x000002d401dcd230 'jdk/internal/jrtfs/SystemImage$$Lambda$2056+0x000002d401dcd230'
Event: 10.481 Thread 0x000002d46b028560 Unloading class 0x000002d401dcd000 'jdk/internal/jrtfs/ExplodedImage'
Event: 10.481 Thread 0x000002d46b028560 Unloading class 0x000002d401dccdc8 'jdk/internal/jrtfs/SystemImage$1'
Event: 10.481 Thread 0x000002d46b028560 Unloading class 0x000002d401dccbb0 'jdk/internal/jrtfs/SystemImage'
Event: 10.481 Thread 0x000002d46b028560 Unloading class 0x000002d401dcc950 'jdk/internal/jrtfs/JrtFileStore'
Event: 10.481 Thread 0x000002d46b028560 Unloading class 0x000002d401dcc5d8 'jdk/internal/jrtfs/JrtPath'
Event: 10.481 Thread 0x000002d46b028560 Unloading class 0x000002d401dcc2e0 'jdk/internal/jrtfs/JrtFileSystem'
Event: 10.481 Thread 0x000002d46b028560 Unloading class 0x000002d401dcc000 'jdk/internal/jrtfs/JrtFileSystemProvider'

Classes redefined (0 events):
No events

Internal exceptions (20 events):
Event: 14.767 Thread 0x000002d476766650 Exception <a 'sun/nio/fs/WindowsException'{0x000000008c2db4d0}> (0x000000008c2db4d0) 
thrown [s\src\hotspot\share\prims\jni.cpp, line 516]
Event: 14.767 Thread 0x000002d476766650 Exception <a 'sun/nio/fs/WindowsException'{0x000000008c2dbec8}> (0x000000008c2dbec8) 
thrown [s\src\hotspot\share\prims\jni.cpp, line 516]
Event: 14.767 Thread 0x000002d476764d00 Exception <a 'sun/nio/fs/WindowsException'{0x000000008c6dc7b0}> (0x000000008c6dc7b0) 
thrown [s\src\hotspot\share\prims\jni.cpp, line 516]
Event: 14.767 Thread 0x000002d476764d00 Exception <a 'sun/nio/fs/WindowsException'{0x000000008c6dd1b0}> (0x000000008c6dd1b0) 
thrown [s\src\hotspot\share\prims\jni.cpp, line 516]
Event: 14.767 Thread 0x000002d476764d00 Exception <a 'sun/nio/fs/WindowsException'{0x000000008c6ddba8}> (0x000000008c6ddba8) 
thrown [s\src\hotspot\share\prims\jni.cpp, line 516]
Event: 14.769 Thread 0x000002d476764d00 Exception <a 'sun/nio/fs/WindowsException'{0x000000008c6df7e0}> (0x000000008c6df7e0) 
thrown [s\src\hotspot\share\prims\jni.cpp, line 516]
Event: 14.769 Thread 0x000002d476766650 Exception <a 'sun/nio/fs/WindowsException'{0x000000008c2dde80}> (0x000000008c2dde80) 
thrown [s\src\hotspot\share\prims\jni.cpp, line 516]
Event: 14.770 Thread 0x000002d476766650 Exception <a 'sun/nio/fs/WindowsException'{0x000000008c2debd0}> (0x000000008c2debd0) 
thrown [s\src\hotspot\share\prims\jni.cpp, line 516]
Event: 14.770 Thread 0x000002d476766140 Exception <a 'sun/nio/fs/WindowsException'{0x000000008c42d218}> (0x000000008c42d218) 
thrown [s\src\hotspot\share\prims\jni.cpp, line 516]
Event: 14.779 Thread 0x000002d476767a90 Exception <a 'sun/nio/fs/WindowsException'{0x000000008c0ee488}> (0x000000008c0ee488) 
thrown [s\src\hotspot\share\prims\jni.cpp, line 516]
Event: 14.781 Thread 0x000002d476767a90 Exception <a 'sun/nio/fs/WindowsException'{0x000000008bee1028}> (0x000000008bee1028) 
thrown [s\src\hotspot\share\prims\jni.cpp, line 516]
Event: 14.782 Thread 0x000002d476767a90 Exception <a 'sun/nio/fs/WindowsException'{0x000000008bee8658}> (0x000000008bee8658) 
thrown [s\src\hotspot\share\prims\jni.cpp, line 516]
Event: 14.783 Thread 0x000002d476764d00 Exception <a 'sun/nio/fs/WindowsException'{0x000000008c1c2a88}> (0x000000008c1c2a88) 
thrown [s\src\hotspot\share\prims\jni.cpp, line 516]
Event: 14.789 Thread 0x000002d476767a90 Exception <a 'sun/nio/fs/WindowsException'{0x000000008bcfdb18}> (0x000000008bcfdb18) 
thrown [s\src\hotspot\share\prims\jni.cpp, line 516]
Event: 14.799 Thread 0x000002d4741fafc0 Exception <a 'sun/nio/fs/WindowsException'{0x000000008b501680}> (0x000000008b501680) 
thrown [s\src\hotspot\share\prims\jni.cpp, line 516]
Event: 14.830 Thread 0x000002d4741fafc0 Exception <a 'sun/nio/fs/WindowsException'{0x000000008ef00150}> (0x000000008ef00150) 
thrown [s\src\hotspot\share\prims\jni.cpp, line 516]
Event: 14.906 Thread 0x000002d4741fafc0 Exception <a 'sun/nio/fs/WindowsException'{0x000000008ef01420}> (0x000000008ef01420) 
thrown [s\src\hotspot\share\prims\jni.cpp, line 516]
Event: 14.933 Thread 0x000002d4741fafc0 Exception <a 'sun/nio/fs/WindowsException'{0x000000008ef03690}> (0x000000008ef03690) 
thrown [s\src\hotspot\share\prims\jni.cpp, line 516]
Event: 15.017 Thread 0x000002d4741fafc0 Exception <a 'sun/nio/fs/WindowsException'{0x000000008ef04960}> (0x000000008ef04960) 
thrown [s\src\hotspot\share\prims\jni.cpp, line 516]
Event: 15.046 Thread 0x000002d4741fafc0 Exception <a 'sun/nio/fs/WindowsException'{0x000000008ef06bd0}> (0x000000008ef06bd0) 
thrown [s\src\hotspot\share\prims\jni.cpp, line 516]

VM Operations (20 events):
Event: 14.855 Executing VM operation: HandshakeAllThreads done
Event: 14.863 Executing VM operation: ICBufferFull
Event: 14.863 Executing VM operation: ICBufferFull done
Event: 14.898 Executing VM operation: HandshakeAllThreads
Event: 14.898 Executing VM operation: HandshakeAllThreads done
Event: 14.903 Executing VM operation: ICBufferFull
Event: 14.904 Executing VM operation: ICBufferFull done
Event: 14.909 Executing VM operation: HandshakeAllThreads
Event: 14.910 Executing VM operation: HandshakeAllThreads done
Event: 14.939 Executing VM operation: ICBufferFull
Event: 14.939 Executing VM operation: ICBufferFull done
Event: 14.951 Executing VM operation: HandshakeAllThreads
Event: 14.951 Executing VM operation: HandshakeAllThreads done
Event: 15.004 Executing VM operation: ICBufferFull
Event: 15.004 Executing VM operation: ICBufferFull done
Event: 15.047 Executing VM operation: ICBufferFull
Event: 15.047 Executing VM operation: ICBufferFull done
Event: 15.075 Executing VM operation: HandshakeAllThreads
Event: 15.075 Executing VM operation: HandshakeAllThreads done
Event: 15.090 Executing VM operation: G1CollectForAllocation

Memory protections (0 events):
No events

Nmethod flushes (20 events):
Event: 14.083 Thread 0x000002d46b0473c0 flushing  nmethod 0x000002d45578c110
Event: 14.083 Thread 0x000002d46b0473c0 flushing  nmethod 0x000002d45578ca90
Event: 14.083 Thread 0x000002d46b0473c0 flushing  nmethod 0x000002d455793f90
Event: 14.083 Thread 0x000002d46b0473c0 flushing  nmethod 0x000002d455794910
Event: 14.083 Thread 0x000002d46b0473c0 flushing  nmethod 0x000002d4557a1310
Event: 14.083 Thread 0x000002d46b0473c0 flushing  nmethod 0x000002d4557a3c10
Event: 14.083 Thread 0x000002d46b0473c0 flushing  nmethod 0x000002d4557a4b90
Event: 14.083 Thread 0x000002d46b0473c0 flushing  nmethod 0x000002d4557a5110
Event: 14.083 Thread 0x000002d46b0473c0 flushing  nmethod 0x000002d4557a5490
Event: 14.083 Thread 0x000002d46b0473c0 flushing  nmethod 0x000002d4557a5b90
Event: 14.083 Thread 0x000002d46b0473c0 flushing  nmethod 0x000002d4557a6790
Event: 14.083 Thread 0x000002d46b0473c0 flushing  nmethod 0x000002d4557a7a10
Event: 14.083 Thread 0x000002d46b0473c0 flushing  nmethod 0x000002d4557a8590
Event: 14.083 Thread 0x000002d46b0473c0 flushing  nmethod 0x000002d4557a8890
Event: 14.083 Thread 0x000002d46b0473c0 flushing  nmethod 0x000002d4557ae790
Event: 14.083 Thread 0x000002d46b0473c0 flushing  nmethod 0x000002d4557b0d90
Event: 14.861 Thread 0x000002d46b0473c0 flushing  nmethod 0x000002d4541e6510
Event: 14.861 Thread 0x000002d46b0473c0 flushing  nmethod 0x000002d45421cb90
Event: 14.865 Thread 0x000002d46b0473c0 flushing  nmethod 0x000002d454a4b210
Event: 14.872 Thread 0x000002d46b0473c0 flushing  nmethod 0x000002d455738990

Events (20 events):
Event: 10.480 Thread 0x000002d46b046680 Thread added: 0x000002d47252e280
Event: 10.527 Thread 0x000002d4741fafc0 Thread added: 0x000002d476764d00
Event: 10.760 Thread 0x000002d4741fafc0 Thread added: 0x000002d476766650
Event: 10.796 Thread 0x000002d476764d00 Thread added: 0x000002d476765210
Event: 11.010 Thread 0x000002d476764d00 Thread added: 0x000002d476765720
Event: 11.010 Thread 0x000002d476764d00 Thread added: 0x000002d476767fa0
Event: 11.021 Thread 0x000002d47252e280 Thread exited: 0x000002d47252e280
Event: 11.021 Thread 0x000002d4725307b0 Thread exited: 0x000002d4725307b0
Event: 11.629 Thread 0x000002d46b073ed0 Thread added: 0x000002d47252e280
Event: 12.017 Thread 0x000002d47252e280 Thread exited: 0x000002d47252e280
Event: 13.462 Thread 0x000002d4741fafc0 Thread added: 0x000002d476767a90
Event: 13.462 Thread 0x000002d4741fafc0 Thread added: 0x000002d476766140
Event: 13.462 Thread 0x000002d4741fafc0 Thread added: 0x000002d4767647f0
Event: 13.463 Thread 0x000002d4741fafc0 Thread added: 0x000002d4767684b0
Event: 13.463 Thread 0x000002d4741fafc0 Thread added: 0x000002d4767689c0
Event: 13.468 Thread 0x000002d4741fafc0 Thread added: 0x000002d476768ed0
Event: 13.468 Thread 0x000002d4741fafc0 Thread added: 0x000002d4767693e0
Event: 13.469 Thread 0x000002d4741fafc0 Thread added: 0x000002d476765c30
Event: 13.592 Thread 0x000002d46b073ed0 Thread added: 0x000002d47252e280
Event: 13.598 Thread 0x000002d46b073ed0 Thread added: 0x000002d472532240


Dynamic libraries:
0x00007ff6e3ea0000 - 0x00007ff6e3eae000 	C:\Users\16696\.jdks\ms-17.0.19\bin\java.exe
0x00007ffa8e760000 - 0x00007ffa8e9c6000 	C:\Windows\SYSTEM32\ntdll.dll
0x00007ffa8cdd0000 - 0x00007ffa8ce99000 	C:\Windows\System32\KERNEL32.DLL
0x00007ffa8ba80000 - 0x00007ffa8be7a000 	C:\Windows\System32\KERNELBASE.dll
0x00007ffa69220000 - 0x00007ffa692cf000 	d:\Trea\Trae CN\resources\app\modules\sandbox\x64\sbox_core.dll
0x00007ffa8c090000 - 0x00007ffa8c1dc000 	C:\Windows\System32\ucrtbase.dll
0x00007ffa7db70000 - 0x00007ffa7db88000 	C:\Users\16696\.jdks\ms-17.0.19\bin\jli.dll
0x00007ffa7dae0000 - 0x00007ffa7dafe000 	C:\Users\16696\.jdks\ms-17.0.19\bin\VCRUNTIME140.dll
0x00007ffa8cff0000 - 0x00007ffa8d1b7000 	C:\Windows\System32\USER32.dll
0x00007ffa8be80000 - 0x00007ffa8bea7000 	C:\Windows\System32\win32u.dll
0x00007ffa8cd20000 - 0x00007ffa8cd4b000 	C:\Windows\System32\GDI32.dll
0x00007ffa8beb0000 - 0x00007ffa8bfdb000 	C:\Windows\System32\gdi32full.dll
0x00007ffa6f9b0000 - 0x00007ffa6fc42000 	C:\Windows\WinSxS\amd64_microsoft.windows.common-controls_6595b64144ccf1df_6.0.26100.8521_none_3e08b75ce33403b3\COMCTL32.dll
0x00007ffa8bfe0000 - 0x00007ffa8c083000 	C:\Windows\System32\msvcp_win.dll
0x00007ffa8ca70000 - 0x00007ffa8cb19000 	C:\Windows\System32\msvcrt.dll
0x00007ffa6d100000 - 0x00007ffa6d190000 	d:\Trea\Trae CN\resources\app\modules\sandbox\x64\sbox_ipc.dll
0x00007ffa8cb20000 - 0x00007ffa8cb52000 	C:\Windows\System32\IMM32.DLL
0x00007ffa88de0000 - 0x00007ffa89022000 	C:\Windows\SYSTEM32\dbghelp.dll
0x00007ffa8de90000 - 0x00007ffa8e213000 	C:\Windows\System32\combase.dll
0x00007ffa8dbc0000 - 0x00007ffa8dcd8000 	C:\Windows\System32\RPCRT4.dll
0x00007ffa8da50000 - 0x00007ffa8db29000 	C:\Windows\System32\OLEAUT32.dll
0x00007ffa68e40000 - 0x00007ffa68e7b000 	C:\Windows\SYSTEM32\dbgcore.DLL
0x00007ffa87870000 - 0x00007ffa8787c000 	C:\Users\16696\.jdks\ms-17.0.19\bin\vcruntime140_1.dll
0x00007ffa783f0000 - 0x00007ffa78479000 	C:\Users\16696\.jdks\ms-17.0.19\bin\msvcp140.dll
0x00007ff9bc970000 - 0x00007ff9bd5eb000 	C:\Users\16696\.jdks\ms-17.0.19\bin\server\jvm.dll
0x00007ffa8e5d0000 - 0x00007ffa8e686000 	C:\Windows\System32\ADVAPI32.dll
0x00007ffa8c9c0000 - 0x00007ffa8ca6a000 	C:\Windows\System32\sechost.dll
0x00007ffa8e690000 - 0x00007ffa8e710000 	C:\Windows\System32\WS2_32.dll
0x00007ffa8b850000 - 0x00007ffa8b8ae000 	C:\Windows\SYSTEM32\POWRPROF.dll
0x00007ffa84500000 - 0x00007ffa84536000 	C:\Windows\SYSTEM32\WINMM.dll
0x00007ffa839c0000 - 0x00007ffa839cb000 	C:\Windows\SYSTEM32\VERSION.dll
0x00007ffa8b830000 - 0x00007ffa8b844000 	C:\Windows\SYSTEM32\UMPDC.dll
0x00007ffa8a750000 - 0x00007ffa8a76b000 	C:\Windows\SYSTEM32\kernel.appcore.dll
0x00007ffa7cf40000 - 0x00007ffa7cf4a000 	C:\Users\16696\.jdks\ms-17.0.19\bin\jimage.dll
0x00007ffa8c1e0000 - 0x00007ffa8c288000 	C:\Windows\System32\bcryptPrimitives.dll
0x00007ffa8a1b0000 - 0x00007ffa8a2fa000 	C:\Windows\SYSTEM32\dnsapi.dll
0x00007ffa8aac0000 - 0x00007ffa8aacd000 	C:\Windows\SYSTEM32\DSPARSE.dll
0x00007ffa8a120000 - 0x00007ffa8a153000 	C:\Windows\SYSTEM32\IPHLPAPI.DLL
0x00007ffa8dce0000 - 0x00007ffa8dcea000 	C:\Windows\System32\NSI.dll
0x00007ffa7cf30000 - 0x00007ffa7cf3f000 	C:\Users\16696\.jdks\ms-17.0.19\bin\instrument.dll
0x00007ffa7cf00000 - 0x00007ffa7cf26000 	C:\Users\16696\.jdks\ms-17.0.19\bin\java.dll
0x00007ffa8d1c0000 - 0x00007ffa8d944000 	C:\Windows\System32\Shell32.dll
0x00007ffa89590000 - 0x00007ffa89e10000 	C:\Windows\SYSTEM32\windows.storage.dll
0x00007ffa8cc20000 - 0x00007ffa8cd16000 	C:\Windows\System32\shcore.dll
0x00007ffa87d40000 - 0x00007ffa87dea000 	C:\Windows\system32\uxtheme.dll
0x00007ffa8e400000 - 0x00007ffa8e467000 	C:\Windows\System32\shlwapi.dll
0x00007ffa8cf30000 - 0x00007ffa8cfde000 	C:\Windows\System32\clbcatq.dll
0x00007ffa70d30000 - 0x00007ffa71387000 	C:\Windows\System32\OneCoreUAPCommonProxyStub.dll
0x00007ffa8dcf0000 - 0x00007ffa8de88000 	C:\Windows\System32\ole32.dll
0x00007ffa8b570000 - 0x00007ffa8b5c1000 	C:\Windows\SYSTEM32\CFGMGR32.dll
0x00007ffa6f370000 - 0x00007ffa6f54d000 	C:\Windows\System32\urlmon.dll
0x00007ffa71eb0000 - 0x00007ffa72175000 	C:\Windows\System32\iertutil.dll
0x00007ffa774b0000 - 0x00007ffa774d9000 	C:\Windows\System32\srvcli.dll
0x00007ffa8a110000 - 0x00007ffa8a11d000 	C:\Windows\System32\netutils.dll
0x00007ffa8a9f0000 - 0x00007ffa8aa39000 	C:\Windows\System32\SspiCli.dll
0x00007ffa85980000 - 0x00007ffa85a86000 	C:\Windows\System32\PROPSYS.dll
0x00007ffa839a0000 - 0x00007ffa839b7000 	C:\Windows\SYSTEM32\virtdisk.dll
0x00007ffa694a0000 - 0x00007ffa69618000 	C:\Windows\System32\Windows.System.Launcher.dll
0x00007ffa70d10000 - 0x00007ffa70d2d000 	C:\Windows\SYSTEM32\windows.staterepositorycore.dll
0x00007ffa85170000 - 0x00007ffa852da000 	C:\Windows\System32\wintypes.dll
0x00007ffa69b70000 - 0x00007ffa69c34000 	C:\Windows\System32\Windows.StateRepositoryPS.dll
0x00007ffa8a870000 - 0x00007ffa8a8a6000 	C:\Windows\SYSTEM32\ntmarta.dll
0x00007ffa68a50000 - 0x00007ffa68b10000 	C:\Windows\System32\Windows.FileExplorer.Common.dll
0x00007ffa70a90000 - 0x00007ffa70ad7000 	C:\Windows\SYSTEM32\windows.staterepositoryclient.dll
0x00007ffa64750000 - 0x00007ffa64780000 	C:\Windows\System32\cldapi.dll
0x00007ffa8b8e0000 - 0x00007ffa8b90a000 	C:\Windows\SYSTEM32\bcrypt.dll
0x00007ffa8b910000 - 0x00007ffa8b939000 	C:\Windows\SYSTEM32\profapi.dll
0x00007ffa18be0000 - 0x00007ffa18cb6000 	C:\Users\16696\.jdks\ms-17.0.19\bin\jsvml.dll
0x00007ffa783d0000 - 0x00007ffa783e8000 	C:\Users\16696\.jdks\ms-17.0.19\bin\zip.dll
0x00007ffa783b0000 - 0x00007ffa783cb000 	C:\Users\16696\.jdks\ms-17.0.19\bin\net.dll
0x00007ffa843b0000 - 0x00007ffa844d9000 	C:\Windows\SYSTEM32\WINHTTP.dll
0x00007ffa8acd0000 - 0x00007ffa8ad3c000 	C:\Windows\system32\mswsock.dll
0x00007ffa78390000 - 0x00007ffa783a6000 	C:\Users\16696\.jdks\ms-17.0.19\bin\nio.dll
0x00007ffa78380000 - 0x00007ffa78390000 	C:\Users\16696\.jdks\ms-17.0.19\bin\verify.dll
0x00007ff9f88f0000 - 0x00007ff9f8917000 	C:\Users\16696\.gradle\native\660c5614fbf4a5f2a75b1949f50a0caf5cd603558e7d8a26e50b933a0cfb79d1\windows-amd64\native-platform.dll
0x00007ffa18b60000 - 0x00007ffa18bd7000 	C:\Users\16696\.gradle\native\0.2.8\x86_64-windows-gnu\gradle-fileevents.dll
0x00007ffa78370000 - 0x00007ffa7837a000 	C:\Users\16696\.jdks\ms-17.0.19\bin\management.dll
0x00007ffa78360000 - 0x00007ffa7836c000 	C:\Users\16696\.jdks\ms-17.0.19\bin\management_ext.dll
0x00007ffa8cbc0000 - 0x00007ffa8cbc8000 	C:\Windows\System32\PSAPI.DLL
0x00007ffa84130000 - 0x00007ffa8414d000 	C:\Windows\SYSTEM32\dhcpcsvc6.DLL
0x00007ffa84100000 - 0x00007ffa84125000 	C:\Windows\SYSTEM32\dhcpcsvc.DLL
0x00007ffa78350000 - 0x00007ffa78359000 	C:\Users\16696\.jdks\ms-17.0.19\bin\extnet.dll
0x00007ffa8afe0000 - 0x00007ffa8affb000 	C:\Windows\SYSTEM32\CRYPTSP.dll
0x00007ffa8a6b0000 - 0x00007ffa8a6e9000 	C:\Windows\system32\rsaenh.dll
0x00007ffa8ad80000 - 0x00007ffa8adb3000 	C:\Windows\SYSTEM32\USERENV.dll
0x00007ffa8afd0000 - 0x00007ffa8afdc000 	C:\Windows\SYSTEM32\CRYPTBASE.dll
0x00007ffa53000000 - 0x00007ffa5300e000 	C:\Users\16696\.jdks\ms-17.0.19\bin\sunmscapi.dll
0x00007ffa8c350000 - 0x00007ffa8c4c8000 	C:\Windows\System32\CRYPT32.dll
0x00007ffa8b1f0000 - 0x00007ffa8b220000 	C:\Windows\SYSTEM32\ncrypt.dll
0x00007ffa8b1a0000 - 0x00007ffa8b1df000 	C:\Windows\SYSTEM32\NTASN1.dll
0x00007ffa7c1a0000 - 0x00007ffa7c1a8000 	C:\Windows\system32\wshunix.dll
0x00007ffa8cd50000 - 0x00007ffa8cdcc000 	C:\Windows\System32\coml2.dll
0x00007ffa87920000 - 0x00007ffa879c0000 	C:\Windows\SYSTEM32\apphelp.dll
0x00007ffa4adb0000 - 0x00007ffa4adcb000 	C:\Windows\system32\NetworkExplorer.dll
0x00007ffa45600000 - 0x00007ffa456a8000 	C:\Windows\system32\ntshrui.dll
0x00007ffa866c0000 - 0x00007ffa866df000 	C:\Program Files\TortoiseGit\bin\TortoiseGitStub.dll
0x00007ff9bb690000 - 0x00007ff9bbae0000 	C:\Program Files\TortoiseGit\bin\TortoiseGit.dll
0x00007ff9bb4d0000 - 0x00007ff9bb684000 	C:\Program Files\TortoiseGit\bin\libgit2_tgit.dll
0x00007ff9b3c90000 - 0x00007ff9b3e6b000 	C:\Program Files\TortoiseGit\bin\gitdll.dll
0x00007ff9f80f0000 - 0x00007ff9f8108000 	C:\Program Files\TortoiseGit\bin\zlib1_tgit.dll
0x00007ffa6fed0000 - 0x00007ffa6fee3000 	C:\Windows\SYSTEM32\cscapi.dll
0x00007ffa446f0000 - 0x00007ffa446ff000 	C:\Windows\SYSTEM32\LINKINFO.dll
0x00007ffa699d0000 - 0x00007ffa699f1000 	C:\Windows\SYSTEM32\MPR.dll
0x00007ffa63cd0000 - 0x00007ffa63cf2000 	C:\Windows\System32\p9np.dll
0x00007ffa63cc0000 - 0x00007ffa63ccd000 	C:\Windows\System32\drprov.dll
0x00007ffa63c90000 - 0x00007ffa63cb4000 	C:\Windows\System32\ntlanman.dll
0x00007ffa63b60000 - 0x00007ffa63b81000 	C:\Windows\System32\davclnt.dll
0x00007ffa687b0000 - 0x00007ffa688f2000 	C:\Windows\system32\Windows.Storage.Search.dll
0x00007ffa6f8e0000 - 0x00007ffa6f9a5000 	C:\Windows\System32\StructuredQuery.dll
0x00007ffa78ea0000 - 0x00007ffa79140000 	C:\Windows\System32\icu.dll
0x00007ffa64600000 - 0x00007ffa64629000 	C:\Windows\SYSTEM32\edputil.dll

dbghelp: loaded successfully - version: 4.0.5 - missing functions: none
symbol engine: initialized successfully - sym options: 0x614 - pdb path: .;C:\Users\16696\.jdks\ms-17.0.19\bin;C:\Windows\SYSTEM32;d:\Trea\Trae CN\resources\app\modules\sandbox\x64;C:\Windows\WinSxS\amd64_microsoft.windows.common-controls_6595b64144ccf1df_6.0.26100.8521_none_3e08b75ce33403b3;C:\Users\16696\.jdks\ms-17.0.19\bin\server;C:\Users\16696\.gradle\native\660c5614fbf4a5f2a75b1949f50a0caf5cd603558e7d8a26e50b933a0cfb79d1\windows-amd64;C:\Users\16696\.gradle\native\0.2.8\x86_64-windows-gnu;C:\Program Files\TortoiseGit\bin

VM Arguments:
jvm_args: --add-opens=java.base/java.lang=ALL-UNNAMED --add-opens=java.base/java.lang.invoke=ALL-UNNAMED --add-opens=java.base/java.util=ALL-UNNAMED --add-opens=java.prefs/java.util.prefs=ALL-UNNAMED --add-exports=jdk.compiler/com.sun.tools.javac.api=ALL-UNNAMED --add-exports=jdk.compiler/com.sun.tools.javac.util=ALL-UNNAMED --add-opens=java.base/java.util=ALL-UNNAMED --add-opens=java.prefs/java.util.prefs=ALL-UNNAMED --add-opens=java.base/java.nio.charset=ALL-UNNAMED --add-opens=java.base/java.net=ALL-UNNAMED --add-opens=java.base/java.util.concurrent=ALL-UNNAMED --add-opens=java.base/java.util.concurrent.atomic=ALL-UNNAMED --add-opens=java.xml/javax.xml.namespace=ALL-UNNAMED --add-opens=java.base/java.time=ALL-UNNAMED -Xmx2048m -Dfile.encoding=UTF-8 -Duser.country=CN -Duser.language=zh -Duser.variant -javaagent:C:\Users\16696\.gradle\wrapper\dists\gradle-9.4.1-bin\arn2x92ynaizyzdaamcbpbhtj\gradle-9.4.1\lib\agents\gradle-instrumentation-agent-9.4.1.jar 
java_command: org.gradle.launcher.daemon.bootstrap.GradleDaemon 9.4.1
java_class_path (initial): C:\Users\16696\.gradle\wrapper\dists\gradle-9.4.1-bin\arn2x92ynaizyzdaamcbpbhtj\gradle-9.4.1\lib\gradle-daemon-main-9.4.1.jar
Launcher Type: SUN_STANDARD

[Global flags]
     intx CICompilerCount                          = 4                                         {product} {ergonomic}
     uint ConcGCThreads                            = 2                                         {product} {ergonomic}
     uint G1ConcRefinementThreads                  = 9                                         {product} {ergonomic}
   size_t G1HeapRegionSize                         = 1048576                                   {product} {ergonomic}
    uintx GCDrainStackTargetSize                   = 64                                        {product} {ergonomic}
   size_t InitialHeapSize                          = 260046848                                 {product} {ergonomic}
   size_t MarkStackSize                            = 4194304                                   {product} {ergonomic}
   size_t MaxHeapSize                              = 2147483648                                {product} {command line}
   size_t MaxNewSize                               = 1287651328                                {product} {ergonomic}
   size_t MinHeapDeltaBytes                        = 1048576                                   {product} {ergonomic}
   size_t MinHeapSize                              = 8388608                                   {product} {ergonomic}
    uintx NonNMethodCodeHeapSize                   = 5839372                                {pd product} {ergonomic}
    uintx NonProfiledCodeHeapSize                  = 122909434                              {pd product} {ergonomic}
    uintx ProfiledCodeHeapSize                     = 122909434                              {pd product} {ergonomic}
    uintx ReservedCodeCacheSize                    = 251658240                              {pd product} {ergonomic}
     bool SegmentedCodeCache                       = true                                      {product} {ergonomic}
   size_t SoftMaxHeapSize                          = 2147483648                             {manageable} {ergonomic}
     bool UseCompressedClassPointers               = true                           {product lp64_product} {ergonomic}
     bool UseCompressedOops                        = true                           {product lp64_product} {ergonomic}
     bool UseG1GC                                  = true                                      {product} {ergonomic}
     bool UseLargePagesIndividualAllocation        = false                                  {pd product} {ergonomic}

Logging:
Log output configuration:
 #0: stdout all=warning uptime,level,tags
 #1: stderr all=off uptime,level,tags

Environment Variables:
PATH=d:\Trea\Trae CN\resources\app\modules\ai-agent\bin;c:\Users\16696\.trae-cn\tools\trae-gopls\current;c:\Users\16696\.trae-cn\sdks\workspaces\5d727ef8\versions\node\current;c:\Users\16696\.trae-cn\sdks\versions\node\current;D:\Android\jdk-8.0.492.9-hotspot\bin;C:\Program Files (x86)\VMware\VMware Workstation\bin\;C:\Windows\system32;C:\Windows;C:\Windows\System32\Wbem;C:\Windows\System32\WindowsPowerShell\v1.0\;C:\Windows\System32\OpenSSH\;D:\Git\Git\cmd;D:\Cmake\bin;D:\Windows Kits\10\Windows Performance Toolkit\;C:\Program Files\CMake\bin;C:\Program Files\TortoiseGit\bin;C:\NXP\S32DS.3.5\S32DS\build_tools\gcc-10.2-arm32-eabi\bin;D:\Xshell\;C:\Users\16696\AppData\Local\Programs\Python\Python314\Scripts\;C:\Users\16696\AppData\Local\Programs\Python\Python314\;C:\Users\16696\AppData\Local\Microsoft\WindowsApps;D:\pycharm\PyCharm 2026.1.2\bin;D:\vscode\Microsoft VS Code\bin;D:\Android\Sdk\platform-tools;;c:\Users\16696\.trae-cn\extensions\vscjava.vscode-java-debug-0.59.0-universal\bundled\scripts\noConfigScripts;d:\Trea\Trae CN\resources\app\modules\ai-agent\bin;D:\Android\jdk-8.0.492.9-hotspot\bin;C:\Program Files (x86)\VMware\VMware Workstation\bin\;C:\Windows\system32;C:\Windows;C:\Windows\System32\Wbem;C:\Windows\System32\WindowsPowerShell\v1.0\;C:\Windows\System32\OpenSSH\;D:\Git\Git\cmd;D:\Cmake\bin;D:\Windows Kits\10\Windows Performance Toolkit\;C:\Program Files\CMake\bin;C:\Program Files\TortoiseGit\bin;C:\NXP\S32DS.3.5\S32DS\build_tools\gcc-10.2-arm32-eabi\bin;D:\Xshell\;C:\Users\16696\AppData\Local\Programs\Python\Python314\Scripts\;C:\Users\16696\AppData\Local\Programs\Python\Python314\;C:\Users\16696\AppData\Local\Microsoft\WindowsApps;D:\pycharm\PyCharm 2026.1.2\bin;D:\vscode\Microsoft VS Code\bin;D:\Android\Sdk\platform-tools;;d:\Trea\Trae CN\resources\app\bin\lib;d:\Trea\Trae CN\resources\app\node_modules\@vscode\ripgrep\bin
USERNAME=16696
LANG=zh_CN.UTF-8
TERM=dumb
OS=Windows_NT
PROCESSOR_IDENTIFIER=Intel64 Family 6 Model 198 Stepping 2, GenuineIntel
TMP=C:\Users\16696\AppData\Local\Temp
TEMP=C:\Users\16696\AppData\Local\Temp



Periodic native trim disabled


---------------  S Y S T E M  ---------------

OS:
 Windows 11 , 64 bit Build 26100 (10.0.26100.8521)
OS uptime: 1 days 2:55 hours
Hyper-V role detected

CPU: total 10 (initial active 10) (10 cores per cpu, 1 threads per core) family 6 model 198 stepping 2 microcode 0x118, cx8, cmov, fxsr, mmx, 3dnowpref, sse, sse2, sse3, ssse3, sse4.1, sse4.2, popcnt, lzcnt, tsc, tscinvbit, avx, avx2, aes, erms, clmul, bmi1, bmi2, adx, sha, fma, vzeroupper, clflush, clflushopt, clwb, hv
Processor Information for processor 0
  Max Mhz: 3300, Current Mhz: 3300, Mhz Limit: 3300
Processor Information for processor 1
  Max Mhz: 3300, Current Mhz: 3300, Mhz Limit: 3300
Processor Information for processor 2
  Max Mhz: 2700, Current Mhz: 2700, Mhz Limit: 2700
Processor Information for processor 3
  Max Mhz: 2700, Current Mhz: 2700, Mhz Limit: 2700
Processor Information for processor 4
  Max Mhz: 2700, Current Mhz: 2700, Mhz Limit: 2700
Processor Information for processor 5
  Max Mhz: 2700, Current Mhz: 2700, Mhz Limit: 2700
Processor Information for processor 6
  Max Mhz: 3300, Current Mhz: 3300, Mhz Limit: 3300
Processor Information for processor 7
  Max Mhz: 3300, Current Mhz: 3300, Mhz Limit: 3300
Processor Information for processor 8
  Max Mhz: 3300, Current Mhz: 3300, Mhz Limit: 3300
Processor Information for processor 9
  Max Mhz: 3300, Current Mhz: 3300, Mhz Limit: 3300

Memory: 4k page, system-wide physical 15751M (859M free)
TotalPageFile size 54151M (AvailPageFile size 136M)
current process WorkingSet (physical memory assigned to process): 609M, peak: 634M
current process commit charge ("private bytes"): 635M, peak: 892M

vm_info: OpenJDK 64-Bit Server VM (17.0.19+10-LTS) for windows-amd64 JRE (17.0.19+10-LTS), built on Apr 18 2026 18:24:40 by "MicrosoftCorporation" with MS VC++ 17.14 (VS2022)

END.
