#
# There is insufficient memory for the Java Runtime Environment to continue.
# Native memory allocation (malloc) failed to allocate 1048576 bytes. Error detail: AllocateHeap
# Possible reasons:
#   The system is out of physical RAM or swap space
#   This process is running with CompressedOops enabled, and the Java Heap may be blocking the growth of the native heap
# Possible solutions:
#   Reduce memory load on the system
#   Increase physical memory or swap space
#   Check if swap backing store is full
#   Decrease Java heap size (-Xmx/-Xms)
#   Decrease number of Java threads
#   Decrease Java thread stack sizes (-Xss)
#   Set larger code cache with -XX:ReservedCodeCacheSize=
#   JVM is running with Unscaled Compressed Oops mode in which the Java heap is
#     placed in the first 4GB address space. The Java Heap base address is the
#     maximum limit for the native heap growth. Please use -XX:HeapBaseMinAddress
#     to set the Java Heap base and to place the Java Heap above 4GB virtual address.
# This output file may be truncated or incomplete.
#
#  Out of Memory Error (allocation.cpp:44), pid=25704, tid=2904
#
# JRE version: OpenJDK Runtime Environment Temurin-21.0.11+10 (21.0.11+10) (build 21.0.11+10-LTS)
# Java VM: OpenJDK 64-Bit Server VM Temurin-21.0.11+10 (21.0.11+10-LTS, mixed mode, sharing, tiered, compressed oops, compressed class ptrs, parallel gc, windows-amd64)
# No core dump will be written. Minidumps are not enabled by default on client versions of Windows
#

---------------  S U M M A R Y ------------

Command Line: --add-modules=ALL-SYSTEM --add-opens=java.base/java.util=ALL-UNNAMED --add-opens=java.base/java.lang=ALL-UNNAMED --add-opens=java.base/sun.nio.fs=ALL-UNNAMED -Declipse.application=org.eclipse.jdt.ls.core.id1 -Dosgi.bundles.defaultStartLevel=4 -Declipse.product=org.eclipse.jdt.ls.core.product -Djava.import.generatesMetadataFilesAtProjectRoot=false -DDetectVMInstallationsJob.disabled=true -Dfile.encoding=utf8 -XX:+UseParallelGC -XX:GCTimeRatio=4 -XX:AdaptiveSizePolicyWeight=90 -Dsun.zip.disableMemoryMapping=true -Xmx2G -Xms100m -Xlog:disable -javaagent:c:\Users\16696\.trae-cn\extensions\redhat.java-1.55.0-win32-x64\lombok\lombok-1.18.39-4050.jar -XX:+HeapDumpOnOutOfMemoryError -XX:HeapDumpPath=c:\Users\16696\AppData\Roaming\Trae CN\User\workspaceStorage\5d727ef8ad22f51e7423316dac212d99\redhat.java -Daether.dependencyCollector.impl=bf c:\Users\16696\.trae-cn\extensions\redhat.java-1.55.0-win32-x64\server\plugins\org.eclipse.equinox.launcher_1.7.200.v20260619-2039.jar -configuration c:\Users\16696\AppData\Roaming\Trae CN\User\globalStorage\redhat.java\1.55.0\config_win -data c:\Users\16696\AppData\Roaming\Trae CN\User\workspaceStorage\5d727ef8ad22f51e7423316dac212d99\redhat.java\jdt_ws --pipe=\\.\pipe\lsp-30bc43f984f3db4275a36185154833b6-sock

Host: Intel(R) Core(TM) Ultra 5 225, 10 cores, 15G,  Windows 11 , 64 bit Build 26100 (10.0.26100.8521)
Time: Thu Jul  2 18:08:17 2026 elapsed time: 8755.109637 seconds (0d 2h 25m 55s)

---------------  T H R E A D  ---------------

Current thread (0x000001ad6a44b100):  JavaThread "Attach Listener" daemon [_thread_in_vm, id=2904, stack(0x0000009562900000,0x0000009562a00000) (1024K)]

Stack: [0x0000009562900000,0x0000009562a00000]
Native frames: (J=compiled Java code, j=interpreted, Vv=VM code, C=native code)
V  [jvm.dll+0x6d7e19]
V  [jvm.dll+0x8b5096]
V  [jvm.dll+0x8b764e]
V  [jvm.dll+0x8b7d33]
V  [jvm.dll+0x284596]
V  [jvm.dll+0xc13c7]
V  [jvm.dll+0x6d86c9]
V  [jvm.dll+0x133616]
V  [jvm.dll+0x3f868e]
V  [jvm.dll+0x85fb0d]
V  [jvm.dll+0x6d664d]
C  [ucrtbase.dll+0x2cd30]
C  [KERNEL32.DLL+0x2e957]
C  [ntdll.dll+0x87c1c]


---------------  P R O C E S S  ---------------

Threads class SMR info:
_java_thread_list=0x000001ad6fd93af0, length=50, elements={
0x000001ad10ce07e0, 0x000001ad2776d000, 0x000001ad6a441090, 0x000001ad6a44a440,
0x000001ad6a44b100, 0x000001ad6a44cb70, 0x000001ad6a451a30, 0x000001ad6a4656f0,
0x000001ad6a466240, 0x000001ad6a6c7b60, 0x000001ad6a77fc10, 0x000001ad6f8d74a0,
0x000001ad6f9a3fc0, 0x000001ad6fa4b390, 0x000001ad6fa4ba00, 0x000001ad6fa7bea0,
0x000001ad6f0f9540, 0x000001ad6fdc8170, 0x000001ad6fdc8e90, 0x000001ad6fdca8d0,
0x000001ad6fdc8800, 0x000001ad718dfba0, 0x000001ad718e0f50, 0x000001ad718e08c0,
0x000001ad718e15e0, 0x000001ad718e1c70, 0x000001ad718e2300, 0x000001ad718dee80,
0x000001ad718e0230, 0x000001ad718df510, 0x000001ad71985960, 0x000001ad719824e0,
0x000001ad71982b70, 0x000001ad71983f20, 0x000001ad71985ff0, 0x000001ad71986680,
0x000001ad71988750, 0x000001ad71983200, 0x000001ad71988de0, 0x000001ad71989470,
0x000001ad742f6360, 0x000001ad742f4920, 0x000001ad742f7080, 0x000001ad742f4290,
0x000001ad742fa500, 0x000001ad7515ad80, 0x000001ad7515a060, 0x000001ad7515c130,
0x000001ad7515db70, 0x000001ad7515a6f0
}

Java Threads: ( => current thread )
  0x000001ad10ce07e0 JavaThread "main"                              [_thread_blocked, id=17120, stack(0x0000009562200000,0x0000009562300000) (1024K)]
  0x000001ad2776d000 JavaThread "Reference Handler"          daemon [_thread_blocked, id=27460, stack(0x0000009562600000,0x0000009562700000) (1024K)]
  0x000001ad6a441090 JavaThread "Finalizer"                  daemon [_thread_blocked, id=14280, stack(0x0000009562700000,0x0000009562800000) (1024K)]
  0x000001ad6a44a440 JavaThread "Signal Dispatcher"          daemon [_thread_blocked, id=23784, stack(0x0000009562800000,0x0000009562900000) (1024K)]
=>0x000001ad6a44b100 JavaThread "Attach Listener"            daemon [_thread_in_vm, id=2904, stack(0x0000009562900000,0x0000009562a00000) (1024K)]
  0x000001ad6a44cb70 JavaThread "Service Thread"             daemon [_thread_blocked, id=8204, stack(0x0000009562a00000,0x0000009562b00000) (1024K)]
  0x000001ad6a451a30 JavaThread "Monitor Deflation Thread"   daemon [_thread_blocked, id=1964, stack(0x0000009562b00000,0x0000009562c00000) (1024K)]
  0x000001ad6a4656f0 JavaThread "C2 CompilerThread0"         daemon [_thread_blocked, id=14488, stack(0x0000009562c00000,0x0000009562d00000) (1024K)]
  0x000001ad6a466240 JavaThread "C1 CompilerThread0"         daemon [_thread_blocked, id=22116, stack(0x0000009562d00000,0x0000009562e00000) (1024K)]
  0x000001ad6a6c7b60 JavaThread "Common-Cleaner"             daemon [_thread_blocked, id=16100, stack(0x0000009562e00000,0x0000009562f00000) (1024K)]
  0x000001ad6a77fc10 JavaThread "Notification Thread"        daemon [_thread_blocked, id=7672, stack(0x0000009563000000,0x0000009563100000) (1024K)]
  0x000001ad6f8d74a0 JavaThread "Active Thread: Equinox Container: 7a235f9c-0a16-4e98-a784-bb56bfdbbcaf"        [_thread_blocked, id=5648, stack(0x0000009563800000,0x0000009563900000) (1024K)]
  0x000001ad6f9a3fc0 JavaThread "Refresh Thread: Equinox Container: 7a235f9c-0a16-4e98-a784-bb56bfdbbcaf" daemon [_thread_blocked, id=25540, stack(0x0000009563a00000,0x0000009563b00000) (1024K)]
  0x000001ad6fa4b390 JavaThread "Framework Event Dispatcher: Equinox Container: 7a235f9c-0a16-4e98-a784-bb56bfdbbcaf" daemon [_thread_blocked, id=25032, stack(0x0000009563b00000,0x0000009563c00000) (1024K)]
  0x000001ad6fa4ba00 JavaThread "Start Level: Equinox Container: 7a235f9c-0a16-4e98-a784-bb56bfdbbcaf" daemon [_thread_blocked, id=24060, stack(0x0000009563c00000,0x0000009563d00000) (1024K)]
  0x000001ad6fa7bea0 JavaThread "Bundle File Closer"         daemon [_thread_blocked, id=5212, stack(0x0000009563e00000,0x0000009563f00000) (1024K)]
  0x000001ad6f0f9540 JavaThread "SCR Component Actor"        daemon [_thread_blocked, id=8736, stack(0x0000009562f00000,0x0000009563000000) (1024K)]
  0x000001ad6fdc8170 JavaThread "Worker-JM"                         [_thread_blocked, id=1972, stack(0x0000009564000000,0x0000009564100000) (1024K)]
  0x000001ad6fdc8e90 JavaThread "JNA Cleaner"                daemon [_thread_blocked, id=29404, stack(0x0000009564100000,0x0000009564200000) (1024K)]
  0x000001ad6fdca8d0 JavaThread "Java indexing"              daemon [_thread_blocked, id=29264, stack(0x0000009564400000,0x0000009564500000) (1024K)]
  0x000001ad6fdc8800 JavaThread "Thread-1"                   daemon [_thread_in_native, id=15008, stack(0x0000009564900000,0x0000009564a00000) (1024K)]
  0x000001ad718dfba0 JavaThread "Thread-2"                   daemon [_thread_in_native, id=3424, stack(0x0000009564a00000,0x0000009564b00000) (1024K)]
  0x000001ad718e0f50 JavaThread "Thread-3"                   daemon [_thread_in_native, id=17576, stack(0x0000009564b00000,0x0000009564c00000) (1024K)]
  0x000001ad718e08c0 JavaThread "Thread-4"                   daemon [_thread_in_native, id=30388, stack(0x0000009564c00000,0x0000009564d00000) (1024K)]
  0x000001ad718e15e0 JavaThread "Thread-5"                   daemon [_thread_in_native, id=5952, stack(0x0000009564d00000,0x0000009564e00000) (1024K)]
  0x000001ad718e1c70 JavaThread "Thread-6"                   daemon [_thread_in_native, id=19400, stack(0x0000009564e00000,0x0000009564f00000) (1024K)]
  0x000001ad718e2300 JavaThread "Thread-7"                   daemon [_thread_in_native, id=23220, stack(0x0000009564f00000,0x0000009565000000) (1024K)]
  0x000001ad718dee80 JavaThread "Thread-8"                   daemon [_thread_in_native, id=26532, stack(0x0000009565000000,0x0000009565100000) (1024K)]
  0x000001ad718e0230 JavaThread "Thread-9"                   daemon [_thread_in_native, id=6728, stack(0x0000009565100000,0x0000009565200000) (1024K)]
  0x000001ad718df510 JavaThread "Thread-10"                  daemon [_thread_in_native, id=24504, stack(0x0000009565200000,0x0000009565300000) (1024K)]
  0x000001ad71985960 JavaThread "Thread-11"                  daemon [_thread_in_native, id=6584, stack(0x0000009565300000,0x0000009565400000) (1024K)]
  0x000001ad719824e0 JavaThread "pool-2-thread-1"                   [_thread_blocked, id=23068, stack(0x0000009565400000,0x0000009565500000) (1024K)]
  0x000001ad71982b70 JavaThread "Timer-0"                           [_thread_blocked, id=24952, stack(0x0000009565500000,0x0000009565600000) (1024K)]
  0x000001ad71983f20 JavaThread "Timer-1"                           [_thread_blocked, id=26816, stack(0x0000009565600000,0x0000009565700000) (1024K)]
  0x000001ad71985ff0 JavaThread "WorkspaceEventsHandler"            [_thread_blocked, id=18664, stack(0x0000009565700000,0x0000009565800000) (1024K)]
  0x000001ad71986680 JavaThread "pool-1-thread-1"                   [_thread_blocked, id=2696, stack(0x0000009565800000,0x0000009565900000) (1024K)]
  0x000001ad71988750 JavaThread "Timer-2"                           [_thread_blocked, id=29568, stack(0x0000009565d00000,0x0000009565e00000) (1024K)]
  0x000001ad71983200 JavaThread "Timer-3"                           [_thread_blocked, id=19872, stack(0x0000009565900000,0x0000009565a00000) (1024K)]
  0x000001ad71988de0 JavaThread "Timer-4"                           [_thread_blocked, id=24212, stack(0x0000009565e00000,0x0000009565f00000) (1024K)]
  0x000001ad71989470 JavaThread "Timer-5"                           [_thread_blocked, id=21680, stack(0x0000009565f00000,0x0000009566000000) (1024K)]
  0x000001ad742f6360 JavaThread "Timer-6"                           [_thread_blocked, id=15312, stack(0x0000009566000000,0x0000009566100000) (1024K)]
  0x000001ad742f4920 JavaThread "Timer-7"                           [_thread_blocked, id=13700, stack(0x0000009566100000,0x0000009566200000) (1024K)]
  0x000001ad742f7080 JavaThread "Timer-8"                           [_thread_blocked, id=16796, stack(0x0000009563f00000,0x0000009564000000) (1024K)]
  0x000001ad742f4290 JavaThread "Timer-9"                           [_thread_blocked, id=25368, stack(0x0000009566200000,0x0000009566300000) (1024K)]
  0x000001ad742fa500 JavaThread "Timer-10"                          [_thread_blocked, id=21332, stack(0x0000009566c00000,0x0000009566d00000) (1024K)]
  0x000001ad7515ad80 JavaThread "Timer-11"                          [_thread_blocked, id=20260, stack(0x0000009566d00000,0x0000009566e00000) (1024K)]
  0x000001ad7515a060 JavaThread "Worker-7"                          [_thread_blocked, id=5752, stack(0x0000009562100000,0x0000009562200000) (1024K)]
  0x000001ad7515c130 JavaThread "Worker-9"                          [_thread_blocked, id=23940, stack(0x0000009561f00000,0x0000009562000000) (1024K)]
  0x000001ad7515db70 JavaThread "ForkJoinPool.commonPool-worker-25" daemon [_thread_blocked, id=25984, stack(0x0000009563100000,0x0000009563200000) (1024K)]
  0x000001ad7515a6f0 JavaThread "ForkJoinPool.commonPool-worker-26" daemon [_thread_blocked, id=22956, stack(0x0000009564200000,0x0000009564300000) (1024K)]
Total: 50

Other Threads:
  0x000001ad10d77a10 VMThread "VM Thread"                           [id=26112, stack(0x0000009562500000,0x0000009562600000) (1024K)]
  0x000001ad2765ca00 WatcherThread "VM Periodic Task Thread"        [id=19772, stack(0x0000009562400000,0x0000009562500000) (1024K)]
  0x000001ad10cf0a10 WorkerThread "GC Thread#0"                     [id=12608, stack(0x0000009562300000,0x0000009562400000) (1024K)]
  0x000001ad6f550960 WorkerThread "GC Thread#1"                     [id=14040, stack(0x0000009563200000,0x0000009563300000) (1024K)]
  0x000001ad6f7fe030 WorkerThread "GC Thread#2"                     [id=23856, stack(0x0000009563300000,0x0000009563400000) (1024K)]
  0x000001ad6f7fe3e0 WorkerThread "GC Thread#3"                     [id=27724, stack(0x0000009563400000,0x0000009563500000) (1024K)]
  0x000001ad6f7fe790 WorkerThread "GC Thread#4"                     [id=27736, stack(0x0000009563500000,0x0000009563600000) (1024K)]
  0x000001ad6f2a7d80 WorkerThread "GC Thread#5"                     [id=29156, stack(0x0000009563600000,0x0000009563700000) (1024K)]
  0x000001ad6f2a8130 WorkerThread "GC Thread#6"                     [id=8412, stack(0x0000009563700000,0x0000009563800000) (1024K)]
  0x000001ad6f50d180 WorkerThread "GC Thread#7"                     [id=16108, stack(0x0000009563900000,0x0000009563a00000) (1024K)]
  0x000001ad6fde3070 WorkerThread "GC Thread#8"                     [id=18496, stack(0x0000009563d00000,0x0000009563e00000) (1024K)]
Total: 11

Threads with active compile tasks:
Total: 0

VM state: not at safepoint (normal execution)

VM Mutex/Monitor currently owned by a thread: None

Heap address: 0x0000000080000000, size: 2048 MB, Compressed Oops mode: 32-bit

CDS archive(s) mapped at: [0x000001ad28000000-0x000001ad28ba0000-0x000001ad28ba0000), size 12189696, SharedBaseAddress: 0x000001ad28000000, ArchiveRelocationMode: 1.
Compressed class space mapped at: 0x000001ad29000000-0x000001ad69000000, reserved size: 1073741824
Narrow klass base: 0x000001ad28000000, Narrow klass shift: 0, Narrow klass range: 0x100000000

GC Precious Log:
 CardTable entry size: 512
 CPUs: 10 total, 10 available
 Memory: 15751M
 Large Page Support: Disabled
 NUMA Support: Disabled
 Compressed Oops: Enabled (32-bit)
 Alignments: Space 512K, Generation 512K, Heap 2M
 Heap Min Capacity: 100M
 Heap Initial Capacity: 100M
 Heap Max Capacity: 2G
 Pre-touch: Disabled
 Parallel Workers: 9

Heap:
 PSYoungGen      total 17408K, used 2904K [0x00000000d5580000, 0x00000000d6800000, 0x0000000100000000)
  eden space 16896K, 15% used [0x00000000d5580000,0x00000000d5806108,0x00000000d6600000)
  from space 512K, 62% used [0x00000000d6780000,0x00000000d67d0000,0x00000000d6800000)
  to   space 512K, 0% used [0x00000000d6700000,0x00000000d6700000,0x00000000d6780000)
 ParOldGen       total 68608K, used 46113K [0x0000000080000000, 0x0000000084300000, 0x00000000d5580000)
  object space 68608K, 67% used [0x0000000080000000,0x0000000082d08440,0x0000000084300000)
 Metaspace       used 69411K, committed 70912K, reserved 1114112K
  class space    used 8769K, committed 9408K, reserved 1048576K

Card table byte_map: [0x000001ad10670000,0x000001ad10a80000] _byte_map_base: 0x000001ad10270000

Marking Bits: (ParMarkBitMap*) 0x00007ffc379f4460
 Begin Bits: [0x000001ad23180000, 0x000001ad25180000)
 End Bits:   [0x000001ad25180000, 0x000001ad27180000)

Polling page: 0x000001ad0e9e0000

Metaspace:

Usage:
  Non-class:     59.22 MB used.
      Class:      8.56 MB used.
       Both:     67.78 MB used.

Virtual space:
  Non-class space:       64.00 MB reserved,      60.06 MB ( 94%) committed,  1 nodes.
      Class space:        1.00 GB reserved,       9.19 MB ( <1%) committed,  1 nodes.
             Both:        1.06 GB reserved,      69.25 MB (  6%) committed. 

Chunk freelists:
   Non-Class:  3.53 MB
       Class:  6.83 MB
        Both:  10.36 MB

MaxMetaspaceSize: unlimited
CompressedClassSpaceSize: 1.00 GB
Initial GC threshold: 21.00 MB
Current GC threshold: 97.31 MB
CDS: on
 - commit_granule_bytes: 65536.
 - commit_granule_words: 8192.
 - virtual_space_node_default_size: 8388608.
 - enlarge_chunks_in_place: 1.
 - use_allocation_guard: 0.


Internal statistics:

num_allocs_failed_limit: 9.
num_arena_births: 1306.
num_arena_deaths: 14.
num_vsnodes_births: 2.
num_vsnodes_deaths: 0.
num_space_committed: 1108.
num_space_uncommitted: 0.
num_chunks_returned_to_freelist: 23.
num_chunks_taken_from_freelist: 4560.
num_chunk_merges: 13.
num_chunk_splits: 2824.
num_chunks_enlarged: 1596.
num_inconsistent_stats: 0.

CodeHeap 'non-profiled nmethods': size=120000Kb used=5866Kb max_used=5866Kb free=114133Kb
 bounds [0x000001ad1b9a0000, 0x000001ad1bf60000, 0x000001ad22ed0000]
CodeHeap 'profiled nmethods': size=120000Kb used=16781Kb max_used=16781Kb free=103218Kb
 bounds [0x000001ad13ed0000, 0x000001ad14f40000, 0x000001ad1b400000]
CodeHeap 'non-nmethods': size=5760Kb used=1400Kb max_used=1456Kb free=4359Kb
 bounds [0x000001ad1b400000, 0x000001ad1b670000, 0x000001ad1b9a0000]
CodeCache: size=245760Kb, used=24047Kb, max_used=24103Kb, free=221710Kb
 total_blobs=9041, nmethods=8335, adapters=612, full_count=0
Compilation: enabled, stopped_count=0, restarted_count=0

Compilation events (20 events):
Event: 8648.765 Thread 0x000001ad6a4656f0 nmethod 9057 0x000001ad1bf59890 code [0x000001ad1bf59a20, 0x000001ad1bf59af8]
Event: 8648.765 Thread 0x000001ad6a466240 nmethod 9055 0x000001ad14f2df90 code [0x000001ad14f2e140, 0x000001ad14f2e2e8]
Event: 8648.765 Thread 0x000001ad6a466240 9056       3       org.eclipse.core.internal.events.NotificationManager$1::run (45 bytes)
Event: 8648.765 Thread 0x000001ad6a466240 nmethod 9056 0x000001ad14f2e390 code [0x000001ad14f2e5a0, 0x000001ad14f2e9f0]
Event: 8648.866 Thread 0x000001ad6a466240 9058       3       org.eclipse.core.internal.jobs.JobListeners::queueEvent (15 bytes)
Event: 8648.867 Thread 0x000001ad6a466240 nmethod 9058 0x000001ad14f2ec10 code [0x000001ad14f2edc0, 0x000001ad14f2efa8]
Event: 8648.867 Thread 0x000001ad6a466240 9059       3       org.eclipse.core.runtime.jobs.Job::getName (5 bytes)
Event: 8648.867 Thread 0x000001ad6a466240 nmethod 9059 0x000001ad14f2f090 code [0x000001ad14f2f220, 0x000001ad14f2f340]
Event: 8711.621 Thread 0x000001ad6a466240 9060       3       org.eclipse.core.internal.resources.MarkerAttributeMap::getMap (11 bytes)
Event: 8711.621 Thread 0x000001ad6a466240 nmethod 9060 0x000001ad14f2f410 code [0x000001ad14f2f5c0, 0x000001ad14f2f800]
Event: 8711.623 Thread 0x000001ad6a466240 9061       1       org.eclipse.core.internal.resources.Workspace::isOpen (5 bytes)
Event: 8711.623 Thread 0x000001ad6a466240 nmethod 9061 0x000001ad1bf59c10 code [0x000001ad1bf59da0, 0x000001ad1bf59e70]
Event: 8711.623 Thread 0x000001ad6a466240 9062   !   3       org.eclipse.osgi.util.NLS::internalBind (412 bytes)
Event: 8711.626 Thread 0x000001ad6a466240 nmethod 9062 0x000001ad14f2f910 code [0x000001ad14f2fde0, 0x000001ad14f31ff8]
Event: 8711.626 Thread 0x000001ad6a466240 9063       3       java.lang.Integer::valueOf (10 bytes)
Event: 8711.626 Thread 0x000001ad6a466240 nmethod 9063 0x000001ad14f32f10 code [0x000001ad14f330e0, 0x000001ad14f33470]
Event: 8711.776 Thread 0x000001ad6a466240 9064       1       org.eclipse.core.internal.jobs.InternalJob::getProgressMonitor (5 bytes)
Event: 8711.776 Thread 0x000001ad6a466240 nmethod 9064 0x000001ad1bf59f10 code [0x000001ad1bf5a0a0, 0x000001ad1bf5a168]
Event: 8711.777 Thread 0x000001ad6a466240 9065       1       org.eclipse.core.internal.events.ResourceDeltaInfo::setNodeIDMap (6 bytes)
Event: 8711.778 Thread 0x000001ad6a466240 nmethod 9065 0x000001ad1bf5a610 code [0x000001ad1bf5a7a0, 0x000001ad1bf5a880]

GC Heap History (20 events):
Event: 7.126 GC heap before
{Heap before GC invocations=48 (full 3):
 PSYoungGen      total 18944K, used 18616K [0x00000000d5580000, 0x00000000d6900000, 0x0000000100000000)
  eden space 17920K, 100% used [0x00000000d5580000,0x00000000d6700000,0x00000000d6700000)
  from space 1024K, 68% used [0x00000000d6800000,0x00000000d68ae1a8,0x00000000d6900000)
  to   space 1024K, 0% used [0x00000000d6700000,0x00000000d6700000,0x00000000d6800000)
 ParOldGen       total 68608K, used 42662K [0x0000000080000000, 0x0000000084300000, 0x00000000d5580000)
  object space 68608K, 62% used [0x0000000080000000,0x00000000829a99c0,0x0000000084300000)
 Metaspace       used 66034K, committed 67456K, reserved 1114112K
  class space    used 8406K, committed 9024K, reserved 1048576K
}
Event: 7.127 GC heap after
{Heap after GC invocations=48 (full 3):
 PSYoungGen      total 18944K, used 576K [0x00000000d5580000, 0x00000000d6900000, 0x0000000100000000)
  eden space 17920K, 0% used [0x00000000d5580000,0x00000000d5580000,0x00000000d6700000)
  from space 1024K, 56% used [0x00000000d6700000,0x00000000d6790000,0x00000000d6800000)
  to   space 1024K, 0% used [0x00000000d6800000,0x00000000d6800000,0x00000000d6900000)
 ParOldGen       total 68608K, used 43210K [0x0000000080000000, 0x0000000084300000, 0x00000000d5580000)
  object space 68608K, 62% used [0x0000000080000000,0x0000000082a32be0,0x0000000084300000)
 Metaspace       used 66034K, committed 67456K, reserved 1114112K
  class space    used 8406K, committed 9024K, reserved 1048576K
}
Event: 15.216 GC heap before
{Heap before GC invocations=49 (full 3):
 PSYoungGen      total 18944K, used 18496K [0x00000000d5580000, 0x00000000d6900000, 0x0000000100000000)
  eden space 17920K, 100% used [0x00000000d5580000,0x00000000d6700000,0x00000000d6700000)
  from space 1024K, 56% used [0x00000000d6700000,0x00000000d6790000,0x00000000d6800000)
  to   space 1024K, 0% used [0x00000000d6800000,0x00000000d6800000,0x00000000d6900000)
 ParOldGen       total 68608K, used 43210K [0x0000000080000000, 0x0000000084300000, 0x00000000d5580000)
  object space 68608K, 62% used [0x0000000080000000,0x0000000082a32be0,0x0000000084300000)
 Metaspace       used 67357K, committed 68800K, reserved 1114112K
  class space    used 8578K, committed 9216K, reserved 1048576K
}
Event: 15.217 GC heap after
{Heap after GC invocations=49 (full 3):
 PSYoungGen      total 17920K, used 1008K [0x00000000d5580000, 0x00000000d6b00000, 0x0000000100000000)
  eden space 16896K, 0% used [0x00000000d5580000,0x00000000d5580000,0x00000000d6600000)
  from space 1024K, 98% used [0x00000000d6800000,0x00000000d68fc010,0x00000000d6900000)
  to   space 2048K, 0% used [0x00000000d6600000,0x00000000d6600000,0x00000000d6800000)
 ParOldGen       total 68608K, used 43707K [0x0000000080000000, 0x0000000084300000, 0x00000000d5580000)
  object space 68608K, 63% used [0x0000000080000000,0x0000000082aaec10,0x0000000084300000)
 Metaspace       used 67357K, committed 68800K, reserved 1114112K
  class space    used 8578K, committed 9216K, reserved 1048576K
}
Event: 99.417 GC heap before
{Heap before GC invocations=50 (full 3):
 PSYoungGen      total 17920K, used 17904K [0x00000000d5580000, 0x00000000d6b00000, 0x0000000100000000)
  eden space 16896K, 100% used [0x00000000d5580000,0x00000000d6600000,0x00000000d6600000)
  from space 1024K, 98% used [0x00000000d6800000,0x00000000d68fc010,0x00000000d6900000)
  to   space 2048K, 0% used [0x00000000d6600000,0x00000000d6600000,0x00000000d6800000)
 ParOldGen       total 68608K, used 43707K [0x0000000080000000, 0x0000000084300000, 0x00000000d5580000)
  object space 68608K, 63% used [0x0000000080000000,0x0000000082aaec10,0x0000000084300000)
 Metaspace       used 68605K, committed 70080K, reserved 1114112K
  class space    used 8705K, committed 9344K, reserved 1048576K
}
Event: 99.418 GC heap after
{Heap after GC invocations=50 (full 3):
 PSYoungGen      total 18432K, used 1216K [0x00000000d5580000, 0x00000000d6900000, 0x0000000100000000)
  eden space 16896K, 0% used [0x00000000d5580000,0x00000000d5580000,0x00000000d6600000)
  from space 1536K, 79% used [0x00000000d6600000,0x00000000d6730000,0x00000000d6780000)
  to   space 1536K, 0% used [0x00000000d6780000,0x00000000d6780000,0x00000000d6900000)
 ParOldGen       total 68608K, used 44699K [0x0000000080000000, 0x0000000084300000, 0x00000000d5580000)
  object space 68608K, 65% used [0x0000000080000000,0x0000000082ba6d48,0x0000000084300000)
 Metaspace       used 68605K, committed 70080K, reserved 1114112K
  class space    used 8705K, committed 9344K, reserved 1048576K
}
Event: 1802.217 GC heap before
{Heap before GC invocations=51 (full 3):
 PSYoungGen      total 18432K, used 18095K [0x00000000d5580000, 0x00000000d6900000, 0x0000000100000000)
  eden space 16896K, 99% used [0x00000000d5580000,0x00000000d65fbf28,0x00000000d6600000)
  from space 1536K, 79% used [0x00000000d6600000,0x00000000d6730000,0x00000000d6780000)
  to   space 1536K, 0% used [0x00000000d6780000,0x00000000d6780000,0x00000000d6900000)
 ParOldGen       total 68608K, used 44699K [0x0000000080000000, 0x0000000084300000, 0x00000000d5580000)
  object space 68608K, 65% used [0x0000000080000000,0x0000000082ba6d48,0x0000000084300000)
 Metaspace       used 68933K, committed 70464K, reserved 1114112K
  class space    used 8736K, committed 9408K, reserved 1048576K
}
Event: 1802.234 GC heap after
{Heap after GC invocations=51 (full 3):
 PSYoungGen      total 17408K, used 288K [0x00000000d5580000, 0x00000000d6800000, 0x0000000100000000)
  eden space 16896K, 0% used [0x00000000d5580000,0x00000000d5580000,0x00000000d6600000)
  from space 512K, 56% used [0x00000000d6780000,0x00000000d67c8000,0x00000000d6800000)
  to   space 1024K, 0% used [0x00000000d6600000,0x00000000d6600000,0x00000000d6700000)
 ParOldGen       total 68608K, used 45769K [0x0000000080000000, 0x0000000084300000, 0x00000000d5580000)
  object space 68608K, 66% used [0x0000000080000000,0x0000000082cb2440,0x0000000084300000)
 Metaspace       used 68933K, committed 70464K, reserved 1114112K
  class space    used 8736K, committed 9408K, reserved 1048576K
}
Event: 2157.114 GC heap before
{Heap before GC invocations=52 (full 3):
 PSYoungGen      total 17408K, used 17171K [0x00000000d5580000, 0x00000000d6800000, 0x0000000100000000)
  eden space 16896K, 99% used [0x00000000d5580000,0x00000000d65fcc60,0x00000000d6600000)
  from space 512K, 56% used [0x00000000d6780000,0x00000000d67c8000,0x00000000d6800000)
  to   space 1024K, 0% used [0x00000000d6600000,0x00000000d6600000,0x00000000d6700000)
 ParOldGen       total 68608K, used 45769K [0x0000000080000000, 0x0000000084300000, 0x00000000d5580000)
  object space 68608K, 66% used [0x0000000080000000,0x0000000082cb2440,0x0000000084300000)
 Metaspace       used 68975K, committed 70464K, reserved 1114112K
  class space    used 8737K, committed 9408K, reserved 1048576K
}
Event: 2157.140 GC heap after
{Heap after GC invocations=52 (full 3):
 PSYoungGen      total 17920K, used 272K [0x00000000d5580000, 0x00000000d6800000, 0x0000000100000000)
  eden space 16896K, 0% used [0x00000000d5580000,0x00000000d5580000,0x00000000d6600000)
  from space 1024K, 26% used [0x00000000d6600000,0x00000000d6644010,0x00000000d6700000)
  to   space 512K, 0% used [0x00000000d6780000,0x00000000d6780000,0x00000000d6800000)
 ParOldGen       total 68608K, used 45889K [0x0000000080000000, 0x0000000084300000, 0x00000000d5580000)
  object space 68608K, 66% used [0x0000000080000000,0x0000000082cd0440,0x0000000084300000)
 Metaspace       used 68975K, committed 70464K, reserved 1114112K
  class space    used 8737K, committed 9408K, reserved 1048576K
}
Event: 3197.948 GC heap before
{Heap before GC invocations=53 (full 3):
 PSYoungGen      total 17920K, used 17168K [0x00000000d5580000, 0x00000000d6800000, 0x0000000100000000)
  eden space 16896K, 100% used [0x00000000d5580000,0x00000000d6600000,0x00000000d6600000)
  from space 1024K, 26% used [0x00000000d6600000,0x00000000d6644010,0x00000000d6700000)
  to   space 512K, 0% used [0x00000000d6780000,0x00000000d6780000,0x00000000d6800000)
 ParOldGen       total 68608K, used 45889K [0x0000000080000000, 0x0000000084300000, 0x00000000d5580000)
  object space 68608K, 66% used [0x0000000080000000,0x0000000082cd0440,0x0000000084300000)
 Metaspace       used 69079K, committed 70592K, reserved 1114112K
  class space    used 8737K, committed 9408K, reserved 1048576K
}
Event: 3197.952 GC heap after
{Heap after GC invocations=53 (full 3):
 PSYoungGen      total 17408K, used 256K [0x00000000d5580000, 0x00000000d6800000, 0x0000000100000000)
  eden space 16896K, 0% used [0x00000000d5580000,0x00000000d5580000,0x00000000d6600000)
  from space 512K, 50% used [0x00000000d6780000,0x00000000d67c0000,0x00000000d6800000)
  to   space 512K, 0% used [0x00000000d6700000,0x00000000d6700000,0x00000000d6780000)
 ParOldGen       total 68608K, used 45937K [0x0000000080000000, 0x0000000084300000, 0x00000000d5580000)
  object space 68608K, 66% used [0x0000000080000000,0x0000000082cdc440,0x0000000084300000)
 Metaspace       used 69079K, committed 70592K, reserved 1114112K
  class space    used 8737K, committed 9408K, reserved 1048576K
}
Event: 4331.792 GC heap before
{Heap before GC invocations=54 (full 3):
 PSYoungGen      total 17408K, used 17152K [0x00000000d5580000, 0x00000000d6800000, 0x0000000100000000)
  eden space 16896K, 100% used [0x00000000d5580000,0x00000000d6600000,0x00000000d6600000)
  from space 512K, 50% used [0x00000000d6780000,0x00000000d67c0000,0x00000000d6800000)
  to   space 512K, 0% used [0x00000000d6700000,0x00000000d6700000,0x00000000d6780000)
 ParOldGen       total 68608K, used 45937K [0x0000000080000000, 0x0000000084300000, 0x00000000d5580000)
  object space 68608K, 66% used [0x0000000080000000,0x0000000082cdc440,0x0000000084300000)
 Metaspace       used 69109K, committed 70592K, reserved 1114112K
  class space    used 8737K, committed 9408K, reserved 1048576K
}
Event: 4331.796 GC heap after
{Heap after GC invocations=54 (full 3):
 PSYoungGen      total 17408K, used 341K [0x00000000d5580000, 0x00000000d6800000, 0x0000000100000000)
  eden space 16896K, 0% used [0x00000000d5580000,0x00000000d5580000,0x00000000d6600000)
  from space 512K, 66% used [0x00000000d6700000,0x00000000d67557a8,0x00000000d6780000)
  to   space 512K, 0% used [0x00000000d6780000,0x00000000d6780000,0x00000000d6800000)
 ParOldGen       total 68608K, used 45985K [0x0000000080000000, 0x0000000084300000, 0x00000000d5580000)
  object space 68608K, 67% used [0x0000000080000000,0x0000000082ce8440,0x0000000084300000)
 Metaspace       used 69109K, committed 70592K, reserved 1114112K
  class space    used 8737K, committed 9408K, reserved 1048576K
}
Event: 5676.781 GC heap before
{Heap before GC invocations=55 (full 3):
 PSYoungGen      total 17408K, used 17237K [0x00000000d5580000, 0x00000000d6800000, 0x0000000100000000)
  eden space 16896K, 100% used [0x00000000d5580000,0x00000000d6600000,0x00000000d6600000)
  from space 512K, 66% used [0x00000000d6700000,0x00000000d67557a8,0x00000000d6780000)
  to   space 512K, 0% used [0x00000000d6780000,0x00000000d6780000,0x00000000d6800000)
 ParOldGen       total 68608K, used 45985K [0x0000000080000000, 0x0000000084300000, 0x00000000d5580000)
  object space 68608K, 67% used [0x0000000080000000,0x0000000082ce8440,0x0000000084300000)
 Metaspace       used 69165K, committed 70656K, reserved 1114112K
  class space    used 8745K, committed 9408K, reserved 1048576K
}
Event: 5676.784 GC heap after
{Heap after GC invocations=55 (full 3):
 PSYoungGen      total 17408K, used 256K [0x00000000d5580000, 0x00000000d6800000, 0x0000000100000000)
  eden space 16896K, 0% used [0x00000000d5580000,0x00000000d5580000,0x00000000d6600000)
  from space 512K, 50% used [0x00000000d6780000,0x00000000d67c0000,0x00000000d6800000)
  to   space 512K, 0% used [0x00000000d6700000,0x00000000d6700000,0x00000000d6780000)
 ParOldGen       total 68608K, used 46025K [0x0000000080000000, 0x0000000084300000, 0x00000000d5580000)
  object space 68608K, 67% used [0x0000000080000000,0x0000000082cf2440,0x0000000084300000)
 Metaspace       used 69165K, committed 70656K, reserved 1114112K
  class space    used 8745K, committed 9408K, reserved 1048576K
}
Event: 6868.798 GC heap before
{Heap before GC invocations=56 (full 3):
 PSYoungGen      total 17408K, used 17152K [0x00000000d5580000, 0x00000000d6800000, 0x0000000100000000)
  eden space 16896K, 100% used [0x00000000d5580000,0x00000000d6600000,0x00000000d6600000)
  from space 512K, 50% used [0x00000000d6780000,0x00000000d67c0000,0x00000000d6800000)
  to   space 512K, 0% used [0x00000000d6700000,0x00000000d6700000,0x00000000d6780000)
 ParOldGen       total 68608K, used 46025K [0x0000000080000000, 0x0000000084300000, 0x00000000d5580000)
  object space 68608K, 67% used [0x0000000080000000,0x0000000082cf2440,0x0000000084300000)
 Metaspace       used 69189K, committed 70656K, reserved 1114112K
  class space    used 8745K, committed 9408K, reserved 1048576K
}
Event: 6868.803 GC heap after
{Heap after GC invocations=56 (full 3):
 PSYoungGen      total 17408K, used 309K [0x00000000d5580000, 0x00000000d6800000, 0x0000000100000000)
  eden space 16896K, 0% used [0x00000000d5580000,0x00000000d5580000,0x00000000d6600000)
  from space 512K, 60% used [0x00000000d6700000,0x00000000d674d7a8,0x00000000d6780000)
  to   space 512K, 0% used [0x00000000d6780000,0x00000000d6780000,0x00000000d6800000)
 ParOldGen       total 68608K, used 46065K [0x0000000080000000, 0x0000000084300000, 0x00000000d5580000)
  object space 68608K, 67% used [0x0000000080000000,0x0000000082cfc440,0x0000000084300000)
 Metaspace       used 69189K, committed 70656K, reserved 1114112K
  class space    used 8745K, committed 9408K, reserved 1048576K
}
Event: 8648.377 GC heap before
{Heap before GC invocations=57 (full 3):
 PSYoungGen      total 17408K, used 17205K [0x00000000d5580000, 0x00000000d6800000, 0x0000000100000000)
  eden space 16896K, 100% used [0x00000000d5580000,0x00000000d6600000,0x00000000d6600000)
  from space 512K, 60% used [0x00000000d6700000,0x00000000d674d7a8,0x00000000d6780000)
  to   space 512K, 0% used [0x00000000d6780000,0x00000000d6780000,0x00000000d6800000)
 ParOldGen       total 68608K, used 46065K [0x0000000080000000, 0x0000000084300000, 0x00000000d5580000)
  object space 68608K, 67% used [0x0000000080000000,0x0000000082cfc440,0x0000000084300000)
 Metaspace       used 69386K, committed 70912K, reserved 1114112K
  class space    used 8766K, committed 9408K, reserved 1048576K
}
Event: 8648.380 GC heap after
{Heap after GC invocations=57 (full 3):
 PSYoungGen      total 17408K, used 320K [0x00000000d5580000, 0x00000000d6800000, 0x0000000100000000)
  eden space 16896K, 0% used [0x00000000d5580000,0x00000000d5580000,0x00000000d6600000)
  from space 512K, 62% used [0x00000000d6780000,0x00000000d67d0000,0x00000000d6800000)
  to   space 512K, 0% used [0x00000000d6700000,0x00000000d6700000,0x00000000d6780000)
 ParOldGen       total 68608K, used 46113K [0x0000000080000000, 0x0000000084300000, 0x00000000d5580000)
  object space 68608K, 67% used [0x0000000080000000,0x0000000082d08440,0x0000000084300000)
 Metaspace       used 69386K, committed 70912K, reserved 1114112K
  class space    used 8766K, committed 9408K, reserved 1048576K
}

Dll operation events (15 events):
Event: 0.036 Loaded shared library c:\Users\16696\.trae-cn\extensions\redhat.java-1.55.0-win32-x64\jre\21.0.11-win32-x86_64\bin\java.dll
Event: 0.055 Loaded shared library c:\Users\16696\.trae-cn\extensions\redhat.java-1.55.0-win32-x64\jre\21.0.11-win32-x86_64\bin\zip.dll
Event: 0.087 Loaded shared library C:\Users\16696\.trae-cn\extensions\redhat.java-1.55.0-win32-x64\jre\21.0.11-win32-x86_64\bin\instrument.dll
Event: 0.090 Loaded shared library C:\Users\16696\.trae-cn\extensions\redhat.java-1.55.0-win32-x64\jre\21.0.11-win32-x86_64\bin\net.dll
Event: 0.091 Loaded shared library C:\Users\16696\.trae-cn\extensions\redhat.java-1.55.0-win32-x64\jre\21.0.11-win32-x86_64\bin\nio.dll
Event: 0.094 Loaded shared library C:\Users\16696\.trae-cn\extensions\redhat.java-1.55.0-win32-x64\jre\21.0.11-win32-x86_64\bin\zip.dll
Event: 0.105 Loaded shared library C:\Users\16696\.trae-cn\extensions\redhat.java-1.55.0-win32-x64\jre\21.0.11-win32-x86_64\bin\jimage.dll
Event: 0.162 Loaded shared library c:\Users\16696\.trae-cn\extensions\redhat.java-1.55.0-win32-x64\jre\21.0.11-win32-x86_64\bin\verify.dll
Event: 0.767 Loaded shared library C:\Users\16696\AppData\Roaming\Trae CN\User\globalStorage\redhat.java\1.55.0\config_win\org.eclipse.equinox.launcher\org.eclipse.equinox.launcher.win32.win32.x86_64_1.3.100.v20260613-0559\eclipse_11924.dll
Event: 3.402 Loaded shared library C:\Users\16696\AppData\Local\Temp\jna-46914958\jna11354098383788987947.dll
Event: 4.816 Loaded shared library C:\Users\16696\.gradle\native\660c5614fbf4a5f2a75b1949f50a0caf5cd603558e7d8a26e50b933a0cfb79d1\windows-amd64\native-platform.dll
Event: 5.462 Loaded shared library C:\Users\16696\.trae-cn\extensions\redhat.java-1.55.0-win32-x64\jre\21.0.11-win32-x86_64\bin\management.dll
Event: 5.465 Loaded shared library C:\Users\16696\.trae-cn\extensions\redhat.java-1.55.0-win32-x64\jre\21.0.11-win32-x86_64\bin\management_ext.dll
Event: 6.605 Loaded shared library C:\Users\16696\.trae-cn\extensions\redhat.java-1.55.0-win32-x64\jre\21.0.11-win32-x86_64\bin\extnet.dll
Event: 8.654 Loaded shared library C:\Users\16696\.trae-cn\extensions\redhat.java-1.55.0-win32-x64\jre\21.0.11-win32-x86_64\bin\sunmscapi.dll

Deoptimization events (20 events):
Event: 7699.974 Thread 0x000001ad71985ff0 Uncommon trap: trap_request=0xffffff45 fr.pc=0x000001ad1beb95cc relative=0x000000000000020c
Event: 7699.974 Thread 0x000001ad71985ff0 Uncommon trap: reason=unstable_if action=reinterpret pc=0x000001ad1beb95cc method=org.eclipse.core.runtime.Path.computeFlags(Ljava/lang/String;Z)I @ 93 c2
Event: 7699.974 Thread 0x000001ad71985ff0 DEOPT PACKING pc=0x000001ad1beb95cc sp=0x00000095657fe900
Event: 7699.974 Thread 0x000001ad71985ff0 DEOPT UNPACKING pc=0x000001ad1b453aa2 sp=0x00000095657fe880 mode 2
Event: 7699.974 Thread 0x000001ad71985ff0 Uncommon trap: trap_request=0xffffff45 fr.pc=0x000001ad1bdea4cc relative=0x000000000000054c
Event: 7699.974 Thread 0x000001ad71985ff0 Uncommon trap: reason=unstable_if action=reinterpret pc=0x000001ad1bdea4cc method=org.eclipse.core.runtime.Path.computeSegmentCount(Ljava/lang/String;)I @ 78 c2
Event: 7699.974 Thread 0x000001ad71985ff0 DEOPT PACKING pc=0x000001ad1bdea4cc sp=0x00000095657fe850
Event: 7699.974 Thread 0x000001ad71985ff0 DEOPT UNPACKING pc=0x000001ad1b453aa2 sp=0x00000095657fe7e8 mode 2
Event: 7699.974 Thread 0x000001ad71985ff0 Uncommon trap: trap_request=0xffffff45 fr.pc=0x000001ad1be06c04 relative=0x00000000000001e4
Event: 7699.974 Thread 0x000001ad71985ff0 Uncommon trap: reason=unstable_if action=reinterpret pc=0x000001ad1be06c04 method=org.eclipse.core.runtime.Path.computeLength()I @ 92 c2
Event: 7699.974 Thread 0x000001ad71985ff0 DEOPT PACKING pc=0x000001ad1be06c04 sp=0x00000095657fe900
Event: 7699.975 Thread 0x000001ad71985ff0 DEOPT UNPACKING pc=0x000001ad1b453aa2 sp=0x00000095657fe880 mode 2
Event: 8638.883 Thread 0x000001ad71986680 Uncommon trap: trap_request=0xffffffde fr.pc=0x000001ad1be7c250 relative=0x00000000000004f0
Event: 8638.883 Thread 0x000001ad71986680 Uncommon trap: reason=class_check action=maybe_recompile pc=0x000001ad1be7c250 method=java.util.AbstractMap.hashCode()I @ 3 c2
Event: 8638.883 Thread 0x000001ad71986680 DEOPT PACKING pc=0x000001ad1be7c250 sp=0x00000095658fe320
Event: 8638.883 Thread 0x000001ad71986680 DEOPT UNPACKING pc=0x000001ad1b453aa2 sp=0x00000095658fe2c8 mode 2
Event: 8648.384 Thread 0x000001ad71986680 Uncommon trap: trap_request=0xffffffde fr.pc=0x000001ad1be7c250 relative=0x00000000000004f0
Event: 8648.384 Thread 0x000001ad71986680 Uncommon trap: reason=class_check action=maybe_recompile pc=0x000001ad1be7c250 method=java.util.AbstractMap.hashCode()I @ 3 c2
Event: 8648.384 Thread 0x000001ad71986680 DEOPT PACKING pc=0x000001ad1be7c250 sp=0x00000095658fe320
Event: 8648.384 Thread 0x000001ad71986680 DEOPT UNPACKING pc=0x000001ad1b453aa2 sp=0x00000095658fe2c8 mode 2

Classes loaded (20 events):
Event: 30.733 Loading class sun/util/resources/TimeZoneNames_en
Event: 30.733 Loading class sun/util/resources/TimeZoneNames_en done
Event: 306.347 Loading class java/util/concurrent/ForkJoinTask$AdaptedCallable
Event: 306.347 Loading class java/util/concurrent/ForkJoinTask$AdaptedCallable done
Event: 306.348 Loading class java/util/stream/Nodes$CollectorTask$OfRef
Event: 306.348 Loading class java/util/stream/Nodes$CollectorTask
Event: 306.348 Loading class java/util/stream/Nodes$CollectorTask done
Event: 306.348 Loading class java/util/stream/Nodes$CollectorTask$OfRef done
Event: 306.348 Loading class java/util/stream/Nodes$ConcNode
Event: 306.348 Loading class java/util/stream/Nodes$AbstractConcNode
Event: 306.348 Loading class java/util/stream/Nodes$AbstractConcNode done
Event: 306.348 Loading class java/util/stream/Nodes$ConcNode done
Event: 352.942 Loading class java/util/stream/DistinctOps
Event: 352.942 Loading class java/util/stream/DistinctOps done
Event: 352.942 Loading class java/util/stream/DistinctOps$1
Event: 352.942 Loading class java/util/stream/DistinctOps$1 done
Event: 352.943 Loading class java/util/stream/DistinctOps$1$2
Event: 352.943 Loading class java/util/stream/DistinctOps$1$2 done
Event: 5994.562 Loading class java/nio/channels/CompletionHandler
Event: 5994.571 Loading class java/nio/channels/CompletionHandler done

Classes unloaded (7 events):
Event: 3.661 Thread 0x000001ad10d77a10 Unloading class 0x000001ad291ab000 'java/lang/invoke/LambdaForm$MH+0x000001ad291ab000'
Event: 3.661 Thread 0x000001ad10d77a10 Unloading class 0x000001ad291aac00 'java/lang/invoke/LambdaForm$MH+0x000001ad291aac00'
Event: 3.661 Thread 0x000001ad10d77a10 Unloading class 0x000001ad291aa800 'java/lang/invoke/LambdaForm$MH+0x000001ad291aa800'
Event: 3.661 Thread 0x000001ad10d77a10 Unloading class 0x000001ad291aa400 'java/lang/invoke/LambdaForm$MH+0x000001ad291aa400'
Event: 3.661 Thread 0x000001ad10d77a10 Unloading class 0x000001ad291aa000 'java/lang/invoke/LambdaForm$BMH+0x000001ad291aa000'
Event: 3.661 Thread 0x000001ad10d77a10 Unloading class 0x000001ad291a9c00 'java/lang/invoke/LambdaForm$DMH+0x000001ad291a9c00'
Event: 3.661 Thread 0x000001ad10d77a10 Unloading class 0x000001ad291a8c00 'java/lang/invoke/LambdaForm$DMH+0x000001ad291a8c00'

Classes redefined (0 events):
No events

Internal exceptions (20 events):
Event: 15.184 Thread 0x000001ad742fab90 Exception <a 'java/lang/NoSuchMethodError'{0x00000000d6013830}: static Lorg/gradle/internal/classloader/ClassLoaderSpec;.<clinit>()V> (0x00000000d6013830) 
thrown [s\src\hotspot\share\prims\jni.cpp, line 1111]
Event: 15.184 Thread 0x000001ad742fab90 Exception <a 'java/lang/NoSuchMethodError'{0x00000000d6024ad8}: static Lorg/gradle/internal/classloader/VisitableURLClassLoader$Spec;.<clinit>()V> (0x00000000d6024ad8) 
thrown [s\src\hotspot\share\prims\jni.cpp, line 1111]
Event: 15.222 Thread 0x000001ad742fab90 Exception <a 'java/lang/NoSuchMethodError'{0x00000000d564ab58}: static Lorg/gradle/plugins/ide/internal/tooling/model/DefaultGradleProject;.<clinit>()V> (0x00000000d564ab58) 
thrown [s\src\hotspot\share\prims\jni.cpp, line 1111]
Event: 15.223 Thread 0x000001ad742fab90 Exception <a 'java/lang/NoSuchMethodError'{0x00000000d565f8f8}: static Lorg/gradle/plugins/ide/internal/tooling/model/DefaultGradleScript;.<clinit>()V> (0x00000000d565f8f8) 
thrown [s\src\hotspot\share\prims\jni.cpp, line 1111]
Event: 15.224 Thread 0x000001ad742fab90 Exception <a 'java/lang/NoSuchMethodError'{0x00000000d567bb40}: static [Ljava/lang/Object;.<clinit>()V> (0x00000000d567bb40) 
thrown [s\src\hotspot\share\prims\jni.cpp, line 1111]
Event: 15.229 Thread 0x000001ad742fab90 Exception <a 'java/lang/NoSuchMethodError'{0x00000000d5786d70}: static Lorg/gradle/tooling/internal/gradle/DefaultProjectIdentifier;.<clinit>()V> (0x00000000d5786d70) 
thrown [s\src\hotspot\share\prims\jni.cpp, line 1111]
Event: 15.229 Thread 0x000001ad742fab90 Exception <a 'java/lang/NoSuchMethodError'{0x00000000d5795698}: static Lorg/gradle/tooling/internal/gradle/DefaultBuildIdentifier;.<clinit>()V> (0x00000000d5795698) 
thrown [s\src\hotspot\share\prims\jni.cpp, line 1111]
Event: 15.230 Thread 0x000001ad742fab90 Exception <a 'java/lang/NoSuchMethodError'{0x00000000d57d7988}: static Lorg/gradle/plugins/ide/internal/tooling/model/LaunchableGradleTask;.<clinit>()V> (0x00000000d57d7988) 
thrown [s\src\hotspot\share\prims\jni.cpp, line 1111]
Event: 15.231 Thread 0x000001ad742fab90 Exception <a 'java/lang/NoSuchMethodError'{0x00000000d57dd878}: static Lorg/gradle/plugins/ide/internal/tooling/model/LaunchableGradleProjectTask;.<clinit>()V> (0x00000000d57dd878) 
thrown [s\src\hotspot\share\prims\jni.cpp, line 1111]
Event: 15.248 Thread 0x000001ad71983890 Exception <a 'java/lang/NoSuchMethodError'{0x00000000d5aa4928}: 'java.lang.Object java.lang.invoke.DirectMethodHandle$Holder.invokeStatic(java.lang.Object, java.lang.Object, int, java.lang.Object)'> (0x00000000d5aa4928) 
thrown [s\src\hotspot\share\interpreter\linkResolver.cpp, line 773]
Event: 15.265 Thread 0x000001ad71983890 Exception <a 'java/io/FileNotFoundException'{0x00000000d5d5ad10}> (0x00000000d5d5ad10) 
thrown [s\src\hotspot\share\prims\jni.cpp, line 520]
Event: 15.265 Thread 0x000001ad71983890 Exception <a 'java/io/FileNotFoundException'{0x00000000d5d5bc80}> (0x00000000d5d5bc80) 
thrown [s\src\hotspot\share\prims\jni.cpp, line 520]
Event: 30.683 Thread 0x000001ad6f8d74a0 Implicit null exception at 0x000001ad1bca2d22 to 0x000001ad1bca3144
Event: 53.138 Thread 0x000001ad71986680 Exception <a 'java/lang/IncompatibleClassChangeError'{0x00000000d6186240}: Found class java.lang.Object, but interface was expected> (0x00000000d6186240) 
thrown [s\src\hotspot\share\interpreter\linkResolver.cpp, line 840]
Event: 225.820 Thread 0x000001ad71986680 Exception <a 'java/lang/IncompatibleClassChangeError'{0x00000000d5b7e8e0}: Found class java.lang.Object, but interface was expected> (0x00000000d5b7e8e0) 
thrown [s\src\hotspot\share\interpreter\linkResolver.cpp, line 840]
Event: 7699.974 Thread 0x000001ad71985ff0 Implicit null exception at 0x000001ad1bef202c to 0x000001ad1bef20a9
Event: 7699.974 Thread 0x000001ad71985ff0 Implicit null exception at 0x000001ad1bf38a90 to 0x000001ad1bf39bf0
Event: 8638.818 Thread 0x000001ad71986680 Exception <a 'java/lang/IncompatibleClassChangeError'{0x00000000d618a808}: Found class java.lang.Object, but interface was expected> (0x00000000d618a808) 
thrown [s\src\hotspot\share\interpreter\linkResolver.cpp, line 840]
Event: 8638.819 Thread 0x000001ad71986680 Exception <a 'java/lang/IncompatibleClassChangeError'{0x00000000d618e320}: Found class java.lang.Object, but interface was expected> (0x00000000d618e320) 
thrown [s\src\hotspot\share\interpreter\linkResolver.cpp, line 840]
Event: 8684.442 Thread 0x000001ad71986680 Exception <a 'java/lang/IncompatibleClassChangeError'{0x00000000d5716b10}: Found class java.lang.Object, but interface was expected> (0x00000000d5716b10) 
thrown [s\src\hotspot\share\interpreter\linkResolver.cpp, line 840]

ZGC Phase Switch (0 events):
No events

VM Operations (20 events):
Event: 8625.679 Executing safepoint VM operation: Cleanup
Event: 8625.680 Executing safepoint VM operation: Cleanup done
Event: 8638.791 Executing non-safepoint VM operation: HandshakeAllThreads (Deoptimize)
Event: 8638.791 Executing non-safepoint VM operation: HandshakeAllThreads (Deoptimize) done
Event: 8639.791 Executing safepoint VM operation: Cleanup
Event: 8639.791 Executing safepoint VM operation: Cleanup done
Event: 8648.377 Executing safepoint VM operation: ParallelGCFailedAllocation (Allocation Failure)
Event: 8648.381 Executing safepoint VM operation: ParallelGCFailedAllocation (Allocation Failure) done
Event: 8649.381 Executing safepoint VM operation: Cleanup
Event: 8649.381 Executing safepoint VM operation: Cleanup done
Event: 8658.779 Executing non-safepoint VM operation: HandshakeAllThreads (HandshakeForDeflation)
Event: 8658.779 Executing non-safepoint VM operation: HandshakeAllThreads (HandshakeForDeflation) done
Event: 8658.779 Executing non-safepoint VM operation: RendezvousGCThreads
Event: 8658.779 Executing non-safepoint VM operation: RendezvousGCThreads done
Event: 8711.810 Executing safepoint VM operation: Cleanup
Event: 8711.810 Executing safepoint VM operation: Cleanup done
Event: 8718.916 Executing non-safepoint VM operation: HandshakeAllThreads (HandshakeForDeflation)
Event: 8718.916 Executing non-safepoint VM operation: HandshakeAllThreads (HandshakeForDeflation) done
Event: 8718.916 Executing non-safepoint VM operation: RendezvousGCThreads
Event: 8718.916 Executing non-safepoint VM operation: RendezvousGCThreads done

Memory protections (0 events):
No events

Nmethod flushes (20 events):
Event: 5.942 Thread 0x000001ad10d77a10 flushing  nmethod 0x000001ad14711190
Event: 5.942 Thread 0x000001ad10d77a10 flushing  nmethod 0x000001ad1471df10
Event: 5.942 Thread 0x000001ad10d77a10 flushing  nmethod 0x000001ad14733390
Event: 5.942 Thread 0x000001ad10d77a10 flushing  nmethod 0x000001ad14741410
Event: 5.942 Thread 0x000001ad10d77a10 flushing  nmethod 0x000001ad14747f90
Event: 5.942 Thread 0x000001ad10d77a10 flushing  nmethod 0x000001ad14755910
Event: 5.942 Thread 0x000001ad10d77a10 flushing  nmethod 0x000001ad14757110
Event: 5.942 Thread 0x000001ad10d77a10 flushing  nmethod 0x000001ad14758c10
Event: 5.942 Thread 0x000001ad10d77a10 flushing  nmethod 0x000001ad1475a510
Event: 5.942 Thread 0x000001ad10d77a10 flushing  nmethod 0x000001ad1475bf90
Event: 5.942 Thread 0x000001ad10d77a10 flushing  nmethod 0x000001ad1475f610
Event: 5.942 Thread 0x000001ad10d77a10 flushing  nmethod 0x000001ad14765290
Event: 5.942 Thread 0x000001ad10d77a10 flushing  nmethod 0x000001ad14765a10
Event: 5.942 Thread 0x000001ad10d77a10 flushing  nmethod 0x000001ad14765d90
Event: 5.942 Thread 0x000001ad10d77a10 flushing  nmethod 0x000001ad14766110
Event: 5.942 Thread 0x000001ad10d77a10 flushing  nmethod 0x000001ad14766690
Event: 5.942 Thread 0x000001ad10d77a10 flushing  nmethod 0x000001ad14766e10
Event: 5.942 Thread 0x000001ad10d77a10 flushing  nmethod 0x000001ad1476a210
Event: 5.942 Thread 0x000001ad10d77a10 flushing  nmethod 0x000001ad1476a810
Event: 5.942 Thread 0x000001ad10d77a10 flushing  nmethod 0x000001ad147ad690

Events (20 events):
Event: 6779.353 Thread 0x000001ad7515a060 Thread added: 0x000001ad7515a6f0
Event: 6779.353 Thread 0x000001ad7515a6f0 Thread exited: 0x000001ad7515a6f0
Event: 6780.311 Thread 0x000001ad71986680 Thread added: 0x000001ad7515c130
Event: 6954.645 Thread 0x000001ad7515c130 Thread exited: 0x000001ad7515c130
Event: 7849.482 Thread 0x000001ad7515db70 Thread added: 0x000001ad7515a6f0
Event: 7849.482 Thread 0x000001ad7515a6f0 Thread exited: 0x000001ad7515a6f0
Event: 7849.484 Thread 0x000001ad7515db70 Thread added: 0x000001ad7515b410
Event: 7849.484 Thread 0x000001ad7515b410 Thread exited: 0x000001ad7515b410
Event: 7849.599 Thread 0x000001ad7515a060 Thread added: 0x000001ad7515c130
Event: 7909.600 Thread 0x000001ad7515db70 Thread exited: 0x000001ad7515db70
Event: 8394.523 Thread 0x000001ad71986680 Thread added: 0x000001ad7515b410
Event: 8412.336 Thread 0x000001ad7515c130 Thread added: 0x000001ad7515ce50
Event: 8412.337 Thread 0x000001ad7515ce50 Thread exited: 0x000001ad7515ce50
Event: 8412.338 Thread 0x000001ad7515c130 Thread added: 0x000001ad7515ce50
Event: 8412.338 Thread 0x000001ad7515ce50 Thread exited: 0x000001ad7515ce50
Event: 8533.213 Thread 0x000001ad7515b410 Thread exited: 0x000001ad7515b410
Event: 8638.812 Thread 0x000001ad71986680 Thread added: 0x000001ad7515ce50
Event: 8638.813 Thread 0x000001ad7515ce50 Thread added: 0x000001ad7515db70
Event: 8648.368 Thread 0x000001ad71986680 Thread added: 0x000001ad7515a6f0
Event: 8744.451 Thread 0x000001ad7515ce50 Thread exited: 0x000001ad7515ce50


Dynamic libraries:
0x00007ff6f3cd0000 - 0x00007ff6f3cde000 	c:\Users\16696\.trae-cn\extensions\redhat.java-1.55.0-win32-x64\jre\21.0.11-win32-x86_64\bin\java.exe
0x00007ffcb7e20000 - 0x00007ffcb8086000 	C:\Windows\SYSTEM32\ntdll.dll
0x00007ffcb6ef0000 - 0x00007ffcb6fb9000 	C:\Windows\System32\KERNEL32.DLL
0x00007ffcb5790000 - 0x00007ffcb5b8a000 	C:\Windows\System32\KERNELBASE.dll
0x00007ffcb1020000 - 0x00007ffcb10c0000 	C:\Windows\SYSTEM32\apphelp.dll
0x00007ffcb50e0000 - 0x00007ffcb522c000 	C:\Windows\System32\ucrtbase.dll
0x00007ffca6170000 - 0x00007ffca6188000 	c:\Users\16696\.trae-cn\extensions\redhat.java-1.55.0-win32-x64\jre\21.0.11-win32-x86_64\bin\jli.dll
0x00007ffcb78e0000 - 0x00007ffcb7aa7000 	C:\Windows\System32\USER32.dll
0x00007ffcb50b0000 - 0x00007ffcb50d7000 	C:\Windows\System32\win32u.dll
0x00007ffcb7ab0000 - 0x00007ffcb7adb000 	C:\Windows\System32\GDI32.dll
0x00007ffca6230000 - 0x00007ffca624e000 	c:\Users\16696\.trae-cn\extensions\redhat.java-1.55.0-win32-x64\jre\21.0.11-win32-x86_64\bin\VCRUNTIME140.dll
0x00007ffcb5230000 - 0x00007ffcb535b000 	C:\Windows\System32\gdi32full.dll
0x00007ffcb5410000 - 0x00007ffcb54b3000 	C:\Windows\System32\msvcp_win.dll
0x00007ffc987f0000 - 0x00007ffc98a82000 	C:\Windows\WinSxS\amd64_microsoft.windows.common-controls_6595b64144ccf1df_6.0.26100.8521_none_3e08b75ce33403b3\COMCTL32.dll
0x00007ffcb6ce0000 - 0x00007ffcb6d89000 	C:\Windows\System32\msvcrt.dll
0x00007ffcb7ae0000 - 0x00007ffcb7b12000 	C:\Windows\System32\IMM32.DLL
0x00007ffca7130000 - 0x00007ffca713c000 	c:\Users\16696\.trae-cn\extensions\redhat.java-1.55.0-win32-x64\jre\21.0.11-win32-x86_64\bin\vcruntime140_1.dll
0x00007ffc8f4d0000 - 0x00007ffc8f55d000 	c:\Users\16696\.trae-cn\extensions\redhat.java-1.55.0-win32-x64\jre\21.0.11-win32-x86_64\bin\msvcp140.dll
0x00007ffc36d30000 - 0x00007ffc37ad2000 	c:\Users\16696\.trae-cn\extensions\redhat.java-1.55.0-win32-x64\jre\21.0.11-win32-x86_64\bin\server\jvm.dll
0x00007ffcb70c0000 - 0x00007ffcb7176000 	C:\Windows\System32\ADVAPI32.dll
0x00007ffcb7280000 - 0x00007ffcb732a000 	C:\Windows\System32\sechost.dll
0x00007ffcb77c0000 - 0x00007ffcb78d8000 	C:\Windows\System32\RPCRT4.dll
0x00007ffcb6400000 - 0x00007ffcb6480000 	C:\Windows\System32\WS2_32.dll
0x00007ffcade90000 - 0x00007ffcade9b000 	C:\Windows\SYSTEM32\VERSION.dll
0x00007ffcb4f10000 - 0x00007ffcb4f6e000 	C:\Windows\SYSTEM32\POWRPROF.dll
0x00007ffcae0c0000 - 0x00007ffcae0f6000 	C:\Windows\SYSTEM32\WINMM.dll
0x00007ffcb4ef0000 - 0x00007ffcb4f04000 	C:\Windows\SYSTEM32\UMPDC.dll
0x00007ffcb3e10000 - 0x00007ffcb3e2b000 	C:\Windows\SYSTEM32\kernel.appcore.dll
0x00007ffca6c90000 - 0x00007ffca6c9a000 	c:\Users\16696\.trae-cn\extensions\redhat.java-1.55.0-win32-x64\jre\21.0.11-win32-x86_64\bin\jimage.dll
0x00007ffcb2620000 - 0x00007ffcb2862000 	C:\Windows\SYSTEM32\DBGHELP.DLL
0x00007ffcb64a0000 - 0x00007ffcb6823000 	C:\Windows\System32\combase.dll
0x00007ffcb6320000 - 0x00007ffcb63f9000 	C:\Windows\System32\OLEAUT32.dll
0x00007ffc90f00000 - 0x00007ffc90f3b000 	C:\Windows\SYSTEM32\dbgcore.DLL
0x00007ffcb5360000 - 0x00007ffcb5408000 	C:\Windows\System32\bcryptPrimitives.dll
0x00007ffca6a60000 - 0x00007ffca6a6f000 	c:\Users\16696\.trae-cn\extensions\redhat.java-1.55.0-win32-x64\jre\21.0.11-win32-x86_64\bin\instrument.dll
0x00007ffca60b0000 - 0x00007ffca60d0000 	c:\Users\16696\.trae-cn\extensions\redhat.java-1.55.0-win32-x64\jre\21.0.11-win32-x86_64\bin\java.dll
0x00007ffcb5b90000 - 0x00007ffcb6314000 	C:\Windows\System32\SHELL32.dll
0x00007ffcb2c50000 - 0x00007ffcb34d0000 	C:\Windows\SYSTEM32\windows.storage.dll
0x00007ffcb6fc0000 - 0x00007ffcb70b6000 	C:\Windows\System32\SHCORE.dll
0x00007ffcb7ba0000 - 0x00007ffcb7c07000 	C:\Windows\System32\shlwapi.dll
0x00007ffcb4fd0000 - 0x00007ffcb4ff9000 	C:\Windows\SYSTEM32\profapi.dll
0x00007ffca6110000 - 0x00007ffca6128000 	c:\Users\16696\.trae-cn\extensions\redhat.java-1.55.0-win32-x64\jre\21.0.11-win32-x86_64\bin\zip.dll
0x00007ffca6b60000 - 0x00007ffca6b70000 	C:\Users\16696\.trae-cn\extensions\redhat.java-1.55.0-win32-x64\jre\21.0.11-win32-x86_64\bin\net.dll
0x00007ffcae100000 - 0x00007ffcae229000 	C:\Windows\SYSTEM32\WINHTTP.dll
0x00007ffcb4390000 - 0x00007ffcb43fc000 	C:\Windows\system32\mswsock.dll
0x00007ffca0480000 - 0x00007ffca0496000 	C:\Users\16696\.trae-cn\extensions\redhat.java-1.55.0-win32-x64\jre\21.0.11-win32-x86_64\bin\nio.dll
0x00007ffca6760000 - 0x00007ffca6770000 	c:\Users\16696\.trae-cn\extensions\redhat.java-1.55.0-win32-x64\jre\21.0.11-win32-x86_64\bin\verify.dll
0x00007ffc93860000 - 0x00007ffc938a5000 	C:\Users\16696\AppData\Roaming\Trae CN\User\globalStorage\redhat.java\1.55.0\config_win\org.eclipse.equinox.launcher\org.eclipse.equinox.launcher.win32.win32.x86_64_1.3.100.v20260613-0559\eclipse_11924.dll
0x00007ffcb7c40000 - 0x00007ffcb7dd8000 	C:\Windows\System32\ole32.dll
0x00007ffcb46a0000 - 0x00007ffcb46bb000 	C:\Windows\SYSTEM32\CRYPTSP.dll
0x00007ffcb3d70000 - 0x00007ffcb3da9000 	C:\Windows\system32\rsaenh.dll
0x00007ffcb4440000 - 0x00007ffcb4473000 	C:\Windows\SYSTEM32\USERENV.dll
0x00007ffcb4fa0000 - 0x00007ffcb4fca000 	C:\Windows\SYSTEM32\bcrypt.dll
0x00007ffcb4690000 - 0x00007ffcb469c000 	C:\Windows\SYSTEM32\CRYPTBASE.dll
0x00007ffcb3830000 - 0x00007ffcb3863000 	C:\Windows\SYSTEM32\IPHLPAPI.DLL
0x00007ffcb6490000 - 0x00007ffcb649a000 	C:\Windows\System32\NSI.dll
0x00007ffc915d0000 - 0x00007ffc91619000 	C:\Users\16696\AppData\Local\Temp\jna-46914958\jna11354098383788987947.dll
0x00007ffcb6be0000 - 0x00007ffcb6be8000 	C:\Windows\System32\PSAPI.DLL
0x00007ffcaded0000 - 0x00007ffcadeed000 	C:\Windows\SYSTEM32\dhcpcsvc6.DLL
0x00007ffcadea0000 - 0x00007ffcadec5000 	C:\Windows\SYSTEM32\dhcpcsvc.DLL
0x00007ffc937e0000 - 0x00007ffc93807000 	C:\Users\16696\.gradle\native\660c5614fbf4a5f2a75b1949f50a0caf5cd603558e7d8a26e50b933a0cfb79d1\windows-amd64\native-platform.dll
0x00007ffcacd60000 - 0x00007ffcacd6a000 	C:\Users\16696\.trae-cn\extensions\redhat.java-1.55.0-win32-x64\jre\21.0.11-win32-x86_64\bin\management.dll
0x00007ffca6d30000 - 0x00007ffca6d3c000 	C:\Users\16696\.trae-cn\extensions\redhat.java-1.55.0-win32-x64\jre\21.0.11-win32-x86_64\bin\management_ext.dll
0x00007ffca6440000 - 0x00007ffca6449000 	C:\Users\16696\.trae-cn\extensions\redhat.java-1.55.0-win32-x64\jre\21.0.11-win32-x86_64\bin\extnet.dll
0x00007ffca68a0000 - 0x00007ffca68ae000 	C:\Users\16696\.trae-cn\extensions\redhat.java-1.55.0-win32-x64\jre\21.0.11-win32-x86_64\bin\sunmscapi.dll
0x00007ffcb5610000 - 0x00007ffcb5788000 	C:\Windows\System32\CRYPT32.dll
0x00007ffcb48b0000 - 0x00007ffcb48e0000 	C:\Windows\SYSTEM32\ncrypt.dll
0x00007ffcb4860000 - 0x00007ffcb489f000 	C:\Windows\SYSTEM32\NTASN1.dll
0x00007ffc9f470000 - 0x00007ffc9f478000 	C:\Windows\system32\wshunix.dll

JVMTI agents:
c:\Users\16696\.trae-cn\extensions\redhat.java-1.55.0-win32-x64\lombok\lombok-1.18.39-4050.jar path:c:\Users\16696\.trae-cn\extensions\redhat.java-1.55.0-win32-x64\jre\21.0.11-win32-x86_64\bin\instrument.dll, loaded, initialized, instrumentlib options:none

dbghelp: loaded successfully - version: 4.0.5 - missing functions: none
symbol engine: initialized successfully - sym options: 0x614 - pdb path: .;c:\Users\16696\.trae-cn\extensions\redhat.java-1.55.0-win32-x64\jre\21.0.11-win32-x86_64\bin;C:\Windows\SYSTEM32;C:\Windows\WinSxS\amd64_microsoft.windows.common-controls_6595b64144ccf1df_6.0.26100.8521_none_3e08b75ce33403b3;c:\Users\16696\.trae-cn\extensions\redhat.java-1.55.0-win32-x64\jre\21.0.11-win32-x86_64\bin\server;C:\Users\16696\AppData\Roaming\Trae CN\User\globalStorage\redhat.java\1.55.0\config_win\org.eclipse.equinox.launcher\org.eclipse.equinox.launcher.win32.win32.x86_64_1.3.100.v20260613-0559;C:\Users\16696\AppData\Local\Temp\jna-46914958;C:\Users\16696\.gradle\native\660c5614fbf4a5f2a75b1949f50a0caf5cd603558e7d8a26e50b933a0cfb79d1\windows-amd64

VM Arguments:
jvm_args: --add-modules=ALL-SYSTEM --add-opens=java.base/java.util=ALL-UNNAMED --add-opens=java.base/java.lang=ALL-UNNAMED --add-opens=java.base/sun.nio.fs=ALL-UNNAMED -Declipse.application=org.eclipse.jdt.ls.core.id1 -Dosgi.bundles.defaultStartLevel=4 -Declipse.product=org.eclipse.jdt.ls.core.product -Djava.import.generatesMetadataFilesAtProjectRoot=false -DDetectVMInstallationsJob.disabled=true -Dfile.encoding=utf8 -XX:+UseParallelGC -XX:GCTimeRatio=4 -XX:AdaptiveSizePolicyWeight=90 -Dsun.zip.disableMemoryMapping=true -Xmx2G -Xms100m -Xlog:disable -javaagent:c:\Users\16696\.trae-cn\extensions\redhat.java-1.55.0-win32-x64\lombok\lombok-1.18.39-4050.jar -XX:+HeapDumpOnOutOfMemoryError -XX:HeapDumpPath=c:\Users\16696\AppData\Roaming\Trae CN\User\workspaceStorage\5d727ef8ad22f51e7423316dac212d99\redhat.java -Daether.dependencyCollector.impl=bf 
java_command: c:\Users\16696\.trae-cn\extensions\redhat.java-1.55.0-win32-x64\server\plugins\org.eclipse.equinox.launcher_1.7.200.v20260619-2039.jar -configuration c:\Users\16696\AppData\Roaming\Trae CN\User\globalStorage\redhat.java\1.55.0\config_win -data c:\Users\16696\AppData\Roaming\Trae CN\User\workspaceStorage\5d727ef8ad22f51e7423316dac212d99\redhat.java\jdt_ws --pipe=\\.\pipe\lsp-30bc43f984f3db4275a36185154833b6-sock
java_class_path (initial): c:\Users\16696\.trae-cn\extensions\redhat.java-1.55.0-win32-x64\server\plugins\org.eclipse.equinox.launcher_1.7.200.v20260619-2039.jar
Launcher Type: SUN_STANDARD

[Global flags]
    uintx AdaptiveSizePolicyWeight                 = 90                                        {product} {command line}
     intx CICompilerCount                          = 4                                         {product} {ergonomic}
    uintx GCTimeRatio                              = 4                                         {product} {command line}
     bool HeapDumpOnOutOfMemoryError               = true                                   {manageable} {command line}
    ccstr HeapDumpPath                             = c:\Users\16696\AppData\Roaming\Trae CN\User\workspaceStorage\5d727ef8ad22f51e7423316dac212d99\redhat.java         {manageable} {command line}
   size_t InitialHeapSize                          = 104857600                                 {product} {command line}
   size_t MaxHeapSize                              = 2147483648                                {product} {command line}
   size_t MaxNewSize                               = 715653120                                 {product} {ergonomic}
   size_t MinHeapDeltaBytes                        = 524288                                    {product} {ergonomic}
   size_t MinHeapSize                              = 104857600                                 {product} {command line}
   size_t NewSize                                  = 34603008                                  {product} {ergonomic}
    uintx NonNMethodCodeHeapSize                   = 5839372                                {pd product} {ergonomic}
    uintx NonProfiledCodeHeapSize                  = 122909434                              {pd product} {ergonomic}
   size_t OldSize                                  = 70254592                                  {product} {ergonomic}
    uintx ProfiledCodeHeapSize                     = 122909434                              {pd product} {ergonomic}
    uintx ReservedCodeCacheSize                    = 251658240                              {pd product} {ergonomic}
     bool SegmentedCodeCache                       = true                                      {product} {ergonomic}
   size_t SoftMaxHeapSize                          = 2147483648                             {manageable} {ergonomic}
     bool UseCompressedOops                        = true                           {product lp64_product} {ergonomic}
     bool UseLargePagesIndividualAllocation        = false                                  {pd product} {ergonomic}
     bool UseParallelGC                            = true                                      {product} {command line}

Logging:
Log output configuration:
 #0: stdout all=off uptime,level,tags foldmultilines=false
 #1: stderr all=off uptime,level,tags foldmultilines=false

Release file:
JAVA_VERSION="21.0.11" 
MODULES="java.base java.compiler java.datatransfer java.xml java.prefs java.desktop java.instrument java.logging java.management java.security.sasl java.naming java.rmi java.management.rmi java.net.http java.scripting java.security.jgss java.transaction.xa java.sql java.sql.rowset java.xml.crypto java.se java.smartcardio jdk.accessibility jdk.internal.jvmstat jdk.attach jdk.charsets jdk.internal.opt jdk.zipfs jdk.compiler jdk.crypto.ec jdk.crypto.cryptoki jdk.crypto.mscapi jdk.dynalink jdk.internal.ed jdk.editpad jdk.hotspot.agent jdk.httpserver jdk.internal.le jdk.internal.vm.ci jdk.internal.vm.compiler jdk.internal.vm.compiler.management jdk.jartool jdk.javadoc jdk.jcmd jdk.management jdk.management.agent jdk.jconsole jdk.jdeps jdk.jdwp.agent jdk.jdi jdk.jfr jdk.jshell jdk.jsobject jdk.jstatd jdk.localedata jdk.management.jfr jdk.naming.dns jdk.naming.rmi jdk.net jdk.nio.mapmode jdk.random jdk.sctp jdk.security.auth jdk.security.jgss jdk.unsupported jdk.unsupported.desktop jdk.xml.dom" 

Environment Variables:
PATH=c:\Users\16696\.trae-cn\tools\trae-gopls\current;c:\Users\16696\.trae-cn\sdks\workspaces\5d727ef8\versions\node\current;c:\Users\16696\.trae-cn\sdks\versions\node\current;D:\Android\jdk-8.0.492.9-hotspot\bin;C:\Program Files (x86)\VMware\VMware Workstation\bin\;C:\Windows\system32;C:\Windows;C:\Windows\System32\Wbem;C:\Windows\System32\WindowsPowerShell\v1.0\;C:\Windows\System32\OpenSSH\;D:\Git\Git\cmd;D:\Cmake\bin;D:\Windows Kits\10\Windows Performance Toolkit\;C:\Program Files\CMake\bin;C:\Program Files\TortoiseGit\bin;C:\NXP\S32DS.3.5\S32DS\build_tools\gcc-10.2-arm32-eabi\bin;C:\Users\16696\AppData\Local\Programs\Python\Python314\Scripts\;C:\Users\16696\AppData\Local\Programs\Python\Python314\;C:\Users\16696\AppData\Local\Microsoft\WindowsApps;D:\pycharm\PyCharm 2026.1.2\bin;D:\vscode\Microsoft VS Code\bin;D:\Android\Sdk\platform-tools;;d:\Trea\Trae CN\resources\app\bin\lib
USERNAME=16696
OS=Windows_NT
PROCESSOR_IDENTIFIER=Intel64 Family 6 Model 198 Stepping 2, GenuineIntel
TMP=C:\Users\16696\AppData\Local\Temp
TEMP=C:\Users\16696\AppData\Local\Temp




Periodic native trim disabled

---------------  S Y S T E M  ---------------

OS:
 Windows 11 , 64 bit Build 26100 (10.0.26100.8521)
OS uptime: 1 days 9:04 hours
Hyper-V role detected

CPU: total 10 (initial active 10) (10 cores per cpu, 1 threads per core) family 6 model 198 stepping 2 microcode 0x118, cx8, cmov, fxsr, mmx, 3dnowpref, sse, sse2, sse3, ssse3, sse4.1, sse4.2, popcnt, lzcnt, tsc, tscinvbit, avx, avx2, aes, erms, clmul, bmi1, bmi2, adx, sha, fma, vzeroupper, clflush, clflushopt, clwb, hv, serialize, rdtscp, rdpid, fsrm, f16c, cet_ibt, cet_ss
Processor Information for processor 0
  Max Mhz: 3300, Current Mhz: 3300, Mhz Limit: 3300
Processor Information for processor 1
  Max Mhz: 3300, Current Mhz: 3300, Mhz Limit: 3300
Processor Information for processor 2
  Max Mhz: 2700, Current Mhz: 2700, Mhz Limit: 2700
Processor Information for processor 3
  Max Mhz: 2700, Current Mhz: 2700, Mhz Limit: 2700
Processor Information for processor 4
  Max Mhz: 2700, Current Mhz: 2700, Mhz Limit: 2700
Processor Information for processor 5
  Max Mhz: 2700, Current Mhz: 2700, Mhz Limit: 2700
Processor Information for processor 6
  Max Mhz: 3300, Current Mhz: 3300, Mhz Limit: 3300
Processor Information for processor 7
  Max Mhz: 3300, Current Mhz: 3300, Mhz Limit: 3300
Processor Information for processor 8
  Max Mhz: 3300, Current Mhz: 3300, Mhz Limit: 3300
Processor Information for processor 9
  Max Mhz: 3300, Current Mhz: 3300, Mhz Limit: 3300

Memory: 4k page, system-wide physical 15751M (824M free)
TotalPageFile size 54151M (AvailPageFile size 0M)
current process WorkingSet (physical memory assigned to process): 95M, peak: 315M
current process commit charge ("private bytes"): 376M, peak: 424M

vm_info: OpenJDK 64-Bit Server VM (21.0.11+10-LTS) for windows-amd64 JRE (21.0.11+10-LTS), built on 2026-04-21T00:00:00Z by "admin" with MS VC++ 17.12 (VS2022)

END.
