#
# There is insufficient memory for the Java Runtime Environment to continue.
# Native memory allocation (mmap) failed to map 69206016 bytes. Error detail: G1 virtual space
# Possible reasons:
#   The system is out of physical RAM or swap space
#   This process is running with CompressedOops enabled, and the Java Heap may be blocking the growth of the native heap
# Possible solutions:
#   Reduce memory load on the system
#   Increase physical memory or swap space
#   Check if swap backing store is full
#   Decrease Java heap size (-Xmx/-Xms)
#   Decrease number of Java threads
#   Decrease Java thread stack sizes (-Xss)
#   Set larger code cache with -XX:ReservedCodeCacheSize=
#   JVM is running with Unscaled Compressed Oops mode in which the Java heap is
#     placed in the first 4GB address space. The Java Heap base address is the
#     maximum limit for the native heap growth. Please use -XX:HeapBaseMinAddress
#     to set the Java Heap base and to place the Java Heap above 4GB virtual address.
# This output file may be truncated or incomplete.
#
#  Out of Memory Error (os_windows.cpp:3690), pid=22480, tid=25432
#
# JRE version: OpenJDK Runtime Environment Microsoft-13877129 (17.0.19+10) (build 17.0.19+10-LTS)
# Java VM: OpenJDK 64-Bit Server VM Microsoft-13877129 (17.0.19+10-LTS, mixed mode, sharing, tiered, compressed oops, compressed class ptrs, g1 gc, windows-amd64)
# No core dump will be written. Minidumps are not enabled by default on client versions of Windows
#

---------------  S U M M A R Y ------------

Command Line: --add-opens=java.base/java.lang=ALL-UNNAMED --add-opens=java.base/java.lang.invoke=ALL-UNNAMED --add-opens=java.base/java.util=ALL-UNNAMED --add-opens=java.prefs/java.util.prefs=ALL-UNNAMED --add-exports=jdk.compiler/com.sun.tools.javac.api=ALL-UNNAMED --add-exports=jdk.compiler/com.sun.tools.javac.util=ALL-UNNAMED --add-opens=java.base/java.util=ALL-UNNAMED --add-opens=java.prefs/java.util.prefs=ALL-UNNAMED --add-opens=java.base/java.nio.charset=ALL-UNNAMED --add-opens=java.base/java.net=ALL-UNNAMED --add-opens=java.base/java.util.concurrent=ALL-UNNAMED --add-opens=java.base/java.util.concurrent.atomic=ALL-UNNAMED --add-opens=java.xml/javax.xml.namespace=ALL-UNNAMED --add-opens=java.base/java.time=ALL-UNNAMED -Xmx2048m -Dfile.encoding=UTF-8 -Duser.country=CN -Duser.language=zh -Duser.variant -javaagent:C:\Users\16696\.gradle\wrapper\dists\gradle-9.4.1-bin\arn2x92ynaizyzdaamcbpbhtj\gradle-9.4.1\lib\agents\gradle-instrumentation-agent-9.4.1.jar org.gradle.launcher.daemon.bootstrap.GradleDaemon 9.4.1

Host: Intel(R) Core(TM) Ultra 5 225, 10 cores, 15G,  Windows 11 , 64 bit Build 26100 (10.0.26100.8521)
Time: Tue Jul 14 11:56:25 2026  Windows 11 , 64 bit Build 26100 (10.0.26100.8521) elapsed time: 9.113320 seconds (0d 0h 0m 9s)

---------------  T H R E A D  ---------------

Current thread (0x000001e4e8874290):  VMThread "VM Thread" [stack: 0x000000a4fa300000,0x000000a4fa400000] [id=25432]

Stack: [0x000000a4fa300000,0x000000a4fa400000]
Native frames: (J=compiled Java code, j=interpreted, Vv=VM code, C=native code)
V  [jvm.dll+0x68cc89]  (no source info available)
V  [jvm.dll+0x845d89]  (no source info available)
V  [jvm.dll+0x847af8]  (no source info available)
V  [jvm.dll+0x848183]  (no source info available)
V  [jvm.dll+0x24d0bf]  (no source info available)
V  [jvm.dll+0x68c089]  (no source info available)
V  [jvm.dll+0x68064a]  (no source info available)
V  [jvm.dll+0x3102f0]  (no source info available)
V  [jvm.dll+0x310192]  (no source info available)
V  [jvm.dll+0x317709]  (no source info available)
V  [jvm.dll+0x369b09]  (no source info available)
V  [jvm.dll+0x369d3d]  (no source info available)
V  [jvm.dll+0x2e6afa]  (no source info available)
V  [jvm.dll+0x2e4ef1]  (no source info available)
V  [jvm.dll+0x2e468c]  (no source info available)
V  [jvm.dll+0x32903b]  (no source info available)
V  [jvm.dll+0x84ca0d]  (no source info available)
V  [jvm.dll+0x84d723]  (no source info available)
V  [jvm.dll+0x84dc54]  (no source info available)
V  [jvm.dll+0x84e038]  (no source info available)
V  [jvm.dll+0x84e12e]  (no source info available)
V  [jvm.dll+0x7f62cc]  (no source info available)
V  [jvm.dll+0x68e227]  (no source info available)
C  [ucrtbase.dll+0x2cd30]  (no source info available)
C  [KERNEL32.DLL+0x2e957]  (no source info available)
C  [ntdll.dll+0x87c1c]  (no source info available)

VM_Operation (0x000000a4ff3fd0e0): G1CollectForAllocation, mode: safepoint, requested by thread 0x000001e4f3dd7570


---------------  P R O C E S S  ---------------

Threads class SMR info:
_java_thread_list=0x000001e4f00010d0, length=78, elements={
0x000001e4ca296ba0, 0x000001e4e8878690, 0x000001e4e8879160, 0x000001e4e888f6d0,
0x000001e4e888ffa0, 0x000001e4e8890870, 0x000001e4e8891140, 0x000001e4e8891d40,
0x000001e4e8892a60, 0x000001e4e889afc0, 0x000001e4e885fef0, 0x000001e4e8bcb1f0,
0x000001e4e8c0e0c0, 0x000001e4ef09e470, 0x000001e4ef642040, 0x000001e4ef0a92c0,
0x000001e4eeb68ca0, 0x000001e4ef67a6e0, 0x000001e4ef67b3e0, 0x000001e4eef5ecd0,
0x000001e4ef16ef60, 0x000001e4ef16f470, 0x000001e4ef16f980, 0x000001e4ef16fe90,
0x000001e4ef1703a0, 0x000001e4ef1708b0, 0x000001e4f0e2cbb0, 0x000001e4f0e2dff0,
0x000001e4f0e2dae0, 0x000001e4f0e2e500, 0x000001e4f0e2f940, 0x000001e4f0e2ea10,
0x000001e4f0e2d0c0, 0x000001e4f0e2ef20, 0x000001e4f0e2f430, 0x000001e4f0e2c190,
0x000001e4f0e2fe50, 0x000001e4f0e33600, 0x000001e4f0e30870, 0x000001e4f0e31cb0,
0x000001e4f0e33b10, 0x000001e4f0e30d80, 0x000001e4f0e317a0, 0x000001e4f0e30360,
0x000001e4f0e326d0, 0x000001e4f304ea00, 0x000001e4f3089060, 0x000001e4f304dad0,
0x000001e4f304c690, 0x000001e4f304ef10, 0x000001e4f304b760, 0x000001e4f30521b0,
0x000001e4f3050d70, 0x000001e4f3051280, 0x000001e4f3051ca0, 0x000001e4f30526c0,
0x000001e4f304f930, 0x000001e4f3050860, 0x000001e4f304fe40, 0x000001e4f304f420,
0x000001e4f3050350, 0x000001e4f3dd7a80, 0x000001e4f3dd9df0, 0x000001e4f3dd7060,
0x000001e4f3dd7f90, 0x000001e4f3dda300, 0x000001e4f3dda810, 0x000001e4f3ddad20,
0x000001e4f3dd8ec0, 0x000001e4f3dd7570, 0x000001e4f3ddb230, 0x000001e4f3ddb740,
0x000001e4f3ddbc50, 0x000001e4f3dd84a0, 0x000001e4f3dd93d0, 0x000001e4f3ddc160,
0x000001e4f3dd89b0, 0x000001e4f3ddd090
}

Java Threads: ( => current thread )
  0x000001e4ca296ba0 JavaThread "main" [_thread_blocked, id=11848, stack(0x000000a4f9d00000,0x000000a4f9e00000)]
  0x000001e4e8878690 JavaThread "Reference Handler" daemon [_thread_blocked, id=18620, stack(0x000000a4fa400000,0x000000a4fa500000)]
  0x000001e4e8879160 JavaThread "Finalizer" daemon [_thread_blocked, id=19796, stack(0x000000a4fa500000,0x000000a4fa600000)]
  0x000001e4e888f6d0 JavaThread "Signal Dispatcher" daemon [_thread_blocked, id=23144, stack(0x000000a4fa600000,0x000000a4fa700000)]
  0x000001e4e888ffa0 JavaThread "Attach Listener" daemon [_thread_blocked, id=21900, stack(0x000000a4fa700000,0x000000a4fa800000)]
  0x000001e4e8890870 JavaThread "Service Thread" daemon [_thread_blocked, id=1488, stack(0x000000a4fa800000,0x000000a4fa900000)]
  0x000001e4e8891140 JavaThread "Monitor Deflation Thread" daemon [_thread_blocked, id=14256, stack(0x000000a4fa900000,0x000000a4faa00000)]
  0x000001e4e8891d40 JavaThread "C2 CompilerThread0" daemon [_thread_blocked, id=7268, stack(0x000000a4faa00000,0x000000a4fab00000)]
  0x000001e4e8892a60 JavaThread "C1 CompilerThread0" daemon [_thread_blocked, id=4308, stack(0x000000a4fab00000,0x000000a4fac00000)]
  0x000001e4e889afc0 JavaThread "Sweeper thread" daemon [_thread_blocked, id=25100, stack(0x000000a4fac00000,0x000000a4fad00000)]
  0x000001e4e885fef0 JavaThread "Common-Cleaner" daemon [_thread_blocked, id=21840, stack(0x000000a4fad00000,0x000000a4fae00000)]
  0x000001e4e8bcb1f0 JavaThread "C2 CompilerThread1" daemon [_thread_blocked, id=25412, stack(0x000000a4fae00000,0x000000a4faf00000)]
  0x000001e4e8c0e0c0 JavaThread "Notification Thread" daemon [_thread_blocked, id=9800, stack(0x000000a4faf00000,0x000000a4fb000000)]
  0x000001e4ef09e470 JavaThread "Daemon health stats" [_thread_blocked, id=23248, stack(0x000000a4fb600000,0x000000a4fb700000)]
  0x000001e4ef642040 JavaThread "Incoming local TCP Connector on port 57408" [_thread_in_native, id=18816, stack(0x000000a4fb700000,0x000000a4fb800000)]
  0x000001e4ef0a92c0 JavaThread "Daemon periodic checks" [_thread_blocked, id=6452, stack(0x000000a4fb800000,0x000000a4fb900000)]
  0x000001e4eeb68ca0 JavaThread "Daemon" [_thread_blocked, id=3656, stack(0x000000a4fb900000,0x000000a4fba00000)]
  0x000001e4ef67a6e0 JavaThread "Handler for socket connection from /127.0.0.1:57408 to /127.0.0.1:57409" [_thread_in_native, id=25496, stack(0x000000a4fba00000,0x000000a4fbb00000)]
  0x000001e4ef67b3e0 JavaThread "Cancel handler" [_thread_blocked, id=9864, stack(0x000000a4fbb00000,0x000000a4fbc00000)]
  0x000001e4eef5ecd0 JavaThread "Daemon worker" [_thread_blocked, id=11352, stack(0x000000a4fbc00000,0x000000a4fbd00000)]
  0x000001e4ef16ef60 JavaThread "Asynchronous log dispatcher for DefaultDaemonConnection: socket connection from /127.0.0.1:57408 to /127.0.0.1:57409" [_thread_blocked, id=24152, stack(0x000000a4fbd00000,0x000000a4fbe00000)]
  0x000001e4ef16f470 JavaThread "Stdin handler" [_thread_blocked, id=11004, stack(0x000000a4fbe00000,0x000000a4fbf00000)]
  0x000001e4ef16f980 JavaThread "Daemon client event forwarder" [_thread_blocked, id=15688, stack(0x000000a4fbf00000,0x000000a4fc000000)]
  0x000001e4ef16fe90 JavaThread "Cache worker for journal cache (C:\Users\16696\.gradle\caches\journal-1)" [_thread_blocked, id=9712, stack(0x000000a4fc000000,0x000000a4fc100000)]
  0x000001e4ef1703a0 JavaThread "File lock request listener" [_thread_in_native, id=11032, stack(0x000000a4fc100000,0x000000a4fc200000)]
  0x000001e4ef1708b0 JavaThread "Cache worker for file hash cache (C:\Users\16696\.gradle\caches\9.4.1\fileHashes)" [_thread_blocked, id=22812, stack(0x000000a4fc200000,0x000000a4fc300000)]
  0x000001e4f0e2cbb0 JavaThread "Cache worker for file hash cache (D:\Code\Application\music1\.gradle\9.4.1\fileHashes)" [_thread_blocked, id=14216, stack(0x000000a4fc800000,0x000000a4fc900000)]
  0x000001e4f0e2dff0 JavaThread "Cache worker for Build Output Cleanup Cache (D:\Code\Application\music1\.gradle\buildOutputCleanup)" [_thread_blocked, id=20468, stack(0x000000a4fc900000,0x000000a4fca00000)]
  0x000001e4f0e2dae0 JavaThread "File watcher server" daemon [_thread_blocked, id=22372, stack(0x000000a4fca00000,0x000000a4fcb00000)]
  0x000001e4f0e2e500 JavaThread "File watcher consumer" daemon [_thread_blocked, id=12072, stack(0x000000a4fcb00000,0x000000a4fcc00000)]
  0x000001e4f0e2f940 JavaThread "Cache worker for file content cache (C:\Users\16696\.gradle\caches\9.4.1\fileContent)" [_thread_blocked, id=2976, stack(0x000000a4fcc00000,0x000000a4fcd00000)]
  0x000001e4f0e2ea10 JavaThread "Cache worker for checksums cache (D:\Code\Application\music1\.gradle\9.4.1\checksums)" [_thread_blocked, id=18900, stack(0x000000a4fce00000,0x000000a4fcf00000)]
  0x000001e4f0e2d0c0 JavaThread "Cache worker for cache directory md-supplier (C:\Users\16696\.gradle\caches\9.4.1\md-supplier)" [_thread_blocked, id=10988, stack(0x000000a4fcf00000,0x000000a4fd000000)]
  0x000001e4f0e2ef20 JavaThread "Cache worker for cache directory md-rule (C:\Users\16696\.gradle\caches\9.4.1\md-rule)" [_thread_blocked, id=20432, stack(0x000000a4fd000000,0x000000a4fd100000)]
  0x000001e4f0e2f430 JavaThread "Build operations" [_thread_blocked, id=22776, stack(0x000000a4fd100000,0x000000a4fd200000)]
  0x000001e4f0e2c190 JavaThread "Build operations Thread 2" [_thread_blocked, id=20548, stack(0x000000a4fd200000,0x000000a4fd300000)]
  0x000001e4f0e2fe50 JavaThread "Build operations Thread 3" [_thread_blocked, id=7444, stack(0x000000a4fd300000,0x000000a4fd400000)]
  0x000001e4f0e33600 JavaThread "Build operations Thread 4" [_thread_blocked, id=23656, stack(0x000000a4fd400000,0x000000a4fd500000)]
  0x000001e4f0e30870 JavaThread "Build operations Thread 5" [_thread_blocked, id=21704, stack(0x000000a4fd500000,0x000000a4fd600000)]
  0x000001e4f0e31cb0 JavaThread "Build operations Thread 6" [_thread_blocked, id=3112, stack(0x000000a4fd600000,0x000000a4fd700000)]
  0x000001e4f0e33b10 JavaThread "Build operations Thread 7" [_thread_blocked, id=19896, stack(0x000000a4fd700000,0x000000a4fd800000)]
  0x000001e4f0e30d80 JavaThread "Build operations Thread 8" [_thread_blocked, id=18804, stack(0x000000a4fd800000,0x000000a4fd900000)]
  0x000001e4f0e317a0 JavaThread "Build operations Thread 9" [_thread_blocked, id=21260, stack(0x000000a4fd900000,0x000000a4fda00000)]
  0x000001e4f0e30360 JavaThread "Build operations Thread 10" [_thread_blocked, id=4344, stack(0x000000a4fda00000,0x000000a4fdb00000)]
  0x000001e4f0e326d0 JavaThread "Memory manager" [_thread_blocked, id=25532, stack(0x000000a4fb100000,0x000000a4fb200000)]
  0x000001e4f304ea00 JavaThread "build event listener" [_thread_blocked, id=20960, stack(0x000000a4fdb00000,0x000000a4fdc00000)]
  0x000001e4f3089060 JavaThread "C2 CompilerThread2" daemon [_thread_blocked, id=23480, stack(0x000000a4fdc00000,0x000000a4fdd00000)]
  0x000001e4f304dad0 JavaThread "included builds" [_thread_blocked, id=12368, stack(0x000000a4fdd00000,0x000000a4fde00000)]
  0x000001e4f304c690 JavaThread "Execution worker" [_thread_blocked, id=15012, stack(0x000000a4fde00000,0x000000a4fdf00000)]
  0x000001e4f304ef10 JavaThread "Execution worker Thread 2" [_thread_blocked, id=18588, stack(0x000000a4fdf00000,0x000000a4fe000000)]
  0x000001e4f304b760 JavaThread "Execution worker Thread 3" [_thread_blocked, id=21004, stack(0x000000a4fe000000,0x000000a4fe100000)]
  0x000001e4f30521b0 JavaThread "Execution worker Thread 4" [_thread_blocked, id=9720, stack(0x000000a4fe100000,0x000000a4fe200000)]
  0x000001e4f3050d70 JavaThread "Execution worker Thread 5" [_thread_blocked, id=16712, stack(0x000000a4fe200000,0x000000a4fe300000)]
  0x000001e4f3051280 JavaThread "Execution worker Thread 6" [_thread_blocked, id=6436, stack(0x000000a4fe300000,0x000000a4fe400000)]
  0x000001e4f3051ca0 JavaThread "Execution worker Thread 7" [_thread_blocked, id=2648, stack(0x000000a4fe400000,0x000000a4fe500000)]
  0x000001e4f30526c0 JavaThread "Execution worker Thread 8" [_thread_blocked, id=18116, stack(0x000000a4fe500000,0x000000a4fe600000)]
  0x000001e4f304f930 JavaThread "Execution worker Thread 9" [_thread_blocked, id=23508, stack(0x000000a4fe600000,0x000000a4fe700000)]
  0x000001e4f3050860 JavaThread "Cache worker for execution history cache (D:\Code\Application\music1\.gradle\9.4.1\executionHistory)" [_thread_blocked, id=22380, stack(0x000000a4fe700000,0x000000a4fe800000)]
  0x000001e4f304fe40 JavaThread "WorkerExecutor Queue" [_thread_blocked, id=14184, stack(0x000000a4fe800000,0x000000a4fe900000)]
  0x000001e4f304f420 JavaThread "WorkerExecutor Queue Thread 2" [_thread_blocked, id=13588, stack(0x000000a4fe900000,0x000000a4fea00000)]
  0x000001e4f3050350 JavaThread "WorkerExecutor Queue Thread 3" [_thread_blocked, id=23040, stack(0x000000a4fea00000,0x000000a4feb00000)]
  0x000001e4f3dd7a80 JavaThread "WorkerExecutor Queue Thread 4" [_thread_blocked, id=20920, stack(0x000000a4feb00000,0x000000a4fec00000)]
  0x000001e4f3dd9df0 JavaThread "WorkerExecutor Queue Thread 5" [_thread_blocked, id=18516, stack(0x000000a4fec00000,0x000000a4fed00000)]
  0x000001e4f3dd7060 JavaThread "WorkerExecutor Queue Thread 6" [_thread_blocked, id=18792, stack(0x000000a4fed00000,0x000000a4fee00000)]
  0x000001e4f3dd7f90 JavaThread "WorkerExecutor Queue Thread 7" [_thread_blocked, id=25568, stack(0x000000a4fee00000,0x000000a4fef00000)]
  0x000001e4f3dda300 JavaThread "WorkerExecutor Queue Thread 8" [_thread_blocked, id=18324, stack(0x000000a4fef00000,0x000000a4ff000000)]
  0x000001e4f3dda810 JavaThread "WorkerExecutor Queue Thread 9" [_thread_blocked, id=3764, stack(0x000000a4ff000000,0x000000a4ff100000)]
  0x000001e4f3ddad20 JavaThread "WorkerExecutor Queue Thread 10" [_thread_blocked, id=22816, stack(0x000000a4ff100000,0x000000a4ff200000)]
  0x000001e4f3dd8ec0 JavaThread "ForkJoinPool-1-worker-1" daemon [_thread_blocked, id=25020, stack(0x000000a4ff200000,0x000000a4ff300000)]
  0x000001e4f3dd7570 JavaThread "ForkJoinPool-1-worker-2" daemon [_thread_blocked, id=10404, stack(0x000000a4ff300000,0x000000a4ff400000)]
  0x000001e4f3ddb230 JavaThread "ForkJoinPool-1-worker-3" daemon [_thread_blocked, id=8252, stack(0x000000a4ff400000,0x000000a4ff500000)]
  0x000001e4f3ddb740 JavaThread "ForkJoinPool-1-worker-4" daemon [_thread_blocked, id=22024, stack(0x000000a4ff500000,0x000000a4ff600000)]
  0x000001e4f3ddbc50 JavaThread "ForkJoinPool-1-worker-5" daemon [_thread_blocked, id=13560, stack(0x000000a4ff600000,0x000000a4ff700000)]
  0x000001e4f3dd84a0 JavaThread "ForkJoinPool-1-worker-6" daemon [_thread_blocked, id=20448, stack(0x000000a4ff700000,0x000000a4ff800000)]
  0x000001e4f3dd93d0 JavaThread "ForkJoinPool-1-worker-7" daemon [_thread_blocked, id=15128, stack(0x000000a4ff800000,0x000000a4ff900000)]
  0x000001e4f3ddc160 JavaThread "ForkJoinPool-1-worker-8" daemon [_thread_blocked, id=14980, stack(0x000000a4ff900000,0x000000a4ffa00000)]
  0x000001e4f3dd89b0 JavaThread "ForkJoinPool-1-worker-9" daemon [_thread_blocked, id=16168, stack(0x000000a4ffa00000,0x000000a4ffb00000)]
  0x000001e4f3ddd090 JavaThread "ForkJoinPool-1-worker-10" daemon [_thread_blocked, id=24424, stack(0x000000a4ffb00000,0x000000a4ffc00000)]

Other Threads:
=>0x000001e4e8874290 VMThread "VM Thread" [stack: 0x000000a4fa300000,0x000000a4fa400000] [id=25432]
  0x000001e4ca297930 WatcherThread [stack: 0x000000a4fb000000,0x000000a4fb100000] [id=10572]
  0x000001e4ca2f4ab0 GCTaskThread "GC Thread#0" [stack: 0x000000a4f9e00000,0x000000a4f9f00000] [id=3168]
  0x000001e4edded060 GCTaskThread "GC Thread#1" [stack: 0x000000a4fb200000,0x000000a4fb300000] [id=23276]
  0x000001e4edded330 GCTaskThread "GC Thread#2" [stack: 0x000000a4fb300000,0x000000a4fb400000] [id=11996]
  0x000001e4edbac630 GCTaskThread "GC Thread#3" [stack: 0x000000a4fb400000,0x000000a4fb500000] [id=19872]
  0x000001e4edbac900 GCTaskThread "GC Thread#4" [stack: 0x000000a4fb500000,0x000000a4fb600000] [id=1416]
  0x000001e4edeef030 GCTaskThread "GC Thread#5" [stack: 0x000000a4fc300000,0x000000a4fc400000] [id=19144]
  0x000001e4edeeed60 GCTaskThread "GC Thread#6" [stack: 0x000000a4fc400000,0x000000a4fc500000] [id=10172]
  0x000001e4edeef300 GCTaskThread "GC Thread#7" [stack: 0x000000a4fc500000,0x000000a4fc600000] [id=19252]
  0x000001e4edeef5d0 GCTaskThread "GC Thread#8" [stack: 0x000000a4fc600000,0x000000a4fc700000] [id=21408]
  0x000001e4ca307600 ConcurrentGCThread "G1 Main Marker" [stack: 0x000000a4f9f00000,0x000000a4fa000000] [id=3712]
  0x000001e4ca3086d0 ConcurrentGCThread "G1 Conc#0" [stack: 0x000000a4fa000000,0x000000a4fa100000] [id=20508]
  0x000001e4edeef8a0 ConcurrentGCThread "G1 Conc#1" [stack: 0x000000a4fc700000,0x000000a4fc800000] [id=11244]
  0x000001e4e879e080 ConcurrentGCThread "G1 Refine#0" [stack: 0x000000a4fa100000,0x000000a4fa200000] [id=24240]
  0x000001e4ef09d390 ConcurrentGCThread "G1 Refine#1" [stack: 0x000000a4fcd00000,0x000000a4fce00000] [id=19056]
  0x000001e4e879fb80 ConcurrentGCThread "G1 Service" [stack: 0x000000a4fa200000,0x000000a4fa300000] [id=17040]

Threads with active compile tasks:
C2 CompilerThread0  9139 11688       4       com.android.tools.r8.graph.h8::e (267 bytes)
C1 CompilerThread0  9139 11699       3       sun.nio.fs.WindowsPathParser::normalize (233 bytes)
C2 CompilerThread1  9139 11701       4       com.android.tools.r8.graph.p9::a (175 bytes)
C2 CompilerThread2  9139 11719   !   4       java.util.concurrent.ConcurrentHashMap::transfer (849 bytes)

VM state: at safepoint (normal execution)

VM Mutex/Monitor currently owned by a thread:  ([mutex/lock_event])
[0x000001e4c7f042e0] Threads_lock - owner thread: 0x000001e4e8874290
[0x000001e4ca294050] Heap_lock - owner thread: 0x000001e4f3dd7570

Heap address: 0x0000000080000000, size: 2048 MB, Compressed Oops mode: 32-bit

CDS archive(s) mapped at: [0x000001e480000000-0x000001e480bb0000-0x000001e480bb0000), size 12255232, SharedBaseAddress: 0x000001e480000000, ArchiveRelocationMode: 1.
Compressed class space mapped at: 0x000001e481000000-0x000001e4c1000000, reserved size: 1073741824
Narrow klass base: 0x000001e480000000, Narrow klass shift: 0, Narrow klass range: 0x100000000

GC Precious Log:
 CPUs: 10 total, 10 available
 Memory: 15751M
 Large Page Support: Disabled
 NUMA Support: Disabled
 Compressed Oops: Enabled (32-bit)
 Heap Region Size: 1M
 Heap Min Capacity: 8M
 Heap Initial Capacity: 248M
 Heap Max Capacity: 2G
 Pre-touch: Disabled
 Parallel Workers: 9
 Concurrent Workers: 2
 Concurrent Refinement Workers: 9
 Periodic GC: Disabled

Heap:
 garbage-first heap   total 253952K, used 115630K [0x0000000080000000, 0x0000000100000000)
  region size 1024K, 5 young (5120K), 5 survivors (5120K)
 Metaspace       used 98092K, committed 99008K, reserved 1179648K
  class space    used 13730K, committed 14208K, reserved 1048576K

Heap Regions: E=young(eden), S=young(survivor), O=old, HS=humongous(starts), HC=humongous(continues), CS=collection set, F=free, OA=open archive, CA=closed archive, TAMS=top-at-mark-start (previous, next)
|   0|0x0000000080000000, 0x0000000080100000, 0x0000000080100000|100%|HS|  |TAMS 0x0000000080100000, 0x0000000080100000| Complete 
|   1|0x0000000080100000, 0x0000000080200000, 0x0000000080200000|100%|HC|  |TAMS 0x0000000080200000, 0x0000000080200000| Complete 
|   2|0x0000000080200000, 0x0000000080300000, 0x0000000080300000|100%|HC|  |TAMS 0x0000000080300000, 0x0000000080300000| Complete 
|   3|0x0000000080300000, 0x0000000080400000, 0x0000000080400000|100%|HC|  |TAMS 0x0000000080400000, 0x0000000080400000| Complete 
|   4|0x0000000080400000, 0x0000000080500000, 0x0000000080500000|100%| O|  |TAMS 0x0000000080500000, 0x0000000080500000| Untracked 
|   5|0x0000000080500000, 0x0000000080600000, 0x0000000080600000|100%| O|  |TAMS 0x0000000080600000, 0x0000000080600000| Untracked 
|   6|0x0000000080600000, 0x0000000080700000, 0x0000000080700000|100%| O|  |TAMS 0x0000000080700000, 0x0000000080700000| Untracked 
|   7|0x0000000080700000, 0x0000000080800000, 0x0000000080800000|100%| O|  |TAMS 0x0000000080800000, 0x0000000080800000| Untracked 
|   8|0x0000000080800000, 0x0000000080900000, 0x0000000080900000|100%|HS|  |TAMS 0x0000000080900000, 0x0000000080900000| Complete 
|   9|0x0000000080900000, 0x0000000080a00000, 0x0000000080a00000|100%| O|  |TAMS 0x0000000080a00000, 0x0000000080a00000| Untracked 
|  10|0x0000000080a00000, 0x0000000080b00000, 0x0000000080b00000|100%| O|  |TAMS 0x0000000080b00000, 0x0000000080b00000| Untracked 
|  11|0x0000000080b00000, 0x0000000080c00000, 0x0000000080c00000|100%| O|  |TAMS 0x0000000080c00000, 0x0000000080c00000| Untracked 
|  12|0x0000000080c00000, 0x0000000080d00000, 0x0000000080d00000|100%| O|  |TAMS 0x0000000080d00000, 0x0000000080d00000| Untracked 
|  13|0x0000000080d00000, 0x0000000080e00000, 0x0000000080e00000|100%| O|  |TAMS 0x0000000080e00000, 0x0000000080e00000| Untracked 
|  14|0x0000000080e00000, 0x0000000080f00000, 0x0000000080f00000|100%| O|  |TAMS 0x0000000080f00000, 0x0000000080f00000| Untracked 
|  15|0x0000000080f00000, 0x0000000081000000, 0x0000000081000000|100%| O|  |TAMS 0x0000000081000000, 0x0000000081000000| Untracked 
|  16|0x0000000081000000, 0x0000000081100000, 0x0000000081100000|100%| O|  |TAMS 0x0000000081100000, 0x0000000081100000| Untracked 
|  17|0x0000000081100000, 0x0000000081200000, 0x0000000081200000|100%| O|  |TAMS 0x0000000081200000, 0x0000000081200000| Untracked 
|  18|0x0000000081200000, 0x0000000081300000, 0x0000000081300000|100%| O|  |TAMS 0x0000000081300000, 0x0000000081300000| Untracked 
|  19|0x0000000081300000, 0x0000000081400000, 0x0000000081400000|100%| O|  |TAMS 0x0000000081400000, 0x0000000081400000| Untracked 
|  20|0x0000000081400000, 0x0000000081500000, 0x0000000081500000|100%| O|  |TAMS 0x0000000081500000, 0x0000000081500000| Untracked 
|  21|0x0000000081500000, 0x0000000081600000, 0x0000000081600000|100%| O|  |TAMS 0x0000000081600000, 0x0000000081600000| Untracked 
|  22|0x0000000081600000, 0x0000000081700000, 0x0000000081700000|100%| O|  |TAMS 0x0000000081700000, 0x0000000081700000| Untracked 
|  23|0x0000000081700000, 0x0000000081800000, 0x0000000081800000|100%| O|  |TAMS 0x0000000081800000, 0x0000000081800000| Untracked 
|  24|0x0000000081800000, 0x0000000081900000, 0x0000000081900000|100%|HS|  |TAMS 0x0000000081900000, 0x0000000081900000| Complete 
|  25|0x0000000081900000, 0x0000000081a00000, 0x0000000081a00000|100%| O|  |TAMS 0x0000000081a00000, 0x0000000081a00000| Untracked 
|  26|0x0000000081a00000, 0x0000000081b00000, 0x0000000081b00000|100%| O|  |TAMS 0x0000000081b00000, 0x0000000081b00000| Untracked 
|  27|0x0000000081b00000, 0x0000000081c00000, 0x0000000081c00000|100%| O|  |TAMS 0x0000000081c00000, 0x0000000081c00000| Untracked 
|  28|0x0000000081c00000, 0x0000000081d00000, 0x0000000081d00000|100%| O|  |TAMS 0x0000000081d00000, 0x0000000081d00000| Untracked 
|  29|0x0000000081d00000, 0x0000000081e00000, 0x0000000081e00000|100%| O|  |TAMS 0x0000000081e00000, 0x0000000081e00000| Untracked 
|  30|0x0000000081e00000, 0x0000000081f00000, 0x0000000081f00000|100%| O|  |TAMS 0x0000000081f00000, 0x0000000081f00000| Untracked 
|  31|0x0000000081f00000, 0x0000000082000000, 0x0000000082000000|100%| O|  |TAMS 0x0000000082000000, 0x0000000082000000| Untracked 
|  32|0x0000000082000000, 0x0000000082100000, 0x0000000082100000|100%|HS|  |TAMS 0x0000000082100000, 0x0000000082100000| Complete 
|  33|0x0000000082100000, 0x0000000082200000, 0x0000000082200000|100%|HS|  |TAMS 0x0000000082200000, 0x0000000082200000| Complete 
|  34|0x0000000082200000, 0x0000000082300000, 0x0000000082300000|100%|HC|  |TAMS 0x0000000082300000, 0x0000000082300000| Complete 
|  35|0x0000000082300000, 0x0000000082400000, 0x0000000082400000|100%|HS|  |TAMS 0x0000000082400000, 0x0000000082400000| Complete 
|  36|0x0000000082400000, 0x0000000082500000, 0x0000000082500000|100%|HS|  |TAMS 0x0000000082500000, 0x0000000082500000| Complete 
|  37|0x0000000082500000, 0x0000000082600000, 0x0000000082600000|100%| O|  |TAMS 0x0000000082600000, 0x0000000082600000| Untracked 
|  38|0x0000000082600000, 0x0000000082700000, 0x0000000082700000|100%|HS|  |TAMS 0x0000000082700000, 0x0000000082700000| Complete 
|  39|0x0000000082700000, 0x0000000082800000, 0x0000000082800000|100%|HS|  |TAMS 0x0000000082800000, 0x0000000082800000| Complete 
|  40|0x0000000082800000, 0x0000000082900000, 0x0000000082900000|100%| O|  |TAMS 0x0000000082900000, 0x0000000082900000| Untracked 
|  41|0x0000000082900000, 0x0000000082a00000, 0x0000000082a00000|100%| O|  |TAMS 0x0000000082a00000, 0x0000000082a00000| Untracked 
|  42|0x0000000082a00000, 0x0000000082b00000, 0x0000000082b00000|100%| O|  |TAMS 0x0000000082b00000, 0x0000000082b00000| Untracked 
|  43|0x0000000082b00000, 0x0000000082c00000, 0x0000000082c00000|100%| O|  |TAMS 0x0000000082c00000, 0x0000000082c00000| Untracked 
|  44|0x0000000082c00000, 0x0000000082d00000, 0x0000000082d00000|100%| O|  |TAMS 0x0000000082d00000, 0x0000000082d00000| Untracked 
|  45|0x0000000082d00000, 0x0000000082e00000, 0x0000000082e00000|100%| O|  |TAMS 0x0000000082e00000, 0x0000000082e00000| Untracked 
|  46|0x0000000082e00000, 0x0000000082f00000, 0x0000000082f00000|100%| O|  |TAMS 0x0000000082f00000, 0x0000000082f00000| Untracked 
|  47|0x0000000082f00000, 0x0000000083000000, 0x0000000083000000|100%| O|  |TAMS 0x0000000083000000, 0x0000000083000000| Untracked 
|  48|0x0000000083000000, 0x0000000083100000, 0x0000000083100000|100%|HS|  |TAMS 0x0000000083100000, 0x0000000083100000| Complete 
|  49|0x0000000083100000, 0x0000000083200000, 0x0000000083200000|100%|HC|  |TAMS 0x0000000083200000, 0x0000000083200000| Complete 
|  50|0x0000000083200000, 0x0000000083300000, 0x0000000083300000|100%| O|  |TAMS 0x0000000083300000, 0x0000000083300000| Untracked 
|  51|0x0000000083300000, 0x0000000083400000, 0x0000000083400000|100%| O|  |TAMS 0x0000000083400000, 0x0000000083400000| Untracked 
|  52|0x0000000083400000, 0x0000000083500000, 0x0000000083500000|100%| O|  |TAMS 0x0000000083500000, 0x0000000083500000| Untracked 
|  53|0x0000000083500000, 0x0000000083600000, 0x0000000083600000|100%| O|  |TAMS 0x0000000083600000, 0x0000000083600000| Untracked 
|  54|0x0000000083600000, 0x0000000083700000, 0x0000000083700000|100%| O|  |TAMS 0x0000000083700000, 0x0000000083700000| Untracked 
|  55|0x0000000083700000, 0x0000000083800000, 0x0000000083800000|100%| O|  |TAMS 0x0000000083800000, 0x0000000083800000| Untracked 
|  56|0x0000000083800000, 0x0000000083900000, 0x0000000083900000|100%| O|  |TAMS 0x0000000083800000, 0x0000000083900000| Untracked 
|  57|0x0000000083900000, 0x0000000083a00000, 0x0000000083a00000|100%| O|  |TAMS 0x0000000083921000, 0x0000000083a00000| Untracked 
|  58|0x0000000083a00000, 0x0000000083b00000, 0x0000000083b00000|100%| O|  |TAMS 0x0000000083a00000, 0x0000000083b00000| Untracked 
|  59|0x0000000083b00000, 0x0000000083c00000, 0x0000000083c00000|100%| O|  |TAMS 0x0000000083b00000, 0x0000000083c00000| Untracked 
|  60|0x0000000083c00000, 0x0000000083d00000, 0x0000000083d00000|100%| O|  |TAMS 0x0000000083c00000, 0x0000000083d00000| Untracked 
|  61|0x0000000083d00000, 0x0000000083e00000, 0x0000000083e00000|100%| O|  |TAMS 0x0000000083d00000, 0x0000000083e00000| Untracked 
|  62|0x0000000083e00000, 0x0000000083f00000, 0x0000000083f00000|100%|HS|  |TAMS 0x0000000083e00000, 0x0000000083f00000| Complete 
|  63|0x0000000083f00000, 0x0000000084000000, 0x0000000084000000|100%| O|  |TAMS 0x0000000083f00000, 0x0000000084000000| Untracked 
|  64|0x0000000084000000, 0x0000000084100000, 0x0000000084100000|100%| O|  |TAMS 0x0000000084000000, 0x0000000084100000| Untracked 
|  65|0x0000000084100000, 0x0000000084200000, 0x0000000084200000|100%| O|  |TAMS 0x0000000084100000, 0x0000000084200000| Untracked 
|  66|0x0000000084200000, 0x0000000084300000, 0x0000000084300000|100%| O|  |TAMS 0x0000000084200000, 0x0000000084300000| Untracked 
|  67|0x0000000084300000, 0x0000000084400000, 0x0000000084400000|100%| O|  |TAMS 0x0000000084300000, 0x0000000084400000| Untracked 
|  68|0x0000000084400000, 0x0000000084500000, 0x0000000084500000|100%| O|  |TAMS 0x0000000084400000, 0x0000000084500000| Untracked 
|  69|0x0000000084500000, 0x0000000084600000, 0x0000000084600000|100%| O|  |TAMS 0x0000000084500000, 0x0000000084600000| Untracked 
|  70|0x0000000084600000, 0x0000000084700000, 0x0000000084700000|100%| O|  |TAMS 0x0000000084600000, 0x0000000084700000| Untracked 
|  71|0x0000000084700000, 0x0000000084800000, 0x0000000084800000|100%| O|  |TAMS 0x0000000084700000, 0x0000000084800000| Untracked 
|  72|0x0000000084800000, 0x0000000084900000, 0x0000000084900000|100%| O|  |TAMS 0x0000000084800000, 0x0000000084900000| Untracked 
|  73|0x0000000084900000, 0x0000000084a00000, 0x0000000084a00000|100%| O|  |TAMS 0x0000000084900000, 0x0000000084a00000| Untracked 
|  74|0x0000000084a00000, 0x0000000084b00000, 0x0000000084b00000|100%| O|  |TAMS 0x0000000084a00000, 0x0000000084b00000| Untracked 
|  75|0x0000000084b00000, 0x0000000084c00000, 0x0000000084c00000|100%|HS|  |TAMS 0x0000000084b00000, 0x0000000084c00000| Complete 
|  76|0x0000000084c00000, 0x0000000084d00000, 0x0000000084d00000|100%|HC|  |TAMS 0x0000000084c00000, 0x0000000084d00000| Complete 
|  77|0x0000000084d00000, 0x0000000084e00000, 0x0000000084e00000|100%| O|  |TAMS 0x0000000084d00000, 0x0000000084e00000| Untracked 
|  78|0x0000000084e00000, 0x0000000084f00000, 0x0000000084f00000|100%| O|  |TAMS 0x0000000084e00000, 0x0000000084f00000| Untracked 
|  79|0x0000000084f00000, 0x0000000085000000, 0x0000000085000000|100%| O|  |TAMS 0x0000000084f00000, 0x0000000085000000| Untracked 
|  80|0x0000000085000000, 0x0000000085100000, 0x0000000085100000|100%| O|  |TAMS 0x0000000085000000, 0x0000000085100000| Untracked 
|  81|0x0000000085100000, 0x0000000085200000, 0x0000000085200000|100%| O|  |TAMS 0x0000000085100000, 0x0000000085200000| Untracked 
|  82|0x0000000085200000, 0x0000000085300000, 0x0000000085300000|100%| O|  |TAMS 0x0000000085200000, 0x0000000085300000| Untracked 
|  83|0x0000000085300000, 0x0000000085400000, 0x0000000085400000|100%| O|  |TAMS 0x0000000085300000, 0x0000000085400000| Untracked 
|  84|0x0000000085400000, 0x0000000085500000, 0x0000000085500000|100%| O|  |TAMS 0x0000000085400000, 0x0000000085500000| Untracked 
|  85|0x0000000085500000, 0x0000000085600000, 0x0000000085600000|100%| O|  |TAMS 0x0000000085500000, 0x0000000085600000| Untracked 
|  86|0x0000000085600000, 0x0000000085700000, 0x0000000085700000|100%| O|  |TAMS 0x0000000085600000, 0x0000000085700000| Untracked 
|  87|0x0000000085700000, 0x0000000085800000, 0x0000000085800000|100%| O|  |TAMS 0x0000000085700000, 0x0000000085800000| Untracked 
|  88|0x0000000085800000, 0x0000000085900000, 0x0000000085900000|100%| O|  |TAMS 0x0000000085800000, 0x0000000085900000| Untracked 
|  89|0x0000000085900000, 0x0000000085a00000, 0x0000000085a00000|100%| O|  |TAMS 0x0000000085900000, 0x0000000085a00000| Untracked 
|  90|0x0000000085a00000, 0x0000000085b00000, 0x0000000085b00000|100%| O|  |TAMS 0x0000000085a00000, 0x0000000085ae5600| Untracked 
|  91|0x0000000085b00000, 0x0000000085c00000, 0x0000000085c00000|100%| O|  |TAMS 0x0000000085b00000, 0x0000000085b00000| Untracked 
|  92|0x0000000085c00000, 0x0000000085d00000, 0x0000000085d00000|100%| O|  |TAMS 0x0000000085c00000, 0x0000000085c00000| Untracked 
|  93|0x0000000085d00000, 0x0000000085e00000, 0x0000000085e00000|100%| O|  |TAMS 0x0000000085d00000, 0x0000000085d00000| Untracked 
|  94|0x0000000085e00000, 0x0000000085f00000, 0x0000000085f00000|100%| O|  |TAMS 0x0000000085e00000, 0x0000000085e00000| Untracked 
|  95|0x0000000085f00000, 0x0000000086000000, 0x0000000086000000|100%| O|  |TAMS 0x0000000085f00000, 0x0000000085f00000| Untracked 
|  96|0x0000000086000000, 0x0000000086100000, 0x0000000086100000|100%| O|  |TAMS 0x0000000086000000, 0x0000000086000000| Untracked 
|  97|0x0000000086100000, 0x0000000086200000, 0x0000000086200000|100%| O|  |TAMS 0x0000000086100000, 0x0000000086100000| Untracked 
|  98|0x0000000086200000, 0x0000000086300000, 0x0000000086300000|100%| O|  |TAMS 0x0000000086200000, 0x0000000086200000| Untracked 
|  99|0x0000000086300000, 0x0000000086400000, 0x0000000086400000|100%| O|  |TAMS 0x0000000086300000, 0x0000000086300000| Untracked 
| 100|0x0000000086400000, 0x0000000086500000, 0x0000000086500000|100%| O|  |TAMS 0x0000000086400000, 0x0000000086400000| Untracked 
| 101|0x0000000086500000, 0x0000000086600000, 0x0000000086600000|100%| O|  |TAMS 0x0000000086500000, 0x0000000086500000| Untracked 
| 102|0x0000000086600000, 0x0000000086700000, 0x0000000086700000|100%| O|  |TAMS 0x0000000086600000, 0x0000000086600000| Untracked 
| 103|0x0000000086700000, 0x0000000086800000, 0x0000000086800000|100%| O|  |TAMS 0x0000000086700000, 0x0000000086700000| Untracked 
| 104|0x0000000086800000, 0x0000000086900000, 0x0000000086900000|100%| O|  |TAMS 0x0000000086800000, 0x0000000086800000| Untracked 
| 105|0x0000000086900000, 0x0000000086a00000, 0x0000000086a00000|100%| O|  |TAMS 0x0000000086900000, 0x0000000086900000| Untracked 
| 106|0x0000000086a00000, 0x0000000086b00000, 0x0000000086b00000|100%| O|  |TAMS 0x0000000086a00000, 0x0000000086a00000| Untracked 
| 107|0x0000000086b00000, 0x0000000086beba00, 0x0000000086c00000| 92%| O|  |TAMS 0x0000000086b00000, 0x0000000086b00000| Untracked 
| 108|0x0000000086c00000, 0x0000000086c00000, 0x0000000086d00000|  0%| F|  |TAMS 0x0000000086c00000, 0x0000000086c00000| Untracked 
| 109|0x0000000086d00000, 0x0000000086d00000, 0x0000000086e00000|  0%| F|  |TAMS 0x0000000086d00000, 0x0000000086d00000| Untracked 
| 110|0x0000000086e00000, 0x0000000086e00000, 0x0000000086f00000|  0%| F|  |TAMS 0x0000000086e00000, 0x0000000086e00000| Untracked 
| 111|0x0000000086f00000, 0x0000000086f00000, 0x0000000087000000|  0%| F|  |TAMS 0x0000000086f00000, 0x0000000086f00000| Untracked 
| 112|0x0000000087000000, 0x0000000087000000, 0x0000000087100000|  0%| F|  |TAMS 0x0000000087000000, 0x0000000087000000| Untracked 
| 113|0x0000000087100000, 0x0000000087100000, 0x0000000087200000|  0%| F|  |TAMS 0x0000000087100000, 0x0000000087100000| Untracked 
| 114|0x0000000087200000, 0x0000000087200000, 0x0000000087300000|  0%| F|  |TAMS 0x0000000087200000, 0x0000000087200000| Untracked 
| 115|0x0000000087300000, 0x0000000087300000, 0x0000000087400000|  0%| F|  |TAMS 0x0000000087300000, 0x0000000087300000| Untracked 
| 116|0x0000000087400000, 0x0000000087400000, 0x0000000087500000|  0%| F|  |TAMS 0x0000000087400000, 0x0000000087400000| Untracked 
| 117|0x0000000087500000, 0x0000000087500000, 0x0000000087600000|  0%| F|  |TAMS 0x0000000087500000, 0x0000000087500000| Untracked 
| 118|0x0000000087600000, 0x0000000087600000, 0x0000000087700000|  0%| F|  |TAMS 0x0000000087600000, 0x0000000087600000| Untracked 
| 119|0x0000000087700000, 0x0000000087700000, 0x0000000087800000|  0%| F|  |TAMS 0x0000000087700000, 0x0000000087700000| Untracked 
| 120|0x0000000087800000, 0x0000000087800000, 0x0000000087900000|  0%| F|  |TAMS 0x0000000087800000, 0x0000000087800000| Untracked 
| 121|0x0000000087900000, 0x0000000087900000, 0x0000000087a00000|  0%| F|  |TAMS 0x0000000087900000, 0x0000000087900000| Untracked 
| 122|0x0000000087a00000, 0x0000000087a00000, 0x0000000087b00000|  0%| F|  |TAMS 0x0000000087a00000, 0x0000000087a00000| Untracked 
| 123|0x0000000087b00000, 0x0000000087b00000, 0x0000000087c00000|  0%| F|  |TAMS 0x0000000087b00000, 0x0000000087b00000| Untracked 
| 124|0x0000000087c00000, 0x0000000087c00000, 0x0000000087d00000|  0%| F|  |TAMS 0x0000000087c00000, 0x0000000087c00000| Untracked 
| 125|0x0000000087d00000, 0x0000000087d00000, 0x0000000087e00000|  0%| F|  |TAMS 0x0000000087d00000, 0x0000000087d00000| Untracked 
| 126|0x0000000087e00000, 0x0000000087e00000, 0x0000000087f00000|  0%| F|  |TAMS 0x0000000087e00000, 0x0000000087e00000| Untracked 
| 127|0x0000000087f00000, 0x0000000087f00000, 0x0000000088000000|  0%| F|  |TAMS 0x0000000087f00000, 0x0000000087f00000| Untracked 
| 128|0x0000000088000000, 0x0000000088000000, 0x0000000088100000|  0%| F|  |TAMS 0x0000000088000000, 0x0000000088000000| Untracked 
| 129|0x0000000088100000, 0x0000000088100000, 0x0000000088200000|  0%| F|  |TAMS 0x0000000088100000, 0x0000000088100000| Untracked 
| 130|0x0000000088200000, 0x0000000088200000, 0x0000000088300000|  0%| F|  |TAMS 0x0000000088200000, 0x0000000088200000| Untracked 
| 131|0x0000000088300000, 0x0000000088300000, 0x0000000088400000|  0%| F|  |TAMS 0x0000000088300000, 0x0000000088300000| Untracked 
| 132|0x0000000088400000, 0x0000000088400000, 0x0000000088500000|  0%| F|  |TAMS 0x0000000088400000, 0x0000000088400000| Untracked 
| 133|0x0000000088500000, 0x0000000088600000, 0x0000000088600000|100%| S|CS|TAMS 0x0000000088500000, 0x0000000088500000| Complete 
| 134|0x0000000088600000, 0x0000000088700000, 0x0000000088700000|100%| S|CS|TAMS 0x0000000088600000, 0x0000000088600000| Complete 
| 135|0x0000000088700000, 0x0000000088800000, 0x0000000088800000|100%| S|CS|TAMS 0x0000000088700000, 0x0000000088700000| Complete 
| 136|0x0000000088800000, 0x0000000088900000, 0x0000000088900000|100%| S|CS|TAMS 0x0000000088800000, 0x0000000088800000| Complete 
| 137|0x0000000088900000, 0x0000000088a00000, 0x0000000088a00000|100%| S|CS|TAMS 0x0000000088900000, 0x0000000088900000| Complete 
| 138|0x0000000088a00000, 0x0000000088a00000, 0x0000000088b00000|  0%| F|  |TAMS 0x0000000088a00000, 0x0000000088a00000| Untracked 
| 139|0x0000000088b00000, 0x0000000088b00000, 0x0000000088c00000|  0%| F|  |TAMS 0x0000000088b00000, 0x0000000088b00000| Untracked 
| 140|0x0000000088c00000, 0x0000000088c00000, 0x0000000088d00000|  0%| F|  |TAMS 0x0000000088c00000, 0x0000000088c00000| Untracked 
| 141|0x0000000088d00000, 0x0000000088d00000, 0x0000000088e00000|  0%| F|  |TAMS 0x0000000088d00000, 0x0000000088d00000| Untracked 
| 142|0x0000000088e00000, 0x0000000088e00000, 0x0000000088f00000|  0%| F|  |TAMS 0x0000000088e00000, 0x0000000088e00000| Untracked 
| 143|0x0000000088f00000, 0x0000000088f00000, 0x0000000089000000|  0%| F|  |TAMS 0x0000000088f00000, 0x0000000088f00000| Untracked 
| 144|0x0000000089000000, 0x0000000089000000, 0x0000000089100000|  0%| F|  |TAMS 0x0000000089000000, 0x0000000089000000| Untracked 
| 145|0x0000000089100000, 0x0000000089100000, 0x0000000089200000|  0%| F|  |TAMS 0x0000000089100000, 0x0000000089100000| Untracked 
| 146|0x0000000089200000, 0x0000000089200000, 0x0000000089300000|  0%| F|  |TAMS 0x0000000089200000, 0x0000000089200000| Untracked 
| 147|0x0000000089300000, 0x0000000089300000, 0x0000000089400000|  0%| F|  |TAMS 0x0000000089300000, 0x0000000089300000| Untracked 
| 148|0x0000000089400000, 0x0000000089400000, 0x0000000089500000|  0%| F|  |TAMS 0x0000000089400000, 0x0000000089400000| Untracked 
| 149|0x0000000089500000, 0x0000000089500000, 0x0000000089600000|  0%| F|  |TAMS 0x0000000089500000, 0x0000000089500000| Untracked 
| 150|0x0000000089600000, 0x0000000089600000, 0x0000000089700000|  0%| F|  |TAMS 0x0000000089600000, 0x0000000089600000| Untracked 
| 151|0x0000000089700000, 0x0000000089700000, 0x0000000089800000|  0%| F|  |TAMS 0x0000000089700000, 0x0000000089700000| Untracked 
| 152|0x0000000089800000, 0x0000000089800000, 0x0000000089900000|  0%| F|  |TAMS 0x0000000089800000, 0x0000000089800000| Untracked 
| 153|0x0000000089900000, 0x0000000089900000, 0x0000000089a00000|  0%| F|  |TAMS 0x0000000089900000, 0x0000000089900000| Untracked 
| 154|0x0000000089a00000, 0x0000000089a00000, 0x0000000089b00000|  0%| F|  |TAMS 0x0000000089a00000, 0x0000000089a00000| Untracked 
| 155|0x0000000089b00000, 0x0000000089b00000, 0x0000000089c00000|  0%| F|  |TAMS 0x0000000089b00000, 0x0000000089b00000| Untracked 
| 156|0x0000000089c00000, 0x0000000089c00000, 0x0000000089d00000|  0%| F|  |TAMS 0x0000000089c00000, 0x0000000089c00000| Untracked 
| 157|0x0000000089d00000, 0x0000000089d00000, 0x0000000089e00000|  0%| F|  |TAMS 0x0000000089d00000, 0x0000000089d00000| Untracked 
| 158|0x0000000089e00000, 0x0000000089e00000, 0x0000000089f00000|  0%| F|  |TAMS 0x0000000089e00000, 0x0000000089e00000| Untracked 
| 159|0x0000000089f00000, 0x0000000089f00000, 0x000000008a000000|  0%| F|  |TAMS 0x0000000089f00000, 0x0000000089f00000| Untracked 
| 160|0x000000008a000000, 0x000000008a000000, 0x000000008a100000|  0%| F|  |TAMS 0x000000008a000000, 0x000000008a000000| Untracked 
| 161|0x000000008a100000, 0x000000008a100000, 0x000000008a200000|  0%| F|  |TAMS 0x000000008a100000, 0x000000008a100000| Untracked 
| 162|0x000000008a200000, 0x000000008a200000, 0x000000008a300000|  0%| F|  |TAMS 0x000000008a200000, 0x000000008a200000| Untracked 
| 163|0x000000008a300000, 0x000000008a300000, 0x000000008a400000|  0%| F|  |TAMS 0x000000008a300000, 0x000000008a300000| Untracked 
| 164|0x000000008a400000, 0x000000008a400000, 0x000000008a500000|  0%| F|  |TAMS 0x000000008a400000, 0x000000008a400000| Untracked 
| 165|0x000000008a500000, 0x000000008a500000, 0x000000008a600000|  0%| F|  |TAMS 0x000000008a500000, 0x000000008a500000| Untracked 
| 166|0x000000008a600000, 0x000000008a600000, 0x000000008a700000|  0%| F|  |TAMS 0x000000008a600000, 0x000000008a600000| Untracked 
| 167|0x000000008a700000, 0x000000008a700000, 0x000000008a800000|  0%| F|  |TAMS 0x000000008a700000, 0x000000008a700000| Untracked 
| 168|0x000000008a800000, 0x000000008a800000, 0x000000008a900000|  0%| F|  |TAMS 0x000000008a800000, 0x000000008a800000| Untracked 
| 169|0x000000008a900000, 0x000000008a900000, 0x000000008aa00000|  0%| F|  |TAMS 0x000000008a900000, 0x000000008a900000| Untracked 
| 170|0x000000008aa00000, 0x000000008aa00000, 0x000000008ab00000|  0%| F|  |TAMS 0x000000008aa00000, 0x000000008aa00000| Untracked 
| 171|0x000000008ab00000, 0x000000008ab00000, 0x000000008ac00000|  0%| F|  |TAMS 0x000000008ab00000, 0x000000008ab00000| Untracked 
| 172|0x000000008ac00000, 0x000000008ac00000, 0x000000008ad00000|  0%| F|  |TAMS 0x000000008ac00000, 0x000000008ac00000| Untracked 
| 173|0x000000008ad00000, 0x000000008ad00000, 0x000000008ae00000|  0%| F|  |TAMS 0x000000008ad00000, 0x000000008ad00000| Untracked 
| 174|0x000000008ae00000, 0x000000008ae00000, 0x000000008af00000|  0%| F|  |TAMS 0x000000008ae00000, 0x000000008ae00000| Untracked 
| 175|0x000000008af00000, 0x000000008af00000, 0x000000008b000000|  0%| F|  |TAMS 0x000000008af00000, 0x000000008af00000| Untracked 
| 176|0x000000008b000000, 0x000000008b000000, 0x000000008b100000|  0%| F|  |TAMS 0x000000008b000000, 0x000000008b000000| Untracked 
| 177|0x000000008b100000, 0x000000008b100000, 0x000000008b200000|  0%| F|  |TAMS 0x000000008b100000, 0x000000008b100000| Untracked 
| 178|0x000000008b200000, 0x000000008b200000, 0x000000008b300000|  0%| F|  |TAMS 0x000000008b200000, 0x000000008b200000| Untracked 
| 179|0x000000008b300000, 0x000000008b300000, 0x000000008b400000|  0%| F|  |TAMS 0x000000008b300000, 0x000000008b300000| Untracked 
| 180|0x000000008b400000, 0x000000008b400000, 0x000000008b500000|  0%| F|  |TAMS 0x000000008b400000, 0x000000008b400000| Untracked 
| 181|0x000000008b500000, 0x000000008b500000, 0x000000008b600000|  0%| F|  |TAMS 0x000000008b500000, 0x000000008b500000| Untracked 
| 182|0x000000008b600000, 0x000000008b600000, 0x000000008b700000|  0%| F|  |TAMS 0x000000008b600000, 0x000000008b600000| Untracked 
| 183|0x000000008b700000, 0x000000008b700000, 0x000000008b800000|  0%| F|  |TAMS 0x000000008b700000, 0x000000008b700000| Untracked 
| 184|0x000000008b800000, 0x000000008b800000, 0x000000008b900000|  0%| F|  |TAMS 0x000000008b800000, 0x000000008b800000| Untracked 
| 185|0x000000008b900000, 0x000000008b900000, 0x000000008ba00000|  0%| F|  |TAMS 0x000000008b900000, 0x000000008b900000| Untracked 
| 186|0x000000008ba00000, 0x000000008ba00000, 0x000000008bb00000|  0%| F|  |TAMS 0x000000008ba00000, 0x000000008ba00000| Untracked 
| 187|0x000000008bb00000, 0x000000008bb00000, 0x000000008bc00000|  0%| F|  |TAMS 0x000000008bb00000, 0x000000008bb00000| Untracked 
| 188|0x000000008bc00000, 0x000000008bc00000, 0x000000008bd00000|  0%| F|  |TAMS 0x000000008bc00000, 0x000000008bc00000| Untracked 
| 189|0x000000008bd00000, 0x000000008bd00000, 0x000000008be00000|  0%| F|  |TAMS 0x000000008bd00000, 0x000000008bd00000| Untracked 
| 190|0x000000008be00000, 0x000000008be00000, 0x000000008bf00000|  0%| F|  |TAMS 0x000000008be00000, 0x000000008be00000| Untracked 
| 191|0x000000008bf00000, 0x000000008bf00000, 0x000000008c000000|  0%| F|  |TAMS 0x000000008bf00000, 0x000000008bf00000| Untracked 
| 192|0x000000008c000000, 0x000000008c000000, 0x000000008c100000|  0%| F|  |TAMS 0x000000008c000000, 0x000000008c000000| Untracked 
| 193|0x000000008c100000, 0x000000008c100000, 0x000000008c200000|  0%| F|  |TAMS 0x000000008c100000, 0x000000008c100000| Untracked 
| 194|0x000000008c200000, 0x000000008c200000, 0x000000008c300000|  0%| F|  |TAMS 0x000000008c200000, 0x000000008c200000| Untracked 
| 195|0x000000008c300000, 0x000000008c300000, 0x000000008c400000|  0%| F|  |TAMS 0x000000008c300000, 0x000000008c300000| Untracked 
| 196|0x000000008c400000, 0x000000008c400000, 0x000000008c500000|  0%| F|  |TAMS 0x000000008c400000, 0x000000008c400000| Untracked 
| 197|0x000000008c500000, 0x000000008c500000, 0x000000008c600000|  0%| F|  |TAMS 0x000000008c500000, 0x000000008c500000| Untracked 
| 198|0x000000008c600000, 0x000000008c600000, 0x000000008c700000|  0%| F|  |TAMS 0x000000008c600000, 0x000000008c600000| Untracked 
| 199|0x000000008c700000, 0x000000008c700000, 0x000000008c800000|  0%| F|  |TAMS 0x000000008c700000, 0x000000008c700000| Untracked 
| 200|0x000000008c800000, 0x000000008c800000, 0x000000008c900000|  0%| F|  |TAMS 0x000000008c800000, 0x000000008c800000| Untracked 
| 201|0x000000008c900000, 0x000000008c900000, 0x000000008ca00000|  0%| F|  |TAMS 0x000000008c900000, 0x000000008c900000| Untracked 
| 202|0x000000008ca00000, 0x000000008ca00000, 0x000000008cb00000|  0%| F|  |TAMS 0x000000008ca00000, 0x000000008ca00000| Untracked 
| 203|0x000000008cb00000, 0x000000008cb00000, 0x000000008cc00000|  0%| F|  |TAMS 0x000000008cb00000, 0x000000008cb00000| Untracked 
| 204|0x000000008cc00000, 0x000000008cc00000, 0x000000008cd00000|  0%| F|  |TAMS 0x000000008cc00000, 0x000000008cc00000| Untracked 
| 205|0x000000008cd00000, 0x000000008cd00000, 0x000000008ce00000|  0%| F|  |TAMS 0x000000008cd00000, 0x000000008cd00000| Untracked 
| 206|0x000000008ce00000, 0x000000008ce00000, 0x000000008cf00000|  0%| F|  |TAMS 0x000000008ce00000, 0x000000008ce00000| Untracked 
| 207|0x000000008cf00000, 0x000000008cf00000, 0x000000008d000000|  0%| F|  |TAMS 0x000000008cf00000, 0x000000008cf00000| Untracked 
| 208|0x000000008d000000, 0x000000008d000000, 0x000000008d100000|  0%| F|  |TAMS 0x000000008d000000, 0x000000008d000000| Untracked 
| 209|0x000000008d100000, 0x000000008d100000, 0x000000008d200000|  0%| F|  |TAMS 0x000000008d100000, 0x000000008d100000| Untracked 
| 210|0x000000008d200000, 0x000000008d200000, 0x000000008d300000|  0%| F|  |TAMS 0x000000008d200000, 0x000000008d200000| Untracked 
| 211|0x000000008d300000, 0x000000008d300000, 0x000000008d400000|  0%| F|  |TAMS 0x000000008d300000, 0x000000008d300000| Untracked 
| 212|0x000000008d400000, 0x000000008d400000, 0x000000008d500000|  0%| F|  |TAMS 0x000000008d400000, 0x000000008d400000| Untracked 
| 213|0x000000008d500000, 0x000000008d500000, 0x000000008d600000|  0%| F|  |TAMS 0x000000008d500000, 0x000000008d500000| Untracked 
| 214|0x000000008d600000, 0x000000008d600000, 0x000000008d700000|  0%| F|  |TAMS 0x000000008d600000, 0x000000008d600000| Untracked 
| 215|0x000000008d700000, 0x000000008d700000, 0x000000008d800000|  0%| F|  |TAMS 0x000000008d700000, 0x000000008d700000| Untracked 
| 216|0x000000008d800000, 0x000000008d800000, 0x000000008d900000|  0%| F|  |TAMS 0x000000008d800000, 0x000000008d800000| Untracked 
| 217|0x000000008d900000, 0x000000008d900000, 0x000000008da00000|  0%| F|  |TAMS 0x000000008d900000, 0x000000008d900000| Untracked 
| 218|0x000000008da00000, 0x000000008da00000, 0x000000008db00000|  0%| F|  |TAMS 0x000000008da00000, 0x000000008da00000| Untracked 
| 219|0x000000008db00000, 0x000000008db00000, 0x000000008dc00000|  0%| F|  |TAMS 0x000000008db00000, 0x000000008db00000| Untracked 
| 220|0x000000008dc00000, 0x000000008dc00000, 0x000000008dd00000|  0%| F|  |TAMS 0x000000008dc00000, 0x000000008dc00000| Untracked 
| 221|0x000000008dd00000, 0x000000008dd00000, 0x000000008de00000|  0%| F|  |TAMS 0x000000008dd00000, 0x000000008dd00000| Untracked 
| 222|0x000000008de00000, 0x000000008de00000, 0x000000008df00000|  0%| F|  |TAMS 0x000000008de00000, 0x000000008de00000| Untracked 
| 223|0x000000008df00000, 0x000000008df00000, 0x000000008e000000|  0%| F|  |TAMS 0x000000008df00000, 0x000000008df00000| Untracked 
| 224|0x000000008e000000, 0x000000008e000000, 0x000000008e100000|  0%| F|  |TAMS 0x000000008e000000, 0x000000008e000000| Untracked 
| 225|0x000000008e100000, 0x000000008e100000, 0x000000008e200000|  0%| F|  |TAMS 0x000000008e100000, 0x000000008e100000| Untracked 
| 226|0x000000008e200000, 0x000000008e200000, 0x000000008e300000|  0%| F|  |TAMS 0x000000008e200000, 0x000000008e200000| Untracked 
| 227|0x000000008e300000, 0x000000008e300000, 0x000000008e400000|  0%| F|  |TAMS 0x000000008e300000, 0x000000008e300000| Untracked 
| 228|0x000000008e400000, 0x000000008e400000, 0x000000008e500000|  0%| F|  |TAMS 0x000000008e400000, 0x000000008e400000| Untracked 
| 229|0x000000008e500000, 0x000000008e500000, 0x000000008e600000|  0%| F|  |TAMS 0x000000008e500000, 0x000000008e500000| Untracked 
| 230|0x000000008e600000, 0x000000008e600000, 0x000000008e700000|  0%| F|  |TAMS 0x000000008e600000, 0x000000008e600000| Untracked 
| 231|0x000000008e700000, 0x000000008e700000, 0x000000008e800000|  0%| F|  |TAMS 0x000000008e700000, 0x000000008e700000| Untracked 
| 232|0x000000008e800000, 0x000000008e800000, 0x000000008e900000|  0%| F|  |TAMS 0x000000008e800000, 0x000000008e800000| Untracked 
| 233|0x000000008e900000, 0x000000008e900000, 0x000000008ea00000|  0%| F|  |TAMS 0x000000008e900000, 0x000000008e900000| Untracked 
| 234|0x000000008ea00000, 0x000000008ea00000, 0x000000008eb00000|  0%| F|  |TAMS 0x000000008ea00000, 0x000000008ea00000| Untracked 
| 235|0x000000008eb00000, 0x000000008eb00000, 0x000000008ec00000|  0%| F|  |TAMS 0x000000008eb00000, 0x000000008eb00000| Untracked 
| 236|0x000000008ec00000, 0x000000008ec00000, 0x000000008ed00000|  0%| F|  |TAMS 0x000000008ec00000, 0x000000008ec00000| Untracked 
| 237|0x000000008ed00000, 0x000000008ed00000, 0x000000008ee00000|  0%| F|  |TAMS 0x000000008ed00000, 0x000000008ed00000| Untracked 
| 238|0x000000008ee00000, 0x000000008ee00000, 0x000000008ef00000|  0%| F|  |TAMS 0x000000008ee00000, 0x000000008ee00000| Untracked 
| 239|0x000000008ef00000, 0x000000008ef00000, 0x000000008f000000|  0%| F|  |TAMS 0x000000008ef00000, 0x000000008ef00000| Untracked 
| 240|0x000000008f000000, 0x000000008f000000, 0x000000008f100000|  0%| F|  |TAMS 0x000000008f000000, 0x000000008f000000| Untracked 
| 241|0x000000008f100000, 0x000000008f100000, 0x000000008f200000|  0%| F|  |TAMS 0x000000008f100000, 0x000000008f100000| Untracked 
| 242|0x000000008f200000, 0x000000008f200000, 0x000000008f300000|  0%| F|  |TAMS 0x000000008f200000, 0x000000008f200000| Untracked 
| 243|0x000000008f300000, 0x000000008f300000, 0x000000008f400000|  0%| F|  |TAMS 0x000000008f300000, 0x000000008f300000| Untracked 
| 244|0x000000008f400000, 0x000000008f400000, 0x000000008f500000|  0%| F|  |TAMS 0x000000008f400000, 0x000000008f400000| Untracked 
| 245|0x000000008f500000, 0x000000008f500000, 0x000000008f600000|  0%| F|  |TAMS 0x000000008f500000, 0x000000008f500000| Untracked 
| 246|0x000000008f600000, 0x000000008f600000, 0x000000008f700000|  0%| F|  |TAMS 0x000000008f600000, 0x000000008f600000| Untracked 
| 247|0x000000008f700000, 0x000000008f700000, 0x000000008f800000|  0%| F|  |TAMS 0x000000008f700000, 0x000000008f700000| Untracked 

Card table byte_map: [0x000001e4e1660000,0x000001e4e1a60000] _byte_map_base: 0x000001e4e1260000

Marking Bits (Prev, Next): (CMBitMap*) 0x000001e4ca2f6040, (CMBitMap*) 0x000001e4ca2f6000
 Prev Bits: [0x000001e4e3e60000, 0x000001e4e5e60000)
 Next Bits: [0x000001e4e1e60000, 0x000001e4e3e60000)

Polling page: 0x000001e4c8170000

Metaspace:

Usage:
  Non-class:     82.38 MB used.
      Class:     13.41 MB used.
       Both:     95.79 MB used.

Virtual space:
  Non-class space:      128.00 MB reserved,      82.81 MB ( 65%) committed,  2 nodes.
      Class space:        1.00 GB reserved,      13.88 MB (  1%) committed,  1 nodes.
             Both:        1.12 GB reserved,      96.69 MB (  8%) committed. 

Chunk freelists:
   Non-Class:  12.83 MB
       Class:  2.16 MB
        Both:  14.98 MB

MaxMetaspaceSize: unlimited
CompressedClassSpaceSize: 1.00 GB
Initial GC threshold: 21.00 MB
Current GC threshold: 98.12 MB
CDS: on
MetaspaceReclaimPolicy: balanced
 - commit_granule_bytes: 65536.
 - commit_granule_words: 8192.
 - virtual_space_node_default_size: 8388608.
 - enlarge_chunks_in_place: 1.
 - new_chunks_are_fully_committed: 0.
 - uncommit_free_chunks: 1.
 - use_allocation_guard: 0.
 - handle_deallocations: 1.


Internal statistics:

num_allocs_failed_limit: 9.
num_arena_births: 1342.
num_arena_deaths: 0.
num_vsnodes_births: 3.
num_vsnodes_deaths: 0.
num_space_committed: 1546.
num_space_uncommitted: 0.
num_chunks_returned_to_freelist: 9.
num_chunks_taken_from_freelist: 5591.
num_chunk_merges: 9.
num_chunk_splits: 3670.
num_chunks_enlarged: 2441.
num_inconsistent_stats: 0.

CodeHeap 'non-profiled nmethods': size=120000Kb used=6731Kb max_used=6731Kb free=113268Kb
 bounds [0x000001e4d98e0000, 0x000001e4d9f80000, 0x000001e4e0e10000]
CodeHeap 'profiled nmethods': size=120000Kb used=19112Kb max_used=19112Kb free=100887Kb
 bounds [0x000001e4d1e10000, 0x000001e4d30c0000, 0x000001e4d9340000]
CodeHeap 'non-nmethods': size=5760Kb used=1757Kb max_used=1813Kb free=4002Kb
 bounds [0x000001e4d9340000, 0x000001e4d95b0000, 0x000001e4d98e0000]
 total_blobs=10983 nmethods=10125 adapters=770
 compilation: enabled
              stopped_count=0, restarted_count=0
 full_count=0

Compilation events (20 events):
Event: 8.010 Thread 0x000001e4e8892a60 nmethod 11567 0x000001e4d9f6e090 code [0x000001e4d9f6e220, 0x000001e4d9f6e2f8]
Event: 8.010 Thread 0x000001e4e8892a60 11616       2       com.android.tools.r8.graph.k9::a (51 bytes)
Event: 8.010 Thread 0x000001e4e8892a60 nmethod 11616 0x000001e4d3098b10 code [0x000001e4d3098ce0, 0x000001e4d3098ff8]
Event: 8.010 Thread 0x000001e4e8892a60 11668       2       com.android.tools.r8.graph.k9::a (444 bytes)
Event: 8.011 Thread 0x000001e4e8892a60 nmethod 11668 0x000001e4d3099110 code [0x000001e4d30994c0, 0x000001e4d309a878]
Event: 8.011 Thread 0x000001e4e8892a60 11685 %     3       com.android.tools.r8.internal.nv::a @ 232 (4509 bytes)
Event: 8.012 Thread 0x000001e4e8891d40 nmethod 11667 0x000001e4d9f6e390 code [0x000001e4d9f6e520, 0x000001e4d9f6e8c8]
Event: 8.012 Thread 0x000001e4e8891d40 11618       4       com.android.tools.r8.graph.b0::a (14 bytes)
Event: 8.018 Thread 0x000001e4e8891d40 nmethod 11618 0x000001e4d9f6eb10 code [0x000001e4d9f6eca0, 0x000001e4d9f6ee78]
Event: 8.018 Thread 0x000001e4e8891d40 11688       4       com.android.tools.r8.graph.h8::e (267 bytes)
Event: 8.021 Thread 0x000001e4e8bcb1f0 nmethod 11598 0x000001e4d9f6ef90 code [0x000001e4d9f6f1c0, 0x000001e4d9f6fd20]
Event: 8.022 Thread 0x000001e4e8bcb1f0 11701       4       com.android.tools.r8.graph.p9::a (175 bytes)
Event: 8.023 Thread 0x000001e4f3089060 nmethod 11608 0x000001e4d9f70610 code [0x000001e4d9f70880, 0x000001e4d9f71690]
Event: 8.023 Thread 0x000001e4f3089060 11600       4       com.android.tools.r8.graph.t3::a (60 bytes)
Event: 8.026 Thread 0x000001e4e8892a60 nmethod 11685% 0x000001e4d309b490 code [0x000001e4d309cbc0, 0x000001e4d30ad088]
Event: 8.026 Thread 0x000001e4e8892a60 11699       3       sun.nio.fs.WindowsPathParser::normalize (233 bytes)
Event: 8.027 Thread 0x000001e4f3089060 nmethod 11600 0x000001e4d9f72210 code [0x000001e4d9f723e0, 0x000001e4d9f72808]
Event: 8.027 Thread 0x000001e4f3089060 11612       4       com.android.tools.r8.internal.gk4::b (36 bytes)
Event: 8.027 Thread 0x000001e4f3089060 nmethod 11612 0x000001e4d9f72c90 code [0x000001e4d9f72e20, 0x000001e4d9f72ed8]
Event: 8.027 Thread 0x000001e4f3089060 11719   !   4       java.util.concurrent.ConcurrentHashMap::transfer (849 bytes)

GC Heap History (20 events):
Event: 5.069 GC heap after
{Heap after GC invocations=20 (full 0):
 garbage-first heap   total 172032K, used 68738K [0x0000000080000000, 0x0000000100000000)
  region size 1024K, 2 young (2048K), 2 survivors (2048K)
 Metaspace       used 65249K, committed 65920K, reserved 1114112K
  class space    used 9090K, committed 9408K, reserved 1048576K
}
Event: 5.465 GC heap before
{Heap before GC invocations=20 (full 0):
 garbage-first heap   total 172032K, used 136322K [0x0000000080000000, 0x0000000100000000)
  region size 1024K, 68 young (69632K), 2 survivors (2048K)
 Metaspace       used 69563K, committed 70336K, reserved 1114112K
  class space    used 9635K, committed 9984K, reserved 1048576K
}
Event: 5.466 GC heap after
{Heap after GC invocations=21 (full 0):
 garbage-first heap   total 172032K, used 70859K [0x0000000080000000, 0x0000000100000000)
  region size 1024K, 4 young (4096K), 4 survivors (4096K)
 Metaspace       used 69563K, committed 70336K, reserved 1114112K
  class space    used 9635K, committed 9984K, reserved 1048576K
}
Event: 5.912 GC heap before
{Heap before GC invocations=21 (full 0):
 garbage-first heap   total 172032K, used 138443K [0x0000000080000000, 0x0000000100000000)
  region size 1024K, 70 young (71680K), 4 survivors (4096K)
 Metaspace       used 74065K, committed 74816K, reserved 1114112K
  class space    used 10351K, committed 10688K, reserved 1048576K
}
Event: 5.914 GC heap after
{Heap after GC invocations=22 (full 0):
 garbage-first heap   total 172032K, used 73017K [0x0000000080000000, 0x0000000100000000)
  region size 1024K, 6 young (6144K), 6 survivors (6144K)
 Metaspace       used 74065K, committed 74816K, reserved 1114112K
  class space    used 10351K, committed 10688K, reserved 1048576K
}
Event: 6.344 GC heap before
{Heap before GC invocations=22 (full 0):
 garbage-first heap   total 172032K, used 140601K [0x0000000080000000, 0x0000000100000000)
  region size 1024K, 72 young (73728K), 6 survivors (6144K)
 Metaspace       used 79165K, committed 79936K, reserved 1179648K
  class space    used 11144K, committed 11520K, reserved 1048576K
}
Event: 6.347 GC heap after
{Heap after GC invocations=23 (full 0):
 garbage-first heap   total 172032K, used 76032K [0x0000000080000000, 0x0000000100000000)
  region size 1024K, 6 young (6144K), 6 survivors (6144K)
 Metaspace       used 79165K, committed 79936K, reserved 1179648K
  class space    used 11144K, committed 11520K, reserved 1048576K
}
Event: 6.702 GC heap before
{Heap before GC invocations=23 (full 0):
 garbage-first heap   total 172032K, used 140544K [0x0000000080000000, 0x0000000100000000)
  region size 1024K, 69 young (70656K), 6 survivors (6144K)
 Metaspace       used 83426K, committed 84288K, reserved 1179648K
  class space    used 11782K, committed 12224K, reserved 1048576K
}
Event: 6.708 GC heap after
{Heap after GC invocations=24 (full 0):
 garbage-first heap   total 172032K, used 79226K [0x0000000080000000, 0x0000000100000000)
  region size 1024K, 6 young (6144K), 6 survivors (6144K)
 Metaspace       used 83426K, committed 84288K, reserved 1179648K
  class space    used 11782K, committed 12224K, reserved 1048576K
}
Event: 7.093 GC heap before
{Heap before GC invocations=24 (full 0):
 garbage-first heap   total 172032K, used 142714K [0x0000000080000000, 0x0000000100000000)
  region size 1024K, 68 young (69632K), 6 survivors (6144K)
 Metaspace       used 88388K, committed 89216K, reserved 1179648K
  class space    used 12477K, committed 12864K, reserved 1048576K
}
Event: 7.096 GC heap after
{Heap after GC invocations=25 (full 0):
 garbage-first heap   total 172032K, used 82689K [0x0000000080000000, 0x0000000100000000)
  region size 1024K, 7 young (7168K), 7 survivors (7168K)
 Metaspace       used 88388K, committed 89216K, reserved 1179648K
  class space    used 12477K, committed 12864K, reserved 1048576K
}
Event: 7.478 GC heap before
{Heap before GC invocations=25 (full 0):
 garbage-first heap   total 172032K, used 147201K [0x0000000080000000, 0x0000000100000000)
  region size 1024K, 66 young (67584K), 7 survivors (7168K)
 Metaspace       used 92380K, committed 93248K, reserved 1179648K
  class space    used 12943K, committed 13376K, reserved 1048576K
}
Event: 7.482 GC heap after
{Heap after GC invocations=26 (full 0):
 garbage-first heap   total 172032K, used 86237K [0x0000000080000000, 0x0000000100000000)
  region size 1024K, 7 young (7168K), 7 survivors (7168K)
 Metaspace       used 92380K, committed 93248K, reserved 1179648K
  class space    used 12943K, committed 13376K, reserved 1048576K
}
Event: 7.832 GC heap before
{Heap before GC invocations=26 (full 0):
 garbage-first heap   total 172032K, used 144605K [0x0000000080000000, 0x0000000100000000)
  region size 1024K, 63 young (64512K), 7 survivors (7168K)
 Metaspace       used 95770K, committed 96640K, reserved 1179648K
  class space    used 13404K, committed 13824K, reserved 1048576K
}
Event: 7.835 GC heap after
{Heap after GC invocations=27 (full 0):
 garbage-first heap   total 172032K, used 90764K [0x0000000080000000, 0x0000000100000000)
  region size 1024K, 6 young (6144K), 6 survivors (6144K)
 Metaspace       used 95770K, committed 96640K, reserved 1179648K
  class space    used 13404K, committed 13824K, reserved 1048576K
}
Event: 7.942 GC heap before
{Heap before GC invocations=27 (full 0):
 garbage-first heap   total 172032K, used 144012K [0x0000000080000000, 0x0000000100000000)
  region size 1024K, 59 young (60416K), 6 survivors (6144K)
 Metaspace       used 97360K, committed 98240K, reserved 1179648K
  class space    used 13637K, committed 14080K, reserved 1048576K
}
Event: 7.946 GC heap after
{Heap after GC invocations=28 (full 0):
 garbage-first heap   total 172032K, used 101269K [0x0000000080000000, 0x0000000100000000)
  region size 1024K, 8 young (8192K), 8 survivors (8192K)
 Metaspace       used 97360K, committed 98240K, reserved 1179648K
  class space    used 13637K, committed 14080K, reserved 1048576K
}
Event: 8.002 GC heap before
{Heap before GC invocations=28 (full 0):
 garbage-first heap   total 172032K, used 140181K [0x0000000080000000, 0x0000000100000000)
  region size 1024K, 47 young (48128K), 8 survivors (8192K)
 Metaspace       used 98060K, committed 99008K, reserved 1179648K
  class space    used 13725K, committed 14208K, reserved 1048576K
}
Event: 8.006 GC heap after
{Heap after GC invocations=29 (full 0):
 garbage-first heap   total 172032K, used 109429K [0x0000000080000000, 0x0000000100000000)
  region size 1024K, 6 young (6144K), 6 survivors (6144K)
 Metaspace       used 98060K, committed 99008K, reserved 1179648K
  class space    used 13725K, committed 14208K, reserved 1048576K
}
Event: 8.027 GC heap before
{Heap before GC invocations=29 (full 0):
 garbage-first heap   total 172032K, used 140149K [0x0000000080000000, 0x0000000100000000)
  region size 1024K, 36 young (36864K), 6 survivors (6144K)
 Metaspace       used 98092K, committed 99008K, reserved 1179648K
  class space    used 13730K, committed 14208K, reserved 1048576K
}

Dll operation events (15 events):
Event: 0.005 Loaded shared library C:\Users\16696\.jdks\ms-17.0.19\bin\java.dll
Event: 0.016 Loaded shared library C:\Users\16696\.jdks\ms-17.0.19\bin\jsvml.dll
Event: 0.039 Loaded shared library C:\Users\16696\.jdks\ms-17.0.19\bin\zip.dll
Event: 0.041 Loaded shared library C:\Users\16696\.jdks\ms-17.0.19\bin\instrument.dll
Event: 0.043 Loaded shared library C:\Users\16696\.jdks\ms-17.0.19\bin\net.dll
Event: 0.044 Loaded shared library C:\Users\16696\.jdks\ms-17.0.19\bin\nio.dll
Event: 0.046 Loaded shared library C:\Users\16696\.jdks\ms-17.0.19\bin\zip.dll
Event: 0.106 Loaded shared library C:\Users\16696\.jdks\ms-17.0.19\bin\jimage.dll
Event: 0.190 Loaded shared library C:\Users\16696\.jdks\ms-17.0.19\bin\verify.dll
Event: 0.205 Loaded shared library C:\Users\16696\.gradle\native\660c5614fbf4a5f2a75b1949f50a0caf5cd603558e7d8a26e50b933a0cfb79d1\windows-amd64\native-platform.dll
Event: 0.211 Loaded shared library C:\Users\16696\.gradle\native\0.2.8\x86_64-windows-gnu\gradle-fileevents.dll
Event: 0.649 Loaded shared library C:\Users\16696\.jdks\ms-17.0.19\bin\management.dll
Event: 0.650 Loaded shared library C:\Users\16696\.jdks\ms-17.0.19\bin\management_ext.dll
Event: 0.805 Loaded shared library C:\Users\16696\.jdks\ms-17.0.19\bin\extnet.dll
Event: 0.923 Loaded shared library C:\Users\16696\.jdks\ms-17.0.19\bin\sunmscapi.dll

Deoptimization events (20 events):
Event: 8.024 Thread 0x000001e4f3ddb740 DEOPT PACKING pc=0x000001e4d9f66de8 sp=0x000000a4ff5fe450
Event: 8.024 Thread 0x000001e4f3ddb740 DEOPT UNPACKING pc=0x000001e4d93969a3 sp=0x000000a4ff5fe398 mode 2
Event: 8.025 Thread 0x000001e4f3ddb740 Uncommon trap: trap_request=0xffffff45 fr.pc=0x000001e4d9f5263c relative=0x000000000000035c
Event: 8.025 Thread 0x000001e4f3ddb740 Uncommon trap: reason=unstable_if action=reinterpret pc=0x000001e4d9f5263c method=com.android.tools.r8.graph.k6.a(Ljava/lang/String;)[B @ 25 c2
Event: 8.025 Thread 0x000001e4f3ddb740 DEOPT PACKING pc=0x000001e4d9f5263c sp=0x000000a4ff5fe380
Event: 8.025 Thread 0x000001e4f3ddb740 DEOPT UNPACKING pc=0x000001e4d93969a3 sp=0x000000a4ff5fe318 mode 2
Event: 8.025 Thread 0x000001e4f3ddb740 Uncommon trap: trap_request=0xffffff45 fr.pc=0x000001e4d9f21aa8 relative=0x0000000000000088
Event: 8.025 Thread 0x000001e4f3ddb740 Uncommon trap: reason=unstable_if action=reinterpret pc=0x000001e4d9f21aa8 method=com.android.tools.r8.graph.k6.a(C[BI)I @ 7 c2
Event: 8.025 Thread 0x000001e4f3ddb740 DEOPT PACKING pc=0x000001e4d9f21aa8 sp=0x000000a4ff5fe300
Event: 8.025 Thread 0x000001e4f3ddb740 DEOPT UNPACKING pc=0x000001e4d93969a3 sp=0x000000a4ff5fe290 mode 2
Event: 8.025 Thread 0x000001e4f3dd84a0 DEOPT PACKING pc=0x000001e4d3062729 sp=0x000000a4ff7fe340
Event: 8.025 Thread 0x000001e4f3dd84a0 DEOPT UNPACKING pc=0x000001e4d9397143 sp=0x000000a4ff7fd868 mode 0
Event: 8.026 Thread 0x000001e4f3ddbc50 DEOPT PACKING pc=0x000001e4d3062729 sp=0x000000a4ff6fe5b0
Event: 8.026 Thread 0x000001e4f3ddbc50 DEOPT UNPACKING pc=0x000001e4d9397143 sp=0x000000a4ff6fdac0 mode 0
Event: 8.026 Thread 0x000001e4f3ddb740 Uncommon trap: trap_request=0xffffff45 fr.pc=0x000001e4d9f59f2c relative=0x00000000000005ec
Event: 8.026 Thread 0x000001e4f3ddb740 Uncommon trap: reason=unstable_if action=reinterpret pc=0x000001e4d9f59f2c method=com.android.tools.r8.internal.nv.a([CII)Ljava/lang/String; @ 33 c2
Event: 8.026 Thread 0x000001e4f3ddb740 DEOPT PACKING pc=0x000001e4d9f59f2c sp=0x000000a4ff5fe3b0
Event: 8.026 Thread 0x000001e4f3ddb740 DEOPT UNPACKING pc=0x000001e4d93969a3 sp=0x000000a4ff5fe388 mode 2
Event: 8.027 Thread 0x000001e4f3dd8ec0 DEOPT PACKING pc=0x000001e4d3062729 sp=0x000000a4ff2fe330
Event: 8.027 Thread 0x000001e4f3dd8ec0 DEOPT UNPACKING pc=0x000001e4d9397143 sp=0x000000a4ff2fd840 mode 0

Classes loaded (20 events):
Event: 7.614 Loading class sun/nio/ch/FileChannelImpl$DefaultUnmapper
Event: 7.614 Loading class sun/nio/ch/FileChannelImpl$Unmapper
Event: 7.614 Loading class jdk/internal/access/foreign/UnmapperProxy
Event: 7.615 Loading class jdk/internal/access/foreign/UnmapperProxy done
Event: 7.615 Loading class sun/nio/ch/FileChannelImpl$Unmapper done
Event: 7.615 Loading class sun/nio/ch/FileChannelImpl$DefaultUnmapper done
Event: 7.615 Loading class sun/nio/ch/Util$4
Event: 7.615 Loading class sun/nio/ch/Util$4 done
Event: 7.628 Loading class java/nio/file/TempFileHelper
Event: 7.628 Loading class java/nio/file/TempFileHelper done
Event: 7.671 Loading class java/util/zip/ZipException
Event: 7.671 Loading class java/util/zip/ZipException done
Event: 7.677 Loading class java/util/zip/ZipOutputStream
Event: 7.677 Loading class java/util/zip/ZipOutputStream done
Event: 7.728 Loading class java/io/UTFDataFormatException
Event: 7.729 Loading class java/io/UTFDataFormatException done
Event: 7.882 Loading class java/util/concurrent/ForkJoinTask$AdaptedCallable
Event: 7.882 Loading class java/util/concurrent/ForkJoinTask$AdaptedCallable done
Event: 7.882 Loading class java/util/concurrent/ForkJoinPool$DefaultForkJoinWorkerThreadFactory$1
Event: 7.882 Loading class java/util/concurrent/ForkJoinPool$DefaultForkJoinWorkerThreadFactory$1 done

Classes unloaded (0 events):
No events

Classes redefined (0 events):
No events

Internal exceptions (20 events):
Event: 7.872 Thread 0x000001e4f30521b0 Exception <a 'java/lang/NoSuchMethodError'{0x000000008a3e1128}: 'java.lang.Object java.lang.invoke.DirectMethodHandle$Holder.invokeStaticInit(java.lang.Object, java.lang.Object, java.lang.Object, java.lang.Object, java.lang.Object, java.lang.Object, java.lang.Object, java.lang.Object, java.lang.Object, java.lang.Object, java.lang.Object, java.lang.Object, java.lang.Object, java.lang.Object, java.lang.Object, java.lang.Object, java.lang.Object, java.lang.Object, java.lang.Object, java.lang.Object, int, java
Event: 7.873 Thread 0x000001e4f30521b0 Exception <a 'java/lang/IncompatibleClassChangeError'{0x000000008a3faae0}: Found class java.lang.Object, but interface was expected> (0x000000008a3faae0) 
thrown [s\src\hotspot\share\interpreter\linkResolver.cpp, line 826]
Event: 7.873 Thread 0x000001e4f30521b0 Exception <a 'java/lang/IncompatibleClassChangeError'{0x000000008a206990}: Found class java.lang.Object, but interface was expected> (0x000000008a206990) 
thrown [s\src\hotspot\share\interpreter\linkResolver.cpp, line 826]
Event: 7.883 Thread 0x000001e4f3dd8ec0 Implicit null exception at 0x000001e4d9de6146 to 0x000001e4d9def9c8
Event: 7.885 Thread 0x000001e4f3dd84a0 Implicit null exception at 0x000001e4d9ae700c to 0x000001e4d9ae70a4
Event: 7.904 Thread 0x000001e4f3dd93d0 Exception <a 'java/lang/IncompatibleClassChangeError'{0x000000008939cf00}: Found class java.lang.Object, but interface was expected> (0x000000008939cf00) 
thrown [s\src\hotspot\share\interpreter\linkResolver.cpp, line 826]
Event: 7.905 Thread 0x000001e4f3ddbc50 Exception <a 'java/lang/IncompatibleClassChangeError'{0x000000008a1af2b8}: Found class java.lang.Object, but interface was expected> (0x000000008a1af2b8) 
thrown [s\src\hotspot\share\interpreter\linkResolver.cpp, line 826]
Event: 7.905 Thread 0x000001e4f3ddb740 Exception <a 'java/lang/IncompatibleClassChangeError'{0x000000008a1a3c68}: Found class java.lang.Object, but interface was expected> (0x000000008a1a3c68) 
thrown [s\src\hotspot\share\interpreter\linkResolver.cpp, line 826]
Event: 7.905 Thread 0x000001e4f3ddb230 Exception <a 'java/lang/IncompatibleClassChangeError'{0x000000008a1543c0}: Found class java.lang.Object, but interface was expected> (0x000000008a1543c0) 
thrown [s\src\hotspot\share\interpreter\linkResolver.cpp, line 826]
Event: 7.905 Thread 0x000001e4f3ddc160 Exception <a 'java/lang/IncompatibleClassChangeError'{0x000000008a04a238}: Found class java.lang.Object, but interface was expected> (0x000000008a04a238) 
thrown [s\src\hotspot\share\interpreter\linkResolver.cpp, line 826]
Event: 7.955 Thread 0x000001e4f3ddc160 Exception <a 'java/lang/NoSuchMethodError'{0x000000008a4c8080}: 'long java.lang.invoke.DirectMethodHandle$Holder.invokeStaticInit(java.lang.Object, java.lang.Object)'> (0x000000008a4c8080) 
thrown [s\src\hotspot\share\interpreter\linkResolver.cpp, line 759]
Event: 7.955 Thread 0x000001e4f3ddb230 Exception <a 'java/lang/NoSuchMethodError'{0x000000008a05cd38}: 'long java.lang.invoke.DirectMethodHandle$Holder.invokeStaticInit(java.lang.Object, java.lang.Object)'> (0x000000008a05cd38) 
thrown [s\src\hotspot\share\interpreter\linkResolver.cpp, line 759]
Event: 7.955 Thread 0x000001e4f3dd93d0 Exception <a 'java/lang/NoSuchMethodError'{0x000000008a6f6a98}: 'long java.lang.invoke.DirectMethodHandle$Holder.invokeStaticInit(java.lang.Object, java.lang.Object)'> (0x000000008a6f6a98) 
thrown [s\src\hotspot\share\interpreter\linkResolver.cpp, line 759]
Event: 7.955 Thread 0x000001e4f3dd8ec0 Exception <a 'java/lang/NoSuchMethodError'{0x000000008a568c10}: 'long java.lang.invoke.DirectMethodHandle$Holder.invokeStaticInit(java.lang.Object, java.lang.Object)'> (0x000000008a568c10) 
thrown [s\src\hotspot\share\interpreter\linkResolver.cpp, line 759]
Event: 7.955 Thread 0x000001e4f3dd84a0 Exception <a 'java/lang/NoSuchMethodError'{0x000000008a4bf190}: 'long java.lang.invoke.DirectMethodHandle$Holder.invokeStaticInit(java.lang.Object, java.lang.Object)'> (0x000000008a4bf190) 
thrown [s\src\hotspot\share\interpreter\linkResolver.cpp, line 759]
Event: 7.955 Thread 0x000001e4f3dd7570 Exception <a 'java/lang/NoSuchMethodError'{0x000000008a4b6e68}: 'long java.lang.invoke.DirectMethodHandle$Holder.invokeStaticInit(java.lang.Object, java.lang.Object)'> (0x000000008a4b6e68) 
thrown [s\src\hotspot\share\interpreter\linkResolver.cpp, line 759]
Event: 7.955 Thread 0x000001e4f3ddd090 Exception <a 'java/lang/NoSuchMethodError'{0x000000008a4d99f8}: 'long java.lang.invoke.DirectMethodHandle$Holder.invokeStaticInit(java.lang.Object, java.lang.Object)'> (0x000000008a4d99f8) 
thrown [s\src\hotspot\share\interpreter\linkResolver.cpp, line 759]
Event: 7.955 Thread 0x000001e4f3ddb740 Exception <a 'java/lang/NoSuchMethodError'{0x000000008a4d40f0}: 'long java.lang.invoke.DirectMethodHandle$Holder.invokeStaticInit(java.lang.Object, java.lang.Object)'> (0x000000008a4d40f0) 
thrown [s\src\hotspot\share\interpreter\linkResolver.cpp, line 759]
Event: 7.956 Thread 0x000001e4f3ddbc50 Exception <a 'java/lang/NoSuchMethodError'{0x000000008a3c71e0}: 'long java.lang.invoke.DirectMethodHandle$Holder.invokeStaticInit(java.lang.Object, java.lang.Object)'> (0x000000008a3c71e0) 
thrown [s\src\hotspot\share\interpreter\linkResolver.cpp, line 759]
Event: 7.956 Thread 0x000001e4f3dd89b0 Exception <a 'java/lang/NoSuchMethodError'{0x000000008a302260}: 'long java.lang.invoke.DirectMethodHandle$Holder.invokeStaticInit(java.lang.Object, java.lang.Object)'> (0x000000008a302260) 
thrown [s\src\hotspot\share\interpreter\linkResolver.cpp, line 759]

VM Operations (20 events):
Event: 7.553 Executing VM operation: HandshakeAllThreads done
Event: 7.554 Executing VM operation: HandshakeAllThreads
Event: 7.554 Executing VM operation: HandshakeAllThreads done
Event: 7.582 Executing VM operation: HandshakeAllThreads
Event: 7.582 Executing VM operation: HandshakeAllThreads done
Event: 7.589 Executing VM operation: HandshakeAllThreads
Event: 7.589 Executing VM operation: HandshakeAllThreads done
Event: 7.595 Executing VM operation: HandshakeAllThreads
Event: 7.595 Executing VM operation: HandshakeAllThreads done
Event: 7.832 Executing VM operation: G1CollectForAllocation
Event: 7.835 Executing VM operation: G1CollectForAllocation done
Event: 7.921 Executing VM operation: HandshakeAllThreads
Event: 7.921 Executing VM operation: HandshakeAllThreads done
Event: 7.942 Executing VM operation: G1CollectForAllocation
Event: 7.946 Executing VM operation: G1CollectForAllocation done
Event: 8.002 Executing VM operation: G1CollectForAllocation
Event: 8.002 Executing VM operation: G1CollectForAllocation done
Event: 8.002 Executing VM operation: G1CollectForAllocation
Event: 8.006 Executing VM operation: G1CollectForAllocation done
Event: 8.027 Executing VM operation: G1CollectForAllocation

Memory protections (0 events):
No events

Nmethod flushes (20 events):
Event: 6.679 Thread 0x000001e4e889afc0 flushing  nmethod 0x000001e4d2c1dd10
Event: 6.679 Thread 0x000001e4e889afc0 flushing  nmethod 0x000001e4d2c25690
Event: 6.679 Thread 0x000001e4e889afc0 flushing  nmethod 0x000001e4d2c32e90
Event: 6.679 Thread 0x000001e4e889afc0 flushing  nmethod 0x000001e4d2c68910
Event: 6.679 Thread 0x000001e4e889afc0 flushing  nmethod 0x000001e4d2c83910
Event: 6.679 Thread 0x000001e4e889afc0 flushing  nmethod 0x000001e4d2d1c090
Event: 6.680 Thread 0x000001e4e889afc0 flushing  nmethod 0x000001e4d2d37810
Event: 6.680 Thread 0x000001e4e889afc0 flushing  nmethod 0x000001e4d2d3ac90
Event: 6.680 Thread 0x000001e4e889afc0 flushing  nmethod 0x000001e4d2d3f510
Event: 6.680 Thread 0x000001e4e889afc0 flushing  nmethod 0x000001e4d2d4bf90
Event: 6.680 Thread 0x000001e4e889afc0 flushing  nmethod 0x000001e4d2d56090
Event: 6.680 Thread 0x000001e4e889afc0 flushing  nmethod 0x000001e4d2d95790
Event: 6.680 Thread 0x000001e4e889afc0 flushing  nmethod 0x000001e4d2d98690
Event: 6.680 Thread 0x000001e4e889afc0 flushing  nmethod 0x000001e4d2db6610
Event: 6.680 Thread 0x000001e4e889afc0 flushing osr nmethod 0x000001e4d2dec110
Event: 6.680 Thread 0x000001e4e889afc0 flushing  nmethod 0x000001e4d2e5c190
Event: 6.680 Thread 0x000001e4e889afc0 flushing  nmethod 0x000001e4d2e6b510
Event: 7.923 Thread 0x000001e4e889afc0 flushing  nmethod 0x000001e4d1e7b310
Event: 7.924 Thread 0x000001e4e889afc0 flushing  nmethod 0x000001e4d20bd610
Event: 7.926 Thread 0x000001e4e889afc0 flushing  nmethod 0x000001e4d2538b90

Events (20 events):
Event: 7.522 Thread 0x000001e4f304dad0 Thread added: 0x000001e4f304fe40
Event: 7.529 Thread 0x000001e4f3051280 Thread added: 0x000001e4f304f420
Event: 7.568 Thread 0x000001e4f304b760 Thread added: 0x000001e4f3050350
Event: 7.569 Thread 0x000001e4f304b760 Thread added: 0x000001e4f3dd7a80
Event: 7.569 Thread 0x000001e4f304b760 Thread added: 0x000001e4f3dd9df0
Event: 7.570 Thread 0x000001e4f304b760 Thread added: 0x000001e4f3dd7060
Event: 7.570 Thread 0x000001e4f304b760 Thread added: 0x000001e4f3dd7f90
Event: 7.571 Thread 0x000001e4f304b760 Thread added: 0x000001e4f3dda300
Event: 7.571 Thread 0x000001e4f304b760 Thread added: 0x000001e4f3dda810
Event: 7.571 Thread 0x000001e4f304b760 Thread added: 0x000001e4f3ddad20
Event: 7.883 Thread 0x000001e4f30521b0 Thread added: 0x000001e4f3dd8ec0
Event: 7.883 Thread 0x000001e4f30521b0 Thread added: 0x000001e4f3dd7570
Event: 7.883 Thread 0x000001e4f3dd7570 Thread added: 0x000001e4f3ddb230
Event: 7.884 Thread 0x000001e4f3ddb230 Thread added: 0x000001e4f3ddb740
Event: 7.884 Thread 0x000001e4f3ddb740 Thread added: 0x000001e4f3ddbc50
Event: 7.884 Thread 0x000001e4f3ddbc50 Thread added: 0x000001e4f3dd84a0
Event: 7.884 Thread 0x000001e4f3dd84a0 Thread added: 0x000001e4f3dd93d0
Event: 7.884 Thread 0x000001e4f3dd93d0 Thread added: 0x000001e4f3ddc160
Event: 7.885 Thread 0x000001e4f3ddc160 Thread added: 0x000001e4f3dd89b0
Event: 7.885 Thread 0x000001e4f3dd89b0 Thread added: 0x000001e4f3ddd090


Dynamic libraries:
0x00007ff6e3ea0000 - 0x00007ff6e3eae000 	C:\Users\16696\.jdks\ms-17.0.19\bin\java.exe
0x00007ffa8e760000 - 0x00007ffa8e9c6000 	C:\Windows\SYSTEM32\ntdll.dll
0x00007ffa8cdd0000 - 0x00007ffa8ce99000 	C:\Windows\System32\KERNEL32.DLL
0x00007ffa8ba80000 - 0x00007ffa8be7a000 	C:\Windows\System32\KERNELBASE.dll
0x00007ffa8c090000 - 0x00007ffa8c1dc000 	C:\Windows\System32\ucrtbase.dll
0x00007ffa7dae0000 - 0x00007ffa7dafe000 	C:\Users\16696\.jdks\ms-17.0.19\bin\VCRUNTIME140.dll
0x00007ffa7db70000 - 0x00007ffa7db88000 	C:\Users\16696\.jdks\ms-17.0.19\bin\jli.dll
0x00007ffa8cff0000 - 0x00007ffa8d1b7000 	C:\Windows\System32\USER32.dll
0x00007ffa8be80000 - 0x00007ffa8bea7000 	C:\Windows\System32\win32u.dll
0x00007ffa6f9b0000 - 0x00007ffa6fc42000 	C:\Windows\WinSxS\amd64_microsoft.windows.common-controls_6595b64144ccf1df_6.0.26100.8521_none_3e08b75ce33403b3\COMCTL32.dll
0x00007ffa8cd20000 - 0x00007ffa8cd4b000 	C:\Windows\System32\GDI32.dll
0x00007ffa8ca70000 - 0x00007ffa8cb19000 	C:\Windows\System32\msvcrt.dll
0x00007ffa8beb0000 - 0x00007ffa8bfdb000 	C:\Windows\System32\gdi32full.dll
0x00007ffa8bfe0000 - 0x00007ffa8c083000 	C:\Windows\System32\msvcp_win.dll
0x00007ffa8cb20000 - 0x00007ffa8cb52000 	C:\Windows\System32\IMM32.DLL
0x00007ffa87870000 - 0x00007ffa8787c000 	C:\Users\16696\.jdks\ms-17.0.19\bin\vcruntime140_1.dll
0x00007ffa783f0000 - 0x00007ffa78479000 	C:\Users\16696\.jdks\ms-17.0.19\bin\msvcp140.dll
0x00007ff9bc970000 - 0x00007ff9bd5eb000 	C:\Users\16696\.jdks\ms-17.0.19\bin\server\jvm.dll
0x00007ffa8e5d0000 - 0x00007ffa8e686000 	C:\Windows\System32\ADVAPI32.dll
0x00007ffa8c9c0000 - 0x00007ffa8ca6a000 	C:\Windows\System32\sechost.dll
0x00007ffa8dbc0000 - 0x00007ffa8dcd8000 	C:\Windows\System32\RPCRT4.dll
0x00007ffa8e690000 - 0x00007ffa8e710000 	C:\Windows\System32\WS2_32.dll
0x00007ffa8b850000 - 0x00007ffa8b8ae000 	C:\Windows\SYSTEM32\POWRPROF.dll
0x00007ffa84500000 - 0x00007ffa84536000 	C:\Windows\SYSTEM32\WINMM.dll
0x00007ffa839c0000 - 0x00007ffa839cb000 	C:\Windows\SYSTEM32\VERSION.dll
0x00007ffa8b830000 - 0x00007ffa8b844000 	C:\Windows\SYSTEM32\UMPDC.dll
0x00007ffa8a750000 - 0x00007ffa8a76b000 	C:\Windows\SYSTEM32\kernel.appcore.dll
0x00007ffa7cf40000 - 0x00007ffa7cf4a000 	C:\Users\16696\.jdks\ms-17.0.19\bin\jimage.dll
0x00007ffa88de0000 - 0x00007ffa89022000 	C:\Windows\SYSTEM32\DBGHELP.DLL
0x00007ffa8de90000 - 0x00007ffa8e213000 	C:\Windows\System32\combase.dll
0x00007ffa8da50000 - 0x00007ffa8db29000 	C:\Windows\System32\OLEAUT32.dll
0x00007ffa68e40000 - 0x00007ffa68e7b000 	C:\Windows\SYSTEM32\dbgcore.DLL
0x00007ffa8c1e0000 - 0x00007ffa8c288000 	C:\Windows\System32\bcryptPrimitives.dll
0x00007ffa7cf30000 - 0x00007ffa7cf3f000 	C:\Users\16696\.jdks\ms-17.0.19\bin\instrument.dll
0x00007ffa7cf00000 - 0x00007ffa7cf26000 	C:\Users\16696\.jdks\ms-17.0.19\bin\java.dll
0x00007ffa18be0000 - 0x00007ffa18cb6000 	C:\Users\16696\.jdks\ms-17.0.19\bin\jsvml.dll
0x00007ffa8d1c0000 - 0x00007ffa8d944000 	C:\Windows\System32\SHELL32.dll
0x00007ffa89590000 - 0x00007ffa89e10000 	C:\Windows\SYSTEM32\windows.storage.dll
0x00007ffa8cc20000 - 0x00007ffa8cd16000 	C:\Windows\System32\SHCORE.dll
0x00007ffa8e400000 - 0x00007ffa8e467000 	C:\Windows\System32\shlwapi.dll
0x00007ffa8b910000 - 0x00007ffa8b939000 	C:\Windows\SYSTEM32\profapi.dll
0x00007ffa783d0000 - 0x00007ffa783e8000 	C:\Users\16696\.jdks\ms-17.0.19\bin\zip.dll
0x00007ffa783b0000 - 0x00007ffa783cb000 	C:\Users\16696\.jdks\ms-17.0.19\bin\net.dll
0x00007ffa843b0000 - 0x00007ffa844d9000 	C:\Windows\SYSTEM32\WINHTTP.dll
0x00007ffa8acd0000 - 0x00007ffa8ad3c000 	C:\Windows\system32\mswsock.dll
0x00007ffa78390000 - 0x00007ffa783a6000 	C:\Users\16696\.jdks\ms-17.0.19\bin\nio.dll
0x00007ffa78380000 - 0x00007ffa78390000 	C:\Users\16696\.jdks\ms-17.0.19\bin\verify.dll
0x00007ff9f88f0000 - 0x00007ff9f8917000 	C:\Users\16696\.gradle\native\660c5614fbf4a5f2a75b1949f50a0caf5cd603558e7d8a26e50b933a0cfb79d1\windows-amd64\native-platform.dll
0x00007ffa18b60000 - 0x00007ffa18bd7000 	C:\Users\16696\.gradle\native\0.2.8\x86_64-windows-gnu\gradle-fileevents.dll
0x00007ffa78370000 - 0x00007ffa7837a000 	C:\Users\16696\.jdks\ms-17.0.19\bin\management.dll
0x00007ffa78360000 - 0x00007ffa7836c000 	C:\Users\16696\.jdks\ms-17.0.19\bin\management_ext.dll
0x00007ffa8cbc0000 - 0x00007ffa8cbc8000 	C:\Windows\System32\PSAPI.DLL
0x00007ffa8a120000 - 0x00007ffa8a153000 	C:\Windows\SYSTEM32\IPHLPAPI.DLL
0x00007ffa8dce0000 - 0x00007ffa8dcea000 	C:\Windows\System32\NSI.dll
0x00007ffa84130000 - 0x00007ffa8414d000 	C:\Windows\SYSTEM32\dhcpcsvc6.DLL
0x00007ffa84100000 - 0x00007ffa84125000 	C:\Windows\SYSTEM32\dhcpcsvc.DLL
0x00007ffa8a1b0000 - 0x00007ffa8a2fa000 	C:\Windows\SYSTEM32\DNSAPI.dll
0x00007ffa8aac0000 - 0x00007ffa8aacd000 	C:\Windows\SYSTEM32\DSPARSE.dll
0x00007ffa78350000 - 0x00007ffa78359000 	C:\Users\16696\.jdks\ms-17.0.19\bin\extnet.dll
0x00007ffa8afe0000 - 0x00007ffa8affb000 	C:\Windows\SYSTEM32\CRYPTSP.dll
0x00007ffa8a6b0000 - 0x00007ffa8a6e9000 	C:\Windows\system32\rsaenh.dll
0x00007ffa8ad80000 - 0x00007ffa8adb3000 	C:\Windows\SYSTEM32\USERENV.dll
0x00007ffa8b8e0000 - 0x00007ffa8b90a000 	C:\Windows\SYSTEM32\bcrypt.dll
0x00007ffa8afd0000 - 0x00007ffa8afdc000 	C:\Windows\SYSTEM32\CRYPTBASE.dll
0x00007ffa53000000 - 0x00007ffa5300e000 	C:\Users\16696\.jdks\ms-17.0.19\bin\sunmscapi.dll
0x00007ffa8c350000 - 0x00007ffa8c4c8000 	C:\Windows\System32\CRYPT32.dll
0x00007ffa8b1f0000 - 0x00007ffa8b220000 	C:\Windows\SYSTEM32\ncrypt.dll
0x00007ffa8b1a0000 - 0x00007ffa8b1df000 	C:\Windows\SYSTEM32\NTASN1.dll
0x00007ffa7c1a0000 - 0x00007ffa7c1a8000 	C:\Windows\system32\wshunix.dll
0x00007ffa8a870000 - 0x00007ffa8a8a6000 	C:\Windows\SYSTEM32\ntmarta.dll

dbghelp: loaded successfully - version: 4.0.5 - missing functions: none
symbol engine: initialized successfully - sym options: 0x614 - pdb path: .;C:\Users\16696\.jdks\ms-17.0.19\bin;C:\Windows\SYSTEM32;C:\Windows\WinSxS\amd64_microsoft.windows.common-controls_6595b64144ccf1df_6.0.26100.8521_none_3e08b75ce33403b3;C:\Users\16696\.jdks\ms-17.0.19\bin\server;C:\Users\16696\.gradle\native\660c5614fbf4a5f2a75b1949f50a0caf5cd603558e7d8a26e50b933a0cfb79d1\windows-amd64;C:\Users\16696\.gradle\native\0.2.8\x86_64-windows-gnu

VM Arguments:
jvm_args: --add-opens=java.base/java.lang=ALL-UNNAMED --add-opens=java.base/java.lang.invoke=ALL-UNNAMED --add-opens=java.base/java.util=ALL-UNNAMED --add-opens=java.prefs/java.util.prefs=ALL-UNNAMED --add-exports=jdk.compiler/com.sun.tools.javac.api=ALL-UNNAMED --add-exports=jdk.compiler/com.sun.tools.javac.util=ALL-UNNAMED --add-opens=java.base/java.util=ALL-UNNAMED --add-opens=java.prefs/java.util.prefs=ALL-UNNAMED --add-opens=java.base/java.nio.charset=ALL-UNNAMED --add-opens=java.base/java.net=ALL-UNNAMED --add-opens=java.base/java.util.concurrent=ALL-UNNAMED --add-opens=java.base/java.util.concurrent.atomic=ALL-UNNAMED --add-opens=java.xml/javax.xml.namespace=ALL-UNNAMED --add-opens=java.base/java.time=ALL-UNNAMED -Xmx2048m -Dfile.encoding=UTF-8 -Duser.country=CN -Duser.language=zh -Duser.variant -javaagent:C:\Users\16696\.gradle\wrapper\dists\gradle-9.4.1-bin\arn2x92ynaizyzdaamcbpbhtj\gradle-9.4.1\lib\agents\gradle-instrumentation-agent-9.4.1.jar 
java_command: org.gradle.launcher.daemon.bootstrap.GradleDaemon 9.4.1
java_class_path (initial): C:\Users\16696\.gradle\wrapper\dists\gradle-9.4.1-bin\arn2x92ynaizyzdaamcbpbhtj\gradle-9.4.1\lib\gradle-daemon-main-9.4.1.jar
Launcher Type: SUN_STANDARD

[Global flags]
     intx CICompilerCount                          = 4                                         {product} {ergonomic}
     uint ConcGCThreads                            = 2                                         {product} {ergonomic}
     uint G1ConcRefinementThreads                  = 9                                         {product} {ergonomic}
   size_t G1HeapRegionSize                         = 1048576                                   {product} {ergonomic}
    uintx GCDrainStackTargetSize                   = 64                                        {product} {ergonomic}
   size_t InitialHeapSize                          = 260046848                                 {product} {ergonomic}
   size_t MarkStackSize                            = 4194304                                   {product} {ergonomic}
   size_t MaxHeapSize                              = 2147483648                                {product} {command line}
   size_t MaxNewSize                               = 1287651328                                {product} {ergonomic}
   size_t MinHeapDeltaBytes                        = 1048576                                   {product} {ergonomic}
   size_t MinHeapSize                              = 8388608                                   {product} {ergonomic}
    uintx NonNMethodCodeHeapSize                   = 5839372                                {pd product} {ergonomic}
    uintx NonProfiledCodeHeapSize                  = 122909434                              {pd product} {ergonomic}
    uintx ProfiledCodeHeapSize                     = 122909434                              {pd product} {ergonomic}
    uintx ReservedCodeCacheSize                    = 251658240                              {pd product} {ergonomic}
     bool SegmentedCodeCache                       = true                                      {product} {ergonomic}
   size_t SoftMaxHeapSize                          = 2147483648                             {manageable} {ergonomic}
     bool UseCompressedClassPointers               = true                           {product lp64_product} {ergonomic}
     bool UseCompressedOops                        = true                           {product lp64_product} {ergonomic}
     bool UseG1GC                                  = true                                      {product} {ergonomic}
     bool UseLargePagesIndividualAllocation        = false                                  {pd product} {ergonomic}

Logging:
Log output configuration:
 #0: stdout all=warning uptime,level,tags
 #1: stderr all=off uptime,level,tags

Environment Variables:
PATH=d:\Trea\Trae CN\resources\app\modules\ai-agent\bin;c:\Users\16696\.trae-cn\tools\trae-gopls\current;c:\Users\16696\.trae-cn\sdks\workspaces\5d727ef8\versions\node\current;c:\Users\16696\.trae-cn\sdks\versions\node\current;D:\Android\jdk-8.0.492.9-hotspot\bin;C:\Program Files (x86)\VMware\VMware Workstation\bin\;C:\Windows\system32;C:\Windows;C:\Windows\System32\Wbem;C:\Windows\System32\WindowsPowerShell\v1.0\;C:\Windows\System32\OpenSSH\;D:\Git\Git\cmd;D:\Cmake\bin;D:\Windows Kits\10\Windows Performance Toolkit\;C:\Program Files\CMake\bin;C:\Program Files\TortoiseGit\bin;C:\NXP\S32DS.3.5\S32DS\build_tools\gcc-10.2-arm32-eabi\bin;D:\Xshell\;C:\Users\16696\AppData\Local\Programs\Python\Python314\Scripts\;C:\Users\16696\AppData\Local\Programs\Python\Python314\;C:\Users\16696\AppData\Local\Microsoft\WindowsApps;D:\pycharm\PyCharm 2026.1.2\bin;D:\vscode\Microsoft VS Code\bin;D:\Android\Sdk\platform-tools;;c:\Users\16696\.trae-cn\extensions\vscjava.vscode-java-debug-0.59.0-universal\bundled\scripts\noConfigScripts;D:\Android\jdk-8.0.492.9-hotspot\bin;C:\Program Files (x86)\VMware\VMware Workstation\bin\;C:\Windows\system32;C:\Windows;C:\Windows\System32\Wbem;C:\Windows\System32\WindowsPowerShell\v1.0\;C:\Windows\System32\OpenSSH\;D:\Git\Git\cmd;D:\Cmake\bin;D:\Windows Kits\10\Windows Performance Toolkit\;C:\Program Files\CMake\bin;C:\Program Files\TortoiseGit\bin;C:\NXP\S32DS.3.5\S32DS\build_tools\gcc-10.2-arm32-eabi\bin;D:\Xshell\;C:\Users\16696\AppData\Local\Programs\Python\Python314\Scripts\;C:\Users\16696\AppData\Local\Programs\Python\Python314\;C:\Users\16696\AppData\Local\Microsoft\WindowsApps;D:\pycharm\PyCharm 2026.1.2\bin;D:\vscode\Microsoft VS Code\bin;D:\Android\Sdk\platform-tools;d:\Trea\Trae CN\resources\app\bin\lib;d:\Trea\Trae CN\resources\app\node_modules\@vscode\ripgrep\bin;D:\Trea\Trae CN\resources\app\out\vs\workbench\contrib\terminal\common\scripts
USERNAME=16696
LANG=zh_CN.UTF-8
TERM=dumb
OS=Windows_NT
PROCESSOR_IDENTIFIER=Intel64 Family 6 Model 198 Stepping 2, GenuineIntel
TMP=C:\Users\16696\AppData\Local\Temp
TEMP=C:\Users\16696\AppData\Local\Temp



Periodic native trim disabled


---------------  S Y S T E M  ---------------

OS:
 Windows 11 , 64 bit Build 26100 (10.0.26100.8521)
OS uptime: 1 days 2:57 hours
Hyper-V role detected

CPU: total 10 (initial active 10) (10 cores per cpu, 1 threads per core) family 6 model 198 stepping 2 microcode 0x118, cx8, cmov, fxsr, mmx, 3dnowpref, sse, sse2, sse3, ssse3, sse4.1, sse4.2, popcnt, lzcnt, tsc, tscinvbit, avx, avx2, aes, erms, clmul, bmi1, bmi2, adx, sha, fma, vzeroupper, clflush, clflushopt, clwb, hv
Processor Information for processor 0
  Max Mhz: 3300, Current Mhz: 3300, Mhz Limit: 3300
Processor Information for processor 1
  Max Mhz: 3300, Current Mhz: 3300, Mhz Limit: 3300
Processor Information for processor 2
  Max Mhz: 2700, Current Mhz: 2700, Mhz Limit: 2700
Processor Information for processor 3
  Max Mhz: 2700, Current Mhz: 2700, Mhz Limit: 2700
Processor Information for processor 4
  Max Mhz: 2700, Current Mhz: 2700, Mhz Limit: 2700
Processor Information for processor 5
  Max Mhz: 2700, Current Mhz: 2700, Mhz Limit: 2700
Processor Information for processor 6
  Max Mhz: 3300, Current Mhz: 3300, Mhz Limit: 3300
Processor Information for processor 7
  Max Mhz: 3300, Current Mhz: 3300, Mhz Limit: 3300
Processor Information for processor 8
  Max Mhz: 3300, Current Mhz: 3300, Mhz Limit: 3300
Processor Information for processor 9
  Max Mhz: 3300, Current Mhz: 3300, Mhz Limit: 3300

Memory: 4k page, system-wide physical 15751M (865M free)
TotalPageFile size 54151M (AvailPageFile size 25M)
current process WorkingSet (physical memory assigned to process): 461M, peak: 462M
current process commit charge ("private bytes"): 586M, peak: 652M

vm_info: OpenJDK 64-Bit Server VM (17.0.19+10-LTS) for windows-amd64 JRE (17.0.19+10-LTS), built on Apr 18 2026 18:24:40 by "MicrosoftCorporation" with MS VC++ 17.14 (VS2022)

END.
