#
# There is insufficient memory for the Java Runtime Environment to continue.
# Native memory allocation (malloc) failed to allocate 1320368 bytes. Error detail: Chunk::new
# Possible reasons:
#   The system is out of physical RAM or swap space
#   This process is running with CompressedOops enabled, and the Java Heap may be blocking the growth of the native heap
# Possible solutions:
#   Reduce memory load on the system
#   Increase physical memory or swap space
#   Check if swap backing store is full
#   Decrease Java heap size (-Xmx/-Xms)
#   Decrease number of Java threads
#   Decrease Java thread stack sizes (-Xss)
#   Set larger code cache with -XX:ReservedCodeCacheSize=
#   JVM is running with Unscaled Compressed Oops mode in which the Java heap is
#     placed in the first 4GB address space. The Java Heap base address is the
#     maximum limit for the native heap growth. Please use -XX:HeapBaseMinAddress
#     to set the Java Heap base and to place the Java Heap above 4GB virtual address.
# This output file may be truncated or incomplete.
#
#  Out of Memory Error (arena.cpp:191), pid=26024, tid=27948
#
# JRE version: OpenJDK Runtime Environment Microsoft-13877129 (17.0.19+10) (build 17.0.19+10-LTS)
# Java VM: OpenJDK 64-Bit Server VM Microsoft-13877129 (17.0.19+10-LTS, mixed mode, sharing, tiered, compressed oops, compressed class ptrs, g1 gc, windows-amd64)
# No core dump will be written. Minidumps are not enabled by default on client versions of Windows
#

---------------  S U M M A R Y ------------

Command Line: --add-opens=java.base/java.lang=ALL-UNNAMED --add-opens=java.base/java.lang.invoke=ALL-UNNAMED --add-opens=java.base/java.util=ALL-UNNAMED --add-opens=java.prefs/java.util.prefs=ALL-UNNAMED --add-exports=jdk.compiler/com.sun.tools.javac.api=ALL-UNNAMED --add-exports=jdk.compiler/com.sun.tools.javac.util=ALL-UNNAMED --add-opens=java.base/java.util=ALL-UNNAMED --add-opens=java.prefs/java.util.prefs=ALL-UNNAMED --add-opens=java.base/java.nio.charset=ALL-UNNAMED --add-opens=java.base/java.net=ALL-UNNAMED --add-opens=java.base/java.util.concurrent=ALL-UNNAMED --add-opens=java.base/java.util.concurrent.atomic=ALL-UNNAMED --add-opens=java.xml/javax.xml.namespace=ALL-UNNAMED --add-opens=java.base/java.time=ALL-UNNAMED -Xmx2048m -Dfile.encoding=UTF-8 -Duser.country=CN -Duser.language=zh -Duser.variant -javaagent:C:\Users\16696\.gradle\wrapper\dists\gradle-9.4.1-bin\arn2x92ynaizyzdaamcbpbhtj\gradle-9.4.1\lib\agents\gradle-instrumentation-agent-9.4.1.jar org.gradle.launcher.daemon.bootstrap.GradleDaemon 9.4.1

Host: Intel(R) Core(TM) Ultra 5 225, 10 cores, 15G,  Windows 11 , 64 bit Build 26100 (10.0.26100.8521)
Time: Thu Jul 16 10:25:00 2026  Windows 11 , 64 bit Build 26100 (10.0.26100.8521) elapsed time: 14.742247 seconds (0d 0h 0m 14s)

---------------  T H R E A D  ---------------

Current thread (0x000001a67f409c10):  JavaThread "C2 CompilerThread0" daemon [_thread_in_native, id=27948, stack(0x0000006f9e200000,0x0000006f9e300000)]


Current CompileTask:
C2:14742 15815       4       com.android.tools.r8.internal.g71::a (71 bytes)

Stack: [0x0000006f9e200000,0x0000006f9e300000]
Native frames: (J=compiled Java code, j=interpreted, Vv=VM code, C=native code)
V  [jvm.dll+0x68cc89]  (no source info available)
V  [jvm.dll+0x845d89]  (no source info available)
V  [jvm.dll+0x847af8]  (no source info available)
V  [jvm.dll+0x848183]  (no source info available)
V  [jvm.dll+0x24d0bf]  (no source info available)
V  [jvm.dll+0xaed56]  (no source info available)
V  [jvm.dll+0xaf3fc]  (no source info available)
V  [jvm.dll+0x3718be]  (no source info available)
V  [jvm.dll+0x1c07d3]  (no source info available)
V  [jvm.dll+0x21e120]  (no source info available)
V  [jvm.dll+0x21d412]  (no source info available)
V  [jvm.dll+0x1a8db6]  (no source info available)
V  [jvm.dll+0x22dc6b]  (no source info available)
V  [jvm.dll+0x22bdf6]  (no source info available)
V  [jvm.dll+0x7fbecb]  (no source info available)
V  [jvm.dll+0x7f62cc]  (no source info available)
V  [jvm.dll+0x68e227]  (no source info available)
C  [ucrtbase.dll+0x2cd30]  (no source info available)
C  [KERNEL32.DLL+0x2e957]  (no source info available)
C  [ntdll.dll+0x87c1c]  (no source info available)


---------------  P R O C E S S  ---------------

Threads class SMR info:
_java_thread_list=0x000001a64cdb1940, length=71, elements={
0x000001a6626ad660, 0x000001a67f3b5070, 0x000001a67f3c5950, 0x000001a67f3d3b50,
0x000001a67f3d4060, 0x000001a67f3d4570, 0x000001a67f3d4a80, 0x000001a67f409c10,
0x000001a67f40e270, 0x000001a67f411e20, 0x000001a67f3d3640, 0x000001a67f3d4f90,
0x000001a67f3d3130, 0x000001a67f3d54a0, 0x000001a67f3d59b0, 0x000001a67f3d5ec0,
0x000001a67f3d63d0, 0x000001a648a75a00, 0x000001a648a77350, 0x000001a648a77d70,
0x000001a648a78280, 0x000001a648a74ad0, 0x000001a648a78790, 0x000001a648a76e40,
0x000001a648a74fe0, 0x000001a648a78ca0, 0x000001a648a75f10, 0x000001a648a76930,
0x000001a648a754f0, 0x000001a648a77860, 0x000001a648a76420, 0x000001a648a7b520,
0x000001a648a7ba30, 0x000001a648a791b0, 0x000001a648a796c0, 0x000001a648a7ab00,
0x000001a648a7bf40, 0x000001a648a79bd0, 0x000001a648a7a0e0, 0x000001a648a7c450,
0x000001a64b3d0540, 0x000001a64b3d0030, 0x000001a64b3ce6e0, 0x000001a64b3cd7b0,
0x000001a64b3cf100, 0x000001a64b3d1470, 0x000001a64b3d1e90, 0x000001a64b3d23a0,
0x000001a64b3cebf0, 0x000001a64b3d28b0, 0x000001a64b3d2dc0, 0x000001a64b3d37e0,
0x000001a64b3d32d0, 0x000001a64b3d3cf0, 0x000001a64b3d4200, 0x000001a64b3d4710,
0x000001a64b3ce1d0, 0x000001a64d841000, 0x000001a64d843880, 0x000001a64d842950,
0x000001a64d8400d0, 0x000001a64d841f30, 0x000001a64d843d90, 0x000001a64d842e60,
0x000001a64d8442a0, 0x000001a64d840af0, 0x000001a64d8447b0, 0x000001a64d844cc0,
0x000001a64d8451d0, 0x000001a64cba0ec0, 0x000001a64cb9f430
}

Java Threads: ( => current thread )
  0x000001a6626ad660 JavaThread "main" [_thread_blocked, id=21824, stack(0x0000006f9d000000,0x0000006f9d100000)]
  0x000001a67f3b5070 JavaThread "Reference Handler" daemon [_thread_blocked, id=18528, stack(0x0000006f9dc00000,0x0000006f9dd00000)]
  0x000001a67f3c5950 JavaThread "Finalizer" daemon [_thread_blocked, id=4104, stack(0x0000006f9dd00000,0x0000006f9de00000)]
  0x000001a67f3d3b50 JavaThread "Signal Dispatcher" daemon [_thread_blocked, id=5680, stack(0x0000006f9de00000,0x0000006f9df00000)]
  0x000001a67f3d4060 JavaThread "Attach Listener" daemon [_thread_blocked, id=2992, stack(0x0000006f9df00000,0x0000006f9e000000)]
  0x000001a67f3d4570 JavaThread "Service Thread" daemon [_thread_blocked, id=9128, stack(0x0000006f9e000000,0x0000006f9e100000)]
  0x000001a67f3d4a80 JavaThread "Monitor Deflation Thread" daemon [_thread_blocked, id=20560, stack(0x0000006f9e100000,0x0000006f9e200000)]
=>0x000001a67f409c10 JavaThread "C2 CompilerThread0" daemon [_thread_in_native, id=27948, stack(0x0000006f9e200000,0x0000006f9e300000)]
  0x000001a67f40e270 JavaThread "C1 CompilerThread0" daemon [_thread_in_native, id=28116, stack(0x0000006f9e300000,0x0000006f9e400000)]
  0x000001a67f411e20 JavaThread "Sweeper thread" daemon [_thread_blocked, id=17028, stack(0x0000006f9e400000,0x0000006f9e500000)]
  0x000001a67f3d3640 JavaThread "Common-Cleaner" daemon [_thread_blocked, id=3188, stack(0x0000006f9e500000,0x0000006f9e600000)]
  0x000001a67f3d4f90 JavaThread "Notification Thread" daemon [_thread_blocked, id=9268, stack(0x0000006f9e700000,0x0000006f9e800000)]
  0x000001a67f3d3130 JavaThread "Daemon health stats" [_thread_blocked, id=4284, stack(0x0000006f9ed00000,0x0000006f9ee00000)]
  0x000001a67f3d54a0 JavaThread "Incoming local TCP Connector on port 54659" [_thread_in_native, id=8916, stack(0x0000006f9ee00000,0x0000006f9ef00000)]
  0x000001a67f3d59b0 JavaThread "Daemon periodic checks" [_thread_blocked, id=12908, stack(0x0000006f9ef00000,0x0000006f9f000000)]
  0x000001a67f3d5ec0 JavaThread "Daemon" [_thread_blocked, id=23908, stack(0x0000006f9f000000,0x0000006f9f100000)]
  0x000001a67f3d63d0 JavaThread "Handler for socket connection from /127.0.0.1:54659 to /127.0.0.1:54660" [_thread_in_native, id=27108, stack(0x0000006f9f100000,0x0000006f9f200000)]
  0x000001a648a75a00 JavaThread "Cancel handler" [_thread_blocked, id=27916, stack(0x0000006f9f200000,0x0000006f9f300000)]
  0x000001a648a77350 JavaThread "Daemon worker" [_thread_blocked, id=21780, stack(0x0000006f9f300000,0x0000006f9f400000)]
  0x000001a648a77d70 JavaThread "Asynchronous log dispatcher for DefaultDaemonConnection: socket connection from /127.0.0.1:54659 to /127.0.0.1:54660" [_thread_blocked, id=6040, stack(0x0000006f9f400000,0x0000006f9f500000)]
  0x000001a648a78280 JavaThread "Stdin handler" [_thread_blocked, id=16312, stack(0x0000006f9f500000,0x0000006f9f600000)]
  0x000001a648a74ad0 JavaThread "Daemon client event forwarder" [_thread_blocked, id=24008, stack(0x0000006f9f600000,0x0000006f9f700000)]
  0x000001a648a78790 JavaThread "Cache worker for journal cache (C:\Users\16696\.gradle\caches\journal-1)" [_thread_blocked, id=21384, stack(0x0000006f9f700000,0x0000006f9f800000)]
  0x000001a648a76e40 JavaThread "File lock request listener" [_thread_in_native, id=14724, stack(0x0000006f9f800000,0x0000006f9f900000)]
  0x000001a648a74fe0 JavaThread "Cache worker for file hash cache (C:\Users\16696\.gradle\caches\9.4.1\fileHashes)" [_thread_blocked, id=3328, stack(0x0000006f9f900000,0x0000006f9fa00000)]
  0x000001a648a78ca0 JavaThread "Cache worker for file hash cache (D:\Code\Application\music1\.gradle\9.4.1\fileHashes)" [_thread_blocked, id=20100, stack(0x0000006f9ff00000,0x0000006fa0000000)]
  0x000001a648a75f10 JavaThread "Cache worker for Build Output Cleanup Cache (D:\Code\Application\music1\.gradle\buildOutputCleanup)" [_thread_blocked, id=13424, stack(0x0000006fa0000000,0x0000006fa0100000)]
  0x000001a648a76930 JavaThread "File watcher server" daemon [_thread_in_native, id=26448, stack(0x0000006fa0100000,0x0000006fa0200000)]
  0x000001a648a754f0 JavaThread "File watcher consumer" daemon [_thread_blocked, id=28236, stack(0x0000006fa0200000,0x0000006fa0300000)]
  0x000001a648a77860 JavaThread "Cache worker for file content cache (C:\Users\16696\.gradle\caches\9.4.1\fileContent)" [_thread_blocked, id=25888, stack(0x0000006fa0300000,0x0000006fa0400000)]
  0x000001a648a76420 JavaThread "Cache worker for checksums cache (D:\Code\Application\music1\.gradle\9.4.1\checksums)" [_thread_blocked, id=19160, stack(0x0000006fa0400000,0x0000006fa0500000)]
  0x000001a648a7b520 JavaThread "Cache worker for cache directory md-supplier (C:\Users\16696\.gradle\caches\9.4.1\md-supplier)" [_thread_blocked, id=27532, stack(0x0000006fa0600000,0x0000006fa0700000)]
  0x000001a648a7ba30 JavaThread "Cache worker for cache directory md-rule (C:\Users\16696\.gradle\caches\9.4.1\md-rule)" [_thread_blocked, id=11676, stack(0x0000006fa0700000,0x0000006fa0800000)]
  0x000001a648a791b0 JavaThread "Build operations" [_thread_blocked, id=12756, stack(0x0000006fa0900000,0x0000006fa0a00000)]
  0x000001a648a796c0 JavaThread "Build operations Thread 2" [_thread_blocked, id=16028, stack(0x0000006fa0a00000,0x0000006fa0b00000)]
  0x000001a648a7ab00 JavaThread "Build operations Thread 3" [_thread_blocked, id=16956, stack(0x0000006fa0b00000,0x0000006fa0c00000)]
  0x000001a648a7bf40 JavaThread "Build operations Thread 4" [_thread_blocked, id=23128, stack(0x0000006fa0c00000,0x0000006fa0d00000)]
  0x000001a648a79bd0 JavaThread "Build operations Thread 5" [_thread_blocked, id=27584, stack(0x0000006fa0d00000,0x0000006fa0e00000)]
  0x000001a648a7a0e0 JavaThread "Build operations Thread 6" [_thread_blocked, id=4404, stack(0x0000006fa0e00000,0x0000006fa0f00000)]
  0x000001a648a7c450 JavaThread "Build operations Thread 7" [_thread_blocked, id=19960, stack(0x0000006fa0f00000,0x0000006fa1000000)]
  0x000001a64b3d0540 JavaThread "Build operations Thread 8" [_thread_blocked, id=21692, stack(0x0000006fa1000000,0x0000006fa1100000)]
  0x000001a64b3d0030 JavaThread "Build operations Thread 9" [_thread_blocked, id=25276, stack(0x0000006fa1100000,0x0000006fa1200000)]
  0x000001a64b3ce6e0 JavaThread "Build operations Thread 10" [_thread_blocked, id=19640, stack(0x0000006fa1200000,0x0000006fa1300000)]
  0x000001a64b3cd7b0 JavaThread "Memory manager" [_thread_blocked, id=25288, stack(0x0000006fa0800000,0x0000006fa0900000)]
  0x000001a64b3cf100 JavaThread "build event listener" [_thread_blocked, id=26772, stack(0x0000006fa1300000,0x0000006fa1400000)]
  0x000001a64b3d1470 JavaThread "included builds" [_thread_blocked, id=28564, stack(0x0000006fa1500000,0x0000006fa1600000)]
  0x000001a64b3d1e90 JavaThread "Execution worker" [_thread_blocked, id=23520, stack(0x0000006fa1600000,0x0000006fa1700000)]
  0x000001a64b3d23a0 JavaThread "Execution worker Thread 2" [_thread_blocked, id=17220, stack(0x0000006fa1700000,0x0000006fa1800000)]
  0x000001a64b3cebf0 JavaThread "Execution worker Thread 3" [_thread_in_native, id=22792, stack(0x0000006fa1800000,0x0000006fa1900000)]
  0x000001a64b3d28b0 JavaThread "Execution worker Thread 4" [_thread_blocked, id=23972, stack(0x0000006fa1900000,0x0000006fa1a00000)]
  0x000001a64b3d2dc0 JavaThread "Execution worker Thread 5" [_thread_blocked, id=18968, stack(0x0000006fa1a00000,0x0000006fa1b00000)]
  0x000001a64b3d37e0 JavaThread "Execution worker Thread 6" [_thread_blocked, id=22876, stack(0x0000006fa1b00000,0x0000006fa1c00000)]
  0x000001a64b3d32d0 JavaThread "Execution worker Thread 7" [_thread_blocked, id=27296, stack(0x0000006fa1c00000,0x0000006fa1d00000)]
  0x000001a64b3d3cf0 JavaThread "Execution worker Thread 8" [_thread_blocked, id=18848, stack(0x0000006fa1d00000,0x0000006fa1e00000)]
  0x000001a64b3d4200 JavaThread "Execution worker Thread 9" [_thread_blocked, id=22452, stack(0x0000006fa1e00000,0x0000006fa1f00000)]
  0x000001a64b3d4710 JavaThread "Cache worker for execution history cache (D:\Code\Application\music1\.gradle\9.4.1\executionHistory)" [_thread_blocked, id=3904, stack(0x0000006fa1f00000,0x0000006fa2000000)]
  0x000001a64b3ce1d0 JavaThread "WorkerExecutor Queue" [_thread_blocked, id=19184, stack(0x0000006fa2000000,0x0000006fa2100000)]
  0x000001a64d841000 JavaThread "WorkerExecutor Queue Thread 2" [_thread_blocked, id=10964, stack(0x0000006fa2100000,0x0000006fa2200000)]
  0x000001a64d843880 JavaThread "WorkerExecutor Queue Thread 3" [_thread_in_Java, id=21168, stack(0x0000006fa2200000,0x0000006fa2300000)]
  0x000001a64d842950 JavaThread "WorkerExecutor Queue Thread 4" [_thread_blocked, id=23060, stack(0x0000006fa1400000,0x0000006fa1500000)]
  0x000001a64d8400d0 JavaThread "WorkerExecutor Queue Thread 5" [_thread_blocked, id=11228, stack(0x0000006f9e600000,0x0000006f9e700000)]
  0x000001a64d841f30 JavaThread "pool-3-thread-1" [_thread_blocked, id=22804, stack(0x0000006fa2300000,0x0000006fa2400000)]
  0x000001a64d843d90 JavaThread "stderr" [_thread_in_native, id=22168, stack(0x0000006fa2400000,0x0000006fa2500000)]
  0x000001a64d842e60 JavaThread "stdout" [_thread_in_native, id=17124, stack(0x0000006fa2500000,0x0000006fa2600000)]
  0x000001a64d8442a0 JavaThread "WorkerExecutor Queue Thread 6" [_thread_blocked, id=25268, stack(0x0000006fa2600000,0x0000006fa2700000)]
  0x000001a64d840af0 JavaThread "WorkerExecutor Queue Thread 7" [_thread_blocked, id=336, stack(0x0000006fa2700000,0x0000006fa2800000)]
  0x000001a64d8447b0 JavaThread "WorkerExecutor Queue Thread 8" [_thread_blocked, id=27304, stack(0x0000006fa2800000,0x0000006fa2900000)]
  0x000001a64d844cc0 JavaThread "WorkerExecutor Queue Thread 9" [_thread_blocked, id=25604, stack(0x0000006fa2900000,0x0000006fa2a00000)]
  0x000001a64d8451d0 JavaThread "WorkerExecutor Queue Thread 10" [_thread_blocked, id=17252, stack(0x0000006fa2a00000,0x0000006fa2b00000)]
  0x000001a64cba0ec0 JavaThread "C2 CompilerThread1" daemon [_thread_in_native, id=23132, stack(0x0000006fa2b00000,0x0000006fa2c00000)]
  0x000001a64cb9f430 JavaThread "C2 CompilerThread2" daemon [_thread_in_native, id=4528, stack(0x0000006fa2c00000,0x0000006fa2d00000)]

Other Threads:
  0x000001a67f3ada80 VMThread "VM Thread" [stack: 0x0000006f9db00000,0x0000006f9dc00000] [id=9040]
  0x000001a67f64ed20 WatcherThread [stack: 0x0000006f9e800000,0x0000006f9e900000] [id=17396]
  0x000001a6621f7440 GCTaskThread "GC Thread#0" [stack: 0x0000006f9d600000,0x0000006f9d700000] [id=18644]
  0x000001a67f9b86d0 GCTaskThread "GC Thread#1" [stack: 0x0000006f9e900000,0x0000006f9ea00000] [id=11868]
  0x000001a67f9b7050 GCTaskThread "GC Thread#2" [stack: 0x0000006f9ea00000,0x0000006f9eb00000] [id=7640]
  0x000001a67f9b8f40 GCTaskThread "GC Thread#3" [stack: 0x0000006f9eb00000,0x0000006f9ec00000] [id=28380]
  0x000001a67f9b9210 GCTaskThread "GC Thread#4" [stack: 0x0000006f9ec00000,0x0000006f9ed00000] [id=27144]
  0x000001a67f9b5f70 GCTaskThread "GC Thread#5" [stack: 0x0000006f9fa00000,0x0000006f9fb00000] [id=25960]
  0x000001a67f9b6240 GCTaskThread "GC Thread#6" [stack: 0x0000006f9fb00000,0x0000006f9fc00000] [id=19532]
  0x000001a67f9b89a0 GCTaskThread "GC Thread#7" [stack: 0x0000006f9fc00000,0x0000006f9fd00000] [id=20060]
  0x000001a67f9b6d80 GCTaskThread "GC Thread#8" [stack: 0x0000006f9fd00000,0x0000006f9fe00000] [id=24416]
  0x000001a6626cea60 ConcurrentGCThread "G1 Main Marker" [stack: 0x0000006f9d700000,0x0000006f9d800000] [id=27048]
  0x000001a6621f5820 ConcurrentGCThread "G1 Conc#0" [stack: 0x0000006f9d800000,0x0000006f9d900000] [id=21812]
  0x000001a67f9b6510 ConcurrentGCThread "G1 Conc#1" [stack: 0x0000006f9fe00000,0x0000006f9ff00000] [id=11172]
  0x000001a67f2700a0 ConcurrentGCThread "G1 Refine#0" [stack: 0x0000006f9d900000,0x0000006f9da00000] [id=5716]
  0x000001a64740e3b0 ConcurrentGCThread "G1 Refine#1" [stack: 0x0000006fa0500000,0x0000006fa0600000] [id=15136]
  0x000001a67f2727a0 ConcurrentGCThread "G1 Service" [stack: 0x0000006f9da00000,0x0000006f9db00000] [id=15076]

Threads with active compile tasks:
C2 CompilerThread0  14836 15815       4       com.android.tools.r8.internal.g71::a (71 bytes)
C1 CompilerThread0  14836 16178       2       com.android.tools.r8.ir.optimize.q0::a (772 bytes)
C2 CompilerThread1  14836 16142       4       com.android.tools.r8.internal.g71::a (271 bytes)
C2 CompilerThread2  14836 15816       4       com.android.tools.r8.ir.optimize.j0::a (870 bytes)

VM state: not at safepoint (normal execution)

VM Mutex/Monitor currently owned by a thread: None

Heap address: 0x0000000080000000, size: 2048 MB, Compressed Oops mode: 32-bit

CDS archive(s) mapped at: [0x000001a602000000-0x000001a602bb0000-0x000001a602bb0000), size 12255232, SharedBaseAddress: 0x000001a602000000, ArchiveRelocationMode: 1.
Compressed class space mapped at: 0x000001a603000000-0x000001a643000000, reserved size: 1073741824
Narrow klass base: 0x000001a602000000, Narrow klass shift: 0, Narrow klass range: 0x100000000

GC Precious Log:
 CPUs: 10 total, 10 available
 Memory: 15751M
 Large Page Support: Disabled
 NUMA Support: Disabled
 Compressed Oops: Enabled (32-bit)
 Heap Region Size: 1M
 Heap Min Capacity: 8M
 Heap Initial Capacity: 248M
 Heap Max Capacity: 2G
 Pre-touch: Disabled
 Parallel Workers: 9
 Concurrent Workers: 2
 Concurrent Refinement Workers: 9
 Periodic GC: Disabled

Heap:
 garbage-first heap   total 262144K, used 143844K [0x0000000080000000, 0x0000000100000000)
  region size 1024K, 25 young (25600K), 2 survivors (2048K)
 Metaspace       used 118923K, committed 119936K, reserved 1179648K
  class space    used 17371K, committed 17856K, reserved 1048576K

Heap Regions: E=young(eden), S=young(survivor), O=old, HS=humongous(starts), HC=humongous(continues), CS=collection set, F=free, OA=open archive, CA=closed archive, TAMS=top-at-mark-start (previous, next)
|   0|0x0000000080000000, 0x0000000080100000, 0x0000000080100000|100%|HS|  |TAMS 0x0000000080100000, 0x0000000080000000| Complete 
|   1|0x0000000080100000, 0x0000000080200000, 0x0000000080200000|100%|HC|  |TAMS 0x0000000080200000, 0x0000000080100000| Complete 
|   2|0x0000000080200000, 0x0000000080300000, 0x0000000080300000|100%|HC|  |TAMS 0x0000000080300000, 0x0000000080200000| Complete 
|   3|0x0000000080300000, 0x0000000080400000, 0x0000000080400000|100%|HC|  |TAMS 0x0000000080400000, 0x0000000080300000| Complete 
|   4|0x0000000080400000, 0x0000000080500000, 0x0000000080500000|100%| O|  |TAMS 0x0000000080500000, 0x0000000080400000| Untracked 
|   5|0x0000000080500000, 0x0000000080600000, 0x0000000080600000|100%| O|  |TAMS 0x0000000080600000, 0x0000000080500000| Untracked 
|   6|0x0000000080600000, 0x0000000080700000, 0x0000000080700000|100%| O|  |TAMS 0x0000000080700000, 0x0000000080600000| Untracked 
|   7|0x0000000080700000, 0x0000000080800000, 0x0000000080800000|100%| O|  |TAMS 0x0000000080800000, 0x0000000080700000| Untracked 
|   8|0x0000000080800000, 0x0000000080900000, 0x0000000080900000|100%| O|  |TAMS 0x0000000080900000, 0x0000000080800000| Untracked 
|   9|0x0000000080900000, 0x0000000080a00000, 0x0000000080a00000|100%|HS|  |TAMS 0x0000000080a00000, 0x0000000080900000| Complete 
|  10|0x0000000080a00000, 0x0000000080b00000, 0x0000000080b00000|100%| O|  |TAMS 0x0000000080b00000, 0x0000000080a00000| Untracked 
|  11|0x0000000080b00000, 0x0000000080c00000, 0x0000000080c00000|100%| O|  |TAMS 0x0000000080c00000, 0x0000000080b00000| Untracked 
|  12|0x0000000080c00000, 0x0000000080d00000, 0x0000000080d00000|100%| O|  |TAMS 0x0000000080d00000, 0x0000000080c00000| Untracked 
|  13|0x0000000080d00000, 0x0000000080e00000, 0x0000000080e00000|100%| O|  |TAMS 0x0000000080e00000, 0x0000000080d00000| Untracked 
|  14|0x0000000080e00000, 0x0000000080f00000, 0x0000000080f00000|100%| O|  |TAMS 0x0000000080f00000, 0x0000000080e00000| Untracked 
|  15|0x0000000080f00000, 0x0000000081000000, 0x0000000081000000|100%| O|  |TAMS 0x0000000081000000, 0x0000000080f00000| Untracked 
|  16|0x0000000081000000, 0x0000000081100000, 0x0000000081100000|100%| O|  |TAMS 0x0000000081100000, 0x0000000081000000| Untracked 
|  17|0x0000000081100000, 0x0000000081200000, 0x0000000081200000|100%| O|  |TAMS 0x0000000081200000, 0x0000000081100000| Untracked 
|  18|0x0000000081200000, 0x0000000081300000, 0x0000000081300000|100%| O|  |TAMS 0x0000000081300000, 0x0000000081200000| Untracked 
|  19|0x0000000081300000, 0x0000000081400000, 0x0000000081400000|100%| O|  |TAMS 0x0000000081400000, 0x0000000081300000| Untracked 
|  20|0x0000000081400000, 0x0000000081500000, 0x0000000081500000|100%| O|  |TAMS 0x0000000081500000, 0x0000000081400000| Untracked 
|  21|0x0000000081500000, 0x0000000081600000, 0x0000000081600000|100%| O|  |TAMS 0x0000000081600000, 0x0000000081500000| Untracked 
|  22|0x0000000081600000, 0x0000000081700000, 0x0000000081700000|100%| O|  |TAMS 0x0000000081700000, 0x0000000081600000| Untracked 
|  23|0x0000000081700000, 0x0000000081800000, 0x0000000081800000|100%| O|  |TAMS 0x0000000081800000, 0x0000000081700000| Untracked 
|  24|0x0000000081800000, 0x0000000081900000, 0x0000000081900000|100%| O|  |TAMS 0x0000000081900000, 0x0000000081800000| Untracked 
|  25|0x0000000081900000, 0x0000000081a00000, 0x0000000081a00000|100%| O|  |TAMS 0x0000000081a00000, 0x0000000081900000| Untracked 
|  26|0x0000000081a00000, 0x0000000081b00000, 0x0000000081b00000|100%| O|  |TAMS 0x0000000081b00000, 0x0000000081a00000| Untracked 
|  27|0x0000000081b00000, 0x0000000081c00000, 0x0000000081c00000|100%| O|  |TAMS 0x0000000081c00000, 0x0000000081b00000| Untracked 
|  28|0x0000000081c00000, 0x0000000081d00000, 0x0000000081d00000|100%| O|  |TAMS 0x0000000081d00000, 0x0000000081c00000| Untracked 
|  29|0x0000000081d00000, 0x0000000081e00000, 0x0000000081e00000|100%| O|  |TAMS 0x0000000081e00000, 0x0000000081d00000| Untracked 
|  30|0x0000000081e00000, 0x0000000081f00000, 0x0000000081f00000|100%| O|  |TAMS 0x0000000081f00000, 0x0000000081e00000| Untracked 
|  31|0x0000000081f00000, 0x0000000082000000, 0x0000000082000000|100%| O|  |TAMS 0x0000000082000000, 0x0000000081f00000| Untracked 
|  32|0x0000000082000000, 0x0000000082100000, 0x0000000082100000|100%| O|  |TAMS 0x0000000082100000, 0x0000000082000000| Untracked 
|  33|0x0000000082100000, 0x0000000082200000, 0x0000000082200000|100%| O|  |TAMS 0x0000000082200000, 0x0000000082100000| Untracked 
|  34|0x0000000082200000, 0x0000000082300000, 0x0000000082300000|100%| O|  |TAMS 0x0000000082300000, 0x0000000082200000| Untracked 
|  35|0x0000000082300000, 0x0000000082400000, 0x0000000082400000|100%| O|  |TAMS 0x0000000082400000, 0x0000000082300000| Untracked 
|  36|0x0000000082400000, 0x0000000082500000, 0x0000000082500000|100%| O|  |TAMS 0x0000000082500000, 0x0000000082400000| Untracked 
|  37|0x0000000082500000, 0x0000000082600000, 0x0000000082600000|100%| O|  |TAMS 0x0000000082600000, 0x0000000082500000| Untracked 
|  38|0x0000000082600000, 0x0000000082700000, 0x0000000082700000|100%| O|  |TAMS 0x0000000082700000, 0x0000000082600000| Untracked 
|  39|0x0000000082700000, 0x0000000082800000, 0x0000000082800000|100%| O|  |TAMS 0x0000000082800000, 0x0000000082700000| Untracked 
|  40|0x0000000082800000, 0x0000000082900000, 0x0000000082900000|100%| O|  |TAMS 0x0000000082900000, 0x0000000082800000| Untracked 
|  41|0x0000000082900000, 0x0000000082a00000, 0x0000000082a00000|100%|HS|  |TAMS 0x0000000082a00000, 0x0000000082900000| Complete 
|  42|0x0000000082a00000, 0x0000000082b00000, 0x0000000082b00000|100%| O|  |TAMS 0x0000000082b00000, 0x0000000082a00000| Untracked 
|  43|0x0000000082b00000, 0x0000000082c00000, 0x0000000082c00000|100%|HS|  |TAMS 0x0000000082c00000, 0x0000000082b00000| Complete 
|  44|0x0000000082c00000, 0x0000000082d00000, 0x0000000082d00000|100%|HS|  |TAMS 0x0000000082d00000, 0x0000000082c00000| Complete 
|  45|0x0000000082d00000, 0x0000000082e00000, 0x0000000082e00000|100%|HC|  |TAMS 0x0000000082e00000, 0x0000000082d00000| Complete 
|  46|0x0000000082e00000, 0x0000000082f00000, 0x0000000082f00000|100%|HS|  |TAMS 0x0000000082f00000, 0x0000000082e00000| Complete 
|  47|0x0000000082f00000, 0x0000000083000000, 0x0000000083000000|100%|HS|  |TAMS 0x0000000083000000, 0x0000000082f00000| Complete 
|  48|0x0000000083000000, 0x0000000083100000, 0x0000000083100000|100%| O|  |TAMS 0x0000000083100000, 0x0000000083000000| Untracked 
|  49|0x0000000083100000, 0x0000000083200000, 0x0000000083200000|100%| O|  |TAMS 0x0000000083200000, 0x0000000083100000| Untracked 
|  50|0x0000000083200000, 0x0000000083300000, 0x0000000083300000|100%| O|  |TAMS 0x0000000083300000, 0x0000000083200000| Untracked 
|  51|0x0000000083300000, 0x0000000083400000, 0x0000000083400000|100%| O|  |TAMS 0x0000000083400000, 0x0000000083300000| Untracked 
|  52|0x0000000083400000, 0x0000000083500000, 0x0000000083500000|100%| O|  |TAMS 0x0000000083500000, 0x0000000083400000| Untracked 
|  53|0x0000000083500000, 0x0000000083600000, 0x0000000083600000|100%| O|  |TAMS 0x0000000083600000, 0x0000000083500000| Untracked 
|  54|0x0000000083600000, 0x0000000083700000, 0x0000000083700000|100%|HS|  |TAMS 0x0000000083700000, 0x0000000083600000| Complete 
|  55|0x0000000083700000, 0x0000000083800000, 0x0000000083800000|100%|HS|  |TAMS 0x0000000083800000, 0x0000000083700000| Complete 
|  56|0x0000000083800000, 0x0000000083900000, 0x0000000083900000|100%| O|  |TAMS 0x0000000083900000, 0x0000000083800000| Untracked 
|  57|0x0000000083900000, 0x0000000083a00000, 0x0000000083a00000|100%| O|  |TAMS 0x0000000083a00000, 0x0000000083900000| Untracked 
|  58|0x0000000083a00000, 0x0000000083b00000, 0x0000000083b00000|100%| O|  |TAMS 0x0000000083b00000, 0x0000000083a00000| Untracked 
|  59|0x0000000083b00000, 0x0000000083c00000, 0x0000000083c00000|100%|HS|  |TAMS 0x0000000083c00000, 0x0000000083b00000| Complete 
|  60|0x0000000083c00000, 0x0000000083d00000, 0x0000000083d00000|100%|HC|  |TAMS 0x0000000083d00000, 0x0000000083c00000| Complete 
|  61|0x0000000083d00000, 0x0000000083e00000, 0x0000000083e00000|100%| O|  |TAMS 0x0000000083e00000, 0x0000000083d00000| Untracked 
|  62|0x0000000083e00000, 0x0000000083f00000, 0x0000000083f00000|100%| O|  |TAMS 0x0000000083f00000, 0x0000000083e00000| Untracked 
|  63|0x0000000083f00000, 0x0000000084000000, 0x0000000084000000|100%| O|  |TAMS 0x0000000084000000, 0x0000000083f00000| Untracked 
|  64|0x0000000084000000, 0x0000000084100000, 0x0000000084100000|100%| O|  |TAMS 0x0000000084100000, 0x0000000084000000| Untracked 
|  65|0x0000000084100000, 0x0000000084200000, 0x0000000084200000|100%| O|  |TAMS 0x0000000084200000, 0x0000000084100000| Untracked 
|  66|0x0000000084200000, 0x0000000084300000, 0x0000000084300000|100%|HS|  |TAMS 0x0000000084300000, 0x0000000084200000| Complete 
|  67|0x0000000084300000, 0x0000000084400000, 0x0000000084400000|100%| O|  |TAMS 0x0000000084400000, 0x0000000084300000| Untracked 
|  68|0x0000000084400000, 0x0000000084500000, 0x0000000084500000|100%| O|  |TAMS 0x0000000084500000, 0x0000000084400000| Untracked 
|  69|0x0000000084500000, 0x0000000084600000, 0x0000000084600000|100%| O|  |TAMS 0x0000000084600000, 0x0000000084500000| Untracked 
|  70|0x0000000084600000, 0x0000000084700000, 0x0000000084700000|100%| O|  |TAMS 0x0000000084700000, 0x0000000084600000| Untracked 
|  71|0x0000000084700000, 0x0000000084800000, 0x0000000084800000|100%| O|  |TAMS 0x0000000084800000, 0x0000000084700000| Untracked 
|  72|0x0000000084800000, 0x0000000084900000, 0x0000000084900000|100%| O|  |TAMS 0x0000000084900000, 0x0000000084800000| Untracked 
|  73|0x0000000084900000, 0x0000000084a00000, 0x0000000084a00000|100%| O|  |TAMS 0x0000000084a00000, 0x0000000084900000| Untracked 
|  74|0x0000000084a00000, 0x0000000084b00000, 0x0000000084b00000|100%| O|  |TAMS 0x0000000084b00000, 0x0000000084a00000| Untracked 
|  75|0x0000000084b00000, 0x0000000084c00000, 0x0000000084c00000|100%| O|  |TAMS 0x0000000084c00000, 0x0000000084b00000| Untracked 
|  76|0x0000000084c00000, 0x0000000084d00000, 0x0000000084d00000|100%| O|  |TAMS 0x0000000084d00000, 0x0000000084c00000| Untracked 
|  77|0x0000000084d00000, 0x0000000084e00000, 0x0000000084e00000|100%| O|  |TAMS 0x0000000084d00000, 0x0000000084d00000| Untracked 
|  78|0x0000000084e00000, 0x0000000084f00000, 0x0000000084f00000|100%| O|  |TAMS 0x0000000084f00000, 0x0000000084e00000| Untracked 
|  79|0x0000000084f00000, 0x0000000085000000, 0x0000000085000000|100%| O|  |TAMS 0x0000000085000000, 0x0000000084f00000| Untracked 
|  80|0x0000000085000000, 0x0000000085100000, 0x0000000085100000|100%| O|  |TAMS 0x0000000085100000, 0x0000000085000000| Untracked 
|  81|0x0000000085100000, 0x0000000085200000, 0x0000000085200000|100%| O|  |TAMS 0x0000000085200000, 0x0000000085100000| Untracked 
|  82|0x0000000085200000, 0x0000000085300000, 0x0000000085300000|100%| O|  |TAMS 0x0000000085300000, 0x0000000085200000| Untracked 
|  83|0x0000000085300000, 0x0000000085400000, 0x0000000085400000|100%| O|  |TAMS 0x0000000085400000, 0x0000000085300000| Untracked 
|  84|0x0000000085400000, 0x0000000085500000, 0x0000000085500000|100%| O|  |TAMS 0x0000000085436200, 0x0000000085400000| Untracked 
|  85|0x0000000085500000, 0x0000000085600000, 0x0000000085600000|100%| O|  |TAMS 0x0000000085500000, 0x0000000085500000| Untracked 
|  86|0x0000000085600000, 0x0000000085700000, 0x0000000085700000|100%| O|  |TAMS 0x0000000085600000, 0x0000000085600000| Untracked 
|  87|0x0000000085700000, 0x0000000085800000, 0x0000000085800000|100%| O|  |TAMS 0x0000000085700000, 0x0000000085700000| Untracked 
|  88|0x0000000085800000, 0x0000000085900000, 0x0000000085900000|100%| O|  |TAMS 0x0000000085800000, 0x0000000085800000| Untracked 
|  89|0x0000000085900000, 0x0000000085a00000, 0x0000000085a00000|100%| O|  |TAMS 0x0000000085900000, 0x0000000085900000| Untracked 
|  90|0x0000000085a00000, 0x0000000085b00000, 0x0000000085b00000|100%| O|  |TAMS 0x0000000085a00000, 0x0000000085a00000| Untracked 
|  91|0x0000000085b00000, 0x0000000085c00000, 0x0000000085c00000|100%| O|  |TAMS 0x0000000085b00000, 0x0000000085b00000| Untracked 
|  92|0x0000000085c00000, 0x0000000085d00000, 0x0000000085d00000|100%| O|  |TAMS 0x0000000085c00000, 0x0000000085c00000| Untracked 
|  93|0x0000000085d00000, 0x0000000085e00000, 0x0000000085e00000|100%| O|  |TAMS 0x0000000085d00000, 0x0000000085d00000| Untracked 
|  94|0x0000000085e00000, 0x0000000085f00000, 0x0000000085f00000|100%| O|  |TAMS 0x0000000085e00000, 0x0000000085e00000| Untracked 
|  95|0x0000000085f00000, 0x0000000086000000, 0x0000000086000000|100%| O|  |TAMS 0x0000000085f00000, 0x0000000085f00000| Untracked 
|  96|0x0000000086000000, 0x0000000086100000, 0x0000000086100000|100%| O|  |TAMS 0x0000000086000000, 0x0000000086000000| Untracked 
|  97|0x0000000086100000, 0x0000000086200000, 0x0000000086200000|100%| O|  |TAMS 0x0000000086100000, 0x0000000086100000| Untracked 
|  98|0x0000000086200000, 0x0000000086300000, 0x0000000086300000|100%| O|  |TAMS 0x0000000086200000, 0x0000000086200000| Untracked 
|  99|0x0000000086300000, 0x0000000086400000, 0x0000000086400000|100%| O|  |TAMS 0x0000000086300000, 0x0000000086300000| Untracked 
| 100|0x0000000086400000, 0x0000000086500000, 0x0000000086500000|100%| O|  |TAMS 0x0000000086400000, 0x0000000086400000| Untracked 
| 101|0x0000000086500000, 0x0000000086600000, 0x0000000086600000|100%| O|  |TAMS 0x0000000086500000, 0x0000000086500000| Untracked 
| 102|0x0000000086600000, 0x0000000086700000, 0x0000000086700000|100%| O|  |TAMS 0x0000000086600000, 0x0000000086600000| Untracked 
| 103|0x0000000086700000, 0x0000000086800000, 0x0000000086800000|100%| O|  |TAMS 0x0000000086700000, 0x0000000086700000| Untracked 
| 104|0x0000000086800000, 0x0000000086900000, 0x0000000086900000|100%| O|  |TAMS 0x0000000086800000, 0x0000000086800000| Untracked 
| 105|0x0000000086900000, 0x0000000086a00000, 0x0000000086a00000|100%| O|  |TAMS 0x0000000086900000, 0x0000000086900000| Untracked 
| 106|0x0000000086a00000, 0x0000000086b00000, 0x0000000086b00000|100%| O|  |TAMS 0x0000000086a00000, 0x0000000086a00000| Untracked 
| 107|0x0000000086b00000, 0x0000000086c00000, 0x0000000086c00000|100%| O|  |TAMS 0x0000000086b00000, 0x0000000086b00000| Untracked 
| 108|0x0000000086c00000, 0x0000000086d00000, 0x0000000086d00000|100%| O|  |TAMS 0x0000000086c00000, 0x0000000086c00000| Untracked 
| 109|0x0000000086d00000, 0x0000000086e00000, 0x0000000086e00000|100%| O|  |TAMS 0x0000000086d00000, 0x0000000086d00000| Untracked 
| 110|0x0000000086e00000, 0x0000000086f00000, 0x0000000086f00000|100%| O|  |TAMS 0x0000000086e00000, 0x0000000086e00000| Untracked 
| 111|0x0000000086f00000, 0x0000000087000000, 0x0000000087000000|100%| O|  |TAMS 0x0000000086f00000, 0x0000000086f00000| Untracked 
| 112|0x0000000087000000, 0x0000000087100000, 0x0000000087100000|100%| O|  |TAMS 0x0000000087000000, 0x0000000087000000| Untracked 
| 113|0x0000000087100000, 0x0000000087200000, 0x0000000087200000|100%| O|  |TAMS 0x0000000087100000, 0x0000000087100000| Untracked 
| 114|0x0000000087200000, 0x0000000087300000, 0x0000000087300000|100%| O|  |TAMS 0x0000000087200000, 0x0000000087200000| Untracked 
| 115|0x0000000087300000, 0x0000000087400000, 0x0000000087400000|100%| O|  |TAMS 0x0000000087300000, 0x0000000087300000| Untracked 
| 116|0x0000000087400000, 0x0000000087500000, 0x0000000087500000|100%| O|  |TAMS 0x0000000087400000, 0x0000000087400000| Untracked 
| 117|0x0000000087500000, 0x0000000087528a00, 0x0000000087600000| 15%| O|  |TAMS 0x0000000087500000, 0x0000000087500000| Untracked 
| 118|0x0000000087600000, 0x0000000087600000, 0x0000000087700000|  0%| F|  |TAMS 0x0000000087600000, 0x0000000087600000| Untracked 
| 119|0x0000000087700000, 0x0000000087700000, 0x0000000087800000|  0%| F|  |TAMS 0x0000000087700000, 0x0000000087700000| Untracked 
| 120|0x0000000087800000, 0x0000000087800000, 0x0000000087900000|  0%| F|  |TAMS 0x0000000087800000, 0x0000000087800000| Untracked 
| 121|0x0000000087900000, 0x0000000087900000, 0x0000000087a00000|  0%| F|  |TAMS 0x0000000087900000, 0x0000000087900000| Untracked 
| 122|0x0000000087a00000, 0x0000000087a00000, 0x0000000087b00000|  0%| F|  |TAMS 0x0000000087a00000, 0x0000000087a00000| Untracked 
| 123|0x0000000087b00000, 0x0000000087b00000, 0x0000000087c00000|  0%| F|  |TAMS 0x0000000087b00000, 0x0000000087b00000| Untracked 
| 124|0x0000000087c00000, 0x0000000087c00000, 0x0000000087d00000|  0%| F|  |TAMS 0x0000000087c00000, 0x0000000087c00000| Untracked 
| 125|0x0000000087d00000, 0x0000000087d00000, 0x0000000087e00000|  0%| F|  |TAMS 0x0000000087d00000, 0x0000000087d00000| Untracked 
| 126|0x0000000087e00000, 0x0000000087e00000, 0x0000000087f00000|  0%| F|  |TAMS 0x0000000087e00000, 0x0000000087e00000| Untracked 
| 127|0x0000000087f00000, 0x0000000087f00000, 0x0000000088000000|  0%| F|  |TAMS 0x0000000087f00000, 0x0000000087f00000| Untracked 
| 128|0x0000000088000000, 0x0000000088000000, 0x0000000088100000|  0%| F|  |TAMS 0x0000000088000000, 0x0000000088000000| Untracked 
| 129|0x0000000088100000, 0x0000000088100000, 0x0000000088200000|  0%| F|  |TAMS 0x0000000088100000, 0x0000000088100000| Untracked 
| 130|0x0000000088200000, 0x0000000088200000, 0x0000000088300000|  0%| F|  |TAMS 0x0000000088200000, 0x0000000088200000| Untracked 
| 131|0x0000000088300000, 0x0000000088300000, 0x0000000088400000|  0%| F|  |TAMS 0x0000000088300000, 0x0000000088300000| Untracked 
| 132|0x0000000088400000, 0x0000000088400000, 0x0000000088500000|  0%| F|  |TAMS 0x0000000088400000, 0x0000000088400000| Untracked 
| 133|0x0000000088500000, 0x0000000088500000, 0x0000000088600000|  0%| F|  |TAMS 0x0000000088500000, 0x0000000088500000| Untracked 
| 134|0x0000000088600000, 0x0000000088600000, 0x0000000088700000|  0%| F|  |TAMS 0x0000000088600000, 0x0000000088600000| Untracked 
| 135|0x0000000088700000, 0x0000000088700000, 0x0000000088800000|  0%| F|  |TAMS 0x0000000088700000, 0x0000000088700000| Untracked 
| 136|0x0000000088800000, 0x0000000088800000, 0x0000000088900000|  0%| F|  |TAMS 0x0000000088800000, 0x0000000088800000| Untracked 
| 137|0x0000000088900000, 0x0000000088900000, 0x0000000088a00000|  0%| F|  |TAMS 0x0000000088900000, 0x0000000088900000| Untracked 
| 138|0x0000000088a00000, 0x0000000088a00000, 0x0000000088b00000|  0%| F|  |TAMS 0x0000000088a00000, 0x0000000088a00000| Untracked 
| 139|0x0000000088b00000, 0x0000000088b00000, 0x0000000088c00000|  0%| F|  |TAMS 0x0000000088b00000, 0x0000000088b00000| Untracked 
| 140|0x0000000088c00000, 0x0000000088c00000, 0x0000000088d00000|  0%| F|  |TAMS 0x0000000088c00000, 0x0000000088c00000| Untracked 
| 141|0x0000000088d00000, 0x0000000088d00000, 0x0000000088e00000|  0%| F|  |TAMS 0x0000000088d00000, 0x0000000088d00000| Untracked 
| 142|0x0000000088e00000, 0x0000000088e00000, 0x0000000088f00000|  0%| F|  |TAMS 0x0000000088e00000, 0x0000000088e00000| Untracked 
| 143|0x0000000088f00000, 0x0000000088f00000, 0x0000000089000000|  0%| F|  |TAMS 0x0000000088f00000, 0x0000000088f00000| Untracked 
| 144|0x0000000089000000, 0x0000000089000000, 0x0000000089100000|  0%| F|  |TAMS 0x0000000089000000, 0x0000000089000000| Untracked 
| 145|0x0000000089100000, 0x0000000089100000, 0x0000000089200000|  0%| F|  |TAMS 0x0000000089100000, 0x0000000089100000| Untracked 
| 146|0x0000000089200000, 0x0000000089200000, 0x0000000089300000|  0%| F|  |TAMS 0x0000000089200000, 0x0000000089200000| Untracked 
| 147|0x0000000089300000, 0x0000000089300000, 0x0000000089400000|  0%| F|  |TAMS 0x0000000089300000, 0x0000000089300000| Untracked 
| 148|0x0000000089400000, 0x0000000089450670, 0x0000000089500000| 31%| S|CS|TAMS 0x0000000089400000, 0x0000000089400000| Complete 
| 149|0x0000000089500000, 0x0000000089600000, 0x0000000089600000|100%| S|CS|TAMS 0x0000000089500000, 0x0000000089500000| Complete 
| 150|0x0000000089600000, 0x0000000089600000, 0x0000000089700000|  0%| F|  |TAMS 0x0000000089600000, 0x0000000089600000| Untracked 
| 151|0x0000000089700000, 0x0000000089700000, 0x0000000089800000|  0%| F|  |TAMS 0x0000000089700000, 0x0000000089700000| Untracked 
| 152|0x0000000089800000, 0x0000000089800000, 0x0000000089900000|  0%| F|  |TAMS 0x0000000089800000, 0x0000000089800000| Untracked 
| 153|0x0000000089900000, 0x0000000089900000, 0x0000000089a00000|  0%| F|  |TAMS 0x0000000089900000, 0x0000000089900000| Untracked 
| 154|0x0000000089a00000, 0x0000000089a00000, 0x0000000089b00000|  0%| F|  |TAMS 0x0000000089a00000, 0x0000000089a00000| Untracked 
| 155|0x0000000089b00000, 0x0000000089b00000, 0x0000000089c00000|  0%| F|  |TAMS 0x0000000089b00000, 0x0000000089b00000| Untracked 
| 156|0x0000000089c00000, 0x0000000089c00000, 0x0000000089d00000|  0%| F|  |TAMS 0x0000000089c00000, 0x0000000089c00000| Untracked 
| 157|0x0000000089d00000, 0x0000000089d00000, 0x0000000089e00000|  0%| F|  |TAMS 0x0000000089d00000, 0x0000000089d00000| Untracked 
| 158|0x0000000089e00000, 0x0000000089e00000, 0x0000000089f00000|  0%| F|  |TAMS 0x0000000089e00000, 0x0000000089e00000| Untracked 
| 159|0x0000000089f00000, 0x0000000089f00000, 0x000000008a000000|  0%| F|  |TAMS 0x0000000089f00000, 0x0000000089f00000| Untracked 
| 160|0x000000008a000000, 0x000000008a000000, 0x000000008a100000|  0%| F|  |TAMS 0x000000008a000000, 0x000000008a000000| Untracked 
| 161|0x000000008a100000, 0x000000008a100000, 0x000000008a200000|  0%| F|  |TAMS 0x000000008a100000, 0x000000008a100000| Untracked 
| 162|0x000000008a200000, 0x000000008a200000, 0x000000008a300000|  0%| F|  |TAMS 0x000000008a200000, 0x000000008a200000| Untracked 
| 163|0x000000008a300000, 0x000000008a300000, 0x000000008a400000|  0%| F|  |TAMS 0x000000008a300000, 0x000000008a300000| Untracked 
| 164|0x000000008a400000, 0x000000008a400000, 0x000000008a500000|  0%| F|  |TAMS 0x000000008a400000, 0x000000008a400000| Untracked 
| 165|0x000000008a500000, 0x000000008a500000, 0x000000008a600000|  0%| F|  |TAMS 0x000000008a500000, 0x000000008a500000| Untracked 
| 166|0x000000008a600000, 0x000000008a600000, 0x000000008a700000|  0%| F|  |TAMS 0x000000008a600000, 0x000000008a600000| Untracked 
| 167|0x000000008a700000, 0x000000008a700000, 0x000000008a800000|  0%| F|  |TAMS 0x000000008a700000, 0x000000008a700000| Untracked 
| 168|0x000000008a800000, 0x000000008a800000, 0x000000008a900000|  0%| F|  |TAMS 0x000000008a800000, 0x000000008a800000| Untracked 
| 169|0x000000008a900000, 0x000000008a900000, 0x000000008aa00000|  0%| F|  |TAMS 0x000000008a900000, 0x000000008a900000| Untracked 
| 170|0x000000008aa00000, 0x000000008aa00000, 0x000000008ab00000|  0%| F|  |TAMS 0x000000008aa00000, 0x000000008aa00000| Untracked 
| 171|0x000000008ab00000, 0x000000008ab00000, 0x000000008ac00000|  0%| F|  |TAMS 0x000000008ab00000, 0x000000008ab00000| Untracked 
| 172|0x000000008ac00000, 0x000000008ac00000, 0x000000008ad00000|  0%| F|  |TAMS 0x000000008ac00000, 0x000000008ac00000| Untracked 
| 173|0x000000008ad00000, 0x000000008ad00000, 0x000000008ae00000|  0%| F|  |TAMS 0x000000008ad00000, 0x000000008ad00000| Untracked 
| 174|0x000000008ae00000, 0x000000008ae00000, 0x000000008af00000|  0%| F|  |TAMS 0x000000008ae00000, 0x000000008ae00000| Untracked 
| 175|0x000000008af00000, 0x000000008af00000, 0x000000008b000000|  0%| F|  |TAMS 0x000000008af00000, 0x000000008af00000| Untracked 
| 176|0x000000008b000000, 0x000000008b000000, 0x000000008b100000|  0%| F|  |TAMS 0x000000008b000000, 0x000000008b000000| Untracked 
| 177|0x000000008b100000, 0x000000008b100000, 0x000000008b200000|  0%| F|  |TAMS 0x000000008b100000, 0x000000008b100000| Untracked 
| 178|0x000000008b200000, 0x000000008b200000, 0x000000008b300000|  0%| F|  |TAMS 0x000000008b200000, 0x000000008b200000| Untracked 
| 179|0x000000008b300000, 0x000000008b300000, 0x000000008b400000|  0%| F|  |TAMS 0x000000008b300000, 0x000000008b300000| Untracked 
| 180|0x000000008b400000, 0x000000008b400000, 0x000000008b500000|  0%| F|  |TAMS 0x000000008b400000, 0x000000008b400000| Untracked 
| 181|0x000000008b500000, 0x000000008b500000, 0x000000008b600000|  0%| F|  |TAMS 0x000000008b500000, 0x000000008b500000| Untracked 
| 182|0x000000008b600000, 0x000000008b600000, 0x000000008b700000|  0%| F|  |TAMS 0x000000008b600000, 0x000000008b600000| Untracked 
| 183|0x000000008b700000, 0x000000008b700000, 0x000000008b800000|  0%| F|  |TAMS 0x000000008b700000, 0x000000008b700000| Untracked 
| 184|0x000000008b800000, 0x000000008b800000, 0x000000008b900000|  0%| F|  |TAMS 0x000000008b800000, 0x000000008b800000| Untracked 
| 185|0x000000008b900000, 0x000000008b900000, 0x000000008ba00000|  0%| F|  |TAMS 0x000000008b900000, 0x000000008b900000| Untracked 
| 186|0x000000008ba00000, 0x000000008ba00000, 0x000000008bb00000|  0%| F|  |TAMS 0x000000008ba00000, 0x000000008ba00000| Untracked 
| 187|0x000000008bb00000, 0x000000008bb00000, 0x000000008bc00000|  0%| F|  |TAMS 0x000000008bb00000, 0x000000008bb00000| Untracked 
| 188|0x000000008bc00000, 0x000000008bc00000, 0x000000008bd00000|  0%| F|  |TAMS 0x000000008bc00000, 0x000000008bc00000| Untracked 
| 189|0x000000008bd00000, 0x000000008bd00000, 0x000000008be00000|  0%| F|  |TAMS 0x000000008bd00000, 0x000000008bd00000| Untracked 
| 190|0x000000008be00000, 0x000000008be00000, 0x000000008bf00000|  0%| F|  |TAMS 0x000000008be00000, 0x000000008be00000| Untracked 
| 191|0x000000008bf00000, 0x000000008bf00000, 0x000000008c000000|  0%| F|  |TAMS 0x000000008bf00000, 0x000000008bf00000| Untracked 
| 192|0x000000008c000000, 0x000000008c000000, 0x000000008c100000|  0%| F|  |TAMS 0x000000008c000000, 0x000000008c000000| Untracked 
| 193|0x000000008c100000, 0x000000008c100000, 0x000000008c200000|  0%| F|  |TAMS 0x000000008c100000, 0x000000008c100000| Untracked 
| 194|0x000000008c200000, 0x000000008c200000, 0x000000008c300000|  0%| F|  |TAMS 0x000000008c200000, 0x000000008c200000| Untracked 
| 195|0x000000008c300000, 0x000000008c300000, 0x000000008c400000|  0%| F|  |TAMS 0x000000008c300000, 0x000000008c300000| Untracked 
| 196|0x000000008c400000, 0x000000008c400000, 0x000000008c500000|  0%| F|  |TAMS 0x000000008c400000, 0x000000008c400000| Untracked 
| 197|0x000000008c500000, 0x000000008c500000, 0x000000008c600000|  0%| F|  |TAMS 0x000000008c500000, 0x000000008c500000| Untracked 
| 198|0x000000008c600000, 0x000000008c600000, 0x000000008c700000|  0%| F|  |TAMS 0x000000008c600000, 0x000000008c600000| Untracked 
| 199|0x000000008c700000, 0x000000008c700000, 0x000000008c800000|  0%| F|  |TAMS 0x000000008c700000, 0x000000008c700000| Untracked 
| 200|0x000000008c800000, 0x000000008c800000, 0x000000008c900000|  0%| F|  |TAMS 0x000000008c800000, 0x000000008c800000| Untracked 
| 201|0x000000008c900000, 0x000000008c900000, 0x000000008ca00000|  0%| F|  |TAMS 0x000000008c900000, 0x000000008c900000| Untracked 
| 202|0x000000008ca00000, 0x000000008ca00000, 0x000000008cb00000|  0%| F|  |TAMS 0x000000008ca00000, 0x000000008ca00000| Untracked 
| 203|0x000000008cb00000, 0x000000008cb00000, 0x000000008cc00000|  0%| F|  |TAMS 0x000000008cb00000, 0x000000008cb00000| Untracked 
| 204|0x000000008cc00000, 0x000000008cc00000, 0x000000008cd00000|  0%| F|  |TAMS 0x000000008cc00000, 0x000000008cc00000| Untracked 
| 205|0x000000008cd00000, 0x000000008cd00000, 0x000000008ce00000|  0%| F|  |TAMS 0x000000008cd00000, 0x000000008cd00000| Untracked 
| 206|0x000000008ce00000, 0x000000008ce00000, 0x000000008cf00000|  0%| F|  |TAMS 0x000000008ce00000, 0x000000008ce00000| Untracked 
| 207|0x000000008cf00000, 0x000000008cf00000, 0x000000008d000000|  0%| F|  |TAMS 0x000000008cf00000, 0x000000008cf00000| Untracked 
| 208|0x000000008d000000, 0x000000008d000000, 0x000000008d100000|  0%| F|  |TAMS 0x000000008d000000, 0x000000008d000000| Untracked 
| 209|0x000000008d100000, 0x000000008d100000, 0x000000008d200000|  0%| F|  |TAMS 0x000000008d100000, 0x000000008d100000| Untracked 
| 210|0x000000008d200000, 0x000000008d200000, 0x000000008d300000|  0%| F|  |TAMS 0x000000008d200000, 0x000000008d200000| Untracked 
| 211|0x000000008d300000, 0x000000008d300000, 0x000000008d400000|  0%| F|  |TAMS 0x000000008d300000, 0x000000008d300000| Untracked 
| 212|0x000000008d400000, 0x000000008d400000, 0x000000008d500000|  0%| F|  |TAMS 0x000000008d400000, 0x000000008d400000| Untracked 
| 213|0x000000008d500000, 0x000000008d500000, 0x000000008d600000|  0%| F|  |TAMS 0x000000008d500000, 0x000000008d500000| Untracked 
| 214|0x000000008d600000, 0x000000008d600000, 0x000000008d700000|  0%| F|  |TAMS 0x000000008d600000, 0x000000008d600000| Untracked 
| 215|0x000000008d700000, 0x000000008d700000, 0x000000008d800000|  0%| F|  |TAMS 0x000000008d700000, 0x000000008d700000| Untracked 
| 216|0x000000008d800000, 0x000000008d800000, 0x000000008d900000|  0%| F|  |TAMS 0x000000008d800000, 0x000000008d800000| Untracked 
| 217|0x000000008d900000, 0x000000008d900000, 0x000000008da00000|  0%| F|  |TAMS 0x000000008d900000, 0x000000008d900000| Untracked 
| 218|0x000000008da00000, 0x000000008da00000, 0x000000008db00000|  0%| F|  |TAMS 0x000000008da00000, 0x000000008da00000| Untracked 
| 219|0x000000008db00000, 0x000000008db00000, 0x000000008dc00000|  0%| F|  |TAMS 0x000000008db00000, 0x000000008db00000| Untracked 
| 220|0x000000008dc00000, 0x000000008dc00000, 0x000000008dd00000|  0%| F|  |TAMS 0x000000008dc00000, 0x000000008dc00000| Untracked 
| 221|0x000000008dd00000, 0x000000008dd00000, 0x000000008de00000|  0%| F|  |TAMS 0x000000008dd00000, 0x000000008dd00000| Untracked 
| 222|0x000000008de00000, 0x000000008de00000, 0x000000008df00000|  0%| F|  |TAMS 0x000000008de00000, 0x000000008de00000| Untracked 
| 223|0x000000008df00000, 0x000000008df00000, 0x000000008e000000|  0%| F|  |TAMS 0x000000008df00000, 0x000000008df00000| Untracked 
| 224|0x000000008e000000, 0x000000008e000000, 0x000000008e100000|  0%| F|  |TAMS 0x000000008e000000, 0x000000008e000000| Untracked 
| 225|0x000000008e100000, 0x000000008e100000, 0x000000008e200000|  0%| F|  |TAMS 0x000000008e100000, 0x000000008e100000| Untracked 
| 226|0x000000008e200000, 0x000000008e200000, 0x000000008e300000|  0%| F|  |TAMS 0x000000008e200000, 0x000000008e200000| Untracked 
| 227|0x000000008e300000, 0x000000008e300000, 0x000000008e400000|  0%| F|  |TAMS 0x000000008e300000, 0x000000008e300000| Untracked 
| 228|0x000000008e400000, 0x000000008e400000, 0x000000008e500000|  0%| F|  |TAMS 0x000000008e400000, 0x000000008e400000| Untracked 
| 229|0x000000008e500000, 0x000000008e500000, 0x000000008e600000|  0%| F|  |TAMS 0x000000008e500000, 0x000000008e500000| Untracked 
| 230|0x000000008e600000, 0x000000008e600000, 0x000000008e700000|  0%| F|  |TAMS 0x000000008e600000, 0x000000008e600000| Untracked 
| 231|0x000000008e700000, 0x000000008e780000, 0x000000008e800000| 50%| E|  |TAMS 0x000000008e700000, 0x000000008e700000| Complete 
| 232|0x000000008e800000, 0x000000008e900000, 0x000000008e900000|100%| E|CS|TAMS 0x000000008e800000, 0x000000008e800000| Complete 
| 233|0x000000008e900000, 0x000000008ea00000, 0x000000008ea00000|100%| E|CS|TAMS 0x000000008e900000, 0x000000008e900000| Complete 
| 234|0x000000008ea00000, 0x000000008eb00000, 0x000000008eb00000|100%| E|CS|TAMS 0x000000008ea00000, 0x000000008ea00000| Complete 
| 235|0x000000008eb00000, 0x000000008ec00000, 0x000000008ec00000|100%| E|CS|TAMS 0x000000008eb00000, 0x000000008eb00000| Complete 
| 236|0x000000008ec00000, 0x000000008ed00000, 0x000000008ed00000|100%| E|CS|TAMS 0x000000008ec00000, 0x000000008ec00000| Complete 
| 237|0x000000008ed00000, 0x000000008ee00000, 0x000000008ee00000|100%| E|CS|TAMS 0x000000008ed00000, 0x000000008ed00000| Complete 
| 238|0x000000008ee00000, 0x000000008ef00000, 0x000000008ef00000|100%| E|CS|TAMS 0x000000008ee00000, 0x000000008ee00000| Complete 
| 239|0x000000008ef00000, 0x000000008f000000, 0x000000008f000000|100%| E|CS|TAMS 0x000000008ef00000, 0x000000008ef00000| Complete 
| 240|0x000000008f000000, 0x000000008f100000, 0x000000008f100000|100%| E|CS|TAMS 0x000000008f000000, 0x000000008f000000| Complete 
| 241|0x000000008f100000, 0x000000008f200000, 0x000000008f200000|100%| E|CS|TAMS 0x000000008f100000, 0x000000008f100000| Complete 
| 242|0x000000008f200000, 0x000000008f300000, 0x000000008f300000|100%| E|CS|TAMS 0x000000008f200000, 0x000000008f200000| Complete 
| 243|0x000000008f300000, 0x000000008f400000, 0x000000008f400000|100%| E|CS|TAMS 0x000000008f300000, 0x000000008f300000| Complete 
| 244|0x000000008f400000, 0x000000008f500000, 0x000000008f500000|100%| E|CS|TAMS 0x000000008f400000, 0x000000008f400000| Complete 
| 245|0x000000008f500000, 0x000000008f600000, 0x000000008f600000|100%| E|CS|TAMS 0x000000008f500000, 0x000000008f500000| Complete 
| 246|0x000000008f600000, 0x000000008f700000, 0x000000008f700000|100%| E|CS|TAMS 0x000000008f600000, 0x000000008f600000| Complete 
| 247|0x000000008f700000, 0x000000008f800000, 0x000000008f800000|100%| E|CS|TAMS 0x000000008f700000, 0x000000008f700000| Complete 
| 248|0x000000008f800000, 0x000000008f900000, 0x000000008f900000|100%| E|CS|TAMS 0x000000008f800000, 0x000000008f800000| Complete 
| 249|0x000000008f900000, 0x000000008fa00000, 0x000000008fa00000|100%| E|CS|TAMS 0x000000008f900000, 0x000000008f900000| Complete 
| 250|0x000000008fa00000, 0x000000008fb00000, 0x000000008fb00000|100%| E|CS|TAMS 0x000000008fa00000, 0x000000008fa00000| Complete 
| 251|0x000000008fb00000, 0x000000008fc00000, 0x000000008fc00000|100%| E|CS|TAMS 0x000000008fb00000, 0x000000008fb00000| Complete 
| 252|0x000000008fc00000, 0x000000008fd00000, 0x000000008fd00000|100%| E|CS|TAMS 0x000000008fc00000, 0x000000008fc00000| Complete 
| 253|0x000000008fd00000, 0x000000008fe00000, 0x000000008fe00000|100%| E|CS|TAMS 0x000000008fd00000, 0x000000008fd00000| Complete 
| 254|0x000000008fe00000, 0x000000008ff00000, 0x000000008ff00000|100%| E|CS|TAMS 0x000000008fe00000, 0x000000008fe00000| Complete 
| 255|0x000000008ff00000, 0x0000000090000000, 0x0000000090000000|100%| E|CS|TAMS 0x000000008ff00000, 0x000000008ff00000| Complete 

Card table byte_map: [0x000001a67a030000,0x000001a67a430000] _byte_map_base: 0x000001a679c30000

Marking Bits (Prev, Next): (CMBitMap*) 0x000001a662272290, (CMBitMap*) 0x000001a662272250
 Prev Bits: [0x000001a67c830000, 0x000001a67e830000)
 Next Bits: [0x000001a67a830000, 0x000001a67c830000)

Polling page: 0x000001a6608f0000

Metaspace:

Usage:
  Non-class:     99.19 MB used.
      Class:     16.96 MB used.
       Both:    116.15 MB used.

Virtual space:
  Non-class space:      128.00 MB reserved,      99.69 MB ( 78%) committed,  2 nodes.
      Class space:        1.00 GB reserved,      17.44 MB (  2%) committed,  1 nodes.
             Both:        1.12 GB reserved,     117.12 MB ( 10%) committed. 

Chunk freelists:
   Non-Class:  12.25 MB
       Class:  14.58 MB
        Both:  26.83 MB

MaxMetaspaceSize: unlimited
CompressedClassSpaceSize: 1.00 GB
Initial GC threshold: 21.00 MB
Current GC threshold: 149.50 MB
CDS: on
MetaspaceReclaimPolicy: balanced
 - commit_granule_bytes: 65536.
 - commit_granule_words: 8192.
 - virtual_space_node_default_size: 8388608.
 - enlarge_chunks_in_place: 1.
 - new_chunks_are_fully_committed: 0.
 - uncommit_free_chunks: 1.
 - use_allocation_guard: 0.
 - handle_deallocations: 1.


Internal statistics:

num_allocs_failed_limit: 6.
num_arena_births: 1578.
num_arena_deaths: 0.
num_vsnodes_births: 3.
num_vsnodes_deaths: 0.
num_space_committed: 1873.
num_space_uncommitted: 0.
num_chunks_returned_to_freelist: 6.
num_chunks_taken_from_freelist: 6731.
num_chunk_merges: 6.
num_chunk_splits: 4478.
num_chunks_enlarged: 3027.
num_inconsistent_stats: 0.

CodeHeap 'non-profiled nmethods': size=120000Kb used=8153Kb max_used=8405Kb free=111846Kb
 bounds [0x000001a671c80000, 0x000001a6724d0000, 0x000001a6791b0000]
CodeHeap 'profiled nmethods': size=120000Kb used=27300Kb max_used=27300Kb free=92699Kb
 bounds [0x000001a66a1b0000, 0x000001a66bc60000, 0x000001a6716e0000]
CodeHeap 'non-nmethods': size=5760Kb used=1797Kb max_used=1855Kb free=3962Kb
 bounds [0x000001a6716e0000, 0x000001a671950000, 0x000001a671c80000]
 total_blobs=14609 nmethods=13717 adapters=802
 compilation: enabled
              stopped_count=0, restarted_count=0
 full_count=0

Compilation events (20 events):
Event: 14.608 Thread 0x000001a67f40e270 nmethod 16008 0x000001a66bb2b310 code [0x000001a66bb2b540, 0x000001a66bb2bc08]
Event: 14.608 Thread 0x000001a67f40e270 16000       2       com.android.tools.r8.ir.optimize.a1::a (58 bytes)
Event: 14.608 Thread 0x000001a67f40e270 nmethod 16000 0x000001a66bb2be10 code [0x000001a66bb2c000, 0x000001a66bb2c298]
Event: 14.608 Thread 0x000001a67f40e270 16010       2       com.android.tools.r8.internal.h20::a (40 bytes)
Event: 14.608 Thread 0x000001a67f40e270 nmethod 16010 0x000001a66bb2c490 code [0x000001a66bb2c680, 0x000001a66bb2cad8]
Event: 14.608 Thread 0x000001a67f40e270 16003       2       java.util.Collections$SetFromMap::toArray (10 bytes)
Event: 14.608 Thread 0x000001a67f40e270 nmethod 16003 0x000001a66bb2ce10 code [0x000001a66bb2cfc0, 0x000001a66bb2d0e8]
Event: 14.608 Thread 0x000001a67f40e270 16004       2       java.util.IdentityHashMap$KeySet::toArray (9 bytes)
Event: 14.608 Thread 0x000001a67f40e270 nmethod 16004 0x000001a66bb2d190 code [0x000001a66bb2d340, 0x000001a66bb2d508]
Event: 14.608 Thread 0x000001a67f40e270 16007       2       com.android.tools.r8.internal.og3::<init> (53 bytes)
Event: 14.608 Thread 0x000001a67f40e270 nmethod 16007 0x000001a66bb2d610 code [0x000001a66bb2d800, 0x000001a66bb2dab8]
Event: 14.608 Thread 0x000001a67f40e270 16009       2       com.android.tools.r8.internal.zo::<init> (25 bytes)
Event: 14.608 Thread 0x000001a67f40e270 nmethod 16009 0x000001a66bb2dc10 code [0x000001a66bb2dda0, 0x000001a66bb2df58]
Event: 14.608 Thread 0x000001a67f40e270 16005       2       com.android.tools.r8.internal.xe1::hasNext (11 bytes)
Event: 14.608 Thread 0x000001a67f40e270 nmethod 16005 0x000001a66bb2e010 code [0x000001a66bb2e1a0, 0x000001a66bb2e2d8]
Event: 14.608 Thread 0x000001a67f40e270 16006       2       com.android.tools.r8.internal.ef0::hashCode (31 bytes)
Event: 14.608 Thread 0x000001a67f40e270 nmethod 16006 0x000001a66bb2e390 code [0x000001a66bb2e540, 0x000001a66bb2e6d8]
Event: 14.608 Thread 0x000001a67f40e270 16011       2       com.android.tools.r8.internal.zl$$Lambda$4937/0x000001a60408f890::apply (24 bytes)
Event: 14.609 Thread 0x000001a67f40e270 nmethod 16011 0x000001a66bb2e810 code [0x000001a66bb2e9c0, 0x000001a66bb2eb88]
Event: 14.609 Thread 0x000001a67f40e270 16015 %     3       com.android.tools.r8.internal.a52::d @ 654 (2125 bytes)

GC Heap History (20 events):
Event: 9.720 GC heap before
{Heap before GC invocations=46 (full 0):
 garbage-first heap   total 196608K, used 159462K [0x0000000080000000, 0x0000000100000000)
  region size 1024K, 69 young (70656K), 1 survivors (1024K)
 Metaspace       used 93442K, committed 94272K, reserved 1179648K
  class space    used 13095K, committed 13504K, reserved 1048576K
}
Event: 9.721 GC heap after
{Heap after GC invocations=47 (full 0):
 garbage-first heap   total 196608K, used 93131K [0x0000000080000000, 0x0000000100000000)
  region size 1024K, 3 young (3072K), 3 survivors (3072K)
 Metaspace       used 93442K, committed 94272K, reserved 1179648K
  class space    used 13095K, committed 13504K, reserved 1048576K
}
Event: 11.075 GC heap before
{Heap before GC invocations=47 (full 0):
 garbage-first heap   total 196608K, used 161739K [0x0000000080000000, 0x0000000100000000)
  region size 1024K, 71 young (72704K), 3 survivors (3072K)
 Metaspace       used 95178K, committed 96128K, reserved 1179648K
  class space    used 13300K, committed 13760K, reserved 1048576K
}
Event: 11.078 GC heap after
{Heap after GC invocations=48 (full 0):
 garbage-first heap   total 196608K, used 98129K [0x0000000080000000, 0x0000000100000000)
  region size 1024K, 8 young (8192K), 8 survivors (8192K)
 Metaspace       used 95178K, committed 96128K, reserved 1179648K
  class space    used 13300K, committed 13760K, reserved 1048576K
}
Event: 13.098 GC heap before
{Heap before GC invocations=48 (full 0):
 garbage-first heap   total 196608K, used 162641K [0x0000000080000000, 0x0000000100000000)
  region size 1024K, 70 young (71680K), 8 survivors (8192K)
 Metaspace       used 97671K, committed 98624K, reserved 1179648K
  class space    used 13646K, committed 14144K, reserved 1048576K
}
Event: 13.103 GC heap after
{Heap after GC invocations=49 (full 0):
 garbage-first heap   total 196608K, used 103118K [0x0000000080000000, 0x0000000100000000)
  region size 1024K, 6 young (6144K), 6 survivors (6144K)
 Metaspace       used 97671K, committed 98624K, reserved 1179648K
  class space    used 13646K, committed 14144K, reserved 1048576K
}
Event: 13.455 GC heap before
{Heap before GC invocations=49 (full 0):
 garbage-first heap   total 196608K, used 160462K [0x0000000080000000, 0x0000000100000000)
  region size 1024K, 63 young (64512K), 6 survivors (6144K)
 Metaspace       used 102485K, committed 103424K, reserved 1179648K
  class space    used 14461K, committed 14912K, reserved 1048576K
}
Event: 13.459 GC heap after
{Heap after GC invocations=50 (full 0):
 garbage-first heap   total 196608K, used 110956K [0x0000000080000000, 0x0000000100000000)
  region size 1024K, 8 young (8192K), 8 survivors (8192K)
 Metaspace       used 102485K, committed 103424K, reserved 1179648K
  class space    used 14461K, committed 14912K, reserved 1048576K
}
Event: 13.740 GC heap before
{Heap before GC invocations=50 (full 0):
 garbage-first heap   total 196608K, used 160108K [0x0000000080000000, 0x0000000100000000)
  region size 1024K, 57 young (58368K), 8 survivors (8192K)
 Metaspace       used 108332K, committed 109312K, reserved 1179648K
  class space    used 15638K, committed 16128K, reserved 1048576K
}
Event: 13.744 GC heap after
{Heap after GC invocations=51 (full 0):
 garbage-first heap   total 196608K, used 114560K [0x0000000080000000, 0x0000000100000000)
  region size 1024K, 4 young (4096K), 4 survivors (4096K)
 Metaspace       used 108332K, committed 109312K, reserved 1179648K
  class space    used 15638K, committed 16128K, reserved 1048576K
}
Event: 14.071 GC heap before
{Heap before GC invocations=51 (full 0):
 garbage-first heap   total 196608K, used 161664K [0x0000000080000000, 0x0000000100000000)
  region size 1024K, 51 young (52224K), 4 survivors (4096K)
 Metaspace       used 113180K, committed 114176K, reserved 1179648K
  class space    used 16523K, committed 17024K, reserved 1048576K
}
Event: 14.076 GC heap after
{Heap after GC invocations=52 (full 0):
 garbage-first heap   total 196608K, used 116541K [0x0000000080000000, 0x0000000100000000)
  region size 1024K, 6 young (6144K), 6 survivors (6144K)
 Metaspace       used 113180K, committed 114176K, reserved 1179648K
  class space    used 16523K, committed 17024K, reserved 1048576K
}
Event: 14.196 GC heap before
{Heap before GC invocations=52 (full 0):
 garbage-first heap   total 196608K, used 162621K [0x0000000080000000, 0x0000000100000000)
  region size 1024K, 52 young (53248K), 6 survivors (6144K)
 Metaspace       used 115535K, committed 116544K, reserved 1179648K
  class space    used 16883K, committed 17344K, reserved 1048576K
}
Event: 14.201 GC heap after
{Heap after GC invocations=53 (full 0):
 garbage-first heap   total 196608K, used 120787K [0x0000000080000000, 0x0000000100000000)
  region size 1024K, 7 young (7168K), 7 survivors (7168K)
 Metaspace       used 115535K, committed 116544K, reserved 1179648K
  class space    used 16883K, committed 17344K, reserved 1048576K
}
Event: 14.305 GC heap before
{Heap before GC invocations=53 (full 0):
 garbage-first heap   total 196608K, used 162771K [0x0000000080000000, 0x0000000100000000)
  region size 1024K, 49 young (50176K), 7 survivors (7168K)
 Metaspace       used 117228K, committed 118272K, reserved 1179648K
  class space    used 17111K, committed 17600K, reserved 1048576K
}
Event: 14.308 GC heap after
{Heap after GC invocations=54 (full 0):
 garbage-first heap   total 196608K, used 122530K [0x0000000080000000, 0x0000000100000000)
  region size 1024K, 5 young (5120K), 5 survivors (5120K)
 Metaspace       used 117228K, committed 118272K, reserved 1179648K
  class space    used 17111K, committed 17600K, reserved 1048576K
}
Event: 14.411 GC heap before
{Heap before GC invocations=54 (full 0):
 garbage-first heap   total 196608K, used 162466K [0x0000000080000000, 0x0000000100000000)
  region size 1024K, 45 young (46080K), 5 survivors (5120K)
 Metaspace       used 118119K, committed 119168K, reserved 1179648K
  class space    used 17286K, committed 17792K, reserved 1048576K
}
Event: 14.413 GC heap after
{Heap after GC invocations=55 (full 0):
 garbage-first heap   total 196608K, used 123042K [0x0000000080000000, 0x0000000100000000)
  region size 1024K, 3 young (3072K), 3 survivors (3072K)
 Metaspace       used 118119K, committed 119168K, reserved 1179648K
  class space    used 17286K, committed 17792K, reserved 1048576K
}
Event: 14.600 GC heap before
{Heap before GC invocations=55 (full 0):
 garbage-first heap   total 196608K, used 164002K [0x0000000080000000, 0x0000000100000000)
  region size 1024K, 43 young (44032K), 3 survivors (3072K)
 Metaspace       used 118830K, committed 119872K, reserved 1179648K
  class space    used 17363K, committed 17856K, reserved 1048576K
}
Event: 14.602 GC heap after
{Heap after GC invocations=56 (full 0):
 garbage-first heap   total 262144K, used 121316K [0x0000000080000000, 0x0000000100000000)
  region size 1024K, 2 young (2048K), 2 survivors (2048K)
 Metaspace       used 118830K, committed 119872K, reserved 1179648K
  class space    used 17363K, committed 17856K, reserved 1048576K
}

Dll operation events (15 events):
Event: 0.074 Loaded shared library C:\Users\16696\.jdks\ms-17.0.19\bin\java.dll
Event: 0.087 Loaded shared library C:\Users\16696\.jdks\ms-17.0.19\bin\jsvml.dll
Event: 0.115 Loaded shared library C:\Users\16696\.jdks\ms-17.0.19\bin\zip.dll
Event: 0.120 Loaded shared library C:\Users\16696\.jdks\ms-17.0.19\bin\instrument.dll
Event: 0.124 Loaded shared library C:\Users\16696\.jdks\ms-17.0.19\bin\net.dll
Event: 0.127 Loaded shared library C:\Users\16696\.jdks\ms-17.0.19\bin\nio.dll
Event: 0.130 Loaded shared library C:\Users\16696\.jdks\ms-17.0.19\bin\zip.dll
Event: 0.227 Loaded shared library C:\Users\16696\.jdks\ms-17.0.19\bin\jimage.dll
Event: 0.352 Loaded shared library C:\Users\16696\.jdks\ms-17.0.19\bin\verify.dll
Event: 0.372 Loaded shared library C:\Users\16696\.gradle\native\660c5614fbf4a5f2a75b1949f50a0caf5cd603558e7d8a26e50b933a0cfb79d1\windows-amd64\native-platform.dll
Event: 0.381 Loaded shared library C:\Users\16696\.gradle\native\0.2.8\x86_64-windows-gnu\gradle-fileevents.dll
Event: 0.905 Loaded shared library C:\Users\16696\.jdks\ms-17.0.19\bin\management.dll
Event: 0.909 Loaded shared library C:\Users\16696\.jdks\ms-17.0.19\bin\management_ext.dll
Event: 1.091 Loaded shared library C:\Users\16696\.jdks\ms-17.0.19\bin\extnet.dll
Event: 1.257 Loaded shared library C:\Users\16696\.jdks\ms-17.0.19\bin\sunmscapi.dll

Deoptimization events (20 events):
Event: 14.511 Thread 0x000001a64d843880 DEOPT PACKING pc=0x000001a671dfc4f0 sp=0x0000006fa22fc120
Event: 14.511 Thread 0x000001a64d843880 DEOPT UNPACKING pc=0x000001a6717369a3 sp=0x0000006fa22fc0a0 mode 2
Event: 14.511 Thread 0x000001a64d843880 Uncommon trap: trap_request=0xffffffc6 fr.pc=0x000001a671dfc4f0 relative=0x0000000000000270
Event: 14.511 Thread 0x000001a64d843880 Uncommon trap: reason=bimorphic_or_optimized_type_check action=maybe_recompile pc=0x000001a671dfc4f0 method=com.android.tools.r8.internal.ap.a(ILcom/android/tools/r8/internal/v31;)I @ 300 c2
Event: 14.511 Thread 0x000001a64d843880 DEOPT PACKING pc=0x000001a671dfc4f0 sp=0x0000006fa22fc120
Event: 14.511 Thread 0x000001a64d843880 DEOPT UNPACKING pc=0x000001a6717369a3 sp=0x0000006fa22fc0a0 mode 2
Event: 14.511 Thread 0x000001a64d843880 Uncommon trap: trap_request=0xffffffc6 fr.pc=0x000001a671dfc4f0 relative=0x0000000000000270
Event: 14.511 Thread 0x000001a64d843880 Uncommon trap: reason=bimorphic_or_optimized_type_check action=maybe_recompile pc=0x000001a671dfc4f0 method=com.android.tools.r8.internal.ap.a(ILcom/android/tools/r8/internal/v31;)I @ 300 c2
Event: 14.511 Thread 0x000001a64d843880 DEOPT PACKING pc=0x000001a671dfc4f0 sp=0x0000006fa22fc120
Event: 14.511 Thread 0x000001a64d843880 DEOPT UNPACKING pc=0x000001a6717369a3 sp=0x0000006fa22fc0a0 mode 2
Event: 14.511 Thread 0x000001a64d843880 Uncommon trap: trap_request=0xffffffc6 fr.pc=0x000001a671dfc4f0 relative=0x0000000000000270
Event: 14.511 Thread 0x000001a64d843880 Uncommon trap: reason=bimorphic_or_optimized_type_check action=maybe_recompile pc=0x000001a671dfc4f0 method=com.android.tools.r8.internal.ap.a(ILcom/android/tools/r8/internal/v31;)I @ 300 c2
Event: 14.511 Thread 0x000001a64d843880 DEOPT PACKING pc=0x000001a671dfc4f0 sp=0x0000006fa22fc120
Event: 14.511 Thread 0x000001a64d843880 DEOPT UNPACKING pc=0x000001a6717369a3 sp=0x0000006fa22fc0a0 mode 2
Event: 14.613 Thread 0x000001a64d843880 DEOPT PACKING pc=0x000001a66b87a480 sp=0x0000006fa22fb9e0
Event: 14.613 Thread 0x000001a64d843880 DEOPT UNPACKING pc=0x000001a671737143 sp=0x0000006fa22faed0 mode 0
Event: 14.619 Thread 0x000001a64d843880 Uncommon trap: trap_request=0xffffff45 fr.pc=0x000001a67201f540 relative=0x0000000000001280
Event: 14.619 Thread 0x000001a64d843880 Uncommon trap: reason=unstable_if action=reinterpret pc=0x000001a67201f540 method=java.util.concurrent.ConcurrentHashMap.transfer([Ljava/util/concurrent/ConcurrentHashMap$Node;[Ljava/util/concurrent/ConcurrentHashMap$Node;)V @ 352 c2
Event: 14.619 Thread 0x000001a64d843880 DEOPT PACKING pc=0x000001a67201f540 sp=0x0000006fa22fbc00
Event: 14.619 Thread 0x000001a64d843880 DEOPT UNPACKING pc=0x000001a6717369a3 sp=0x0000006fa22fbb98 mode 2

Classes loaded (20 events):
Event: 13.989 Loading class java/util/SortedSet$1
Event: 13.989 Loading class java/util/SortedSet$1 done
Event: 14.003 Loading class java/util/PriorityQueue
Event: 14.004 Loading class java/util/PriorityQueue done
Event: 14.203 Loading class java/util/AbstractMap$SimpleEntry
Event: 14.204 Loading class java/util/AbstractMap$SimpleEntry done
Event: 14.272 Loading class java/nio/ShortBuffer
Event: 14.273 Loading class java/nio/ShortBuffer done
Event: 14.308 Loading class java/util/concurrent/ConcurrentHashMap$TreeNode
Event: 14.309 Loading class java/util/concurrent/ConcurrentHashMap$TreeNode done
Event: 14.310 Loading class java/util/concurrent/ConcurrentHashMap$TreeBin
Event: 14.310 Loading class java/util/concurrent/ConcurrentHashMap$TreeBin done
Event: 14.321 Loading class java/nio/ByteBufferAsShortBufferL
Event: 14.321 Loading class java/nio/ByteBufferAsShortBufferL done
Event: 14.346 Loading class java/util/zip/Adler32
Event: 14.346 Loading class java/util/zip/Adler32 done
Event: 14.354 Loading class java/util/zip/ZipOutputStream$XEntry
Event: 14.354 Loading class java/util/zip/ZipOutputStream$XEntry done
Event: 14.358 Loading class java/util/Vector$Itr
Event: 14.358 Loading class java/util/Vector$Itr done

Classes unloaded (0 events):
No events

Classes redefined (0 events):
No events

Internal exceptions (20 events):
Event: 14.351 Thread 0x000001a64d842950 Exception <a 'sun/nio/fs/WindowsException'{0x000000008afca000}> (0x000000008afca000) 
thrown [s\src\hotspot\share\prims\jni.cpp, line 516]
Event: 14.351 Thread 0x000001a64d841000 Exception <a 'sun/nio/fs/WindowsException'{0x000000008aee9f68}> (0x000000008aee9f68) 
thrown [s\src\hotspot\share\prims\jni.cpp, line 516]
Event: 14.351 Thread 0x000001a64d841000 Exception <a 'sun/nio/fs/WindowsException'{0x000000008aeea960}> (0x000000008aeea960) 
thrown [s\src\hotspot\share\prims\jni.cpp, line 516]
Event: 14.353 Thread 0x000001a64d8400d0 Exception <a 'sun/nio/fs/WindowsException'{0x000000008ae66ed0}> (0x000000008ae66ed0) 
thrown [s\src\hotspot\share\prims\jni.cpp, line 516]
Event: 14.353 Thread 0x000001a64d842950 Exception <a 'sun/nio/fs/WindowsException'{0x000000008acb1e90}> (0x000000008acb1e90) 
thrown [s\src\hotspot\share\prims\jni.cpp, line 516]
Event: 14.353 Thread 0x000001a64d841000 Exception <a 'sun/nio/fs/WindowsException'{0x000000008aeec598}> (0x000000008aeec598) 
thrown [s\src\hotspot\share\prims\jni.cpp, line 516]
Event: 14.354 Thread 0x000001a64d8400d0 Exception <a 'sun/nio/fs/WindowsException'{0x000000008ae67bf8}> (0x000000008ae67bf8) 
thrown [s\src\hotspot\share\prims\jni.cpp, line 516]
Event: 14.354 Thread 0x000001a64d842950 Exception <a 'sun/nio/fs/WindowsException'{0x000000008acb2bb8}> (0x000000008acb2bb8) 
thrown [s\src\hotspot\share\prims\jni.cpp, line 516]
Event: 14.354 Thread 0x000001a64d841000 Exception <a 'sun/nio/fs/WindowsException'{0x000000008aeed2c0}> (0x000000008aeed2c0) 
thrown [s\src\hotspot\share\prims\jni.cpp, line 516]
Event: 14.358 Thread 0x000001a64d8400d0 Exception <a 'sun/nio/fs/WindowsException'{0x000000008ae68948}> (0x000000008ae68948) 
thrown [s\src\hotspot\share\prims\jni.cpp, line 516]
Event: 14.358 Thread 0x000001a64d841000 Exception <a 'sun/nio/fs/WindowsException'{0x000000008aeee010}> (0x000000008aeee010) 
thrown [s\src\hotspot\share\prims\jni.cpp, line 516]
Event: 14.358 Thread 0x000001a64d842950 Exception <a 'sun/nio/fs/WindowsException'{0x000000008acb3908}> (0x000000008acb3908) 
thrown [s\src\hotspot\share\prims\jni.cpp, line 516]
Event: 14.363 Thread 0x000001a64b3ce1d0 Exception <a 'sun/nio/fs/WindowsException'{0x000000008abd16f0}> (0x000000008abd16f0) 
thrown [s\src\hotspot\share\prims\jni.cpp, line 516]
Event: 14.364 Thread 0x000001a64b3ce1d0 Exception <a 'sun/nio/fs/WindowsException'{0x000000008a9ee420}> (0x000000008a9ee420) 
thrown [s\src\hotspot\share\prims\jni.cpp, line 516]
Event: 14.368 Thread 0x000001a64d842950 Exception <a 'sun/nio/fs/WindowsException'{0x000000008acc3138}> (0x000000008acc3138) 
thrown [s\src\hotspot\share\prims\jni.cpp, line 516]
Event: 14.369 Thread 0x000001a64b3ce1d0 Exception <a 'sun/nio/fs/WindowsException'{0x000000008a70c600}> (0x000000008a70c600) 
thrown [s\src\hotspot\share\prims\jni.cpp, line 516]
Event: 14.425 Thread 0x000001a64b3cebf0 Exception <a 'sun/nio/fs/WindowsException'{0x000000008bc231a8}> (0x000000008bc231a8) 
thrown [s\src\hotspot\share\prims\jni.cpp, line 516]
Event: 14.467 Thread 0x000001a64b3cebf0 Exception <a 'sun/nio/fs/WindowsException'{0x000000008b68c2d0}> (0x000000008b68c2d0) 
thrown [s\src\hotspot\share\prims\jni.cpp, line 516]
Event: 14.548 Thread 0x000001a64b3cebf0 Exception <a 'sun/nio/fs/WindowsException'{0x000000008b68d5a0}> (0x000000008b68d5a0) 
thrown [s\src\hotspot\share\prims\jni.cpp, line 516]
Event: 14.577 Thread 0x000001a64b3cebf0 Exception <a 'sun/nio/fs/WindowsException'{0x000000008b68f800}> (0x000000008b68f800) 
thrown [s\src\hotspot\share\prims\jni.cpp, line 516]

VM Operations (20 events):
Event: 14.287 Executing VM operation: G1CollectForAllocation
Event: 14.308 Executing VM operation: G1CollectForAllocation done
Event: 14.348 Executing VM operation: HandshakeAllThreads
Event: 14.348 Executing VM operation: HandshakeAllThreads done
Event: 14.384 Executing VM operation: ICBufferFull
Event: 14.384 Executing VM operation: ICBufferFull done
Event: 14.411 Executing VM operation: G1CollectForAllocation
Event: 14.413 Executing VM operation: G1CollectForAllocation done
Event: 14.468 Executing VM operation: ICBufferFull
Event: 14.468 Executing VM operation: ICBufferFull done
Event: 14.485 Executing VM operation: HandshakeAllThreads
Event: 14.485 Executing VM operation: HandshakeAllThreads done
Event: 14.493 Executing VM operation: HandshakeAllThreads
Event: 14.493 Executing VM operation: HandshakeAllThreads done
Event: 14.527 Executing VM operation: HandshakeAllThreads
Event: 14.527 Executing VM operation: HandshakeAllThreads done
Event: 14.528 Executing VM operation: ICBufferFull
Event: 14.528 Executing VM operation: ICBufferFull done
Event: 14.600 Executing VM operation: G1CollectForAllocation
Event: 14.602 Executing VM operation: G1CollectForAllocation done

Memory protections (0 events):
No events

Nmethod flushes (20 events):
Event: 13.838 Thread 0x000001a67f411e20 flushing  nmethod 0x000001a672094310
Event: 13.838 Thread 0x000001a67f411e20 flushing  nmethod 0x000001a6720adf10
Event: 13.838 Thread 0x000001a67f411e20 flushing osr nmethod 0x000001a6720cd390
Event: 13.838 Thread 0x000001a67f411e20 flushing osr nmethod 0x000001a6720f1e10
Event: 13.838 Thread 0x000001a67f411e20 flushing osr nmethod 0x000001a6720fef90
Event: 13.838 Thread 0x000001a67f411e20 flushing  nmethod 0x000001a67213b610
Event: 13.838 Thread 0x000001a67f411e20 flushing osr nmethod 0x000001a672143210
Event: 13.838 Thread 0x000001a67f411e20 flushing osr nmethod 0x000001a672180610
Event: 13.838 Thread 0x000001a67f411e20 flushing  nmethod 0x000001a6721d6790
Event: 13.838 Thread 0x000001a67f411e20 flushing  nmethod 0x000001a6721e4010
Event: 13.838 Thread 0x000001a67f411e20 flushing  nmethod 0x000001a6721f2990
Event: 13.838 Thread 0x000001a67f411e20 flushing  nmethod 0x000001a672242c90
Event: 13.838 Thread 0x000001a67f411e20 flushing  nmethod 0x000001a67224c310
Event: 13.839 Thread 0x000001a67f411e20 flushing  nmethod 0x000001a672309990
Event: 13.839 Thread 0x000001a67f411e20 flushing  nmethod 0x000001a672319090
Event: 13.839 Thread 0x000001a67f411e20 flushing  nmethod 0x000001a672325610
Event: 13.839 Thread 0x000001a67f411e20 flushing  nmethod 0x000001a67233aa10
Event: 13.839 Thread 0x000001a67f411e20 flushing  nmethod 0x000001a672418190
Event: 13.841 Thread 0x000001a67f411e20 flushing  nmethod 0x000001a66a52f410
Event: 13.851 Thread 0x000001a67f411e20 flushing  nmethod 0x000001a66b07c990

Events (20 events):
Event: 8.320 Thread 0x000001a64b3d1470 Thread added: 0x000001a64b3d4200
Event: 8.334 Thread 0x000001a64b3d1470 Thread added: 0x000001a64b3d4710
Event: 8.952 Thread 0x000001a64b3d1470 Thread added: 0x000001a64b3ce1d0
Event: 8.952 Thread 0x000001a64b3d1470 Thread added: 0x000001a64d841000
Event: 9.037 Thread 0x000001a64b3d1470 Thread added: 0x000001a64d843880
Event: 9.620 Thread 0x000001a64cb9e990 Thread exited: 0x000001a64cb9e990
Event: 9.909 Thread 0x000001a64b3cebf0 Thread added: 0x000001a64d842950
Event: 10.150 Thread 0x000001a67f40e7c0 Thread exited: 0x000001a67f40e7c0
Event: 10.158 Thread 0x000001a64b3cebf0 Thread added: 0x000001a64d8400d0
Event: 10.189 Thread 0x000001a64d843880 Thread added: 0x000001a64d841f30
Event: 10.411 Thread 0x000001a64d843880 Thread added: 0x000001a64d843d90
Event: 10.411 Thread 0x000001a64d843880 Thread added: 0x000001a64d842e60
Event: 11.088 Thread 0x000001a67f40e270 Thread added: 0x000001a64cba0970
Event: 11.389 Thread 0x000001a64cba0970 Thread exited: 0x000001a64cba0970
Event: 12.952 Thread 0x000001a64b3cebf0 Thread added: 0x000001a64d8442a0
Event: 12.952 Thread 0x000001a64b3cebf0 Thread added: 0x000001a64d840af0
Event: 12.953 Thread 0x000001a64b3cebf0 Thread added: 0x000001a64d8447b0
Event: 12.953 Thread 0x000001a64b3cebf0 Thread added: 0x000001a64d844cc0
Event: 12.953 Thread 0x000001a64b3cebf0 Thread added: 0x000001a64d8451d0
Event: 12.958 Thread 0x000001a67f40e270 Thread added: 0x000001a64cba0ec0


Dynamic libraries:
0x00007ff76e8a0000 - 0x00007ff76e8ae000 	C:\Users\16696\.jdks\ms-17.0.19\bin\java.exe
0x00007ff880020000 - 0x00007ff880286000 	C:\Windows\SYSTEM32\ntdll.dll
0x00007ff87e450000 - 0x00007ff87e519000 	C:\Windows\System32\KERNEL32.DLL
0x00007ff87d960000 - 0x00007ff87dd5a000 	C:\Windows\System32\KERNELBASE.dll
0x00007fffe3fe0000 - 0x00007fffe408f000 	d:\Trea\Trae CN\resources\app\modules\sandbox\x64\sbox_core.dll
0x00007ff87d620000 - 0x00007ff87d76c000 	C:\Windows\System32\ucrtbase.dll
0x00007ff8727f0000 - 0x00007ff87280e000 	C:\Users\16696\.jdks\ms-17.0.19\bin\VCRUNTIME140.dll
0x00007ff8727d0000 - 0x00007ff8727e8000 	C:\Users\16696\.jdks\ms-17.0.19\bin\jli.dll
0x00007ff87fa80000 - 0x00007ff87fc47000 	C:\Windows\System32\USER32.dll
0x00007ff87dd60000 - 0x00007ff87dd87000 	C:\Windows\System32\win32u.dll
0x00007ff87fa30000 - 0x00007ff87fa5b000 	C:\Windows\System32\GDI32.dll
0x00007ff87c3b0000 - 0x00007ff87c642000 	C:\Windows\WinSxS\amd64_microsoft.windows.common-controls_6595b64144ccf1df_6.0.26100.8521_none_3e08b75ce33403b3\COMCTL32.dll
0x00007ff87d830000 - 0x00007ff87d95b000 	C:\Windows\System32\gdi32full.dll
0x00007ff87e5f0000 - 0x00007ff87e699000 	C:\Windows\System32\msvcrt.dll
0x00007ff87d2b0000 - 0x00007ff87d353000 	C:\Windows\System32\msvcp_win.dll
0x00007ff8389f0000 - 0x00007ff838a80000 	d:\Trea\Trae CN\resources\app\modules\sandbox\x64\sbox_ipc.dll
0x00007ff87dea0000 - 0x00007ff87ded2000 	C:\Windows\System32\IMM32.DLL
0x00007ff87ca80000 - 0x00007ff87ccc2000 	C:\Windows\SYSTEM32\dbghelp.dll
0x00007ff87fc50000 - 0x00007ff87ffd3000 	C:\Windows\System32\combase.dll
0x00007ff87f8a0000 - 0x00007ff87f9b8000 	C:\Windows\System32\RPCRT4.dll
0x00007ff87f760000 - 0x00007ff87f839000 	C:\Windows\System32\OLEAUT32.dll
0x00007ff86df20000 - 0x00007ff86df2c000 	C:\Users\16696\.jdks\ms-17.0.19\bin\vcruntime140_1.dll
0x00007ff87c950000 - 0x00007ff87c98b000 	C:\Windows\SYSTEM32\dbgcore.DLL
0x00007ff853430000 - 0x00007ff8534b9000 	C:\Users\16696\.jdks\ms-17.0.19\bin\msvcp140.dll
0x00007ff807770000 - 0x00007ff8083eb000 	C:\Users\16696\.jdks\ms-17.0.19\bin\server\jvm.dll
0x00007ff87ed10000 - 0x00007ff87edc6000 	C:\Windows\System32\ADVAPI32.dll
0x00007ff87e1e0000 - 0x00007ff87e28a000 	C:\Windows\System32\sechost.dll
0x00007ff87de10000 - 0x00007ff87de90000 	C:\Windows\System32\WS2_32.dll
0x00007ff87d110000 - 0x00007ff87d16e000 	C:\Windows\SYSTEM32\POWRPROF.dll
0x00007ff875350000 - 0x00007ff875386000 	C:\Windows\SYSTEM32\WINMM.dll
0x00007ff875340000 - 0x00007ff87534b000 	C:\Windows\SYSTEM32\VERSION.dll
0x00007ff87d0f0000 - 0x00007ff87d104000 	C:\Windows\SYSTEM32\UMPDC.dll
0x00007ff87b6d0000 - 0x00007ff87b6eb000 	C:\Windows\SYSTEM32\kernel.appcore.dll
0x00007ff86de60000 - 0x00007ff86de6a000 	C:\Users\16696\.jdks\ms-17.0.19\bin\jimage.dll
0x00007ff87d360000 - 0x00007ff87d408000 	C:\Windows\System32\bcryptPrimitives.dll
0x00007ff87b180000 - 0x00007ff87b2ca000 	C:\Windows\SYSTEM32\dnsapi.dll
0x00007ff87ba10000 - 0x00007ff87ba1d000 	C:\Windows\SYSTEM32\DSPARSE.dll
0x00007ff87b0f0000 - 0x00007ff87b123000 	C:\Windows\SYSTEM32\IPHLPAPI.DLL
0x00007ff87fa60000 - 0x00007ff87fa6a000 	C:\Windows\System32\NSI.dll
0x00007ff86de50000 - 0x00007ff86de5f000 	C:\Users\16696\.jdks\ms-17.0.19\bin\instrument.dll
0x00007ff86d460000 - 0x00007ff86d486000 	C:\Users\16696\.jdks\ms-17.0.19\bin\java.dll
0x00007ff87ee60000 - 0x00007ff87f5e4000 	C:\Windows\System32\Shell32.dll
0x00007ff87a390000 - 0x00007ff87ac10000 	C:\Windows\SYSTEM32\windows.storage.dll
0x00007ff87e350000 - 0x00007ff87e446000 	C:\Windows\System32\shcore.dll
0x00007ff878970000 - 0x00007ff878a1a000 	C:\Windows\system32\uxtheme.dll
0x00007ff87f9c0000 - 0x00007ff87fa27000 	C:\Windows\System32\shlwapi.dll
0x00007ff87e290000 - 0x00007ff87e33e000 	C:\Windows\System32\clbcatq.dll
0x00007ff862ef0000 - 0x00007ff863547000 	C:\Windows\System32\OneCoreUAPCommonProxyStub.dll
0x00007ff87dee0000 - 0x00007ff87e078000 	C:\Windows\System32\ole32.dll
0x00007ff87ce00000 - 0x00007ff87ce51000 	C:\Windows\SYSTEM32\CFGMGR32.dll
0x00007ff865020000 - 0x00007ff8651fd000 	C:\Windows\System32\urlmon.dll
0x00007ff863ca0000 - 0x00007ff863f65000 	C:\Windows\System32\iertutil.dll
0x00007ff863a50000 - 0x00007ff863a79000 	C:\Windows\System32\srvcli.dll
0x00007ff87b0e0000 - 0x00007ff87b0ed000 	C:\Windows\System32\netutils.dll
0x00007ff87b940000 - 0x00007ff87b989000 	C:\Windows\System32\SspiCli.dll
0x00007ff876ba0000 - 0x00007ff876ca6000 	C:\Windows\System32\PROPSYS.dll
0x00007ff871e40000 - 0x00007ff871e57000 	C:\Windows\SYSTEM32\virtdisk.dll
0x00007ff8554a0000 - 0x00007ff855618000 	C:\Windows\System32\Windows.System.Launcher.dll
0x00007ff862d00000 - 0x00007ff862d1d000 	C:\Windows\SYSTEM32\windows.staterepositorycore.dll
0x00007ff876040000 - 0x00007ff8761aa000 	C:\Windows\System32\wintypes.dll
0x00007ff84d260000 - 0x00007ff84d324000 	C:\Windows\System32\Windows.StateRepositoryPS.dll
0x00007ff87ca20000 - 0x00007ff87ca56000 	C:\Windows\SYSTEM32\ntmarta.dll
0x00007ff84c830000 - 0x00007ff84c8f0000 	C:\Windows\System32\Windows.FileExplorer.Common.dll
0x00007ff862d50000 - 0x00007ff862d97000 	C:\Windows\SYSTEM32\windows.staterepositoryclient.dll
0x00007ff84c360000 - 0x00007ff84c390000 	C:\Windows\System32\cldapi.dll
0x00007ff87d1a0000 - 0x00007ff87d1ca000 	C:\Windows\SYSTEM32\bcrypt.dll
0x00007ff87d1d0000 - 0x00007ff87d1f9000 	C:\Windows\SYSTEM32\profapi.dll
0x00007ff83d0c0000 - 0x00007ff83d196000 	C:\Users\16696\.jdks\ms-17.0.19\bin\jsvml.dll
0x00007ff86de00000 - 0x00007ff86de18000 	C:\Users\16696\.jdks\ms-17.0.19\bin\zip.dll
0x00007ff86d930000 - 0x00007ff86d94b000 	C:\Users\16696\.jdks\ms-17.0.19\bin\net.dll
0x00007ff874b00000 - 0x00007ff874c29000 	C:\Windows\SYSTEM32\WINHTTP.dll
0x00007ff87bbf0000 - 0x00007ff87bc5c000 	C:\Windows\system32\mswsock.dll
0x00007ff86d060000 - 0x00007ff86d076000 	C:\Users\16696\.jdks\ms-17.0.19\bin\nio.dll
0x00007ff86de40000 - 0x00007ff86de50000 	C:\Users\16696\.jdks\ms-17.0.19\bin\verify.dll
0x00007fffe4c80000 - 0x00007fffe4ca7000 	C:\Users\16696\.gradle\native\660c5614fbf4a5f2a75b1949f50a0caf5cd603558e7d8a26e50b933a0cfb79d1\windows-amd64\native-platform.dll
0x00007ff845a90000 - 0x00007ff845b07000 	C:\Users\16696\.gradle\native\0.2.8\x86_64-windows-gnu\gradle-fileevents.dll
0x00007ff86ddd0000 - 0x00007ff86ddda000 	C:\Users\16696\.jdks\ms-17.0.19\bin\management.dll
0x00007ff86ce50000 - 0x00007ff86ce5c000 	C:\Users\16696\.jdks\ms-17.0.19\bin\management_ext.dll
0x00007ff87fa70000 - 0x00007ff87fa78000 	C:\Windows\System32\PSAPI.DLL
0x00007ff875390000 - 0x00007ff8753ad000 	C:\Windows\SYSTEM32\dhcpcsvc6.DLL
0x00007ff874450000 - 0x00007ff874475000 	C:\Windows\SYSTEM32\dhcpcsvc.DLL
0x00007ff86ce40000 - 0x00007ff86ce49000 	C:\Users\16696\.jdks\ms-17.0.19\bin\extnet.dll
0x00007ff87cdd0000 - 0x00007ff87cdeb000 	C:\Windows\SYSTEM32\CRYPTSP.dll
0x00007ff87be90000 - 0x00007ff87bec9000 	C:\Windows\system32\rsaenh.dll
0x00007ff87bc60000 - 0x00007ff87bc93000 	C:\Windows\SYSTEM32\USERENV.dll
0x00007ff87be80000 - 0x00007ff87be8c000 	C:\Windows\SYSTEM32\CRYPTBASE.dll
0x00007ff86ce30000 - 0x00007ff86ce3e000 	C:\Users\16696\.jdks\ms-17.0.19\bin\sunmscapi.dll
0x00007ff87d410000 - 0x00007ff87d588000 	C:\Windows\System32\CRYPT32.dll
0x00007ff87c370000 - 0x00007ff87c3a0000 	C:\Windows\SYSTEM32\ncrypt.dll
0x00007ff87c320000 - 0x00007ff87c35f000 	C:\Windows\SYSTEM32\NTASN1.dll
0x00007ff865540000 - 0x00007ff865548000 	C:\Windows\system32\wshunix.dll
0x00007ff87e520000 - 0x00007ff87e59c000 	C:\Windows\System32\coml2.dll
0x00007ff878550000 - 0x00007ff8785f0000 	C:\Windows\SYSTEM32\apphelp.dll
0x00007ff83c6c0000 - 0x00007ff83c6db000 	C:\Windows\system32\NetworkExplorer.dll
0x00007ff832b20000 - 0x00007ff832bc8000 	C:\Windows\system32\ntshrui.dll
0x00007ff876f40000 - 0x00007ff876f5f000 	C:\Program Files\TortoiseGit\bin\TortoiseGitStub.dll
0x00007ff84c900000 - 0x00007ff84cd50000 	C:\Program Files\TortoiseGit\bin\TortoiseGit.dll
0x00007ff86d4d0000 - 0x00007ff86d684000 	C:\Program Files\TortoiseGit\bin\libgit2_tgit.dll
0x00007ff86c4e0000 - 0x00007ff86c6bb000 	C:\Program Files\TortoiseGit\bin\gitdll.dll
0x00007ff876f20000 - 0x00007ff876f38000 	C:\Program Files\TortoiseGit\bin\zlib1_tgit.dll
0x00007ff8612b0000 - 0x00007ff8612c3000 	C:\Windows\SYSTEM32\cscapi.dll
0x00007ff83bdd0000 - 0x00007ff83bddf000 	C:\Windows\SYSTEM32\LINKINFO.dll
0x00007ff84cf20000 - 0x00007ff84cf41000 	C:\Windows\SYSTEM32\MPR.dll
0x00007ff841b20000 - 0x00007ff841b42000 	C:\Windows\System32\p9np.dll
0x00007ff84e3f0000 - 0x00007ff84e3fd000 	C:\Windows\System32\drprov.dll
0x00007ff840ce0000 - 0x00007ff840d04000 	C:\Windows\System32\ntlanman.dll
0x00007ff840de0000 - 0x00007ff840e01000 	C:\Windows\System32\davclnt.dll
0x00007ff84c550000 - 0x00007ff84c692000 	C:\Windows\system32\Windows.Storage.Search.dll
0x00007ff862030000 - 0x00007ff8620f5000 	C:\Windows\System32\StructuredQuery.dll
0x00007ff863fa0000 - 0x00007ff864240000 	C:\Windows\System32\icu.dll
0x00007ff84c330000 - 0x00007ff84c359000 	C:\Windows\SYSTEM32\edputil.dll

dbghelp: loaded successfully - version: 4.0.5 - missing functions: none
symbol engine: initialized successfully - sym options: 0x614 - pdb path: .;C:\Users\16696\.jdks\ms-17.0.19\bin;C:\Windows\SYSTEM32;d:\Trea\Trae CN\resources\app\modules\sandbox\x64;C:\Windows\WinSxS\amd64_microsoft.windows.common-controls_6595b64144ccf1df_6.0.26100.8521_none_3e08b75ce33403b3;C:\Users\16696\.jdks\ms-17.0.19\bin\server;C:\Users\16696\.gradle\native\660c5614fbf4a5f2a75b1949f50a0caf5cd603558e7d8a26e50b933a0cfb79d1\windows-amd64;C:\Users\16696\.gradle\native\0.2.8\x86_64-windows-gnu;C:\Program Files\TortoiseGit\bin

VM Arguments:
jvm_args: --add-opens=java.base/java.lang=ALL-UNNAMED --add-opens=java.base/java.lang.invoke=ALL-UNNAMED --add-opens=java.base/java.util=ALL-UNNAMED --add-opens=java.prefs/java.util.prefs=ALL-UNNAMED --add-exports=jdk.compiler/com.sun.tools.javac.api=ALL-UNNAMED --add-exports=jdk.compiler/com.sun.tools.javac.util=ALL-UNNAMED --add-opens=java.base/java.util=ALL-UNNAMED --add-opens=java.prefs/java.util.prefs=ALL-UNNAMED --add-opens=java.base/java.nio.charset=ALL-UNNAMED --add-opens=java.base/java.net=ALL-UNNAMED --add-opens=java.base/java.util.concurrent=ALL-UNNAMED --add-opens=java.base/java.util.concurrent.atomic=ALL-UNNAMED --add-opens=java.xml/javax.xml.namespace=ALL-UNNAMED --add-opens=java.base/java.time=ALL-UNNAMED -Xmx2048m -Dfile.encoding=UTF-8 -Duser.country=CN -Duser.language=zh -Duser.variant -javaagent:C:\Users\16696\.gradle\wrapper\dists\gradle-9.4.1-bin\arn2x92ynaizyzdaamcbpbhtj\gradle-9.4.1\lib\agents\gradle-instrumentation-agent-9.4.1.jar 
java_command: org.gradle.launcher.daemon.bootstrap.GradleDaemon 9.4.1
java_class_path (initial): C:\Users\16696\.gradle\wrapper\dists\gradle-9.4.1-bin\arn2x92ynaizyzdaamcbpbhtj\gradle-9.4.1\lib\gradle-daemon-main-9.4.1.jar
Launcher Type: SUN_STANDARD

[Global flags]
     intx CICompilerCount                          = 4                                         {product} {ergonomic}
     uint ConcGCThreads                            = 2                                         {product} {ergonomic}
     uint G1ConcRefinementThreads                  = 9                                         {product} {ergonomic}
   size_t G1HeapRegionSize                         = 1048576                                   {product} {ergonomic}
    uintx GCDrainStackTargetSize                   = 64                                        {product} {ergonomic}
   size_t InitialHeapSize                          = 260046848                                 {product} {ergonomic}
   size_t MarkStackSize                            = 4194304                                   {product} {ergonomic}
   size_t MaxHeapSize                              = 2147483648                                {product} {command line}
   size_t MaxNewSize                               = 1287651328                                {product} {ergonomic}
   size_t MinHeapDeltaBytes                        = 1048576                                   {product} {ergonomic}
   size_t MinHeapSize                              = 8388608                                   {product} {ergonomic}
    uintx NonNMethodCodeHeapSize                   = 5839372                                {pd product} {ergonomic}
    uintx NonProfiledCodeHeapSize                  = 122909434                              {pd product} {ergonomic}
    uintx ProfiledCodeHeapSize                     = 122909434                              {pd product} {ergonomic}
    uintx ReservedCodeCacheSize                    = 251658240                              {pd product} {ergonomic}
     bool SegmentedCodeCache                       = true                                      {product} {ergonomic}
   size_t SoftMaxHeapSize                          = 2147483648                             {manageable} {ergonomic}
     bool UseCompressedClassPointers               = true                           {product lp64_product} {ergonomic}
     bool UseCompressedOops                        = true                           {product lp64_product} {ergonomic}
     bool UseG1GC                                  = true                                      {product} {ergonomic}
     bool UseLargePagesIndividualAllocation        = false                                  {pd product} {ergonomic}

Logging:
Log output configuration:
 #0: stdout all=warning uptime,level,tags
 #1: stderr all=off uptime,level,tags

Environment Variables:
JAVA_HOME=D:\Android\jdk-8.0.492.9-hotspot
PATH=d:\Trea\Trae CN\resources\app\modules\ai-agent\bin;D:\Android\jdk-8.0.492.9-hotspot\bin;C:\Program Files (x86)\VMware\VMware Workstation\bin\;C:\Windows\system32;C:\Windows;C:\Windows\System32\Wbem;C:\Windows\System32\WindowsPowerShell\v1.0\;C:\Windows\System32\OpenSSH\;D:\Git\Git\cmd;D:\Cmake\bin;D:\Windows Kits\10\Windows Performance Toolkit\;C:\Program Files\CMake\bin;C:\Program Files\TortoiseGit\bin;C:\NXP\S32DS.3.5\S32DS\build_tools\gcc-10.2-arm32-eabi\bin;D:\Xshell\;C:\Users\16696\AppData\Local\Programs\Python\Python314\Scripts\;C:\Users\16696\AppData\Local\Programs\Python\Python314\;C:\Users\16696\AppData\Local\Microsoft\WindowsApps;D:\pycharm\PyCharm 2026.1.2\bin;D:\vscode\Microsoft VS Code\bin;D:\Android\Sdk\platform-tools;;c:\Users\16696\.trae-cn\extensions\vscjava.vscode-java-debug-0.59.0-universal\bundled\scripts\noConfigScripts;d:\Trea\Trae CN\resources\app\modules\ai-agent\bin;D:\Android\jdk-8.0.492.9-hotspot\bin;C:\Program Files (x86)\VMware\VMware Workstation\bin\;C:\Windows\system32;C:\Windows;C:\Windows\System32\Wbem;C:\Windows\System32\WindowsPowerShell\v1.0\;C:\Windows\System32\OpenSSH\;D:\Git\Git\cmd;D:\Cmake\bin;D:\Windows Kits\10\Windows Performance Toolkit\;C:\Program Files\CMake\bin;C:\Program Files\TortoiseGit\bin;C:\NXP\S32DS.3.5\S32DS\build_tools\gcc-10.2-arm32-eabi\bin;D:\Xshell\;C:\Users\16696\AppData\Local\Programs\Python\Python314\Scripts\;C:\Users\16696\AppData\Local\Programs\Python\Python314\;C:\Users\16696\AppData\Local\Microsoft\WindowsApps;D:\pycharm\PyCharm 2026.1.2\bin;D:\vscode\Microsoft VS Code\bin;D:\Android\Sdk\platform-tools;;d:\Trea\Trae CN\resources\app\bin\lib;d:\Trea\Trae CN\resources\app\node_modules\@vscode\ripgrep\bin
USERNAME=16696
LANG=zh_CN.UTF-8
TERM=dumb
OS=Windows_NT
PROCESSOR_IDENTIFIER=Intel64 Family 6 Model 198 Stepping 2, GenuineIntel
TMP=C:\Users\16696\AppData\Local\Temp
TEMP=C:\Users\16696\AppData\Local\Temp



Periodic native trim disabled


---------------  S Y S T E M  ---------------

OS:
 Windows 11 , 64 bit Build 26100 (10.0.26100.8521)
OS uptime: 1 days 20:12 hours
Hyper-V role detected

CPU: total 10 (initial active 10) (10 cores per cpu, 1 threads per core) family 6 model 198 stepping 2 microcode 0x118, cx8, cmov, fxsr, mmx, 3dnowpref, sse, sse2, sse3, ssse3, sse4.1, sse4.2, popcnt, lzcnt, tsc, tscinvbit, avx, avx2, aes, erms, clmul, bmi1, bmi2, adx, sha, fma, vzeroupper, clflush, clflushopt, clwb, hv
Processor Information for processor 0
  Max Mhz: 3300, Current Mhz: 3300, Mhz Limit: 3300
Processor Information for processor 1
  Max Mhz: 3300, Current Mhz: 3300, Mhz Limit: 3300
Processor Information for processor 2
  Max Mhz: 2700, Current Mhz: 2700, Mhz Limit: 2700
Processor Information for processor 3
  Max Mhz: 2700, Current Mhz: 2700, Mhz Limit: 2700
Processor Information for processor 4
  Max Mhz: 2700, Current Mhz: 2700, Mhz Limit: 2700
Processor Information for processor 5
  Max Mhz: 2700, Current Mhz: 2700, Mhz Limit: 2700
Processor Information for processor 6
  Max Mhz: 3300, Current Mhz: 3300, Mhz Limit: 3300
Processor Information for processor 7
  Max Mhz: 3300, Current Mhz: 3300, Mhz Limit: 3300
Processor Information for processor 8
  Max Mhz: 3300, Current Mhz: 3300, Mhz Limit: 3300
Processor Information for processor 9
  Max Mhz: 3300, Current Mhz: 3300, Mhz Limit: 3300

Memory: 4k page, system-wide physical 15751M (670M free)
TotalPageFile size 54151M (AvailPageFile size 18M)
current process WorkingSet (physical memory assigned to process): 563M, peak: 563M
current process commit charge ("private bytes"): 632M, peak: 634M

vm_info: OpenJDK 64-Bit Server VM (17.0.19+10-LTS) for windows-amd64 JRE (17.0.19+10-LTS), built on Apr 18 2026 18:24:40 by "MicrosoftCorporation" with MS VC++ 17.14 (VS2022)

END.
