#
# There is insufficient memory for the Java Runtime Environment to continue.
# Native memory allocation (mmap) failed to map 154140672 bytes. Error detail: G1 virtual space
# Possible reasons:
#   The system is out of physical RAM or swap space
#   This process is running with CompressedOops enabled, and the Java Heap may be blocking the growth of the native heap
# Possible solutions:
#   Reduce memory load on the system
#   Increase physical memory or swap space
#   Check if swap backing store is full
#   Decrease Java heap size (-Xmx/-Xms)
#   Decrease number of Java threads
#   Decrease Java thread stack sizes (-Xss)
#   Set larger code cache with -XX:ReservedCodeCacheSize=
#   JVM is running with Unscaled Compressed Oops mode in which the Java heap is
#     placed in the first 4GB address space. The Java Heap base address is the
#     maximum limit for the native heap growth. Please use -XX:HeapBaseMinAddress
#     to set the Java Heap base and to place the Java Heap above 4GB virtual address.
# This output file may be truncated or incomplete.
#
#  Out of Memory Error (os_windows.cpp:3690), pid=20780, tid=21236
#
# JRE version: OpenJDK Runtime Environment Microsoft-13877129 (17.0.19+10) (build 17.0.19+10-LTS)
# Java VM: OpenJDK 64-Bit Server VM Microsoft-13877129 (17.0.19+10-LTS, mixed mode, sharing, tiered, compressed oops, compressed class ptrs, g1 gc, windows-amd64)
# No core dump will be written. Minidumps are not enabled by default on client versions of Windows
#

---------------  S U M M A R Y ------------

Command Line: --add-opens=java.base/java.lang=ALL-UNNAMED --add-opens=java.base/java.lang.invoke=ALL-UNNAMED --add-opens=java.base/java.util=ALL-UNNAMED --add-opens=java.prefs/java.util.prefs=ALL-UNNAMED --add-exports=jdk.compiler/com.sun.tools.javac.api=ALL-UNNAMED --add-exports=jdk.compiler/com.sun.tools.javac.util=ALL-UNNAMED --add-opens=java.base/java.util=ALL-UNNAMED --add-opens=java.prefs/java.util.prefs=ALL-UNNAMED --add-opens=java.base/java.nio.charset=ALL-UNNAMED --add-opens=java.base/java.net=ALL-UNNAMED --add-opens=java.base/java.util.concurrent=ALL-UNNAMED --add-opens=java.base/java.util.concurrent.atomic=ALL-UNNAMED --add-opens=java.xml/javax.xml.namespace=ALL-UNNAMED --add-opens=java.base/java.time=ALL-UNNAMED -Xmx2048m -Dfile.encoding=UTF-8 -Duser.country=CN -Duser.language=zh -Duser.variant -javaagent:C:\Users\16696\.gradle\wrapper\dists\gradle-9.4.1-bin\arn2x92ynaizyzdaamcbpbhtj\gradle-9.4.1\lib\agents\gradle-instrumentation-agent-9.4.1.jar org.gradle.launcher.daemon.bootstrap.GradleDaemon 9.4.1

Host: Intel(R) Core(TM) Ultra 5 225, 10 cores, 15G,  Windows 11 , 64 bit Build 26100 (10.0.26100.8521)
Time: Thu Jul 16 09:48:43 2026  Windows 11 , 64 bit Build 26100 (10.0.26100.8521) elapsed time: 12.180195 seconds (0d 0h 0m 12s)

---------------  T H R E A D  ---------------

Current thread (0x0000021ee89fc3e0):  VMThread "VM Thread" [stack: 0x00000045e1c00000,0x00000045e1d00000] [id=21236]

Stack: [0x00000045e1c00000,0x00000045e1d00000]
Native frames: (J=compiled Java code, j=interpreted, Vv=VM code, C=native code)
V  [jvm.dll+0x68cc89]  (no source info available)
V  [jvm.dll+0x845d89]  (no source info available)
V  [jvm.dll+0x847af8]  (no source info available)
V  [jvm.dll+0x848183]  (no source info available)
V  [jvm.dll+0x24d0bf]  (no source info available)
V  [jvm.dll+0x68c089]  (no source info available)
V  [jvm.dll+0x68064a]  (no source info available)
V  [jvm.dll+0x3102f0]  (no source info available)
V  [jvm.dll+0x310192]  (no source info available)
V  [jvm.dll+0x317709]  (no source info available)
V  [jvm.dll+0x369b09]  (no source info available)
V  [jvm.dll+0x369d3d]  (no source info available)
V  [jvm.dll+0x2e6afa]  (no source info available)
V  [jvm.dll+0x2e4ef1]  (no source info available)
V  [jvm.dll+0x2e468c]  (no source info available)
V  [jvm.dll+0x32903b]  (no source info available)
V  [jvm.dll+0x84ca0d]  (no source info available)
V  [jvm.dll+0x84d723]  (no source info available)
V  [jvm.dll+0x84dc54]  (no source info available)
V  [jvm.dll+0x84e038]  (no source info available)
V  [jvm.dll+0x84e12e]  (no source info available)
V  [jvm.dll+0x7f62cc]  (no source info available)
V  [jvm.dll+0x68e227]  (no source info available)
C  [ucrtbase.dll+0x2cd30]  (no source info available)
C  [KERNEL32.DLL+0x2e957]  (no source info available)
C  [ntdll.dll+0x87c1c]  (no source info available)

VM_Operation (0x00000045e61faf30): G1CollectForAllocation, mode: safepoint, requested by thread 0x0000021eee2161a0


---------------  P R O C E S S  ---------------

Threads class SMR info:
_java_thread_list=0x0000021eee4a8dd0, length=63, elements={
0x0000021eca2aa4c0, 0x0000021ee89fe3c0, 0x0000021ee8a060b0, 0x0000021ee8a1f550,
0x0000021ee8a1fe20, 0x0000021ee8a206f0, 0x0000021ee8a20fc0, 0x0000021ee8a23bd0,
0x0000021ee8a34fe0, 0x0000021ee8a55910, 0x0000021ee89e91a0, 0x0000021ee8bf4720,
0x0000021eeeade1a0, 0x0000021eeeadcbd0, 0x0000021eef1ba060, 0x0000021eef096590,
0x0000021eef096a70, 0x0000021eef081b10, 0x0000021eef0847b0, 0x0000021eef0864c0,
0x0000021eed8a4ab0, 0x0000021eed8a3b80, 0x0000021eed8a45a0, 0x0000021eed8a4fc0,
0x0000021eed8a2230, 0x0000021eed8a3160, 0x0000021eed8a54d0, 0x0000021eed8a3670,
0x0000021ef25d0570, 0x0000021ef25d3810, 0x0000021ef25d19b0, 0x0000021ef25d23d0,
0x0000021ef25d0f90, 0x0000021ef25d3300, 0x0000021ef25d3d20, 0x0000021ef25d2df0,
0x0000021ef25d0a80, 0x0000021ef25d4c50, 0x0000021ef25d6ab0, 0x0000021ef25d6090,
0x0000021ef25d5160, 0x0000021ef25d5670, 0x0000021ef25d65a0, 0x0000021ef3044f00,
0x0000021eed8a2c50, 0x0000021ef37e4590, 0x0000021eed0210b0, 0x0000021ef37e2c40,
0x0000021ef37e9690, 0x0000021ef37e7830, 0x0000021ef37e6900, 0x0000021ef37e6e10,
0x0000021ef37e8c70, 0x0000021ef37e7d40, 0x0000021ef37e8250, 0x0000021ef37e9180,
0x0000021ef37e9ba0, 0x0000021ef25d1ec0, 0x0000021eee2161a0, 0x0000021eee213e30,
0x0000021eee214340, 0x0000021eee214850, 0x0000021ef58e38e0
}

Java Threads: ( => current thread )
  0x0000021eca2aa4c0 JavaThread "main" [_thread_blocked, id=21608, stack(0x00000045e1600000,0x00000045e1700000)]
  0x0000021ee89fe3c0 JavaThread "Reference Handler" daemon [_thread_blocked, id=24064, stack(0x00000045e1d00000,0x00000045e1e00000)]
  0x0000021ee8a060b0 JavaThread "Finalizer" daemon [_thread_blocked, id=4496, stack(0x00000045e1e00000,0x00000045e1f00000)]
  0x0000021ee8a1f550 JavaThread "Signal Dispatcher" daemon [_thread_blocked, id=27736, stack(0x00000045e1f00000,0x00000045e2000000)]
  0x0000021ee8a1fe20 JavaThread "Attach Listener" daemon [_thread_blocked, id=20308, stack(0x00000045e2000000,0x00000045e2100000)]
  0x0000021ee8a206f0 JavaThread "Service Thread" daemon [_thread_blocked, id=4024, stack(0x00000045e2100000,0x00000045e2200000)]
  0x0000021ee8a20fc0 JavaThread "Monitor Deflation Thread" daemon [_thread_blocked, id=3736, stack(0x00000045e2200000,0x00000045e2300000)]
  0x0000021ee8a23bd0 JavaThread "C2 CompilerThread0" daemon [_thread_blocked, id=1440, stack(0x00000045e2300000,0x00000045e2400000)]
  0x0000021ee8a34fe0 JavaThread "C1 CompilerThread0" daemon [_thread_blocked, id=26924, stack(0x00000045e2400000,0x00000045e2500000)]
  0x0000021ee8a55910 JavaThread "Sweeper thread" daemon [_thread_blocked, id=19364, stack(0x00000045e2500000,0x00000045e2600000)]
  0x0000021ee89e91a0 JavaThread "Common-Cleaner" daemon [_thread_blocked, id=26608, stack(0x00000045e2600000,0x00000045e2700000)]
  0x0000021ee8bf4720 JavaThread "Notification Thread" daemon [_thread_blocked, id=19984, stack(0x00000045e2700000,0x00000045e2800000)]
  0x0000021eeeade1a0 JavaThread "Daemon health stats" [_thread_blocked, id=23304, stack(0x00000045e2f00000,0x00000045e3000000)]
  0x0000021eeeadcbd0 JavaThread "Incoming local TCP Connector on port 56240" [_thread_in_native, id=22004, stack(0x00000045e3000000,0x00000045e3100000)]
  0x0000021eef1ba060 JavaThread "Daemon periodic checks" [_thread_blocked, id=25988, stack(0x00000045e3100000,0x00000045e3200000)]
  0x0000021eef096590 JavaThread "Daemon" [_thread_blocked, id=27576, stack(0x00000045e3200000,0x00000045e3300000)]
  0x0000021eef096a70 JavaThread "Handler for socket connection from /127.0.0.1:56240 to /127.0.0.1:56241" [_thread_in_native, id=20800, stack(0x00000045e3300000,0x00000045e3400000)]
  0x0000021eef081b10 JavaThread "Cancel handler" [_thread_blocked, id=24248, stack(0x00000045e3400000,0x00000045e3500000)]
  0x0000021eef0847b0 JavaThread "Daemon worker" [_thread_blocked, id=24172, stack(0x00000045e3500000,0x00000045e3600000)]
  0x0000021eef0864c0 JavaThread "Asynchronous log dispatcher for DefaultDaemonConnection: socket connection from /127.0.0.1:56240 to /127.0.0.1:56241" [_thread_blocked, id=23000, stack(0x00000045e3600000,0x00000045e3700000)]
  0x0000021eed8a4ab0 JavaThread "Stdin handler" [_thread_blocked, id=26616, stack(0x00000045e3700000,0x00000045e3800000)]
  0x0000021eed8a3b80 JavaThread "Daemon client event forwarder" [_thread_blocked, id=23856, stack(0x00000045e3800000,0x00000045e3900000)]
  0x0000021eed8a45a0 JavaThread "Cache worker for journal cache (C:\Users\16696\.gradle\caches\journal-1)" [_thread_blocked, id=2776, stack(0x00000045e3900000,0x00000045e3a00000)]
  0x0000021eed8a4fc0 JavaThread "File lock request listener" [_thread_in_native, id=25184, stack(0x00000045e3a00000,0x00000045e3b00000)]
  0x0000021eed8a2230 JavaThread "Cache worker for file hash cache (C:\Users\16696\.gradle\caches\9.4.1\fileHashes)" [_thread_blocked, id=21544, stack(0x00000045e3b00000,0x00000045e3c00000)]
  0x0000021eed8a3160 JavaThread "Cache worker for file hash cache (D:\Code\Application\music1\.gradle\9.4.1\fileHashes)" [_thread_blocked, id=25520, stack(0x00000045e4100000,0x00000045e4200000)]
  0x0000021eed8a54d0 JavaThread "Cache worker for Build Output Cleanup Cache (D:\Code\Application\music1\.gradle\buildOutputCleanup)" [_thread_blocked, id=236, stack(0x00000045e4200000,0x00000045e4300000)]
  0x0000021eed8a3670 JavaThread "File watcher server" daemon [_thread_blocked, id=17456, stack(0x00000045e4300000,0x00000045e4400000)]
  0x0000021ef25d0570 JavaThread "File watcher consumer" daemon [_thread_blocked, id=9100, stack(0x00000045e4400000,0x00000045e4500000)]
  0x0000021ef25d3810 JavaThread "Cache worker for file content cache (C:\Users\16696\.gradle\caches\9.4.1\fileContent)" [_thread_blocked, id=27176, stack(0x00000045e4500000,0x00000045e4600000)]
  0x0000021ef25d19b0 JavaThread "Cache worker for checksums cache (D:\Code\Application\music1\.gradle\9.4.1\checksums)" [_thread_blocked, id=19444, stack(0x00000045e4600000,0x00000045e4700000)]
  0x0000021ef25d23d0 JavaThread "Cache worker for cache directory md-supplier (C:\Users\16696\.gradle\caches\9.4.1\md-supplier)" [_thread_blocked, id=640, stack(0x00000045e4800000,0x00000045e4900000)]
  0x0000021ef25d0f90 JavaThread "Cache worker for cache directory md-rule (C:\Users\16696\.gradle\caches\9.4.1\md-rule)" [_thread_blocked, id=19120, stack(0x00000045e4900000,0x00000045e4a00000)]
  0x0000021ef25d3300 JavaThread "Build operations" [_thread_blocked, id=27016, stack(0x00000045e4a00000,0x00000045e4b00000)]
  0x0000021ef25d3d20 JavaThread "Build operations Thread 2" [_thread_blocked, id=23500, stack(0x00000045e4b00000,0x00000045e4c00000)]
  0x0000021ef25d2df0 JavaThread "Build operations Thread 3" [_thread_blocked, id=8376, stack(0x00000045e4c00000,0x00000045e4d00000)]
  0x0000021ef25d0a80 JavaThread "Build operations Thread 4" [_thread_blocked, id=20744, stack(0x00000045e4d00000,0x00000045e4e00000)]
  0x0000021ef25d4c50 JavaThread "Build operations Thread 5" [_thread_blocked, id=8204, stack(0x00000045e4e00000,0x00000045e4f00000)]
  0x0000021ef25d6ab0 JavaThread "Build operations Thread 6" [_thread_blocked, id=13232, stack(0x00000045e4f00000,0x00000045e5000000)]
  0x0000021ef25d6090 JavaThread "Build operations Thread 7" [_thread_blocked, id=2228, stack(0x00000045e5000000,0x00000045e5100000)]
  0x0000021ef25d5160 JavaThread "Build operations Thread 8" [_thread_blocked, id=11808, stack(0x00000045e5100000,0x00000045e5200000)]
  0x0000021ef25d5670 JavaThread "Build operations Thread 9" [_thread_blocked, id=24736, stack(0x00000045e5200000,0x00000045e5300000)]
  0x0000021ef25d65a0 JavaThread "Build operations Thread 10" [_thread_blocked, id=3376, stack(0x00000045e5300000,0x00000045e5400000)]
  0x0000021ef3044f00 JavaThread "C2 CompilerThread1" daemon [_thread_blocked, id=18152, stack(0x00000045e2900000,0x00000045e2a00000)]
  0x0000021eed8a2c50 JavaThread "Memory manager" [_thread_blocked, id=13772, stack(0x00000045e2a00000,0x00000045e2b00000)]
  0x0000021ef37e4590 JavaThread "build event listener" [_thread_blocked, id=14840, stack(0x00000045e5400000,0x00000045e5500000)]
  0x0000021eed0210b0 JavaThread "C2 CompilerThread2" daemon [_thread_blocked, id=27188, stack(0x00000045e5500000,0x00000045e5600000)]
  0x0000021ef37e2c40 JavaThread "included builds" [_thread_blocked, id=8416, stack(0x00000045e5600000,0x00000045e5700000)]
  0x0000021ef37e9690 JavaThread "Execution worker" [_thread_blocked, id=23220, stack(0x00000045e5700000,0x00000045e5800000)]
  0x0000021ef37e7830 JavaThread "Execution worker Thread 2" [_thread_blocked, id=11796, stack(0x00000045e5800000,0x00000045e5900000)]
  0x0000021ef37e6900 JavaThread "Execution worker Thread 3" [_thread_blocked, id=28468, stack(0x00000045e5900000,0x00000045e5a00000)]
  0x0000021ef37e6e10 JavaThread "Execution worker Thread 4" [_thread_blocked, id=21528, stack(0x00000045e5a00000,0x00000045e5b00000)]
  0x0000021ef37e8c70 JavaThread "Execution worker Thread 5" [_thread_blocked, id=28560, stack(0x00000045e5b00000,0x00000045e5c00000)]
  0x0000021ef37e7d40 JavaThread "Execution worker Thread 6" [_thread_blocked, id=26980, stack(0x00000045e5c00000,0x00000045e5d00000)]
  0x0000021ef37e8250 JavaThread "Execution worker Thread 7" [_thread_blocked, id=25124, stack(0x00000045e5d00000,0x00000045e5e00000)]
  0x0000021ef37e9180 JavaThread "Execution worker Thread 8" [_thread_blocked, id=23472, stack(0x00000045e5e00000,0x00000045e5f00000)]
  0x0000021ef37e9ba0 JavaThread "Execution worker Thread 9" [_thread_blocked, id=27376, stack(0x00000045e5f00000,0x00000045e6000000)]
  0x0000021ef25d1ec0 JavaThread "Cache worker for execution history cache (D:\Code\Application\music1\.gradle\9.4.1\executionHistory)" [_thread_blocked, id=26920, stack(0x00000045e6000000,0x00000045e6100000)]
  0x0000021eee2161a0 JavaThread "WorkerExecutor Queue" [_thread_blocked, id=28252, stack(0x00000045e6100000,0x00000045e6200000)]
  0x0000021eee213e30 JavaThread "pool-3-thread-1" [_thread_blocked, id=22580, stack(0x00000045e6200000,0x00000045e6300000)]
  0x0000021eee214340 JavaThread "stderr" [_thread_in_native, id=14304, stack(0x00000045e6300000,0x00000045e6400000)]
  0x0000021eee214850 JavaThread "stdout" [_thread_in_native, id=22212, stack(0x00000045e6400000,0x00000045e6500000)]
  0x0000021ef58e38e0 JavaThread "WorkerExecutor Queue Thread 2" [_thread_blocked, id=6380, stack(0x00000045e6500000,0x00000045e6600000)]

Other Threads:
=>0x0000021ee89fc3e0 VMThread "VM Thread" [stack: 0x00000045e1c00000,0x00000045e1d00000] [id=21236]
  0x0000021ee8cb2820 WatcherThread [stack: 0x00000045e2800000,0x00000045e2900000] [id=23164]
  0x0000021eca309ad0 GCTaskThread "GC Thread#0" [stack: 0x00000045e1700000,0x00000045e1800000] [id=23952]
  0x0000021eedb2fbc0 GCTaskThread "GC Thread#1" [stack: 0x00000045e2b00000,0x00000045e2c00000] [id=27392]
  0x0000021eed74efb0 GCTaskThread "GC Thread#2" [stack: 0x00000045e2c00000,0x00000045e2d00000] [id=18028]
  0x0000021ee8dfc690 GCTaskThread "GC Thread#3" [stack: 0x00000045e2d00000,0x00000045e2e00000] [id=19732]
  0x0000021ee8dfcf00 GCTaskThread "GC Thread#4" [stack: 0x00000045e2e00000,0x00000045e2f00000] [id=13436]
  0x0000021ee8dfcc30 GCTaskThread "GC Thread#5" [stack: 0x00000045e3c00000,0x00000045e3d00000] [id=11724]
  0x0000021ee8dfd4a0 GCTaskThread "GC Thread#6" [stack: 0x00000045e3d00000,0x00000045e3e00000] [id=4288]
  0x0000021ee8dfd770 GCTaskThread "GC Thread#7" [stack: 0x00000045e3e00000,0x00000045e3f00000] [id=16020]
  0x0000021ef0650600 GCTaskThread "GC Thread#8" [stack: 0x00000045e3f00000,0x00000045e4000000] [id=9244]
  0x0000021eca31beb0 ConcurrentGCThread "G1 Main Marker" [stack: 0x00000045e1800000,0x00000045e1900000] [id=20824]
  0x0000021eca31f610 ConcurrentGCThread "G1 Conc#0" [stack: 0x00000045e1900000,0x00000045e1a00000] [id=28428]
  0x0000021ef064f7f0 ConcurrentGCThread "G1 Conc#1" [stack: 0x00000045e4000000,0x00000045e4100000] [id=4908]
  0x0000021ee88b9f60 ConcurrentGCThread "G1 Refine#0" [stack: 0x00000045e1a00000,0x00000045e1b00000] [id=26552]
  0x0000021eeed73d40 ConcurrentGCThread "G1 Refine#1" [stack: 0x00000045e4700000,0x00000045e4800000] [id=26720]
  0x0000021ee88ba750 ConcurrentGCThread "G1 Service" [stack: 0x00000045e1b00000,0x00000045e1c00000] [id=26488]

Threads with active compile tasks:
C2 CompilerThread0  12215 13642       4       com.google.common.collect.ImmutableTable::get (7 bytes)
C2 CompilerThread1  12215 13590       4       com.android.ide.common.symbols.SymbolIo$ReadConfiguration$3::parseLine (5 bytes)
C2 CompilerThread2  12215 13591       4       com.android.ide.common.symbols.SymbolIo::readSymbolListWithPackageLine (223 bytes)

VM state: at safepoint (normal execution)

VM Mutex/Monitor currently owned by a thread:  ([mutex/lock_event])
[0x0000021eca2a72b0] Threads_lock - owner thread: 0x0000021ee89fc3e0
[0x0000021eca2a6020] Heap_lock - owner thread: 0x0000021eee2161a0

Heap address: 0x0000000080000000, size: 2048 MB, Compressed Oops mode: 32-bit

CDS archive(s) mapped at: [0x0000021e80000000-0x0000021e80bb0000-0x0000021e80bb0000), size 12255232, SharedBaseAddress: 0x0000021e80000000, ArchiveRelocationMode: 1.
Compressed class space mapped at: 0x0000021e81000000-0x0000021ec1000000, reserved size: 1073741824
Narrow klass base: 0x0000021e80000000, Narrow klass shift: 0, Narrow klass range: 0x100000000

GC Precious Log:
 CPUs: 10 total, 10 available
 Memory: 15751M
 Large Page Support: Disabled
 NUMA Support: Disabled
 Compressed Oops: Enabled (32-bit)
 Heap Region Size: 1M
 Heap Min Capacity: 8M
 Heap Initial Capacity: 248M
 Heap Max Capacity: 2G
 Pre-touch: Disabled
 Parallel Workers: 9
 Concurrent Workers: 2
 Concurrent Refinement Workers: 9
 Periodic GC: Disabled

Heap:
 garbage-first heap   total 253952K, used 119388K [0x0000000080000000, 0x0000000100000000)
  region size 1024K, 7 young (7168K), 7 survivors (7168K)
 Metaspace       used 105618K, committed 106560K, reserved 1179648K
  class space    used 14330K, committed 14784K, reserved 1048576K

Heap Regions: E=young(eden), S=young(survivor), O=old, HS=humongous(starts), HC=humongous(continues), CS=collection set, F=free, OA=open archive, CA=closed archive, TAMS=top-at-mark-start (previous, next)
|   0|0x0000000080000000, 0x0000000080100000, 0x0000000080100000|100%|HS|  |TAMS 0x0000000080100000, 0x0000000080000000| Complete 
|   1|0x0000000080100000, 0x0000000080200000, 0x0000000080200000|100%|HC|  |TAMS 0x0000000080200000, 0x0000000080100000| Complete 
|   2|0x0000000080200000, 0x0000000080300000, 0x0000000080300000|100%|HC|  |TAMS 0x0000000080300000, 0x0000000080200000| Complete 
|   3|0x0000000080300000, 0x0000000080400000, 0x0000000080400000|100%|HC|  |TAMS 0x0000000080400000, 0x0000000080300000| Complete 
|   4|0x0000000080400000, 0x0000000080500000, 0x0000000080500000|100%| O|  |TAMS 0x0000000080500000, 0x0000000080400000| Untracked 
|   5|0x0000000080500000, 0x0000000080600000, 0x0000000080600000|100%| O|  |TAMS 0x0000000080600000, 0x0000000080500000| Untracked 
|   6|0x0000000080600000, 0x0000000080700000, 0x0000000080700000|100%| O|  |TAMS 0x0000000080700000, 0x0000000080600000| Untracked 
|   7|0x0000000080700000, 0x0000000080800000, 0x0000000080800000|100%| O|  |TAMS 0x0000000080800000, 0x0000000080700000| Untracked 
|   8|0x0000000080800000, 0x0000000080900000, 0x0000000080900000|100%|HS|  |TAMS 0x0000000080900000, 0x0000000080800000| Complete 
|   9|0x0000000080900000, 0x0000000080a00000, 0x0000000080a00000|100%| O|  |TAMS 0x0000000080a00000, 0x0000000080900000| Untracked 
|  10|0x0000000080a00000, 0x0000000080b00000, 0x0000000080b00000|100%| O|  |TAMS 0x0000000080b00000, 0x0000000080a00000| Untracked 
|  11|0x0000000080b00000, 0x0000000080c00000, 0x0000000080c00000|100%| O|  |TAMS 0x0000000080b00000, 0x0000000080b00000| Untracked 
|  12|0x0000000080c00000, 0x0000000080d00000, 0x0000000080d00000|100%| O|  |TAMS 0x0000000080d00000, 0x0000000080c00000| Untracked 
|  13|0x0000000080d00000, 0x0000000080e00000, 0x0000000080e00000|100%| O|  |TAMS 0x0000000080e00000, 0x0000000080d00000| Untracked 
|  14|0x0000000080e00000, 0x0000000080f00000, 0x0000000080f00000|100%| O|  |TAMS 0x0000000080f00000, 0x0000000080e00000| Untracked 
|  15|0x0000000080f00000, 0x0000000081000000, 0x0000000081000000|100%| O|  |TAMS 0x0000000081000000, 0x0000000080f00000| Untracked 
|  16|0x0000000081000000, 0x0000000081100000, 0x0000000081100000|100%| O|  |TAMS 0x0000000081100000, 0x0000000081000000| Untracked 
|  17|0x0000000081100000, 0x0000000081200000, 0x0000000081200000|100%| O|  |TAMS 0x0000000081200000, 0x0000000081100000| Untracked 
|  18|0x0000000081200000, 0x0000000081300000, 0x0000000081300000|100%| O|  |TAMS 0x0000000081300000, 0x0000000081200000| Untracked 
|  19|0x0000000081300000, 0x0000000081400000, 0x0000000081400000|100%| O|  |TAMS 0x0000000081400000, 0x0000000081300000| Untracked 
|  20|0x0000000081400000, 0x0000000081500000, 0x0000000081500000|100%| O|  |TAMS 0x0000000081500000, 0x0000000081400000| Untracked 
|  21|0x0000000081500000, 0x0000000081600000, 0x0000000081600000|100%| O|  |TAMS 0x0000000081600000, 0x0000000081500000| Untracked 
|  22|0x0000000081600000, 0x0000000081700000, 0x0000000081700000|100%| O|  |TAMS 0x0000000081700000, 0x0000000081600000| Untracked 
|  23|0x0000000081700000, 0x0000000081800000, 0x0000000081800000|100%| O|  |TAMS 0x0000000081800000, 0x0000000081700000| Untracked 
|  24|0x0000000081800000, 0x0000000081900000, 0x0000000081900000|100%| O|  |TAMS 0x0000000081900000, 0x0000000081800000| Untracked 
|  25|0x0000000081900000, 0x0000000081a00000, 0x0000000081a00000|100%| O|  |TAMS 0x0000000081a00000, 0x0000000081900000| Untracked 
|  26|0x0000000081a00000, 0x0000000081b00000, 0x0000000081b00000|100%| O|  |TAMS 0x0000000081b00000, 0x0000000081a00000| Untracked 
|  27|0x0000000081b00000, 0x0000000081c00000, 0x0000000081c00000|100%| O|  |TAMS 0x0000000081c00000, 0x0000000081b00000| Untracked 
|  28|0x0000000081c00000, 0x0000000081d00000, 0x0000000081d00000|100%| O|  |TAMS 0x0000000081d00000, 0x0000000081c00000| Untracked 
|  29|0x0000000081d00000, 0x0000000081e00000, 0x0000000081e00000|100%| O|  |TAMS 0x0000000081e00000, 0x0000000081d00000| Untracked 
|  30|0x0000000081e00000, 0x0000000081f00000, 0x0000000081f00000|100%| O|  |TAMS 0x0000000081f00000, 0x0000000081e00000| Untracked 
|  31|0x0000000081f00000, 0x0000000082000000, 0x0000000082000000|100%| O|  |TAMS 0x0000000082000000, 0x0000000081f00000| Untracked 
|  32|0x0000000082000000, 0x0000000082100000, 0x0000000082100000|100%| O|  |TAMS 0x0000000082100000, 0x0000000082000000| Untracked 
|  33|0x0000000082100000, 0x0000000082200000, 0x0000000082200000|100%| O|  |TAMS 0x0000000082200000, 0x0000000082100000| Untracked 
|  34|0x0000000082200000, 0x0000000082300000, 0x0000000082300000|100%| O|  |TAMS 0x0000000082300000, 0x0000000082200000| Untracked 
|  35|0x0000000082300000, 0x0000000082400000, 0x0000000082400000|100%| O|  |TAMS 0x0000000082400000, 0x0000000082300000| Untracked 
|  36|0x0000000082400000, 0x0000000082500000, 0x0000000082500000|100%| O|  |TAMS 0x0000000082500000, 0x0000000082400000| Untracked 
|  37|0x0000000082500000, 0x0000000082600000, 0x0000000082600000|100%| O|  |TAMS 0x0000000082600000, 0x0000000082500000| Untracked 
|  38|0x0000000082600000, 0x0000000082700000, 0x0000000082700000|100%| O|  |TAMS 0x0000000082700000, 0x0000000082600000| Untracked 
|  39|0x0000000082700000, 0x0000000082800000, 0x0000000082800000|100%| O|  |TAMS 0x0000000082800000, 0x0000000082700000| Untracked 
|  40|0x0000000082800000, 0x0000000082900000, 0x0000000082900000|100%| O|  |TAMS 0x0000000082900000, 0x0000000082800000| Untracked 
|  41|0x0000000082900000, 0x0000000082a00000, 0x0000000082a00000|100%|HS|  |TAMS 0x0000000082a00000, 0x0000000082900000| Complete 
|  42|0x0000000082a00000, 0x0000000082b00000, 0x0000000082b00000|100%|HS|  |TAMS 0x0000000082b00000, 0x0000000082a00000| Complete 
|  43|0x0000000082b00000, 0x0000000082c00000, 0x0000000082c00000|100%|HS|  |TAMS 0x0000000082c00000, 0x0000000082b00000| Complete 
|  44|0x0000000082c00000, 0x0000000082d00000, 0x0000000082d00000|100%|HC|  |TAMS 0x0000000082d00000, 0x0000000082c00000| Complete 
|  45|0x0000000082d00000, 0x0000000082e00000, 0x0000000082e00000|100%|HS|  |TAMS 0x0000000082e00000, 0x0000000082d00000| Complete 
|  46|0x0000000082e00000, 0x0000000082f00000, 0x0000000082f00000|100%|HS|  |TAMS 0x0000000082f00000, 0x0000000082e00000| Complete 
|  47|0x0000000082f00000, 0x0000000083000000, 0x0000000083000000|100%| O|  |TAMS 0x0000000083000000, 0x0000000082f00000| Untracked 
|  48|0x0000000083000000, 0x0000000083100000, 0x0000000083100000|100%|HS|  |TAMS 0x0000000083100000, 0x0000000083000000| Complete 
|  49|0x0000000083100000, 0x0000000083200000, 0x0000000083200000|100%| O|  |TAMS 0x0000000083200000, 0x0000000083100000| Untracked 
|  50|0x0000000083200000, 0x0000000083300000, 0x0000000083300000|100%| O|  |TAMS 0x0000000083300000, 0x0000000083200000| Untracked 
|  51|0x0000000083300000, 0x0000000083400000, 0x0000000083400000|100%| O|  |TAMS 0x0000000083400000, 0x0000000083300000| Untracked 
|  52|0x0000000083400000, 0x0000000083500000, 0x0000000083500000|100%| O|  |TAMS 0x0000000083500000, 0x0000000083400000| Untracked 
|  53|0x0000000083500000, 0x0000000083600000, 0x0000000083600000|100%| O|  |TAMS 0x0000000083600000, 0x0000000083500000| Untracked 
|  54|0x0000000083600000, 0x0000000083700000, 0x0000000083700000|100%|HS|  |TAMS 0x0000000083700000, 0x0000000083600000| Complete 
|  55|0x0000000083700000, 0x0000000083800000, 0x0000000083800000|100%| O|  |TAMS 0x0000000083800000, 0x0000000083700000| Untracked 
|  56|0x0000000083800000, 0x0000000083900000, 0x0000000083900000|100%| O|  |TAMS 0x0000000083900000, 0x0000000083800000| Untracked 
|  57|0x0000000083900000, 0x0000000083a00000, 0x0000000083a00000|100%| O|  |TAMS 0x0000000083a00000, 0x0000000083900000| Untracked 
|  58|0x0000000083a00000, 0x0000000083b00000, 0x0000000083b00000|100%|HS|  |TAMS 0x0000000083b00000, 0x0000000083a00000| Complete 
|  59|0x0000000083b00000, 0x0000000083c00000, 0x0000000083c00000|100%|HC|  |TAMS 0x0000000083c00000, 0x0000000083b00000| Complete 
|  60|0x0000000083c00000, 0x0000000083d00000, 0x0000000083d00000|100%| O|  |TAMS 0x0000000083d00000, 0x0000000083c00000| Untracked 
|  61|0x0000000083d00000, 0x0000000083e00000, 0x0000000083e00000|100%| O|  |TAMS 0x0000000083e00000, 0x0000000083d00000| Untracked 
|  62|0x0000000083e00000, 0x0000000083f00000, 0x0000000083f00000|100%| O|  |TAMS 0x0000000083f00000, 0x0000000083e00000| Untracked 
|  63|0x0000000083f00000, 0x0000000084000000, 0x0000000084000000|100%| O|  |TAMS 0x0000000084000000, 0x0000000083f00000| Untracked 
|  64|0x0000000084000000, 0x0000000084100000, 0x0000000084100000|100%| O|  |TAMS 0x0000000084100000, 0x0000000084000000| Untracked 
|  65|0x0000000084100000, 0x0000000084200000, 0x0000000084200000|100%| O|  |TAMS 0x0000000084200000, 0x0000000084100000| Untracked 
|  66|0x0000000084200000, 0x0000000084300000, 0x0000000084300000|100%|HS|  |TAMS 0x0000000084300000, 0x0000000084200000| Complete 
|  67|0x0000000084300000, 0x0000000084400000, 0x0000000084400000|100%| O|  |TAMS 0x0000000084400000, 0x0000000084300000| Untracked 
|  68|0x0000000084400000, 0x0000000084500000, 0x0000000084500000|100%| O|  |TAMS 0x0000000084500000, 0x0000000084400000| Untracked 
|  69|0x0000000084500000, 0x0000000084600000, 0x0000000084600000|100%| O|  |TAMS 0x0000000084600000, 0x0000000084500000| Untracked 
|  70|0x0000000084600000, 0x0000000084700000, 0x0000000084700000|100%| O|  |TAMS 0x0000000084700000, 0x0000000084600000| Untracked 
|  71|0x0000000084700000, 0x0000000084800000, 0x0000000084800000|100%| O|  |TAMS 0x0000000084800000, 0x0000000084700000| Untracked 
|  72|0x0000000084800000, 0x0000000084900000, 0x0000000084900000|100%| O|  |TAMS 0x0000000084900000, 0x0000000084800000| Untracked 
|  73|0x0000000084900000, 0x0000000084a00000, 0x0000000084a00000|100%| O|  |TAMS 0x0000000084a00000, 0x0000000084900000| Untracked 
|  74|0x0000000084a00000, 0x0000000084b00000, 0x0000000084b00000|100%| O|  |TAMS 0x0000000084b00000, 0x0000000084a00000| Untracked 
|  75|0x0000000084b00000, 0x0000000084c00000, 0x0000000084c00000|100%| O|  |TAMS 0x0000000084c00000, 0x0000000084b00000| Untracked 
|  76|0x0000000084c00000, 0x0000000084d00000, 0x0000000084d00000|100%| O|  |TAMS 0x0000000084d00000, 0x0000000084c00000| Untracked 
|  77|0x0000000084d00000, 0x0000000084e00000, 0x0000000084e00000|100%| O|  |TAMS 0x0000000084e00000, 0x0000000084d00000| Untracked 
|  78|0x0000000084e00000, 0x0000000084f00000, 0x0000000084f00000|100%| O|  |TAMS 0x0000000084f00000, 0x0000000084e00000| Untracked 
|  79|0x0000000084f00000, 0x0000000085000000, 0x0000000085000000|100%| O|  |TAMS 0x0000000085000000, 0x0000000084f00000| Untracked 
|  80|0x0000000085000000, 0x0000000085100000, 0x0000000085100000|100%| O|  |TAMS 0x0000000085100000, 0x0000000085000000| Untracked 
|  81|0x0000000085100000, 0x0000000085200000, 0x0000000085200000|100%| O|  |TAMS 0x0000000085200000, 0x0000000085100000| Untracked 
|  82|0x0000000085200000, 0x0000000085300000, 0x0000000085300000|100%| O|  |TAMS 0x0000000085300000, 0x0000000085200000| Untracked 
|  83|0x0000000085300000, 0x0000000085400000, 0x0000000085400000|100%| O|  |TAMS 0x0000000085400000, 0x0000000085300000| Untracked 
|  84|0x0000000085400000, 0x0000000085500000, 0x0000000085500000|100%| O|  |TAMS 0x0000000085500000, 0x0000000085400000| Untracked 
|  85|0x0000000085500000, 0x0000000085600000, 0x0000000085600000|100%| O|  |TAMS 0x0000000085600000, 0x0000000085500000| Untracked 
|  86|0x0000000085600000, 0x0000000085700000, 0x0000000085700000|100%| O|  |TAMS 0x0000000085700000, 0x0000000085600000| Untracked 
|  87|0x0000000085700000, 0x0000000085800000, 0x0000000085800000|100%| O|  |TAMS 0x0000000085800000, 0x0000000085700000| Untracked 
|  88|0x0000000085800000, 0x0000000085900000, 0x0000000085900000|100%| O|  |TAMS 0x0000000085900000, 0x0000000085800000| Untracked 
|  89|0x0000000085900000, 0x0000000085a00000, 0x0000000085a00000|100%| O|  |TAMS 0x0000000085a00000, 0x0000000085900000| Untracked 
|  90|0x0000000085a00000, 0x0000000085a00000, 0x0000000085b00000|  0%| F|  |TAMS 0x0000000085a00000, 0x0000000085a00000| Untracked 
|  91|0x0000000085b00000, 0x0000000085c00000, 0x0000000085c00000|100%| O|  |TAMS 0x0000000085c00000, 0x0000000085b00000| Untracked 
|  92|0x0000000085c00000, 0x0000000085d00000, 0x0000000085d00000|100%| O|  |TAMS 0x0000000085d00000, 0x0000000085c00000| Untracked 
|  93|0x0000000085d00000, 0x0000000085e00000, 0x0000000085e00000|100%| O|  |TAMS 0x0000000085e00000, 0x0000000085d00000| Untracked 
|  94|0x0000000085e00000, 0x0000000085f00000, 0x0000000085f00000|100%| O|  |TAMS 0x0000000085f00000, 0x0000000085e00000| Untracked 
|  95|0x0000000085f00000, 0x0000000086000000, 0x0000000086000000|100%| O|  |TAMS 0x0000000086000000, 0x0000000085f00000| Untracked 
|  96|0x0000000086000000, 0x0000000086100000, 0x0000000086100000|100%| O|  |TAMS 0x0000000086081800, 0x0000000086000000| Untracked 
|  97|0x0000000086100000, 0x0000000086200000, 0x0000000086200000|100%|HS|  |TAMS 0x0000000086100000, 0x0000000086100000| Complete 
|  98|0x0000000086200000, 0x0000000086300000, 0x0000000086300000|100%|HC|  |TAMS 0x0000000086200000, 0x0000000086200000| Complete 
|  99|0x0000000086300000, 0x0000000086400000, 0x0000000086400000|100%|HS|  |TAMS 0x0000000086300000, 0x0000000086300000| Complete 
| 100|0x0000000086400000, 0x0000000086500000, 0x0000000086500000|100%|HC|  |TAMS 0x0000000086400000, 0x0000000086400000| Complete 
| 101|0x0000000086500000, 0x0000000086600000, 0x0000000086600000|100%|HC|  |TAMS 0x0000000086500000, 0x0000000086500000| Complete 
| 102|0x0000000086600000, 0x0000000086700000, 0x0000000086700000|100%| O|  |TAMS 0x0000000086600000, 0x0000000086600000| Untracked 
| 103|0x0000000086700000, 0x0000000086800000, 0x0000000086800000|100%| O|  |TAMS 0x0000000086700000, 0x0000000086700000| Untracked 
| 104|0x0000000086800000, 0x0000000086900000, 0x0000000086900000|100%| O|  |TAMS 0x0000000086800000, 0x0000000086800000| Untracked 
| 105|0x0000000086900000, 0x0000000086a00000, 0x0000000086a00000|100%| O|  |TAMS 0x0000000086900000, 0x0000000086900000| Untracked 
| 106|0x0000000086a00000, 0x0000000086b00000, 0x0000000086b00000|100%| O|  |TAMS 0x0000000086a00000, 0x0000000086a00000| Untracked 
| 107|0x0000000086b00000, 0x0000000086c00000, 0x0000000086c00000|100%| O|  |TAMS 0x0000000086b00000, 0x0000000086b00000| Untracked 
| 108|0x0000000086c00000, 0x0000000086d00000, 0x0000000086d00000|100%| O|  |TAMS 0x0000000086c00000, 0x0000000086c00000| Untracked 
| 109|0x0000000086d00000, 0x0000000086e00000, 0x0000000086e00000|100%| O|  |TAMS 0x0000000086d00000, 0x0000000086d00000| Untracked 
| 110|0x0000000086e00000, 0x0000000086f00000, 0x0000000086f00000|100%| O|  |TAMS 0x0000000086e00000, 0x0000000086e00000| Untracked 
| 111|0x0000000086f00000, 0x0000000086f5b000, 0x0000000087000000| 35%| O|  |TAMS 0x0000000086f00000, 0x0000000086f00000| Untracked 
| 112|0x0000000087000000, 0x0000000087000000, 0x0000000087100000|  0%| F|  |TAMS 0x0000000087000000, 0x0000000087000000| Untracked 
| 113|0x0000000087100000, 0x0000000087100000, 0x0000000087200000|  0%| F|  |TAMS 0x0000000087100000, 0x0000000087100000| Untracked 
| 114|0x0000000087200000, 0x0000000087200000, 0x0000000087300000|  0%| F|  |TAMS 0x0000000087200000, 0x0000000087200000| Untracked 
| 115|0x0000000087300000, 0x0000000087300000, 0x0000000087400000|  0%| F|  |TAMS 0x0000000087300000, 0x0000000087300000| Untracked 
| 116|0x0000000087400000, 0x0000000087400000, 0x0000000087500000|  0%| F|  |TAMS 0x0000000087400000, 0x0000000087400000| Untracked 
| 117|0x0000000087500000, 0x0000000087500000, 0x0000000087600000|  0%| F|  |TAMS 0x0000000087500000, 0x0000000087500000| Untracked 
| 118|0x0000000087600000, 0x0000000087600000, 0x0000000087700000|  0%| F|  |TAMS 0x0000000087600000, 0x0000000087600000| Untracked 
| 119|0x0000000087700000, 0x0000000087700000, 0x0000000087800000|  0%| F|  |TAMS 0x0000000087700000, 0x0000000087700000| Untracked 
| 120|0x0000000087800000, 0x0000000087800000, 0x0000000087900000|  0%| F|  |TAMS 0x0000000087800000, 0x0000000087800000| Untracked 
| 121|0x0000000087900000, 0x0000000087900000, 0x0000000087a00000|  0%| F|  |TAMS 0x0000000087900000, 0x0000000087900000| Untracked 
| 122|0x0000000087a00000, 0x0000000087a00000, 0x0000000087b00000|  0%| F|  |TAMS 0x0000000087a00000, 0x0000000087a00000| Untracked 
| 123|0x0000000087b00000, 0x0000000087b00000, 0x0000000087c00000|  0%| F|  |TAMS 0x0000000087b00000, 0x0000000087b00000| Untracked 
| 124|0x0000000087c00000, 0x0000000087c00000, 0x0000000087d00000|  0%| F|  |TAMS 0x0000000087c00000, 0x0000000087c00000| Untracked 
| 125|0x0000000087d00000, 0x0000000087d00000, 0x0000000087e00000|  0%| F|  |TAMS 0x0000000087d00000, 0x0000000087d00000| Untracked 
| 126|0x0000000087e00000, 0x0000000087e00000, 0x0000000087f00000|  0%| F|  |TAMS 0x0000000087e00000, 0x0000000087e00000| Untracked 
| 127|0x0000000087f00000, 0x0000000087f00000, 0x0000000088000000|  0%| F|  |TAMS 0x0000000087f00000, 0x0000000087f00000| Untracked 
| 128|0x0000000088000000, 0x0000000088000000, 0x0000000088100000|  0%| F|  |TAMS 0x0000000088000000, 0x0000000088000000| Untracked 
| 129|0x0000000088100000, 0x0000000088100000, 0x0000000088200000|  0%| F|  |TAMS 0x0000000088100000, 0x0000000088100000| Untracked 
| 130|0x0000000088200000, 0x0000000088200000, 0x0000000088300000|  0%| F|  |TAMS 0x0000000088200000, 0x0000000088200000| Untracked 
| 131|0x0000000088300000, 0x0000000088300000, 0x0000000088400000|  0%| F|  |TAMS 0x0000000088300000, 0x0000000088300000| Untracked 
| 132|0x0000000088400000, 0x0000000088400000, 0x0000000088500000|  0%| F|  |TAMS 0x0000000088400000, 0x0000000088400000| Untracked 
| 133|0x0000000088500000, 0x0000000088500000, 0x0000000088600000|  0%| F|  |TAMS 0x0000000088500000, 0x0000000088500000| Untracked 
| 134|0x0000000088600000, 0x0000000088600000, 0x0000000088700000|  0%| F|  |TAMS 0x0000000088600000, 0x0000000088600000| Untracked 
| 135|0x0000000088700000, 0x000000008873c280, 0x0000000088800000| 23%| S|CS|TAMS 0x0000000088700000, 0x0000000088700000| Complete 
| 136|0x0000000088800000, 0x0000000088900000, 0x0000000088900000|100%| S|CS|TAMS 0x0000000088800000, 0x0000000088800000| Complete 
| 137|0x0000000088900000, 0x0000000088a00000, 0x0000000088a00000|100%| S|CS|TAMS 0x0000000088900000, 0x0000000088900000| Complete 
| 138|0x0000000088a00000, 0x0000000088b00000, 0x0000000088b00000|100%| S|CS|TAMS 0x0000000088a00000, 0x0000000088a00000| Complete 
| 139|0x0000000088b00000, 0x0000000088c00000, 0x0000000088c00000|100%| S|CS|TAMS 0x0000000088b00000, 0x0000000088b00000| Complete 
| 140|0x0000000088c00000, 0x0000000088d00000, 0x0000000088d00000|100%| S|CS|TAMS 0x0000000088c00000, 0x0000000088c00000| Complete 
| 141|0x0000000088d00000, 0x0000000088e00000, 0x0000000088e00000|100%| S|CS|TAMS 0x0000000088d00000, 0x0000000088d00000| Complete 
| 142|0x0000000088e00000, 0x0000000088e00000, 0x0000000088f00000|  0%| F|  |TAMS 0x0000000088e00000, 0x0000000088e00000| Untracked 
| 143|0x0000000088f00000, 0x0000000088f00000, 0x0000000089000000|  0%| F|  |TAMS 0x0000000088f00000, 0x0000000088f00000| Untracked 
| 144|0x0000000089000000, 0x0000000089000000, 0x0000000089100000|  0%| F|  |TAMS 0x0000000089000000, 0x0000000089000000| Untracked 
| 145|0x0000000089100000, 0x0000000089100000, 0x0000000089200000|  0%| F|  |TAMS 0x0000000089100000, 0x0000000089100000| Untracked 
| 146|0x0000000089200000, 0x0000000089200000, 0x0000000089300000|  0%| F|  |TAMS 0x0000000089200000, 0x0000000089200000| Untracked 
| 147|0x0000000089300000, 0x0000000089300000, 0x0000000089400000|  0%| F|  |TAMS 0x0000000089300000, 0x0000000089300000| Untracked 
| 148|0x0000000089400000, 0x0000000089400000, 0x0000000089500000|  0%| F|  |TAMS 0x0000000089400000, 0x0000000089400000| Untracked 
| 149|0x0000000089500000, 0x0000000089500000, 0x0000000089600000|  0%| F|  |TAMS 0x0000000089500000, 0x0000000089500000| Untracked 
| 150|0x0000000089600000, 0x0000000089600000, 0x0000000089700000|  0%| F|  |TAMS 0x0000000089600000, 0x0000000089600000| Untracked 
| 151|0x0000000089700000, 0x0000000089700000, 0x0000000089800000|  0%| F|  |TAMS 0x0000000089700000, 0x0000000089700000| Untracked 
| 152|0x0000000089800000, 0x0000000089800000, 0x0000000089900000|  0%| F|  |TAMS 0x0000000089800000, 0x0000000089800000| Untracked 
| 153|0x0000000089900000, 0x0000000089900000, 0x0000000089a00000|  0%| F|  |TAMS 0x0000000089900000, 0x0000000089900000| Untracked 
| 154|0x0000000089a00000, 0x0000000089a00000, 0x0000000089b00000|  0%| F|  |TAMS 0x0000000089a00000, 0x0000000089a00000| Untracked 
| 155|0x0000000089b00000, 0x0000000089b00000, 0x0000000089c00000|  0%| F|  |TAMS 0x0000000089b00000, 0x0000000089b00000| Untracked 
| 156|0x0000000089c00000, 0x0000000089c00000, 0x0000000089d00000|  0%| F|  |TAMS 0x0000000089c00000, 0x0000000089c00000| Untracked 
| 157|0x0000000089d00000, 0x0000000089d00000, 0x0000000089e00000|  0%| F|  |TAMS 0x0000000089d00000, 0x0000000089d00000| Untracked 
| 158|0x0000000089e00000, 0x0000000089e00000, 0x0000000089f00000|  0%| F|  |TAMS 0x0000000089e00000, 0x0000000089e00000| Untracked 
| 159|0x0000000089f00000, 0x0000000089f00000, 0x000000008a000000|  0%| F|  |TAMS 0x0000000089f00000, 0x0000000089f00000| Untracked 
| 160|0x000000008a000000, 0x000000008a000000, 0x000000008a100000|  0%| F|  |TAMS 0x000000008a000000, 0x000000008a000000| Untracked 
| 161|0x000000008a100000, 0x000000008a100000, 0x000000008a200000|  0%| F|  |TAMS 0x000000008a100000, 0x000000008a100000| Untracked 
| 162|0x000000008a200000, 0x000000008a200000, 0x000000008a300000|  0%| F|  |TAMS 0x000000008a200000, 0x000000008a200000| Untracked 
| 163|0x000000008a300000, 0x000000008a300000, 0x000000008a400000|  0%| F|  |TAMS 0x000000008a300000, 0x000000008a300000| Untracked 
| 164|0x000000008a400000, 0x000000008a400000, 0x000000008a500000|  0%| F|  |TAMS 0x000000008a400000, 0x000000008a400000| Untracked 
| 165|0x000000008a500000, 0x000000008a500000, 0x000000008a600000|  0%| F|  |TAMS 0x000000008a500000, 0x000000008a500000| Untracked 
| 166|0x000000008a600000, 0x000000008a600000, 0x000000008a700000|  0%| F|  |TAMS 0x000000008a600000, 0x000000008a600000| Untracked 
| 167|0x000000008a700000, 0x000000008a700000, 0x000000008a800000|  0%| F|  |TAMS 0x000000008a700000, 0x000000008a700000| Untracked 
| 168|0x000000008a800000, 0x000000008a800000, 0x000000008a900000|  0%| F|  |TAMS 0x000000008a800000, 0x000000008a800000| Untracked 
| 169|0x000000008a900000, 0x000000008a900000, 0x000000008aa00000|  0%| F|  |TAMS 0x000000008a900000, 0x000000008a900000| Untracked 
| 170|0x000000008aa00000, 0x000000008aa00000, 0x000000008ab00000|  0%| F|  |TAMS 0x000000008aa00000, 0x000000008aa00000| Untracked 
| 171|0x000000008ab00000, 0x000000008ab00000, 0x000000008ac00000|  0%| F|  |TAMS 0x000000008ab00000, 0x000000008ab00000| Untracked 
| 172|0x000000008ac00000, 0x000000008ac00000, 0x000000008ad00000|  0%| F|  |TAMS 0x000000008ac00000, 0x000000008ac00000| Untracked 
| 173|0x000000008ad00000, 0x000000008ad00000, 0x000000008ae00000|  0%| F|  |TAMS 0x000000008ad00000, 0x000000008ad00000| Untracked 
| 174|0x000000008ae00000, 0x000000008ae00000, 0x000000008af00000|  0%| F|  |TAMS 0x000000008ae00000, 0x000000008ae00000| Untracked 
| 175|0x000000008af00000, 0x000000008af00000, 0x000000008b000000|  0%| F|  |TAMS 0x000000008af00000, 0x000000008af00000| Untracked 
| 176|0x000000008b000000, 0x000000008b000000, 0x000000008b100000|  0%| F|  |TAMS 0x000000008b000000, 0x000000008b000000| Untracked 
| 177|0x000000008b100000, 0x000000008b100000, 0x000000008b200000|  0%| F|  |TAMS 0x000000008b100000, 0x000000008b100000| Untracked 
| 178|0x000000008b200000, 0x000000008b200000, 0x000000008b300000|  0%| F|  |TAMS 0x000000008b200000, 0x000000008b200000| Untracked 
| 179|0x000000008b300000, 0x000000008b300000, 0x000000008b400000|  0%| F|  |TAMS 0x000000008b300000, 0x000000008b300000| Untracked 
| 180|0x000000008b400000, 0x000000008b400000, 0x000000008b500000|  0%| F|  |TAMS 0x000000008b400000, 0x000000008b400000| Untracked 
| 181|0x000000008b500000, 0x000000008b500000, 0x000000008b600000|  0%| F|  |TAMS 0x000000008b500000, 0x000000008b500000| Untracked 
| 182|0x000000008b600000, 0x000000008b600000, 0x000000008b700000|  0%| F|  |TAMS 0x000000008b600000, 0x000000008b600000| Untracked 
| 183|0x000000008b700000, 0x000000008b700000, 0x000000008b800000|  0%| F|  |TAMS 0x000000008b700000, 0x000000008b700000| Untracked 
| 184|0x000000008b800000, 0x000000008b800000, 0x000000008b900000|  0%| F|  |TAMS 0x000000008b800000, 0x000000008b800000| Untracked 
| 185|0x000000008b900000, 0x000000008b900000, 0x000000008ba00000|  0%| F|  |TAMS 0x000000008b900000, 0x000000008b900000| Untracked 
| 186|0x000000008ba00000, 0x000000008ba00000, 0x000000008bb00000|  0%| F|  |TAMS 0x000000008ba00000, 0x000000008ba00000| Untracked 
| 187|0x000000008bb00000, 0x000000008bb00000, 0x000000008bc00000|  0%| F|  |TAMS 0x000000008bb00000, 0x000000008bb00000| Untracked 
| 188|0x000000008bc00000, 0x000000008bc00000, 0x000000008bd00000|  0%| F|  |TAMS 0x000000008bc00000, 0x000000008bc00000| Untracked 
| 189|0x000000008bd00000, 0x000000008bd00000, 0x000000008be00000|  0%| F|  |TAMS 0x000000008bd00000, 0x000000008bd00000| Untracked 
| 190|0x000000008be00000, 0x000000008be00000, 0x000000008bf00000|  0%| F|  |TAMS 0x000000008be00000, 0x000000008be00000| Untracked 
| 191|0x000000008bf00000, 0x000000008bf00000, 0x000000008c000000|  0%| F|  |TAMS 0x000000008bf00000, 0x000000008bf00000| Untracked 
| 192|0x000000008c000000, 0x000000008c000000, 0x000000008c100000|  0%| F|  |TAMS 0x000000008c000000, 0x000000008c000000| Untracked 
| 193|0x000000008c100000, 0x000000008c100000, 0x000000008c200000|  0%| F|  |TAMS 0x000000008c100000, 0x000000008c100000| Untracked 
| 194|0x000000008c200000, 0x000000008c200000, 0x000000008c300000|  0%| F|  |TAMS 0x000000008c200000, 0x000000008c200000| Untracked 
| 195|0x000000008c300000, 0x000000008c300000, 0x000000008c400000|  0%| F|  |TAMS 0x000000008c300000, 0x000000008c300000| Untracked 
| 196|0x000000008c400000, 0x000000008c400000, 0x000000008c500000|  0%| F|  |TAMS 0x000000008c400000, 0x000000008c400000| Untracked 
| 197|0x000000008c500000, 0x000000008c500000, 0x000000008c600000|  0%| F|  |TAMS 0x000000008c500000, 0x000000008c500000| Untracked 
| 198|0x000000008c600000, 0x000000008c600000, 0x000000008c700000|  0%| F|  |TAMS 0x000000008c600000, 0x000000008c600000| Untracked 
| 199|0x000000008c700000, 0x000000008c700000, 0x000000008c800000|  0%| F|  |TAMS 0x000000008c700000, 0x000000008c700000| Untracked 
| 200|0x000000008c800000, 0x000000008c800000, 0x000000008c900000|  0%| F|  |TAMS 0x000000008c800000, 0x000000008c800000| Untracked 
| 201|0x000000008c900000, 0x000000008c900000, 0x000000008ca00000|  0%| F|  |TAMS 0x000000008c900000, 0x000000008c900000| Untracked 
| 202|0x000000008ca00000, 0x000000008ca00000, 0x000000008cb00000|  0%| F|  |TAMS 0x000000008ca00000, 0x000000008ca00000| Untracked 
| 203|0x000000008cb00000, 0x000000008cb00000, 0x000000008cc00000|  0%| F|  |TAMS 0x000000008cb00000, 0x000000008cb00000| Untracked 
| 204|0x000000008cc00000, 0x000000008cc00000, 0x000000008cd00000|  0%| F|  |TAMS 0x000000008cc00000, 0x000000008cc00000| Untracked 
| 205|0x000000008cd00000, 0x000000008cd00000, 0x000000008ce00000|  0%| F|  |TAMS 0x000000008cd00000, 0x000000008cd00000| Untracked 
| 206|0x000000008ce00000, 0x000000008ce00000, 0x000000008cf00000|  0%| F|  |TAMS 0x000000008ce00000, 0x000000008ce00000| Untracked 
| 207|0x000000008cf00000, 0x000000008cf00000, 0x000000008d000000|  0%| F|  |TAMS 0x000000008cf00000, 0x000000008cf00000| Untracked 
| 208|0x000000008d000000, 0x000000008d000000, 0x000000008d100000|  0%| F|  |TAMS 0x000000008d000000, 0x000000008d000000| Untracked 
| 209|0x000000008d100000, 0x000000008d100000, 0x000000008d200000|  0%| F|  |TAMS 0x000000008d100000, 0x000000008d100000| Untracked 
| 210|0x000000008d200000, 0x000000008d200000, 0x000000008d300000|  0%| F|  |TAMS 0x000000008d200000, 0x000000008d200000| Untracked 
| 211|0x000000008d300000, 0x000000008d300000, 0x000000008d400000|  0%| F|  |TAMS 0x000000008d300000, 0x000000008d300000| Untracked 
| 212|0x000000008d400000, 0x000000008d400000, 0x000000008d500000|  0%| F|  |TAMS 0x000000008d400000, 0x000000008d400000| Untracked 
| 213|0x000000008d500000, 0x000000008d500000, 0x000000008d600000|  0%| F|  |TAMS 0x000000008d500000, 0x000000008d500000| Untracked 
| 214|0x000000008d600000, 0x000000008d600000, 0x000000008d700000|  0%| F|  |TAMS 0x000000008d600000, 0x000000008d600000| Untracked 
| 215|0x000000008d700000, 0x000000008d700000, 0x000000008d800000|  0%| F|  |TAMS 0x000000008d700000, 0x000000008d700000| Untracked 
| 216|0x000000008d800000, 0x000000008d800000, 0x000000008d900000|  0%| F|  |TAMS 0x000000008d800000, 0x000000008d800000| Untracked 
| 217|0x000000008d900000, 0x000000008d900000, 0x000000008da00000|  0%| F|  |TAMS 0x000000008d900000, 0x000000008d900000| Untracked 
| 218|0x000000008da00000, 0x000000008da00000, 0x000000008db00000|  0%| F|  |TAMS 0x000000008da00000, 0x000000008da00000| Untracked 
| 219|0x000000008db00000, 0x000000008db00000, 0x000000008dc00000|  0%| F|  |TAMS 0x000000008db00000, 0x000000008db00000| Untracked 
| 220|0x000000008dc00000, 0x000000008dc00000, 0x000000008dd00000|  0%| F|  |TAMS 0x000000008dc00000, 0x000000008dc00000| Untracked 
| 221|0x000000008dd00000, 0x000000008dd00000, 0x000000008de00000|  0%| F|  |TAMS 0x000000008dd00000, 0x000000008dd00000| Untracked 
| 222|0x000000008de00000, 0x000000008de00000, 0x000000008df00000|  0%| F|  |TAMS 0x000000008de00000, 0x000000008de00000| Untracked 
| 223|0x000000008df00000, 0x000000008df00000, 0x000000008e000000|  0%| F|  |TAMS 0x000000008df00000, 0x000000008df00000| Untracked 
| 224|0x000000008e000000, 0x000000008e000000, 0x000000008e100000|  0%| F|  |TAMS 0x000000008e000000, 0x000000008e000000| Untracked 
| 225|0x000000008e100000, 0x000000008e100000, 0x000000008e200000|  0%| F|  |TAMS 0x000000008e100000, 0x000000008e100000| Untracked 
| 226|0x000000008e200000, 0x000000008e200000, 0x000000008e300000|  0%| F|  |TAMS 0x000000008e200000, 0x000000008e200000| Untracked 
| 227|0x000000008e300000, 0x000000008e300000, 0x000000008e400000|  0%| F|  |TAMS 0x000000008e300000, 0x000000008e300000| Untracked 
| 228|0x000000008e400000, 0x000000008e400000, 0x000000008e500000|  0%| F|  |TAMS 0x000000008e400000, 0x000000008e400000| Untracked 
| 229|0x000000008e500000, 0x000000008e500000, 0x000000008e600000|  0%| F|  |TAMS 0x000000008e500000, 0x000000008e500000| Untracked 
| 230|0x000000008e600000, 0x000000008e600000, 0x000000008e700000|  0%| F|  |TAMS 0x000000008e600000, 0x000000008e600000| Untracked 
| 231|0x000000008e700000, 0x000000008e700000, 0x000000008e800000|  0%| F|  |TAMS 0x000000008e700000, 0x000000008e700000| Untracked 
| 232|0x000000008e800000, 0x000000008e800000, 0x000000008e900000|  0%| F|  |TAMS 0x000000008e800000, 0x000000008e800000| Untracked 
| 233|0x000000008e900000, 0x000000008e900000, 0x000000008ea00000|  0%| F|  |TAMS 0x000000008e900000, 0x000000008e900000| Untracked 
| 234|0x000000008ea00000, 0x000000008ea00000, 0x000000008eb00000|  0%| F|  |TAMS 0x000000008ea00000, 0x000000008ea00000| Untracked 
| 235|0x000000008eb00000, 0x000000008eb00000, 0x000000008ec00000|  0%| F|  |TAMS 0x000000008eb00000, 0x000000008eb00000| Untracked 
| 236|0x000000008ec00000, 0x000000008ec00000, 0x000000008ed00000|  0%| F|  |TAMS 0x000000008ec00000, 0x000000008ec00000| Untracked 
| 237|0x000000008ed00000, 0x000000008ed00000, 0x000000008ee00000|  0%| F|  |TAMS 0x000000008ed00000, 0x000000008ed00000| Untracked 
| 238|0x000000008ee00000, 0x000000008ee00000, 0x000000008ef00000|  0%| F|  |TAMS 0x000000008ee00000, 0x000000008ee00000| Untracked 
| 239|0x000000008ef00000, 0x000000008ef00000, 0x000000008f000000|  0%| F|  |TAMS 0x000000008ef00000, 0x000000008ef00000| Untracked 
| 240|0x000000008f000000, 0x000000008f000000, 0x000000008f100000|  0%| F|  |TAMS 0x000000008f000000, 0x000000008f000000| Untracked 
| 241|0x000000008f100000, 0x000000008f100000, 0x000000008f200000|  0%| F|  |TAMS 0x000000008f100000, 0x000000008f100000| Untracked 
| 242|0x000000008f200000, 0x000000008f200000, 0x000000008f300000|  0%| F|  |TAMS 0x000000008f200000, 0x000000008f200000| Untracked 
| 243|0x000000008f300000, 0x000000008f300000, 0x000000008f400000|  0%| F|  |TAMS 0x000000008f300000, 0x000000008f300000| Untracked 
| 244|0x000000008f400000, 0x000000008f400000, 0x000000008f500000|  0%| F|  |TAMS 0x000000008f400000, 0x000000008f400000| Untracked 
| 245|0x000000008f500000, 0x000000008f500000, 0x000000008f600000|  0%| F|  |TAMS 0x000000008f500000, 0x000000008f500000| Untracked 
| 246|0x000000008f600000, 0x000000008f600000, 0x000000008f700000|  0%| F|  |TAMS 0x000000008f600000, 0x000000008f600000| Untracked 
| 247|0x000000008f700000, 0x000000008f700000, 0x000000008f800000|  0%| F|  |TAMS 0x000000008f700000, 0x000000008f700000| Untracked 

Card table byte_map: [0x0000021ee1670000,0x0000021ee1a70000] _byte_map_base: 0x0000021ee1270000

Marking Bits (Prev, Next): (CMBitMap*) 0x0000021eca30b420, (CMBitMap*) 0x0000021eca30b460
 Prev Bits: [0x0000021ee1e70000, 0x0000021ee3e70000)
 Next Bits: [0x0000021ee3e70000, 0x0000021ee5e70000)

Polling page: 0x0000021ec8220000

Metaspace:

Usage:
  Non-class:     89.15 MB used.
      Class:     14.00 MB used.
       Both:    103.14 MB used.

Virtual space:
  Non-class space:      128.00 MB reserved,      89.62 MB ( 70%) committed,  2 nodes.
      Class space:        1.00 GB reserved,      14.44 MB (  1%) committed,  1 nodes.
             Both:        1.12 GB reserved,     104.06 MB (  9%) committed. 

Chunk freelists:
   Non-Class:  5.83 MB
       Class:  1.52 MB
        Both:  7.34 MB

MaxMetaspaceSize: unlimited
CompressedClassSpaceSize: 1.00 GB
Initial GC threshold: 21.00 MB
Current GC threshold: 158.88 MB
CDS: on
MetaspaceReclaimPolicy: balanced
 - commit_granule_bytes: 65536.
 - commit_granule_words: 8192.
 - virtual_space_node_default_size: 8388608.
 - enlarge_chunks_in_place: 1.
 - new_chunks_are_fully_committed: 0.
 - uncommit_free_chunks: 1.
 - use_allocation_guard: 0.
 - handle_deallocations: 1.


Internal statistics:

num_allocs_failed_limit: 6.
num_arena_births: 1438.
num_arena_deaths: 0.
num_vsnodes_births: 3.
num_vsnodes_deaths: 0.
num_space_committed: 1664.
num_space_uncommitted: 0.
num_chunks_returned_to_freelist: 6.
num_chunks_taken_from_freelist: 6062.
num_chunk_merges: 6.
num_chunk_splits: 3985.
num_chunks_enlarged: 2624.
num_inconsistent_stats: 0.

CodeHeap 'non-profiled nmethods': size=120000Kb used=7714Kb max_used=8069Kb free=112285Kb
 bounds [0x0000021ed9900000, 0x0000021eda120000, 0x0000021ee0e30000]
CodeHeap 'profiled nmethods': size=120000Kb used=21212Kb max_used=21751Kb free=98787Kb
 bounds [0x0000021ed1e30000, 0x0000021ed3380000, 0x0000021ed9360000]
CodeHeap 'non-nmethods': size=5760Kb used=1790Kb max_used=1841Kb free=3969Kb
 bounds [0x0000021ed9360000, 0x0000021ed95d0000, 0x0000021ed9900000]
 total_blobs=12328 nmethods=11431 adapters=809
 compilation: enabled
              stopped_count=0, restarted_count=0
 full_count=0

Compilation events (20 events):
Event: 11.070 Thread 0x0000021ee8a34fe0 13638       3       com.google.common.collect.ImmutableCollection::<init> (5 bytes)
Event: 11.070 Thread 0x0000021ee8a34fe0 nmethod 13638 0x0000021ed2ecb090 code [0x0000021ed2ecb240, 0x0000021ed2ecb3f8]
Event: 11.070 Thread 0x0000021ee8a34fe0 13644       3       com.google.common.collect.AbstractIndexedListIterator::<init> (21 bytes)
Event: 11.070 Thread 0x0000021ee8a34fe0 nmethod 13644 0x0000021ed2fe7290 code [0x0000021ed2fe7460, 0x0000021ed2fe7748]
Event: 11.070 Thread 0x0000021ee8a34fe0 13645       3       com.google.common.collect.UnmodifiableListIterator::<init> (5 bytes)
Event: 11.070 Thread 0x0000021ee8a34fe0 nmethod 13645 0x0000021ed2f4fe10 code [0x0000021ed2f4ffc0, 0x0000021ed2f50178]
Event: 11.070 Thread 0x0000021ee8a34fe0 13639       3       com.google.common.base.MoreObjects::firstNonNull (22 bytes)
Event: 11.071 Thread 0x0000021ee8a34fe0 nmethod 13639 0x0000021ed2289a90 code [0x0000021ed2289c40, 0x0000021ed2289e88]
Event: 11.071 Thread 0x0000021ee8a34fe0 13646       3       com.google.common.collect.ImmutableMap::of (4 bytes)
Event: 11.071 Thread 0x0000021ee8a34fe0 nmethod 13646 0x0000021ed219e690 code [0x0000021ed219e820, 0x0000021ed219e918]
Event: 11.071 Thread 0x0000021ee8a34fe0 13647       1       com.android.ide.common.symbols.SymbolTable$SymbolTableImpl::getTablePackage (5 bytes)
Event: 11.072 Thread 0x0000021ee8a34fe0 nmethod 13647 0x0000021ed9d4c590 code [0x0000021ed9d4c720, 0x0000021ed9d4c7f8]
Event: 11.077 Thread 0x0000021ee8a23bd0 nmethod 13630 0x0000021ed9c43b90 code [0x0000021ed9c43da0, 0x0000021ed9c44848]
Event: 11.078 Thread 0x0000021ee8a23bd0 13635       4       com.google.common.collect.SparseImmutableTable::rowMap (10 bytes)
Event: 11.078 Thread 0x0000021ee8a23bd0 nmethod 13635 0x0000021ed9c43890 code [0x0000021ed9c43a20, 0x0000021ed9c43ac8]
Event: 11.078 Thread 0x0000021ee8a23bd0 13636       4       com.google.common.collect.ImmutableList$1::get (9 bytes)
Event: 11.079 Thread 0x0000021ee8a23bd0 nmethod 13636 0x0000021ed9c43410 code [0x0000021ed9c435a0, 0x0000021ed9c436d8]
Event: 11.079 Thread 0x0000021ee8a23bd0 13640       4       com.google.common.collect.RegularImmutableMap$KeySet::contains (9 bytes)
Event: 11.080 Thread 0x0000021ee8a23bd0 nmethod 13640 0x0000021ed9c42e90 code [0x0000021ed9c43020, 0x0000021ed9c43238]
Event: 11.081 Thread 0x0000021ee8a23bd0 13642       4       com.google.common.collect.ImmutableTable::get (7 bytes)

GC Heap History (20 events):
Event: 8.690 GC heap after
{Heap after GC invocations=44 (full 0):
 garbage-first heap   total 165888K, used 86964K [0x0000000080000000, 0x0000000100000000)
  region size 1024K, 1 young (1024K), 1 survivors (1024K)
 Metaspace       used 90001K, committed 90880K, reserved 1179648K
  class space    used 12636K, committed 13056K, reserved 1048576K
}
Event: 9.212 GC heap before
{Heap before GC invocations=44 (full 0):
 garbage-first heap   total 165888K, used 136116K [0x0000000080000000, 0x0000000100000000)
  region size 1024K, 50 young (51200K), 1 survivors (1024K)
 Metaspace       used 93576K, committed 94464K, reserved 1179648K
  class space    used 13215K, committed 13632K, reserved 1048576K
}
Event: 9.215 GC heap after
{Heap after GC invocations=45 (full 0):
 garbage-first heap   total 165888K, used 90102K [0x0000000080000000, 0x0000000100000000)
  region size 1024K, 5 young (5120K), 5 survivors (5120K)
 Metaspace       used 93576K, committed 94464K, reserved 1179648K
  class space    used 13215K, committed 13632K, reserved 1048576K
}
Event: 9.488 GC heap before
{Heap before GC invocations=46 (full 0):
 garbage-first heap   total 165888K, used 136182K [0x0000000080000000, 0x0000000100000000)
  region size 1024K, 51 young (52224K), 5 survivors (5120K)
 Metaspace       used 93963K, committed 94848K, reserved 1179648K
  class space    used 13258K, committed 13696K, reserved 1048576K
}
Event: 9.492 GC heap after
{Heap after GC invocations=47 (full 0):
 garbage-first heap   total 165888K, used 92463K [0x0000000080000000, 0x0000000100000000)
  region size 1024K, 3 young (3072K), 3 survivors (3072K)
 Metaspace       used 93963K, committed 94848K, reserved 1179648K
  class space    used 13258K, committed 13696K, reserved 1048576K
}
Event: 9.501 GC heap before
{Heap before GC invocations=47 (full 0):
 garbage-first heap   total 165888K, used 96559K [0x0000000080000000, 0x0000000100000000)
  region size 1024K, 8 young (8192K), 3 survivors (3072K)
 Metaspace       used 93964K, committed 94848K, reserved 1179648K
  class space    used 13258K, committed 13696K, reserved 1048576K
}
Event: 9.502 GC heap after
{Heap after GC invocations=48 (full 0):
 garbage-first heap   total 199680K, used 92494K [0x0000000080000000, 0x0000000100000000)
  region size 1024K, 1 young (1024K), 1 survivors (1024K)
 Metaspace       used 93964K, committed 94848K, reserved 1179648K
  class space    used 13258K, committed 13696K, reserved 1048576K
}
Event: 9.768 GC heap before
{Heap before GC invocations=48 (full 0):
 garbage-first heap   total 199680K, used 162126K [0x0000000080000000, 0x0000000100000000)
  region size 1024K, 70 young (71680K), 1 survivors (1024K)
 Metaspace       used 94134K, committed 94976K, reserved 1179648K
  class space    used 13268K, committed 13696K, reserved 1048576K
}
Event: 9.770 GC heap after
{Heap after GC invocations=49 (full 0):
 garbage-first heap   total 199680K, used 95467K [0x0000000080000000, 0x0000000100000000)
  region size 1024K, 4 young (4096K), 4 survivors (4096K)
 Metaspace       used 94134K, committed 94976K, reserved 1179648K
  class space    used 13268K, committed 13696K, reserved 1048576K
}
Event: 9.990 GC heap before
{Heap before GC invocations=50 (full 0):
 garbage-first heap   total 199680K, used 169195K [0x0000000080000000, 0x0000000100000000)
  region size 1024K, 72 young (73728K), 4 survivors (4096K)
 Metaspace       used 95712K, committed 96640K, reserved 1179648K
  class space    used 13381K, committed 13824K, reserved 1048576K
}
Event: 9.993 GC heap after
{Heap after GC invocations=51 (full 0):
 garbage-first heap   total 199680K, used 98425K [0x0000000080000000, 0x0000000100000000)
  region size 1024K, 7 young (7168K), 7 survivors (7168K)
 Metaspace       used 95712K, committed 96640K, reserved 1179648K
  class space    used 13381K, committed 13824K, reserved 1048576K
}
Event: 9.998 GC heap before
{Heap before GC invocations=51 (full 0):
 garbage-first heap   total 199680K, used 99449K [0x0000000080000000, 0x0000000100000000)
  region size 1024K, 9 young (9216K), 7 survivors (7168K)
 Metaspace       used 95718K, committed 96640K, reserved 1179648K
  class space    used 13381K, committed 13824K, reserved 1048576K
}
Event: 10.000 GC heap after
{Heap after GC invocations=52 (full 0):
 garbage-first heap   total 199680K, used 98822K [0x0000000080000000, 0x0000000100000000)
  region size 1024K, 1 young (1024K), 1 survivors (1024K)
 Metaspace       used 95718K, committed 96640K, reserved 1179648K
  class space    used 13381K, committed 13824K, reserved 1048576K
}
Event: 10.266 GC heap before
{Heap before GC invocations=52 (full 0):
 garbage-first heap   total 199680K, used 165382K [0x0000000080000000, 0x0000000100000000)
  region size 1024K, 67 young (68608K), 1 survivors (1024K)
 Metaspace       used 96608K, committed 97600K, reserved 1179648K
  class space    used 13477K, committed 13952K, reserved 1048576K
}
Event: 10.269 GC heap after
{Heap after GC invocations=53 (full 0):
 garbage-first heap   total 199680K, used 102918K [0x0000000080000000, 0x0000000100000000)
  region size 1024K, 5 young (5120K), 5 survivors (5120K)
 Metaspace       used 96608K, committed 97600K, reserved 1179648K
  class space    used 13477K, committed 13952K, reserved 1048576K
}
Event: 10.775 GC heap before
{Heap before GC invocations=54 (full 0):
 garbage-first heap   total 199680K, used 170502K [0x0000000080000000, 0x0000000100000000)
  region size 1024K, 67 young (68608K), 5 survivors (5120K)
 Metaspace       used 98996K, committed 99904K, reserved 1179648K
  class space    used 13710K, committed 14144K, reserved 1048576K
}
Event: 10.778 GC heap after
{Heap after GC invocations=55 (full 0):
 garbage-first heap   total 199680K, used 113496K [0x0000000080000000, 0x0000000100000000)
  region size 1024K, 6 young (6144K), 6 survivors (6144K)
 Metaspace       used 98996K, committed 99904K, reserved 1179648K
  class space    used 13710K, committed 14144K, reserved 1048576K
}
Event: 10.799 GC heap before
{Heap before GC invocations=55 (full 0):
 garbage-first heap   total 199680K, used 115544K [0x0000000080000000, 0x0000000100000000)
  region size 1024K, 9 young (9216K), 6 survivors (6144K)
 Metaspace       used 99498K, committed 100416K, reserved 1179648K
  class space    used 13756K, committed 14208K, reserved 1048576K
}
Event: 10.801 GC heap after
{Heap after GC invocations=56 (full 0):
 garbage-first heap   total 199680K, used 113811K [0x0000000080000000, 0x0000000100000000)
  region size 1024K, 1 young (1024K), 1 survivors (1024K)
 Metaspace       used 99498K, committed 100416K, reserved 1179648K
  class space    used 13756K, committed 14208K, reserved 1048576K
}
Event: 11.082 GC heap before
{Heap before GC invocations=56 (full 0):
 garbage-first heap   total 199680K, used 168083K [0x0000000080000000, 0x0000000100000000)
  region size 1024K, 53 young (54272K), 1 survivors (1024K)
 Metaspace       used 105618K, committed 106560K, reserved 1179648K
  class space    used 14330K, committed 14784K, reserved 1048576K
}

Dll operation events (15 events):
Event: 0.006 Loaded shared library C:\Users\16696\.jdks\ms-17.0.19\bin\java.dll
Event: 0.019 Loaded shared library C:\Users\16696\.jdks\ms-17.0.19\bin\jsvml.dll
Event: 0.045 Loaded shared library C:\Users\16696\.jdks\ms-17.0.19\bin\zip.dll
Event: 0.049 Loaded shared library C:\Users\16696\.jdks\ms-17.0.19\bin\instrument.dll
Event: 0.051 Loaded shared library C:\Users\16696\.jdks\ms-17.0.19\bin\net.dll
Event: 0.053 Loaded shared library C:\Users\16696\.jdks\ms-17.0.19\bin\nio.dll
Event: 0.054 Loaded shared library C:\Users\16696\.jdks\ms-17.0.19\bin\zip.dll
Event: 0.125 Loaded shared library C:\Users\16696\.jdks\ms-17.0.19\bin\jimage.dll
Event: 0.383 Loaded shared library C:\Users\16696\.jdks\ms-17.0.19\bin\verify.dll
Event: 0.402 Loaded shared library C:\Users\16696\.gradle\native\660c5614fbf4a5f2a75b1949f50a0caf5cd603558e7d8a26e50b933a0cfb79d1\windows-amd64\native-platform.dll
Event: 0.409 Loaded shared library C:\Users\16696\.gradle\native\0.2.8\x86_64-windows-gnu\gradle-fileevents.dll
Event: 0.893 Loaded shared library C:\Users\16696\.jdks\ms-17.0.19\bin\management.dll
Event: 0.895 Loaded shared library C:\Users\16696\.jdks\ms-17.0.19\bin\management_ext.dll
Event: 1.083 Loaded shared library C:\Users\16696\.jdks\ms-17.0.19\bin\extnet.dll
Event: 1.230 Loaded shared library C:\Users\16696\.jdks\ms-17.0.19\bin\sunmscapi.dll

Deoptimization events (20 events):
Event: 11.056 Thread 0x0000021eee2161a0 Uncommon trap: trap_request=0xffffffde fr.pc=0x0000021ed9db7dcc relative=0x00000000000000ac
Event: 11.056 Thread 0x0000021eee2161a0 Uncommon trap: reason=class_check action=maybe_recompile pc=0x0000021ed9db7dcc method=com.google.common.collect.AbstractIndexedListIterator.next()Ljava/lang/Object; @ 27 c2
Event: 11.056 Thread 0x0000021eee2161a0 DEOPT PACKING pc=0x0000021ed9db7dcc sp=0x00000045e61fd970
Event: 11.056 Thread 0x0000021eee2161a0 DEOPT UNPACKING pc=0x0000021ed93b69a3 sp=0x00000045e61fd908 mode 2
Event: 11.056 Thread 0x0000021eee2161a0 Uncommon trap: trap_request=0xffffffde fr.pc=0x0000021ed9db7dcc relative=0x00000000000000ac
Event: 11.056 Thread 0x0000021eee2161a0 Uncommon trap: reason=class_check action=maybe_recompile pc=0x0000021ed9db7dcc method=com.google.common.collect.AbstractIndexedListIterator.next()Ljava/lang/Object; @ 27 c2
Event: 11.056 Thread 0x0000021eee2161a0 DEOPT PACKING pc=0x0000021ed9db7dcc sp=0x00000045e61fd970
Event: 11.056 Thread 0x0000021eee2161a0 DEOPT UNPACKING pc=0x0000021ed93b69a3 sp=0x00000045e61fd908 mode 2
Event: 11.056 Thread 0x0000021eee2161a0 Uncommon trap: trap_request=0xffffff45 fr.pc=0x0000021ed9fb3320 relative=0x0000000000000180
Event: 11.056 Thread 0x0000021eee2161a0 Uncommon trap: reason=unstable_if action=reinterpret pc=0x0000021ed9fb3320 method=com.google.common.collect.RegularImmutableMap.get(Ljava/lang/Object;[Lcom/google/common/collect/ImmutableMapEntry;I)Ljava/lang/Object; @ 27 c2
Event: 11.056 Thread 0x0000021eee2161a0 DEOPT PACKING pc=0x0000021ed9fb3320 sp=0x00000045e61fd8a0
Event: 11.056 Thread 0x0000021eee2161a0 DEOPT UNPACKING pc=0x0000021ed93b69a3 sp=0x00000045e61fd7b8 mode 2
Event: 11.056 Thread 0x0000021eee2161a0 Uncommon trap: trap_request=0xffffffde fr.pc=0x0000021ed9fb3874 relative=0x0000000000000154
Event: 11.056 Thread 0x0000021eee2161a0 Uncommon trap: reason=class_check action=maybe_recompile pc=0x0000021ed9fb3874 method=com.google.common.collect.RegularImmutableMap.get(Ljava/lang/Object;[Lcom/google/common/collect/ImmutableMapEntry;I)Ljava/lang/Object; @ 54 c2
Event: 11.057 Thread 0x0000021eee2161a0 DEOPT PACKING pc=0x0000021ed9fb3874 sp=0x00000045e61fd850
Event: 11.057 Thread 0x0000021eee2161a0 DEOPT UNPACKING pc=0x0000021ed93b69a3 sp=0x00000045e61fd7d0 mode 2
Event: 11.058 Thread 0x0000021eee2161a0 Uncommon trap: trap_request=0xffffff45 fr.pc=0x0000021ed9fb3868 relative=0x0000000000000148
Event: 11.058 Thread 0x0000021eee2161a0 Uncommon trap: reason=unstable_if action=reinterpret pc=0x0000021ed9fb3868 method=com.google.common.collect.RegularImmutableMap.get(Ljava/lang/Object;[Lcom/google/common/collect/ImmutableMapEntry;I)Ljava/lang/Object; @ 27 c2
Event: 11.058 Thread 0x0000021eee2161a0 DEOPT PACKING pc=0x0000021ed9fb3868 sp=0x00000045e61fd8f0
Event: 11.058 Thread 0x0000021eee2161a0 DEOPT UNPACKING pc=0x0000021ed93b69a3 sp=0x00000045e61fd870 mode 2

Classes loaded (20 events):
Event: 10.773 Loading class java/util/regex/PatternSyntaxException
Event: 10.773 Loading class java/util/regex/PatternSyntaxException done
Event: 10.879 Loading class java/util/regex/Pattern$Caret
Event: 10.879 Loading class java/util/regex/Pattern$Caret done
Event: 10.884 Loading class java/util/regex/Pattern$1
Event: 10.884 Loading class java/util/regex/Pattern$1 done
Event: 10.934 Loading class java/util/zip/ZipInputStream
Event: 10.934 Loading class java/util/zip/ZipInputStream done
Event: 10.943 Loading class java/nio/file/FileChannelLinesSpliterator
Event: 10.944 Loading class java/nio/file/FileChannelLinesSpliterator done
Event: 10.944 Loading class java/util/stream/Streams$1
Event: 10.944 Loading class java/util/stream/Streams$1 done
Event: 10.953 Loading class java/nio/file/FileChannelLinesSpliterator$1
Event: 10.953 Loading class java/nio/file/FileChannelLinesSpliterator$1 done
Event: 11.047 Loading class java/time/format/DateTimeParseException
Event: 11.047 Loading class java/time/DateTimeException
Event: 11.047 Loading class java/time/DateTimeException done
Event: 11.047 Loading class java/time/format/DateTimeParseException done
Event: 11.077 Loading class java/nio/file/InvalidPathException
Event: 11.077 Loading class java/nio/file/InvalidPathException done

Classes unloaded (0 events):
No events

Classes redefined (0 events):
No events

Internal exceptions (20 events):
Event: 10.317 Thread 0x0000021ef37e6900 Exception <a 'sun/nio/fs/WindowsException'{0x000000008bafd140}> (0x000000008bafd140) 
thrown [s\src\hotspot\share\prims\jni.cpp, line 516]
Event: 10.398 Thread 0x0000021ef37e6900 Exception <a 'sun/nio/fs/WindowsException'{0x000000008a512bb8}> (0x000000008a512bb8) 
thrown [s\src\hotspot\share\prims\jni.cpp, line 516]
Event: 10.407 Thread 0x0000021ef37e6900 Implicit null exception at 0x0000021ed9ecd3ce to 0x0000021ed9ecdd44
Event: 10.560 Thread 0x0000021ef37e6900 Exception <a 'sun/nio/fs/WindowsException'{0x0000000089cff950}> (0x0000000089cff950) 
thrown [s\src\hotspot\share\prims\jni.cpp, line 516]
Event: 10.639 Thread 0x0000021ef37e6900 Exception <a 'sun/nio/fs/WindowsException'{0x0000000089322c30}> (0x0000000089322c30) 
thrown [s\src\hotspot\share\prims\jni.cpp, line 516]
Event: 10.640 Thread 0x0000021ef37e6900 Exception <a 'sun/nio/fs/WindowsException'{0x0000000089323fb0}> (0x0000000089323fb0) 
thrown [s\src\hotspot\share\prims\jni.cpp, line 516]
Event: 10.640 Thread 0x0000021ef37e6900 Exception <a 'sun/nio/fs/WindowsException'{0x0000000089325330}> (0x0000000089325330) 
thrown [s\src\hotspot\share\prims\jni.cpp, line 516]
Event: 10.641 Thread 0x0000021ef37e6900 Exception <a 'sun/nio/fs/WindowsException'{0x0000000089326618}> (0x0000000089326618) 
thrown [s\src\hotspot\share\prims\jni.cpp, line 516]
Event: 10.669 Thread 0x0000021ef37e8250 Exception <a 'sun/nio/fs/WindowsException'{0x00000000891f9008}> (0x00000000891f9008) 
thrown [s\src\hotspot\share\prims\jni.cpp, line 516]
Event: 10.669 Thread 0x0000021ef37e8250 Exception <a 'sun/nio/fs/WindowsException'{0x00000000891fac58}> (0x00000000891fac58) 
thrown [s\src\hotspot\share\prims\jni.cpp, line 516]
Event: 10.669 Thread 0x0000021ef37e8250 Exception <a 'sun/nio/fs/WindowsException'{0x00000000890460f8}> (0x00000000890460f8) 
thrown [s\src\hotspot\share\prims\jni.cpp, line 516]
Event: 10.675 Thread 0x0000021ef37e8c70 Exception <a 'sun/nio/fs/WindowsException'{0x0000000088e5d928}> (0x0000000088e5d928) 
thrown [s\src\hotspot\share\prims\jni.cpp, line 516]
Event: 10.678 Thread 0x0000021ef37e8250 Exception <a 'sun/nio/fs/WindowsException'{0x0000000088ec0b28}> (0x0000000088ec0b28) 
thrown [s\src\hotspot\share\prims\jni.cpp, line 516]
Event: 10.679 Thread 0x0000021ef37e8250 Exception <a 'sun/nio/fs/WindowsException'{0x0000000088edbb18}> (0x0000000088edbb18) 
thrown [s\src\hotspot\share\prims\jni.cpp, line 516]
Event: 10.683 Thread 0x0000021ef58e38e0 Implicit null exception at 0x0000021ed9ba6354 to 0x0000021ed9ba64fc
Event: 10.683 Thread 0x0000021ef58e38e0 Implicit null exception at 0x0000021ed9cfa8ef to 0x0000021ed9cfd0e4
Event: 10.867 Thread 0x0000021ef58e38e0 Exception <a 'java/lang/NoSuchMethodError'{0x000000008bb473c8}: 'java.lang.Object java.lang.invoke.DirectMethodHandle$Holder.invokeSpecial(java.lang.Object, java.lang.Object, long, java.lang.Object, java.lang.Object, java.lang.Object, java.lang.Object, int, java.lang.Object, int)'> (0x000000008bb473c8) 
thrown [s\src\hotspot\share\interpreter\linkResolver.cpp, line 759]
Event: 10.867 Thread 0x0000021ef58e38e0 Exception <a 'java/lang/NoSuchMethodError'{0x000000008bb4be88}: 'java.lang.Object java.lang.invoke.DelegatingMethodHandle$Holder.reinvoke_L(java.lang.Object, long, java.lang.Object, java.lang.Object, java.lang.Object, java.lang.Object, int, java.lang.Object, int)'> (0x000000008bb4be88) 
thrown [s\src\hotspot\share\interpreter\linkResolver.cpp, line 759]
Event: 10.931 Thread 0x0000021eee214340 Implicit null exception at 0x0000021ed9dd9643 to 0x0000021ed9ddb1c4
Event: 11.079 Thread 0x0000021eee2161a0 Exception <a 'sun/nio/fs/WindowsException'{0x0000000088e5b1d8}> (0x0000000088e5b1d8) 
thrown [s\src\hotspot\share\prims\jni.cpp, line 516]

VM Operations (20 events):
Event: 10.309 Executing VM operation: G1PauseRemark done
Event: 10.312 Executing VM operation: HandshakeAllThreads
Event: 10.312 Executing VM operation: HandshakeAllThreads done
Event: 10.329 Executing VM operation: G1PauseCleanup
Event: 10.329 Executing VM operation: G1PauseCleanup done
Event: 10.414 Executing VM operation: HandshakeAllThreads
Event: 10.414 Executing VM operation: HandshakeAllThreads done
Event: 10.428 Executing VM operation: HandshakeAllThreads
Event: 10.428 Executing VM operation: HandshakeAllThreads done
Event: 10.447 Executing VM operation: HandshakeAllThreads
Event: 10.447 Executing VM operation: HandshakeAllThreads done
Event: 10.456 Executing VM operation: ICBufferFull
Event: 10.456 Executing VM operation: ICBufferFull done
Event: 10.775 Executing VM operation: G1CollectForAllocation
Event: 10.778 Executing VM operation: G1CollectForAllocation done
Event: 10.799 Executing VM operation: G1CollectForAllocation
Event: 10.801 Executing VM operation: G1CollectForAllocation done
Event: 11.055 Executing VM operation: HandshakeAllThreads
Event: 11.056 Executing VM operation: HandshakeAllThreads done
Event: 11.082 Executing VM operation: G1CollectForAllocation

Memory protections (0 events):
No events

Nmethod flushes (20 events):
Event: 10.457 Thread 0x0000021ee8a55910 flushing  nmethod 0x0000021ed3122310
Event: 10.457 Thread 0x0000021ee8a55910 flushing  nmethod 0x0000021ed3134090
Event: 10.457 Thread 0x0000021ee8a55910 flushing  nmethod 0x0000021ed313f010
Event: 10.457 Thread 0x0000021ee8a55910 flushing  nmethod 0x0000021ed3149190
Event: 10.457 Thread 0x0000021ee8a55910 flushing  nmethod 0x0000021ed314bf10
Event: 10.457 Thread 0x0000021ee8a55910 flushing  nmethod 0x0000021ed315d010
Event: 10.457 Thread 0x0000021ee8a55910 flushing  nmethod 0x0000021ed315d590
Event: 10.457 Thread 0x0000021ee8a55910 flushing  nmethod 0x0000021ed3164790
Event: 10.457 Thread 0x0000021ee8a55910 flushing  nmethod 0x0000021ed3171110
Event: 10.457 Thread 0x0000021ee8a55910 flushing  nmethod 0x0000021ed31a2590
Event: 10.457 Thread 0x0000021ee8a55910 flushing  nmethod 0x0000021ed31a5590
Event: 10.457 Thread 0x0000021ee8a55910 flushing  nmethod 0x0000021ed31a6d90
Event: 10.457 Thread 0x0000021ee8a55910 flushing  nmethod 0x0000021ed31c1b10
Event: 10.457 Thread 0x0000021ee8a55910 flushing  nmethod 0x0000021ed31c3f10
Event: 10.457 Thread 0x0000021ee8a55910 flushing  nmethod 0x0000021ed322fd10
Event: 10.457 Thread 0x0000021ee8a55910 flushing  nmethod 0x0000021ed32dc910
Event: 10.458 Thread 0x0000021ee8a55910 flushing  nmethod 0x0000021ed3302310
Event: 10.458 Thread 0x0000021ee8a55910 flushing  nmethod 0x0000021ed3318110
Event: 10.458 Thread 0x0000021ee8a55910 flushing  nmethod 0x0000021ed331b110
Event: 10.458 Thread 0x0000021ee8a55910 flushing  nmethod 0x0000021ed331c210

Events (20 events):
Event: 5.474 Thread 0x0000021eef0847b0 Thread added: 0x0000021ef37e4590
Event: 6.185 Thread 0x0000021ee8a34fe0 Thread added: 0x0000021ee8de7500
Event: 7.899 Thread 0x0000021ee8de7500 Thread exited: 0x0000021ee8de7500
Event: 8.047 Thread 0x0000021ee8a34fe0 Thread added: 0x0000021eed0210b0
Event: 8.924 Thread 0x0000021eef0847b0 Thread added: 0x0000021ef37e2c40
Event: 8.930 Thread 0x0000021ef37e2c40 Thread added: 0x0000021ef37e9690
Event: 8.930 Thread 0x0000021ef37e2c40 Thread added: 0x0000021ef37e7830
Event: 8.930 Thread 0x0000021ef37e2c40 Thread added: 0x0000021ef37e6900
Event: 8.930 Thread 0x0000021ef37e2c40 Thread added: 0x0000021ef37e6e10
Event: 8.930 Thread 0x0000021ef37e2c40 Thread added: 0x0000021ef37e8c70
Event: 8.930 Thread 0x0000021ef37e2c40 Thread added: 0x0000021ef37e7d40
Event: 8.930 Thread 0x0000021ef37e2c40 Thread added: 0x0000021ef37e8250
Event: 8.930 Thread 0x0000021ef37e2c40 Thread added: 0x0000021ef37e9180
Event: 8.930 Thread 0x0000021ef37e2c40 Thread added: 0x0000021ef37e9ba0
Event: 8.949 Thread 0x0000021ef37e7d40 Thread added: 0x0000021ef25d1ec0
Event: 9.970 Thread 0x0000021ef37e9180 Thread added: 0x0000021eee2161a0
Event: 10.133 Thread 0x0000021eee2161a0 Thread added: 0x0000021eee213e30
Event: 10.313 Thread 0x0000021eee2161a0 Thread added: 0x0000021eee214340
Event: 10.313 Thread 0x0000021eee2161a0 Thread added: 0x0000021eee214850
Event: 10.668 Thread 0x0000021ef37e6900 Thread added: 0x0000021ef58e38e0


Dynamic libraries:
0x00007ff76e8a0000 - 0x00007ff76e8ae000 	C:\Users\16696\.jdks\ms-17.0.19\bin\java.exe
0x00007ff880020000 - 0x00007ff880286000 	C:\Windows\SYSTEM32\ntdll.dll
0x00007ff87e450000 - 0x00007ff87e519000 	C:\Windows\System32\KERNEL32.DLL
0x00007ff87d960000 - 0x00007ff87dd5a000 	C:\Windows\System32\KERNELBASE.dll
0x00007ff87d620000 - 0x00007ff87d76c000 	C:\Windows\System32\ucrtbase.dll
0x00007ff86d930000 - 0x00007ff86d94e000 	C:\Users\16696\.jdks\ms-17.0.19\bin\VCRUNTIME140.dll
0x00007ff86d470000 - 0x00007ff86d488000 	C:\Users\16696\.jdks\ms-17.0.19\bin\jli.dll
0x00007ff87fa80000 - 0x00007ff87fc47000 	C:\Windows\System32\USER32.dll
0x00007ff87dd60000 - 0x00007ff87dd87000 	C:\Windows\System32\win32u.dll
0x00007ff87c3b0000 - 0x00007ff87c642000 	C:\Windows\WinSxS\amd64_microsoft.windows.common-controls_6595b64144ccf1df_6.0.26100.8521_none_3e08b75ce33403b3\COMCTL32.dll
0x00007ff87fa30000 - 0x00007ff87fa5b000 	C:\Windows\System32\GDI32.dll
0x00007ff87d830000 - 0x00007ff87d95b000 	C:\Windows\System32\gdi32full.dll
0x00007ff87e5f0000 - 0x00007ff87e699000 	C:\Windows\System32\msvcrt.dll
0x00007ff87d2b0000 - 0x00007ff87d353000 	C:\Windows\System32\msvcp_win.dll
0x00007ff87dea0000 - 0x00007ff87ded2000 	C:\Windows\System32\IMM32.DLL
0x00007ff8727d0000 - 0x00007ff8727dc000 	C:\Users\16696\.jdks\ms-17.0.19\bin\vcruntime140_1.dll
0x00007ff845a80000 - 0x00007ff845b09000 	C:\Users\16696\.jdks\ms-17.0.19\bin\msvcp140.dll
0x00007fff99630000 - 0x00007fff9a2ab000 	C:\Users\16696\.jdks\ms-17.0.19\bin\server\jvm.dll
0x00007ff87ed10000 - 0x00007ff87edc6000 	C:\Windows\System32\ADVAPI32.dll
0x00007ff87e1e0000 - 0x00007ff87e28a000 	C:\Windows\System32\sechost.dll
0x00007ff87f8a0000 - 0x00007ff87f9b8000 	C:\Windows\System32\RPCRT4.dll
0x00007ff87de10000 - 0x00007ff87de90000 	C:\Windows\System32\WS2_32.dll
0x00007ff875350000 - 0x00007ff875386000 	C:\Windows\SYSTEM32\WINMM.dll
0x00007ff87d110000 - 0x00007ff87d16e000 	C:\Windows\SYSTEM32\POWRPROF.dll
0x00007ff875340000 - 0x00007ff87534b000 	C:\Windows\SYSTEM32\VERSION.dll
0x00007ff87d0f0000 - 0x00007ff87d104000 	C:\Windows\SYSTEM32\UMPDC.dll
0x00007ff87b6d0000 - 0x00007ff87b6eb000 	C:\Windows\SYSTEM32\kernel.appcore.dll
0x00007ff86df20000 - 0x00007ff86df2a000 	C:\Users\16696\.jdks\ms-17.0.19\bin\jimage.dll
0x00007ff87ca80000 - 0x00007ff87ccc2000 	C:\Windows\SYSTEM32\DBGHELP.DLL
0x00007ff87fc50000 - 0x00007ff87ffd3000 	C:\Windows\System32\combase.dll
0x00007ff87f760000 - 0x00007ff87f839000 	C:\Windows\System32\OLEAUT32.dll
0x00007ff87c950000 - 0x00007ff87c98b000 	C:\Windows\SYSTEM32\dbgcore.DLL
0x00007ff87d360000 - 0x00007ff87d408000 	C:\Windows\System32\bcryptPrimitives.dll
0x00007ff86de40000 - 0x00007ff86de4f000 	C:\Users\16696\.jdks\ms-17.0.19\bin\instrument.dll
0x00007ff86d070000 - 0x00007ff86d096000 	C:\Users\16696\.jdks\ms-17.0.19\bin\java.dll
0x00007ff83d0c0000 - 0x00007ff83d196000 	C:\Users\16696\.jdks\ms-17.0.19\bin\jsvml.dll
0x00007ff87ee60000 - 0x00007ff87f5e4000 	C:\Windows\System32\SHELL32.dll
0x00007ff87a390000 - 0x00007ff87ac10000 	C:\Windows\SYSTEM32\windows.storage.dll
0x00007ff87e350000 - 0x00007ff87e446000 	C:\Windows\System32\SHCORE.dll
0x00007ff87f9c0000 - 0x00007ff87fa27000 	C:\Windows\System32\shlwapi.dll
0x00007ff87d1d0000 - 0x00007ff87d1f9000 	C:\Windows\SYSTEM32\profapi.dll
0x00007ff86ce40000 - 0x00007ff86ce58000 	C:\Users\16696\.jdks\ms-17.0.19\bin\zip.dll
0x00007ff86ce20000 - 0x00007ff86ce3b000 	C:\Users\16696\.jdks\ms-17.0.19\bin\net.dll
0x00007ff874b00000 - 0x00007ff874c29000 	C:\Windows\SYSTEM32\WINHTTP.dll
0x00007ff87bbf0000 - 0x00007ff87bc5c000 	C:\Windows\system32\mswsock.dll
0x00007ff86ce00000 - 0x00007ff86ce16000 	C:\Users\16696\.jdks\ms-17.0.19\bin\nio.dll
0x00007ff86ddd0000 - 0x00007ff86dde0000 	C:\Users\16696\.jdks\ms-17.0.19\bin\verify.dll
0x00007fffe4c80000 - 0x00007fffe4ca7000 	C:\Users\16696\.gradle\native\660c5614fbf4a5f2a75b1949f50a0caf5cd603558e7d8a26e50b933a0cfb79d1\windows-amd64\native-platform.dll
0x00007ff806ff0000 - 0x00007ff807067000 	C:\Users\16696\.gradle\native\0.2.8\x86_64-windows-gnu\gradle-fileevents.dll
0x00007ff86d460000 - 0x00007ff86d46a000 	C:\Users\16696\.jdks\ms-17.0.19\bin\management.dll
0x00007ff86d060000 - 0x00007ff86d06c000 	C:\Users\16696\.jdks\ms-17.0.19\bin\management_ext.dll
0x00007ff87fa70000 - 0x00007ff87fa78000 	C:\Windows\System32\PSAPI.DLL
0x00007ff87b0f0000 - 0x00007ff87b123000 	C:\Windows\SYSTEM32\IPHLPAPI.DLL
0x00007ff87fa60000 - 0x00007ff87fa6a000 	C:\Windows\System32\NSI.dll
0x00007ff875390000 - 0x00007ff8753ad000 	C:\Windows\SYSTEM32\dhcpcsvc6.DLL
0x00007ff874450000 - 0x00007ff874475000 	C:\Windows\SYSTEM32\dhcpcsvc.DLL
0x00007ff87b180000 - 0x00007ff87b2ca000 	C:\Windows\SYSTEM32\DNSAPI.dll
0x00007ff87ba10000 - 0x00007ff87ba1d000 	C:\Windows\SYSTEM32\DSPARSE.dll
0x00007ff86cdd0000 - 0x00007ff86cdd9000 	C:\Users\16696\.jdks\ms-17.0.19\bin\extnet.dll
0x00007ff87cdd0000 - 0x00007ff87cdeb000 	C:\Windows\SYSTEM32\CRYPTSP.dll
0x00007ff87be90000 - 0x00007ff87bec9000 	C:\Windows\system32\rsaenh.dll
0x00007ff87bc60000 - 0x00007ff87bc93000 	C:\Windows\SYSTEM32\USERENV.dll
0x00007ff87d1a0000 - 0x00007ff87d1ca000 	C:\Windows\SYSTEM32\bcrypt.dll
0x00007ff87be80000 - 0x00007ff87be8c000 	C:\Windows\SYSTEM32\CRYPTBASE.dll
0x00007ff86cdc0000 - 0x00007ff86cdce000 	C:\Users\16696\.jdks\ms-17.0.19\bin\sunmscapi.dll
0x00007ff87d410000 - 0x00007ff87d588000 	C:\Windows\System32\CRYPT32.dll
0x00007ff87c370000 - 0x00007ff87c3a0000 	C:\Windows\SYSTEM32\ncrypt.dll
0x00007ff87c320000 - 0x00007ff87c35f000 	C:\Windows\SYSTEM32\NTASN1.dll
0x00007ff865540000 - 0x00007ff865548000 	C:\Windows\system32\wshunix.dll

dbghelp: loaded successfully - version: 4.0.5 - missing functions: none
symbol engine: initialized successfully - sym options: 0x614 - pdb path: .;C:\Users\16696\.jdks\ms-17.0.19\bin;C:\Windows\SYSTEM32;C:\Windows\WinSxS\amd64_microsoft.windows.common-controls_6595b64144ccf1df_6.0.26100.8521_none_3e08b75ce33403b3;C:\Users\16696\.jdks\ms-17.0.19\bin\server;C:\Users\16696\.gradle\native\660c5614fbf4a5f2a75b1949f50a0caf5cd603558e7d8a26e50b933a0cfb79d1\windows-amd64;C:\Users\16696\.gradle\native\0.2.8\x86_64-windows-gnu

VM Arguments:
jvm_args: --add-opens=java.base/java.lang=ALL-UNNAMED --add-opens=java.base/java.lang.invoke=ALL-UNNAMED --add-opens=java.base/java.util=ALL-UNNAMED --add-opens=java.prefs/java.util.prefs=ALL-UNNAMED --add-exports=jdk.compiler/com.sun.tools.javac.api=ALL-UNNAMED --add-exports=jdk.compiler/com.sun.tools.javac.util=ALL-UNNAMED --add-opens=java.base/java.util=ALL-UNNAMED --add-opens=java.prefs/java.util.prefs=ALL-UNNAMED --add-opens=java.base/java.nio.charset=ALL-UNNAMED --add-opens=java.base/java.net=ALL-UNNAMED --add-opens=java.base/java.util.concurrent=ALL-UNNAMED --add-opens=java.base/java.util.concurrent.atomic=ALL-UNNAMED --add-opens=java.xml/javax.xml.namespace=ALL-UNNAMED --add-opens=java.base/java.time=ALL-UNNAMED -Xmx2048m -Dfile.encoding=UTF-8 -Duser.country=CN -Duser.language=zh -Duser.variant -javaagent:C:\Users\16696\.gradle\wrapper\dists\gradle-9.4.1-bin\arn2x92ynaizyzdaamcbpbhtj\gradle-9.4.1\lib\agents\gradle-instrumentation-agent-9.4.1.jar 
java_command: org.gradle.launcher.daemon.bootstrap.GradleDaemon 9.4.1
java_class_path (initial): C:\Users\16696\.gradle\wrapper\dists\gradle-9.4.1-bin\arn2x92ynaizyzdaamcbpbhtj\gradle-9.4.1\lib\gradle-daemon-main-9.4.1.jar
Launcher Type: SUN_STANDARD

[Global flags]
     intx CICompilerCount                          = 4                                         {product} {ergonomic}
     uint ConcGCThreads                            = 2                                         {product} {ergonomic}
     uint G1ConcRefinementThreads                  = 9                                         {product} {ergonomic}
   size_t G1HeapRegionSize                         = 1048576                                   {product} {ergonomic}
    uintx GCDrainStackTargetSize                   = 64                                        {product} {ergonomic}
   size_t InitialHeapSize                          = 260046848                                 {product} {ergonomic}
   size_t MarkStackSize                            = 4194304                                   {product} {ergonomic}
   size_t MaxHeapSize                              = 2147483648                                {product} {command line}
   size_t MaxNewSize                               = 1287651328                                {product} {ergonomic}
   size_t MinHeapDeltaBytes                        = 1048576                                   {product} {ergonomic}
   size_t MinHeapSize                              = 8388608                                   {product} {ergonomic}
    uintx NonNMethodCodeHeapSize                   = 5839372                                {pd product} {ergonomic}
    uintx NonProfiledCodeHeapSize                  = 122909434                              {pd product} {ergonomic}
    uintx ProfiledCodeHeapSize                     = 122909434                              {pd product} {ergonomic}
    uintx ReservedCodeCacheSize                    = 251658240                              {pd product} {ergonomic}
     bool SegmentedCodeCache                       = true                                      {product} {ergonomic}
   size_t SoftMaxHeapSize                          = 2147483648                             {manageable} {ergonomic}
     bool UseCompressedClassPointers               = true                           {product lp64_product} {ergonomic}
     bool UseCompressedOops                        = true                           {product lp64_product} {ergonomic}
     bool UseG1GC                                  = true                                      {product} {ergonomic}
     bool UseLargePagesIndividualAllocation        = false                                  {pd product} {ergonomic}

Logging:
Log output configuration:
 #0: stdout all=warning uptime,level,tags
 #1: stderr all=off uptime,level,tags

Environment Variables:
PATH=d:\Trea\Trae CN\resources\app\modules\ai-agent\bin;D:\Android\jdk-8.0.492.9-hotspot\bin;C:\Program Files (x86)\VMware\VMware Workstation\bin\;C:\Windows\system32;C:\Windows;C:\Windows\System32\Wbem;C:\Windows\System32\WindowsPowerShell\v1.0\;C:\Windows\System32\OpenSSH\;D:\Git\Git\cmd;D:\Cmake\bin;D:\Windows Kits\10\Windows Performance Toolkit\;C:\Program Files\CMake\bin;C:\Program Files\TortoiseGit\bin;C:\NXP\S32DS.3.5\S32DS\build_tools\gcc-10.2-arm32-eabi\bin;D:\Xshell\;C:\Users\16696\AppData\Local\Programs\Python\Python314\Scripts\;C:\Users\16696\AppData\Local\Programs\Python\Python314\;C:\Users\16696\AppData\Local\Microsoft\WindowsApps;D:\pycharm\PyCharm 2026.1.2\bin;D:\vscode\Microsoft VS Code\bin;D:\Android\Sdk\platform-tools;;c:\Users\16696\.trae-cn\extensions\vscjava.vscode-java-debug-0.59.0-universal\bundled\scripts\noConfigScripts;D:\Android\jdk-8.0.492.9-hotspot\bin;C:\Program Files (x86)\VMware\VMware Workstation\bin\;C:\Windows\system32;C:\Windows;C:\Windows\System32\Wbem;C:\Windows\System32\WindowsPowerShell\v1.0\;C:\Windows\System32\OpenSSH\;D:\Git\Git\cmd;D:\Cmake\bin;D:\Windows Kits\10\Windows Performance Toolkit\;C:\Program Files\CMake\bin;C:\Program Files\TortoiseGit\bin;C:\NXP\S32DS.3.5\S32DS\build_tools\gcc-10.2-arm32-eabi\bin;D:\Xshell\;C:\Users\16696\AppData\Local\Programs\Python\Python314\Scripts\;C:\Users\16696\AppData\Local\Programs\Python\Python314\;C:\Users\16696\AppData\Local\Microsoft\WindowsApps;D:\pycharm\PyCharm 2026.1.2\bin;D:\vscode\Microsoft VS Code\bin;D:\Android\Sdk\platform-tools;d:\Trea\Trae CN\resources\app\bin\lib;d:\Trea\Trae CN\resources\app\node_modules\@vscode\ripgrep\bin
USERNAME=16696
LANG=zh_CN.UTF-8
TERM=dumb
OS=Windows_NT
PROCESSOR_IDENTIFIER=Intel64 Family 6 Model 198 Stepping 2, GenuineIntel
TMP=C:\Users\16696\AppData\Local\Temp
TEMP=C:\Users\16696\AppData\Local\Temp



Periodic native trim disabled


---------------  S Y S T E M  ---------------

OS:
 Windows 11 , 64 bit Build 26100 (10.0.26100.8521)
OS uptime: 1 days 19:36 hours
Hyper-V role detected

CPU: total 10 (initial active 10) (10 cores per cpu, 1 threads per core) family 6 model 198 stepping 2 microcode 0x118, cx8, cmov, fxsr, mmx, 3dnowpref, sse, sse2, sse3, ssse3, sse4.1, sse4.2, popcnt, lzcnt, tsc, tscinvbit, avx, avx2, aes, erms, clmul, bmi1, bmi2, adx, sha, fma, vzeroupper, clflush, clflushopt, clwb, hv
Processor Information for processor 0
  Max Mhz: 3300, Current Mhz: 3300, Mhz Limit: 3300
Processor Information for processor 1
  Max Mhz: 3300, Current Mhz: 3300, Mhz Limit: 3300
Processor Information for processor 2
  Max Mhz: 2700, Current Mhz: 2700, Mhz Limit: 2700
Processor Information for processor 3
  Max Mhz: 2700, Current Mhz: 2700, Mhz Limit: 2700
Processor Information for processor 4
  Max Mhz: 2700, Current Mhz: 2700, Mhz Limit: 2700
Processor Information for processor 5
  Max Mhz: 2700, Current Mhz: 2700, Mhz Limit: 2700
Processor Information for processor 6
  Max Mhz: 3300, Current Mhz: 3300, Mhz Limit: 3300
Processor Information for processor 7
  Max Mhz: 3300, Current Mhz: 3300, Mhz Limit: 3300
Processor Information for processor 8
  Max Mhz: 3300, Current Mhz: 3300, Mhz Limit: 3300
Processor Information for processor 9
  Max Mhz: 3300, Current Mhz: 3300, Mhz Limit: 3300

Memory: 4k page, system-wide physical 15751M (994M free)
TotalPageFile size 54151M (AvailPageFile size 94M)
current process WorkingSet (physical memory assigned to process): 504M, peak: 513M
current process commit charge ("private bytes"): 602M, peak: 749M

vm_info: OpenJDK 64-Bit Server VM (17.0.19+10-LTS) for windows-amd64 JRE (17.0.19+10-LTS), built on Apr 18 2026 18:24:40 by "MicrosoftCorporation" with MS VC++ 17.14 (VS2022)

END.
