#
# There is insufficient memory for the Java Runtime Environment to continue.
# Native memory allocation (malloc) failed to allocate 1888144 bytes. Error detail: Chunk::new
# Possible reasons:
#   The system is out of physical RAM or swap space
#   This process is running with CompressedOops enabled, and the Java Heap may be blocking the growth of the native heap
# Possible solutions:
#   Reduce memory load on the system
#   Increase physical memory or swap space
#   Check if swap backing store is full
#   Decrease Java heap size (-Xmx/-Xms)
#   Decrease number of Java threads
#   Decrease Java thread stack sizes (-Xss)
#   Set larger code cache with -XX:ReservedCodeCacheSize=
#   JVM is running with Unscaled Compressed Oops mode in which the Java heap is
#     placed in the first 4GB address space. The Java Heap base address is the
#     maximum limit for the native heap growth. Please use -XX:HeapBaseMinAddress
#     to set the Java Heap base and to place the Java Heap above 4GB virtual address.
# This output file may be truncated or incomplete.
#
#  Out of Memory Error (arena.cpp:168), pid=2136, tid=26308
#
# JRE version: OpenJDK Runtime Environment Temurin-21.0.7+6 (21.0.7+6) (build 21.0.7+6-LTS)
# Java VM: OpenJDK 64-Bit Server VM Temurin-21.0.7+6 (21.0.7+6-LTS, mixed mode, sharing, tiered, compressed oops, compressed class ptrs, g1 gc, windows-amd64)
# No core dump will be written. Minidumps are not enabled by default on client versions of Windows
#

---------------  S U M M A R Y ------------

Command Line: --add-opens=java.base/java.lang=ALL-UNNAMED --add-opens=java.base/java.lang.invoke=ALL-UNNAMED --add-opens=java.base/java.util=ALL-UNNAMED --add-opens=java.prefs/java.util.prefs=ALL-UNNAMED --add-exports=jdk.compiler/com.sun.tools.javac.api=ALL-UNNAMED --add-exports=jdk.compiler/com.sun.tools.javac.util=ALL-UNNAMED --add-opens=java.base/java.util=ALL-UNNAMED --add-opens=java.prefs/java.util.prefs=ALL-UNNAMED --add-opens=java.base/java.nio.charset=ALL-UNNAMED --add-opens=java.base/java.net=ALL-UNNAMED --add-opens=java.base/java.util.concurrent=ALL-UNNAMED --add-opens=java.base/java.util.concurrent.atomic=ALL-UNNAMED --add-opens=java.xml/javax.xml.namespace=ALL-UNNAMED --add-opens=java.base/java.time=ALL-UNNAMED -Xmx2048m -Dfile.encoding=UTF-8 -Duser.country=CN -Duser.language=zh -Duser.variant -javaagent:C:\Users\16696\.gradle\wrapper\dists\gradle-9.4.1-bin\arn2x92ynaizyzdaamcbpbhtj\gradle-9.4.1\lib\agents\gradle-instrumentation-agent-9.4.1.jar org.gradle.launcher.daemon.bootstrap.GradleDaemon 9.4.1

Host: Intel(R) Core(TM) Ultra 5 225, 10 cores, 15G,  Windows 11 , 64 bit Build 26100 (10.0.26100.8521)
Time: Thu Jul  2 18:08:17 2026  Windows 11 , 64 bit Build 26100 (10.0.26100.8521) elapsed time: 19.506935 seconds (0d 0h 0m 19s)

---------------  T H R E A D  ---------------

Current thread (0x0000021b88164cd0):  JavaThread "C2 CompilerThread0" daemon [_thread_in_native, id=26308, stack(0x000000d145700000,0x000000d145800000) (1024K)]


Current CompileTask:
C2:19507 17066 %     4       com.android.tools.r8.internal.e8::b @ 18 (1495 bytes)

Stack: [0x000000d145700000,0x000000d145800000]
Native frames: (J=compiled Java code, j=interpreted, Vv=VM code, C=native code)
V  [jvm.dll+0x6ce119]
V  [jvm.dll+0x8a84a1]
V  [jvm.dll+0x8aa9ce]
V  [jvm.dll+0x8ab0b3]
V  [jvm.dll+0x27f8a6]
V  [jvm.dll+0xc507d]
V  [jvm.dll+0xc55b3]
V  [jvm.dll+0x3b692c]
V  [jvm.dll+0x382aa5]
V  [jvm.dll+0x381f0a]
V  [jvm.dll+0x247af0]
V  [jvm.dll+0x2470cf]
V  [jvm.dll+0x1c760e]
V  [jvm.dll+0x25695a]
V  [jvm.dll+0x254efa]
V  [jvm.dll+0x3f03f6]
V  [jvm.dll+0x851f6b]
V  [jvm.dll+0x6cc7dd]
C  [ucrtbase.dll+0x2cd30]
C  [KERNEL32.DLL+0x2e957]
C  [ntdll.dll+0x87c1c]


---------------  P R O C E S S  ---------------

Threads class SMR info:
_java_thread_list=0x0000021b90fa36e0, length=72, elements={
0x0000021b29695430, 0x0000021b88142920, 0x0000021b88143370, 0x0000021b88155c70,
0x0000021b8815a2f0, 0x0000021b8815ab60, 0x0000021b8815b9e0, 0x0000021b88164cd0,
0x0000021b88165370, 0x0000021b88287360, 0x0000021b8842c560, 0x0000021b8d729ef0,
0x0000021b8ed35d80, 0x0000021b8eb3e610, 0x0000021b8eb4a3d0, 0x0000021b8ecac850,
0x0000021b8eb31730, 0x0000021b8eb33da0, 0x0000021b8edafb00, 0x0000021b8edb1bd0,
0x0000021b8edaede0, 0x0000021b8edb0190, 0x0000021b8edae750, 0x0000021b8edb1540,
0x0000021b8f8c19c0, 0x0000021b8f8c3a90, 0x0000021b8f8c47b0, 0x0000021b8f8c2050,
0x0000021b8f8c26e0, 0x0000021b8f8c2d70, 0x0000021b8f8c1330, 0x0000021b8f8c5b60,
0x0000021b8f8c4120, 0x0000021b8f8c75a0, 0x0000021b8f8c6f10, 0x0000021b8f8c8950,
0x0000021b91ebe990, 0x0000021b91ebc8c0, 0x0000021b91ebdc70, 0x0000021b91ebe300,
0x0000021b91ebcf50, 0x0000021b91ebf020, 0x0000021b91ebc230, 0x0000021b91ec1780,
0x0000021b938782a0, 0x0000021b93879650, 0x0000021b93878fc0, 0x0000021b93878930,
0x0000021b93879ce0, 0x0000021b93876860, 0x0000021b9387a370, 0x0000021b93877c10,
0x0000021b93876ef0, 0x0000021b9387aa00, 0x0000021b93877580, 0x0000021b9387bdb0,
0x0000021b9070afd0, 0x0000021b93ff3ed0, 0x0000021b93ff9420, 0x0000021b93ff79e0,
0x0000021b93ff4bf0, 0x0000021b9387b090, 0x0000021b9387d7f0, 0x0000021b9387c440,
0x0000021b9387d160, 0x0000021b9070ca10, 0x0000021b93ff5fa0, 0x0000021b93ff4560,
0x0000021b93ff2b20, 0x0000021b93ff6630, 0x0000021b91ab4cf0, 0x0000021b91ab6f00
}

Java Threads: ( => current thread )
  0x0000021b29695430 JavaThread "main"                              [_thread_blocked, id=2296, stack(0x000000d144400000,0x000000d144500000) (1024K)]
  0x0000021b88142920 JavaThread "Reference Handler"          daemon [_thread_blocked, id=26604, stack(0x000000d145100000,0x000000d145200000) (1024K)]
  0x0000021b88143370 JavaThread "Finalizer"                  daemon [_thread_blocked, id=17048, stack(0x000000d145200000,0x000000d145300000) (1024K)]
  0x0000021b88155c70 JavaThread "Signal Dispatcher"          daemon [_thread_blocked, id=10452, stack(0x000000d145300000,0x000000d145400000) (1024K)]
  0x0000021b8815a2f0 JavaThread "Attach Listener"            daemon [_thread_blocked, id=22524, stack(0x000000d145400000,0x000000d145500000) (1024K)]
  0x0000021b8815ab60 JavaThread "Service Thread"             daemon [_thread_blocked, id=28580, stack(0x000000d145500000,0x000000d145600000) (1024K)]
  0x0000021b8815b9e0 JavaThread "Monitor Deflation Thread"   daemon [_thread_blocked, id=21540, stack(0x000000d145600000,0x000000d145700000) (1024K)]
=>0x0000021b88164cd0 JavaThread "C2 CompilerThread0"         daemon [_thread_in_native, id=26308, stack(0x000000d145700000,0x000000d145800000) (1024K)]
  0x0000021b88165370 JavaThread "C1 CompilerThread0"         daemon [_thread_in_native, id=25960, stack(0x000000d145800000,0x000000d145900000) (1024K)]
  0x0000021b88287360 JavaThread "Common-Cleaner"             daemon [_thread_blocked, id=26120, stack(0x000000d145900000,0x000000d145a00000) (1024K)]
  0x0000021b8842c560 JavaThread "Notification Thread"        daemon [_thread_blocked, id=24348, stack(0x000000d145b00000,0x000000d145c00000) (1024K)]
  0x0000021b8d729ef0 JavaThread "Daemon health stats"               [_thread_blocked, id=17652, stack(0x000000d146100000,0x000000d146200000) (1024K)]
  0x0000021b8ed35d80 JavaThread "Incoming local TCP Connector on port 60545"        [_thread_in_native, id=20136, stack(0x000000d146200000,0x000000d146300000) (1024K)]
  0x0000021b8eb3e610 JavaThread "Daemon periodic checks"            [_thread_blocked, id=16968, stack(0x000000d146300000,0x000000d146400000) (1024K)]
  0x0000021b8eb4a3d0 JavaThread "Daemon"                            [_thread_blocked, id=11464, stack(0x000000d146400000,0x000000d146500000) (1024K)]
  0x0000021b8ecac850 JavaThread "Handler for socket connection from /127.0.0.1:60545 to /127.0.0.1:60546"        [_thread_in_native, id=27360, stack(0x000000d146500000,0x000000d146600000) (1024K)]
  0x0000021b8eb31730 JavaThread "Cancel handler"                    [_thread_blocked, id=26984, stack(0x000000d146600000,0x000000d146700000) (1024K)]
  0x0000021b8eb33da0 JavaThread "Daemon worker"                     [_thread_blocked, id=17124, stack(0x000000d146700000,0x000000d146800000) (1024K)]
  0x0000021b8edafb00 JavaThread "Asynchronous log dispatcher for DefaultDaemonConnection: socket connection from /127.0.0.1:60545 to /127.0.0.1:60546"        [_thread_blocked, id=30396, stack(0x000000d146800000,0x000000d146900000) (1024K)]
  0x0000021b8edb1bd0 JavaThread "Stdin handler"                     [_thread_blocked, id=23600, stack(0x000000d146900000,0x000000d146a00000) (1024K)]
  0x0000021b8edaede0 JavaThread "Daemon client event forwarder"        [_thread_blocked, id=8912, stack(0x000000d146a00000,0x000000d146b00000) (1024K)]
  0x0000021b8edb0190 JavaThread "Cache worker for journal cache (C:\Users\16696\.gradle\caches\journal-1)"        [_thread_blocked, id=7984, stack(0x000000d146b00000,0x000000d146c00000) (1024K)]
  0x0000021b8edae750 JavaThread "File lock request listener"        [_thread_in_native, id=20740, stack(0x000000d146c00000,0x000000d146d00000) (1024K)]
  0x0000021b8edb1540 JavaThread "Cache worker for file hash cache (C:\Users\16696\.gradle\caches\9.4.1\fileHashes)"        [_thread_blocked, id=26432, stack(0x000000d146d00000,0x000000d146e00000) (1024K)]
  0x0000021b8f8c19c0 JavaThread "Cache worker for file hash cache (D:\Code\Application\music1\.gradle\9.4.1\fileHashes)"        [_thread_blocked, id=16832, stack(0x000000d147300000,0x000000d147400000) (1024K)]
  0x0000021b8f8c3a90 JavaThread "Cache worker for Build Output Cleanup Cache (D:\Code\Application\music1\.gradle\buildOutputCleanup)"        [_thread_blocked, id=18156, stack(0x000000d147400000,0x000000d147500000) (1024K)]
  0x0000021b8f8c47b0 JavaThread "File watcher server"        daemon [_thread_in_native, id=12892, stack(0x000000d147500000,0x000000d147600000) (1024K)]
  0x0000021b8f8c2050 JavaThread "File watcher consumer"      daemon [_thread_blocked, id=18880, stack(0x000000d147600000,0x000000d147700000) (1024K)]
  0x0000021b8f8c26e0 JavaThread "Cache worker for file content cache (C:\Users\16696\.gradle\caches\9.4.1\fileContent)"        [_thread_blocked, id=24788, stack(0x000000d147700000,0x000000d147800000) (1024K)]
  0x0000021b8f8c2d70 JavaThread "Cache worker for checksums cache (D:\Code\Application\music1\.gradle\9.4.1\checksums)"        [_thread_blocked, id=18900, stack(0x000000d147800000,0x000000d147900000) (1024K)]
  0x0000021b8f8c1330 JavaThread "Cache worker for cache directory md-supplier (C:\Users\16696\.gradle\caches\9.4.1\md-supplier)"        [_thread_blocked, id=28628, stack(0x000000d147900000,0x000000d147a00000) (1024K)]
  0x0000021b8f8c5b60 JavaThread "Cache worker for cache directory md-rule (C:\Users\16696\.gradle\caches\9.4.1\md-rule)"        [_thread_blocked, id=10004, stack(0x000000d147a00000,0x000000d147b00000) (1024K)]
  0x0000021b8f8c4120 JavaThread "Build operations"                  [_thread_blocked, id=17636, stack(0x000000d147b00000,0x000000d147c00000) (1024K)]
  0x0000021b8f8c75a0 JavaThread "Build operations Thread 2"         [_thread_blocked, id=16468, stack(0x000000d147c00000,0x000000d147d00000) (1024K)]
  0x0000021b8f8c6f10 JavaThread "Build operations Thread 3"         [_thread_blocked, id=22876, stack(0x000000d147d00000,0x000000d147e00000) (1024K)]
  0x0000021b8f8c8950 JavaThread "Build operations Thread 4"         [_thread_blocked, id=23508, stack(0x000000d147e00000,0x000000d147f00000) (1024K)]
  0x0000021b91ebe990 JavaThread "Build operations Thread 5"         [_thread_blocked, id=12824, stack(0x000000d147f00000,0x000000d148000000) (1024K)]
  0x0000021b91ebc8c0 JavaThread "Build operations Thread 6"         [_thread_blocked, id=19048, stack(0x000000d148000000,0x000000d148100000) (1024K)]
  0x0000021b91ebdc70 JavaThread "Build operations Thread 7"         [_thread_blocked, id=25764, stack(0x000000d148100000,0x000000d148200000) (1024K)]
  0x0000021b91ebe300 JavaThread "Build operations Thread 8"         [_thread_blocked, id=23528, stack(0x000000d148200000,0x000000d148300000) (1024K)]
  0x0000021b91ebcf50 JavaThread "Build operations Thread 9"         [_thread_blocked, id=4616, stack(0x000000d148300000,0x000000d148400000) (1024K)]
  0x0000021b91ebf020 JavaThread "Build operations Thread 10"        [_thread_blocked, id=24088, stack(0x000000d148400000,0x000000d148500000) (1024K)]
  0x0000021b91ebc230 JavaThread "Memory manager"                    [_thread_blocked, id=24228, stack(0x000000d148500000,0x000000d148600000) (1024K)]
  0x0000021b91ec1780 JavaThread "build event listener"              [_thread_blocked, id=17732, stack(0x000000d148600000,0x000000d148700000) (1024K)]
  0x0000021b938782a0 JavaThread "included builds"                   [_thread_blocked, id=23268, stack(0x000000d148700000,0x000000d148800000) (1024K)]
  0x0000021b93879650 JavaThread "Execution worker"                  [_thread_blocked, id=21724, stack(0x000000d148800000,0x000000d148900000) (1024K)]
  0x0000021b93878fc0 JavaThread "Execution worker Thread 2"         [_thread_blocked, id=19880, stack(0x000000d148900000,0x000000d148a00000) (1024K)]
  0x0000021b93878930 JavaThread "Execution worker Thread 3"         [_thread_blocked, id=12716, stack(0x000000d148a00000,0x000000d148b00000) (1024K)]
  0x0000021b93879ce0 JavaThread "Execution worker Thread 4"         [_thread_blocked, id=28804, stack(0x000000d148b00000,0x000000d148c00000) (1024K)]
  0x0000021b93876860 JavaThread "Execution worker Thread 5"         [_thread_blocked, id=16880, stack(0x000000d148c00000,0x000000d148d00000) (1024K)]
  0x0000021b9387a370 JavaThread "Execution worker Thread 6"         [_thread_blocked, id=10884, stack(0x000000d148d00000,0x000000d148e00000) (1024K)]
  0x0000021b93877c10 JavaThread "Execution worker Thread 7"         [_thread_blocked, id=30328, stack(0x000000d148e00000,0x000000d148f00000) (1024K)]
  0x0000021b93876ef0 JavaThread "Execution worker Thread 8"         [_thread_in_native, id=15308, stack(0x000000d148f00000,0x000000d149000000) (1024K)]
  0x0000021b9387aa00 JavaThread "Execution worker Thread 9"         [_thread_blocked, id=27684, stack(0x000000d149000000,0x000000d149100000) (1024K)]
  0x0000021b93877580 JavaThread "Cache worker for execution history cache (D:\Code\Application\music1\.gradle\9.4.1\executionHistory)"        [_thread_blocked, id=30256, stack(0x000000d149100000,0x000000d149200000) (1024K)]
  0x0000021b9387bdb0 JavaThread "Cache worker for Java compile cache (C:\Users\16696\.gradle\caches\9.4.1\javaCompile)"        [_thread_blocked, id=22980, stack(0x000000d145a00000,0x000000d145b00000) (1024K)]
  0x0000021b9070afd0 JavaThread "Problems report writer"            [_thread_blocked, id=21280, stack(0x000000d149300000,0x000000d149400000) (1024K)]
  0x0000021b93ff3ed0 JavaThread "WorkerExecutor Queue"              [_thread_in_Java, id=11748, stack(0x000000d149400000,0x000000d149500000) (1024K)]
  0x0000021b93ff9420 JavaThread "WorkerExecutor Queue Thread 2"        [_thread_blocked, id=25788, stack(0x000000d149500000,0x000000d149600000) (1024K)]
  0x0000021b93ff79e0 JavaThread "WorkerExecutor Queue Thread 3"        [_thread_in_Java, id=6136, stack(0x000000d149600000,0x000000d149700000) (1024K)]
  0x0000021b93ff4bf0 JavaThread "WorkerExecutor Queue Thread 4"        [_thread_blocked, id=28380, stack(0x000000d149200000,0x000000d149300000) (1024K)]
  0x0000021b9387b090 JavaThread "WorkerExecutor Queue Thread 5"        [_thread_in_vm, id=10768, stack(0x000000d149700000,0x000000d149800000) (1024K)]
  0x0000021b9387d7f0 JavaThread "pool-3-thread-1"                   [_thread_blocked, id=23636, stack(0x000000d149800000,0x000000d149900000) (1024K)]
  0x0000021b9387c440 JavaThread "stderr"                            [_thread_in_native, id=23920, stack(0x000000d149900000,0x000000d149a00000) (1024K)]
  0x0000021b9387d160 JavaThread "stdout"                            [_thread_in_native, id=28496, stack(0x000000d149a00000,0x000000d149b00000) (1024K)]
  0x0000021b9070ca10 JavaThread "WorkerExecutor Queue Thread 6"        [_thread_in_vm, id=29420, stack(0x000000d145c00000,0x000000d145d00000) (1024K)]
  0x0000021b93ff5fa0 JavaThread "WorkerExecutor Queue Thread 7"        [_thread_in_vm, id=21416, stack(0x000000d149b00000,0x000000d149c00000) (1024K)]
  0x0000021b93ff4560 JavaThread "WorkerExecutor Queue Thread 8"        [_thread_in_vm, id=19032, stack(0x000000d149c00000,0x000000d149d00000) (1024K)]
  0x0000021b93ff2b20 JavaThread "WorkerExecutor Queue Thread 9"        [_thread_in_vm, id=10232, stack(0x000000d149d00000,0x000000d149e00000) (1024K)]
  0x0000021b93ff6630 JavaThread "WorkerExecutor Queue Thread 10"        [_thread_in_Java, id=26436, stack(0x000000d149e00000,0x000000d149f00000) (1024K)]
  0x0000021b91ab4cf0 JavaThread "C2 CompilerThread1"         daemon [_thread_in_native, id=5604, stack(0x000000d149f00000,0x000000d14a000000) (1024K)]
  0x0000021b91ab6f00 JavaThread "C2 CompilerThread2"         daemon [_thread_in_native, id=2652, stack(0x000000d14a000000,0x000000d14a100000) (1024K)]
Total: 72

Other Threads:
  0x0000021b2987e5c0 VMThread "VM Thread"                           [id=19980, stack(0x000000d145000000,0x000000d145100000) (1024K)]
  0x0000021b29879b40 WatcherThread "VM Periodic Task Thread"        [id=4012, stack(0x000000d144f00000,0x000000d145000000) (1024K)]
  0x0000021b29729330 WorkerThread "GC Thread#0"                     [id=24128, stack(0x000000d144a00000,0x000000d144b00000) (1024K)]
  0x0000021b88a76590 WorkerThread "GC Thread#1"                     [id=21072, stack(0x000000d145d00000,0x000000d145e00000) (1024K)]
  0x0000021b8d345230 WorkerThread "GC Thread#2"                     [id=14504, stack(0x000000d145e00000,0x000000d145f00000) (1024K)]
  0x0000021b888d93f0 WorkerThread "GC Thread#3"                     [id=19668, stack(0x000000d145f00000,0x000000d146000000) (1024K)]
  0x0000021b888d9ba0 WorkerThread "GC Thread#4"                     [id=24976, stack(0x000000d146000000,0x000000d146100000) (1024K)]
  0x0000021b90659f40 WorkerThread "GC Thread#5"                     [id=5820, stack(0x000000d146e00000,0x000000d146f00000) (1024K)]
  0x0000021b90659460 WorkerThread "GC Thread#6"                     [id=24720, stack(0x000000d146f00000,0x000000d147000000) (1024K)]
  0x0000021b9065a2e0 WorkerThread "GC Thread#7"                     [id=6356, stack(0x000000d147000000,0x000000d147100000) (1024K)]
  0x0000021b90659ba0 WorkerThread "GC Thread#8"                     [id=27452, stack(0x000000d147100000,0x000000d147200000) (1024K)]
  0x0000021b2973b490 ConcurrentGCThread "G1 Main Marker"            [id=620, stack(0x000000d144b00000,0x000000d144c00000) (1024K)]
  0x0000021b2973bc40 WorkerThread "G1 Conc#0"                       [id=16784, stack(0x000000d144c00000,0x000000d144d00000) (1024K)]
  0x0000021b9065a680 WorkerThread "G1 Conc#1"                       [id=18604, stack(0x000000d147200000,0x000000d147300000) (1024K)]
  0x0000021b29861400 ConcurrentGCThread "G1 Refine#0"               [id=15152, stack(0x000000d144d00000,0x000000d144e00000) (1024K)]
  0x0000021b29862030 ConcurrentGCThread "G1 Service"                [id=1408, stack(0x000000d144e00000,0x000000d144f00000) (1024K)]
Total: 16

Threads with active compile tasks:
C2 CompilerThread0  19590 17066 %     4       com.android.tools.r8.internal.e8::b @ 18 (1495 bytes)
C1 CompilerThread0  19590 17574       3       com.android.tools.r8.internal.w0::entrySet (5 bytes)
C2 CompilerThread1  19590 17357       4       com.android.tools.r8.internal.wa1::b (43 bytes)
C2 CompilerThread2  19591 17571       4       com.android.tools.r8.internal.sl1::a0 (2 bytes)
Total: 4

VM state: at safepoint (normal execution)

VM Mutex/Monitor currently owned by a thread:  ([mutex/lock_event])
[0x00007ffc38d6e308] Threads_lock - owner thread: 0x0000021b2987e5c0

Heap address: 0x0000000080000000, size: 2048 MB, Compressed Oops mode: 32-bit

CDS archive(s) mapped at: [0x0000021b47000000-0x0000021b47c80000-0x0000021b47c80000), size 13107200, SharedBaseAddress: 0x0000021b47000000, ArchiveRelocationMode: 1.
Compressed class space mapped at: 0x0000021b48000000-0x0000021b88000000, reserved size: 1073741824
Narrow klass base: 0x0000021b47000000, Narrow klass shift: 0, Narrow klass range: 0x100000000

GC Precious Log:
 CardTable entry size: 512
 Card Set container configuration: InlinePtr #cards 5 size 8 Array Of Cards #cards 12 size 40 Howl #buckets 4 coarsen threshold 1843 Howl Bitmap #cards 512 size 80 coarsen threshold 460 Card regions per heap region 1 cards per card region 2048
 CPUs: 10 total, 10 available
 Memory: 15751M
 Large Page Support: Disabled
 NUMA Support: Disabled
 Compressed Oops: Enabled (32-bit)
 Heap Region Size: 1M
 Heap Min Capacity: 8M
 Heap Initial Capacity: 248M
 Heap Max Capacity: 2G
 Pre-touch: Disabled
 Parallel Workers: 9
 Concurrent Workers: 2
 Concurrent Refinement Workers: 9
 Periodic GC: Disabled

Heap:
 garbage-first heap   total 226304K, used 198021K [0x0000000080000000, 0x0000000100000000)
  region size 1024K, 69 young (70656K), 4 survivors (4096K)
 Metaspace       used 132290K, committed 134912K, reserved 1179648K
  class space    used 18666K, committed 19968K, reserved 1048576K

Heap Regions: E=young(eden), S=young(survivor), O=old, HS=humongous(starts), HC=humongous(continues), CS=collection set, F=free, TAMS=top-at-mark-start, PB=parsable bottom
|   0|0x0000000080000000, 0x0000000080100000, 0x0000000080100000|100%|HS|  |TAMS 0x0000000080000000| PB 0x0000000080000000| Complete 
|   1|0x0000000080100000, 0x0000000080200000, 0x0000000080200000|100%|HC|  |TAMS 0x0000000080100000| PB 0x0000000080100000| Complete 
|   2|0x0000000080200000, 0x0000000080300000, 0x0000000080300000|100%|HC|  |TAMS 0x0000000080200000| PB 0x0000000080200000| Complete 
|   3|0x0000000080300000, 0x0000000080400000, 0x0000000080400000|100%|HC|  |TAMS 0x0000000080300000| PB 0x0000000080300000| Complete 
|   4|0x0000000080400000, 0x0000000080500000, 0x0000000080500000|100%| O|  |TAMS 0x0000000080400000| PB 0x0000000080400000| Untracked 
|   5|0x0000000080500000, 0x0000000080600000, 0x0000000080600000|100%| O|  |TAMS 0x0000000080500000| PB 0x0000000080500000| Untracked 
|   6|0x0000000080600000, 0x0000000080700000, 0x0000000080700000|100%| O|  |TAMS 0x0000000080600000| PB 0x0000000080600000| Untracked 
|   7|0x0000000080700000, 0x0000000080800000, 0x0000000080800000|100%| O|  |TAMS 0x0000000080700000| PB 0x0000000080700000| Untracked 
|   8|0x0000000080800000, 0x0000000080900000, 0x0000000080900000|100%| O|  |TAMS 0x0000000080800000| PB 0x0000000080800000| Untracked 
|   9|0x0000000080900000, 0x0000000080a00000, 0x0000000080a00000|100%|HS|  |TAMS 0x0000000080900000| PB 0x0000000080900000| Complete 
|  10|0x0000000080a00000, 0x0000000080b00000, 0x0000000080b00000|100%| O|  |TAMS 0x0000000080a00000| PB 0x0000000080a00000| Untracked 
|  11|0x0000000080b00000, 0x0000000080c00000, 0x0000000080c00000|100%| O|  |TAMS 0x0000000080b00000| PB 0x0000000080b00000| Untracked 
|  12|0x0000000080c00000, 0x0000000080d00000, 0x0000000080d00000|100%| O|  |TAMS 0x0000000080c00000| PB 0x0000000080c00000| Untracked 
|  13|0x0000000080d00000, 0x0000000080e00000, 0x0000000080e00000|100%| O|  |TAMS 0x0000000080d00000| PB 0x0000000080d00000| Untracked 
|  14|0x0000000080e00000, 0x0000000080f00000, 0x0000000080f00000|100%| O|  |TAMS 0x0000000080e00000| PB 0x0000000080e00000| Untracked 
|  15|0x0000000080f00000, 0x0000000081000000, 0x0000000081000000|100%| O|  |TAMS 0x0000000080f00000| PB 0x0000000080f00000| Untracked 
|  16|0x0000000081000000, 0x0000000081100000, 0x0000000081100000|100%| O|  |TAMS 0x0000000081000000| PB 0x0000000081000000| Untracked 
|  17|0x0000000081100000, 0x0000000081200000, 0x0000000081200000|100%| O|  |TAMS 0x0000000081100000| PB 0x0000000081100000| Untracked 
|  18|0x0000000081200000, 0x0000000081300000, 0x0000000081300000|100%| O|  |TAMS 0x0000000081200000| PB 0x0000000081200000| Untracked 
|  19|0x0000000081300000, 0x0000000081400000, 0x0000000081400000|100%| O|  |TAMS 0x0000000081300000| PB 0x0000000081300000| Untracked 
|  20|0x0000000081400000, 0x0000000081500000, 0x0000000081500000|100%| O|  |TAMS 0x0000000081400000| PB 0x0000000081400000| Untracked 
|  21|0x0000000081500000, 0x0000000081600000, 0x0000000081600000|100%| O|  |TAMS 0x0000000081500000| PB 0x0000000081500000| Untracked 
|  22|0x0000000081600000, 0x0000000081700000, 0x0000000081700000|100%| O|  |TAMS 0x0000000081600000| PB 0x0000000081600000| Untracked 
|  23|0x0000000081700000, 0x0000000081800000, 0x0000000081800000|100%| O|  |TAMS 0x0000000081700000| PB 0x0000000081700000| Untracked 
|  24|0x0000000081800000, 0x0000000081900000, 0x0000000081900000|100%| O|  |TAMS 0x0000000081800000| PB 0x0000000081800000| Untracked 
|  25|0x0000000081900000, 0x0000000081a00000, 0x0000000081a00000|100%| O|  |TAMS 0x0000000081900000| PB 0x0000000081900000| Untracked 
|  26|0x0000000081a00000, 0x0000000081b00000, 0x0000000081b00000|100%| O|  |TAMS 0x0000000081a00000| PB 0x0000000081a00000| Untracked 
|  27|0x0000000081b00000, 0x0000000081c00000, 0x0000000081c00000|100%| O|  |TAMS 0x0000000081b00000| PB 0x0000000081b00000| Untracked 
|  28|0x0000000081c00000, 0x0000000081d00000, 0x0000000081d00000|100%| O|  |TAMS 0x0000000081c00000| PB 0x0000000081c00000| Untracked 
|  29|0x0000000081d00000, 0x0000000081e00000, 0x0000000081e00000|100%|HS|  |TAMS 0x0000000081d00000| PB 0x0000000081d00000| Complete 
|  30|0x0000000081e00000, 0x0000000081f00000, 0x0000000081f00000|100%|HS|  |TAMS 0x0000000081e00000| PB 0x0000000081e00000| Complete 
|  31|0x0000000081f00000, 0x0000000082000000, 0x0000000082000000|100%|HS|  |TAMS 0x0000000081f00000| PB 0x0000000081f00000| Complete 
|  32|0x0000000082000000, 0x0000000082100000, 0x0000000082100000|100%|HC|  |TAMS 0x0000000082000000| PB 0x0000000082000000| Complete 
|  33|0x0000000082100000, 0x0000000082200000, 0x0000000082200000|100%|HS|  |TAMS 0x0000000082100000| PB 0x0000000082100000| Complete 
|  34|0x0000000082200000, 0x0000000082300000, 0x0000000082300000|100%|HS|  |TAMS 0x0000000082200000| PB 0x0000000082200000| Complete 
|  35|0x0000000082300000, 0x0000000082400000, 0x0000000082400000|100%|HS|  |TAMS 0x0000000082300000| PB 0x0000000082300000| Complete 
|  36|0x0000000082400000, 0x0000000082500000, 0x0000000082500000|100%| O|  |TAMS 0x0000000082400000| PB 0x0000000082400000| Untracked 
|  37|0x0000000082500000, 0x0000000082600000, 0x0000000082600000|100%| O|  |TAMS 0x0000000082500000| PB 0x0000000082500000| Untracked 
|  38|0x0000000082600000, 0x0000000082700000, 0x0000000082700000|100%| O|  |TAMS 0x0000000082600000| PB 0x0000000082600000| Untracked 
|  39|0x0000000082700000, 0x0000000082800000, 0x0000000082800000|100%|HS|  |TAMS 0x0000000082700000| PB 0x0000000082700000| Complete 
|  40|0x0000000082800000, 0x0000000082900000, 0x0000000082900000|100%| O|  |TAMS 0x0000000082800000| PB 0x0000000082800000| Untracked 
|  41|0x0000000082900000, 0x0000000082a00000, 0x0000000082a00000|100%| O|  |TAMS 0x0000000082900000| PB 0x0000000082900000| Untracked 
|  42|0x0000000082a00000, 0x0000000082b00000, 0x0000000082b00000|100%| O|  |TAMS 0x0000000082a00000| PB 0x0000000082a00000| Untracked 
|  43|0x0000000082b00000, 0x0000000082c00000, 0x0000000082c00000|100%| O|  |TAMS 0x0000000082b00000| PB 0x0000000082b00000| Untracked 
|  44|0x0000000082c00000, 0x0000000082d00000, 0x0000000082d00000|100%| O|  |TAMS 0x0000000082c00000| PB 0x0000000082c00000| Untracked 
|  45|0x0000000082d00000, 0x0000000082e00000, 0x0000000082e00000|100%| O|  |TAMS 0x0000000082d00000| PB 0x0000000082d00000| Untracked 
|  46|0x0000000082e00000, 0x0000000082f00000, 0x0000000082f00000|100%|HS|  |TAMS 0x0000000082e00000| PB 0x0000000082e00000| Complete 
|  47|0x0000000082f00000, 0x0000000083000000, 0x0000000083000000|100%|HC|  |TAMS 0x0000000082f00000| PB 0x0000000082f00000| Complete 
|  48|0x0000000083000000, 0x0000000083100000, 0x0000000083100000|100%| O|  |TAMS 0x0000000083000000| PB 0x0000000083000000| Untracked 
|  49|0x0000000083100000, 0x0000000083200000, 0x0000000083200000|100%| O|  |TAMS 0x0000000083100000| PB 0x0000000083100000| Untracked 
|  50|0x0000000083200000, 0x0000000083300000, 0x0000000083300000|100%| O|  |TAMS 0x0000000083200000| PB 0x0000000083200000| Untracked 
|  51|0x0000000083300000, 0x0000000083400000, 0x0000000083400000|100%| O|  |TAMS 0x0000000083300000| PB 0x0000000083300000| Untracked 
|  52|0x0000000083400000, 0x0000000083500000, 0x0000000083500000|100%| O|  |TAMS 0x0000000083400000| PB 0x0000000083400000| Untracked 
|  53|0x0000000083500000, 0x0000000083600000, 0x0000000083600000|100%| O|  |TAMS 0x0000000083500000| PB 0x0000000083500000| Untracked 
|  54|0x0000000083600000, 0x0000000083700000, 0x0000000083700000|100%| O|  |TAMS 0x0000000083600000| PB 0x0000000083600000| Untracked 
|  55|0x0000000083700000, 0x0000000083800000, 0x0000000083800000|100%| O|  |TAMS 0x0000000083700000| PB 0x0000000083700000| Untracked 
|  56|0x0000000083800000, 0x0000000083900000, 0x0000000083900000|100%|HS|  |TAMS 0x0000000083800000| PB 0x0000000083800000| Complete 
|  57|0x0000000083900000, 0x0000000083a00000, 0x0000000083a00000|100%| O|  |TAMS 0x0000000083900000| PB 0x0000000083900000| Untracked 
|  58|0x0000000083a00000, 0x0000000083b00000, 0x0000000083b00000|100%| O|  |TAMS 0x0000000083a00000| PB 0x0000000083a00000| Untracked 
|  59|0x0000000083b00000, 0x0000000083c00000, 0x0000000083c00000|100%| O|  |TAMS 0x0000000083b00000| PB 0x0000000083b00000| Untracked 
|  60|0x0000000083c00000, 0x0000000083d00000, 0x0000000083d00000|100%| O|  |TAMS 0x0000000083c00000| PB 0x0000000083c00000| Untracked 
|  61|0x0000000083d00000, 0x0000000083e00000, 0x0000000083e00000|100%| O|  |TAMS 0x0000000083d00000| PB 0x0000000083d00000| Untracked 
|  62|0x0000000083e00000, 0x0000000083f00000, 0x0000000083f00000|100%| O|  |TAMS 0x0000000083e00000| PB 0x0000000083e00000| Untracked 
|  63|0x0000000083f00000, 0x0000000084000000, 0x0000000084000000|100%| O|  |TAMS 0x0000000083f00000| PB 0x0000000083f00000| Untracked 
|  64|0x0000000084000000, 0x0000000084100000, 0x0000000084100000|100%| O|  |TAMS 0x0000000084000000| PB 0x0000000084000000| Untracked 
|  65|0x0000000084100000, 0x0000000084200000, 0x0000000084200000|100%| O|  |TAMS 0x0000000084100000| PB 0x0000000084100000| Untracked 
|  66|0x0000000084200000, 0x0000000084300000, 0x0000000084300000|100%| O|  |TAMS 0x0000000084200000| PB 0x0000000084200000| Untracked 
|  67|0x0000000084300000, 0x0000000084400000, 0x0000000084400000|100%| O|  |TAMS 0x0000000084300000| PB 0x0000000084300000| Untracked 
|  68|0x0000000084400000, 0x0000000084500000, 0x0000000084500000|100%| O|  |TAMS 0x0000000084400000| PB 0x0000000084400000| Untracked 
|  69|0x0000000084500000, 0x0000000084600000, 0x0000000084600000|100%| O|  |TAMS 0x0000000084500000| PB 0x0000000084500000| Untracked 
|  70|0x0000000084600000, 0x0000000084700000, 0x0000000084700000|100%| O|  |TAMS 0x0000000084600000| PB 0x0000000084600000| Untracked 
|  71|0x0000000084700000, 0x0000000084800000, 0x0000000084800000|100%| O|  |TAMS 0x0000000084700000| PB 0x0000000084700000| Untracked 
|  72|0x0000000084800000, 0x0000000084900000, 0x0000000084900000|100%| O|  |TAMS 0x0000000084800000| PB 0x0000000084800000| Untracked 
|  73|0x0000000084900000, 0x0000000084a00000, 0x0000000084a00000|100%| O|  |TAMS 0x0000000084900000| PB 0x0000000084900000| Untracked 
|  74|0x0000000084a00000, 0x0000000084b00000, 0x0000000084b00000|100%| O|  |TAMS 0x0000000084a00000| PB 0x0000000084a00000| Untracked 
|  75|0x0000000084b00000, 0x0000000084c00000, 0x0000000084c00000|100%| O|  |TAMS 0x0000000084b00000| PB 0x0000000084b00000| Untracked 
|  76|0x0000000084c00000, 0x0000000084d00000, 0x0000000084d00000|100%| O|  |TAMS 0x0000000084c00000| PB 0x0000000084c00000| Untracked 
|  77|0x0000000084d00000, 0x0000000084e00000, 0x0000000084e00000|100%| O|  |TAMS 0x0000000084d00000| PB 0x0000000084d00000| Untracked 
|  78|0x0000000084e00000, 0x0000000084f00000, 0x0000000084f00000|100%| O|  |TAMS 0x0000000084e00000| PB 0x0000000084e00000| Untracked 
|  79|0x0000000084f00000, 0x0000000085000000, 0x0000000085000000|100%| O|  |TAMS 0x0000000084f00000| PB 0x0000000084f00000| Untracked 
|  80|0x0000000085000000, 0x0000000085100000, 0x0000000085100000|100%| O|  |TAMS 0x0000000085000000| PB 0x0000000085000000| Untracked 
|  81|0x0000000085100000, 0x0000000085200000, 0x0000000085200000|100%| O|  |TAMS 0x0000000085100000| PB 0x0000000085100000| Untracked 
|  82|0x0000000085200000, 0x0000000085300000, 0x0000000085300000|100%| O|  |TAMS 0x0000000085200000| PB 0x0000000085200000| Untracked 
|  83|0x0000000085300000, 0x0000000085400000, 0x0000000085400000|100%| O|Cm|TAMS 0x0000000085300000| PB 0x0000000085300000| Complete 
|  84|0x0000000085400000, 0x0000000085500000, 0x0000000085500000|100%| O|Cm|TAMS 0x0000000085400000| PB 0x0000000085400000| Complete 
|  85|0x0000000085500000, 0x0000000085600000, 0x0000000085600000|100%| O|Cm|TAMS 0x0000000085500000| PB 0x0000000085500000| Complete 
|  86|0x0000000085600000, 0x0000000085600000, 0x0000000085700000|  0%| F|  |TAMS 0x0000000085600000| PB 0x0000000085600000| Untracked 
|  87|0x0000000085700000, 0x0000000085700000, 0x0000000085800000|  0%| F|  |TAMS 0x0000000085700000| PB 0x0000000085700000| Untracked 
|  88|0x0000000085800000, 0x0000000085900000, 0x0000000085900000|100%| O|  |TAMS 0x0000000085800000| PB 0x0000000085800000| Untracked 
|  89|0x0000000085900000, 0x0000000085a00000, 0x0000000085a00000|100%| O|  |TAMS 0x0000000085900000| PB 0x0000000085900000| Untracked 
|  90|0x0000000085a00000, 0x0000000085b00000, 0x0000000085b00000|100%| O|  |TAMS 0x0000000085a00000| PB 0x0000000085a00000| Untracked 
|  91|0x0000000085b00000, 0x0000000085c00000, 0x0000000085c00000|100%| O|  |TAMS 0x0000000085b00000| PB 0x0000000085b00000| Untracked 
|  92|0x0000000085c00000, 0x0000000085d00000, 0x0000000085d00000|100%| O|  |TAMS 0x0000000085c00000| PB 0x0000000085c00000| Untracked 
|  93|0x0000000085d00000, 0x0000000085e00000, 0x0000000085e00000|100%| O|  |TAMS 0x0000000085d00000| PB 0x0000000085d00000| Untracked 
|  94|0x0000000085e00000, 0x0000000085f00000, 0x0000000085f00000|100%| O|  |TAMS 0x0000000085e00000| PB 0x0000000085e00000| Untracked 
|  95|0x0000000085f00000, 0x0000000086000000, 0x0000000086000000|100%| O|  |TAMS 0x0000000085f00000| PB 0x0000000085f00000| Untracked 
|  96|0x0000000086000000, 0x0000000086100000, 0x0000000086100000|100%| O|  |TAMS 0x0000000086000000| PB 0x0000000086000000| Untracked 
|  97|0x0000000086100000, 0x0000000086200000, 0x0000000086200000|100%| O|Cm|TAMS 0x0000000086100000| PB 0x0000000086100000| Complete 
|  98|0x0000000086200000, 0x0000000086300000, 0x0000000086300000|100%| O|  |TAMS 0x0000000086200000| PB 0x0000000086200000| Untracked 
|  99|0x0000000086300000, 0x0000000086400000, 0x0000000086400000|100%| O|  |TAMS 0x0000000086300000| PB 0x0000000086300000| Untracked 
| 100|0x0000000086400000, 0x0000000086500000, 0x0000000086500000|100%| O|  |TAMS 0x0000000086400000| PB 0x0000000086400000| Untracked 
| 101|0x0000000086500000, 0x0000000086600000, 0x0000000086600000|100%| O|  |TAMS 0x0000000086500000| PB 0x0000000086500000| Untracked 
| 102|0x0000000086600000, 0x0000000086700000, 0x0000000086700000|100%| O|  |TAMS 0x0000000086600000| PB 0x0000000086600000| Untracked 
| 103|0x0000000086700000, 0x0000000086800000, 0x0000000086800000|100%| O|  |TAMS 0x0000000086700000| PB 0x0000000086700000| Untracked 
| 104|0x0000000086800000, 0x0000000086900000, 0x0000000086900000|100%| O|  |TAMS 0x0000000086800000| PB 0x0000000086800000| Untracked 
| 105|0x0000000086900000, 0x0000000086a00000, 0x0000000086a00000|100%| O|  |TAMS 0x0000000086900000| PB 0x0000000086900000| Untracked 
| 106|0x0000000086a00000, 0x0000000086b00000, 0x0000000086b00000|100%| O|  |TAMS 0x0000000086a00000| PB 0x0000000086a00000| Untracked 
| 107|0x0000000086b00000, 0x0000000086c00000, 0x0000000086c00000|100%| O|  |TAMS 0x0000000086b00000| PB 0x0000000086b00000| Untracked 
| 108|0x0000000086c00000, 0x0000000086d00000, 0x0000000086d00000|100%| O|  |TAMS 0x0000000086c00000| PB 0x0000000086c00000| Untracked 
| 109|0x0000000086d00000, 0x0000000086e00000, 0x0000000086e00000|100%| O|  |TAMS 0x0000000086d00000| PB 0x0000000086d00000| Untracked 
| 110|0x0000000086e00000, 0x0000000086f00000, 0x0000000086f00000|100%| O|  |TAMS 0x0000000086e00000| PB 0x0000000086e00000| Untracked 
| 111|0x0000000086f00000, 0x0000000087000000, 0x0000000087000000|100%| O|  |TAMS 0x0000000086f00000| PB 0x0000000086f00000| Untracked 
| 112|0x0000000087000000, 0x0000000087100000, 0x0000000087100000|100%| O|  |TAMS 0x0000000087000000| PB 0x0000000087000000| Untracked 
| 113|0x0000000087100000, 0x0000000087200000, 0x0000000087200000|100%| O|  |TAMS 0x0000000087100000| PB 0x0000000087100000| Untracked 
| 114|0x0000000087200000, 0x0000000087300000, 0x0000000087300000|100%| O|  |TAMS 0x0000000087200000| PB 0x0000000087200000| Untracked 
| 115|0x0000000087300000, 0x0000000087400000, 0x0000000087400000|100%| O|  |TAMS 0x0000000087300000| PB 0x0000000087300000| Untracked 
| 116|0x0000000087400000, 0x0000000087500000, 0x0000000087500000|100%| O|  |TAMS 0x0000000087400000| PB 0x0000000087400000| Untracked 
| 117|0x0000000087500000, 0x0000000087500000, 0x0000000087600000|  0%| F|  |TAMS 0x0000000087500000| PB 0x0000000087500000| Untracked 
| 118|0x0000000087600000, 0x0000000087600000, 0x0000000087700000|  0%| F|  |TAMS 0x0000000087600000| PB 0x0000000087600000| Untracked 
| 119|0x0000000087700000, 0x0000000087700000, 0x0000000087800000|  0%| F|  |TAMS 0x0000000087700000| PB 0x0000000087700000| Untracked 
| 120|0x0000000087800000, 0x0000000087900000, 0x0000000087900000|100%| O|  |TAMS 0x0000000087800000| PB 0x0000000087800000| Untracked 
| 121|0x0000000087900000, 0x0000000087900000, 0x0000000087a00000|  0%| F|  |TAMS 0x0000000087900000| PB 0x0000000087900000| Untracked 
| 122|0x0000000087a00000, 0x0000000087b00000, 0x0000000087b00000|100%| O|  |TAMS 0x0000000087a00000| PB 0x0000000087a00000| Untracked 
| 123|0x0000000087b00000, 0x0000000087c00000, 0x0000000087c00000|100%| O|  |TAMS 0x0000000087b00000| PB 0x0000000087b00000| Untracked 
| 124|0x0000000087c00000, 0x0000000087d00000, 0x0000000087d00000|100%| O|  |TAMS 0x0000000087c00000| PB 0x0000000087c00000| Untracked 
| 125|0x0000000087d00000, 0x0000000087d820a0, 0x0000000087e00000| 50%| O|  |TAMS 0x0000000087d00000| PB 0x0000000087d00000| Untracked 
| 126|0x0000000087e00000, 0x0000000087e00000, 0x0000000087f00000|  0%| F|  |TAMS 0x0000000087e00000| PB 0x0000000087e00000| Untracked 
| 127|0x0000000087f00000, 0x0000000087f00000, 0x0000000088000000|  0%| F|  |TAMS 0x0000000087f00000| PB 0x0000000087f00000| Untracked 
| 128|0x0000000088000000, 0x0000000088000000, 0x0000000088100000|  0%| F|  |TAMS 0x0000000088000000| PB 0x0000000088000000| Untracked 
| 129|0x0000000088100000, 0x0000000088100000, 0x0000000088200000|  0%| F|  |TAMS 0x0000000088100000| PB 0x0000000088100000| Untracked 
| 130|0x0000000088200000, 0x0000000088200000, 0x0000000088300000|  0%| F|  |TAMS 0x0000000088200000| PB 0x0000000088200000| Untracked 
| 131|0x0000000088300000, 0x0000000088300000, 0x0000000088400000|  0%| F|  |TAMS 0x0000000088300000| PB 0x0000000088300000| Untracked 
| 132|0x0000000088400000, 0x0000000088400000, 0x0000000088500000|  0%| F|  |TAMS 0x0000000088400000| PB 0x0000000088400000| Untracked 
| 133|0x0000000088500000, 0x0000000088500000, 0x0000000088600000|  0%| F|  |TAMS 0x0000000088500000| PB 0x0000000088500000| Untracked 
| 134|0x0000000088600000, 0x0000000088600000, 0x0000000088700000|  0%| F|  |TAMS 0x0000000088600000| PB 0x0000000088600000| Untracked 
| 135|0x0000000088700000, 0x0000000088700000, 0x0000000088800000|  0%| F|  |TAMS 0x0000000088700000| PB 0x0000000088700000| Untracked 
| 136|0x0000000088800000, 0x0000000088800000, 0x0000000088900000|  0%| F|  |TAMS 0x0000000088800000| PB 0x0000000088800000| Untracked 
| 137|0x0000000088900000, 0x0000000088900000, 0x0000000088a00000|  0%| F|  |TAMS 0x0000000088900000| PB 0x0000000088900000| Untracked 
| 138|0x0000000088a00000, 0x0000000088a00000, 0x0000000088b00000|  0%| F|  |TAMS 0x0000000088a00000| PB 0x0000000088a00000| Untracked 
| 139|0x0000000088b00000, 0x0000000088b00000, 0x0000000088c00000|  0%| F|  |TAMS 0x0000000088b00000| PB 0x0000000088b00000| Untracked 
| 140|0x0000000088c00000, 0x0000000088cdf520, 0x0000000088d00000| 87%| S|CS|TAMS 0x0000000088c00000| PB 0x0000000088c00000| Complete 
| 141|0x0000000088d00000, 0x0000000088e00000, 0x0000000088e00000|100%| S|CS|TAMS 0x0000000088d00000| PB 0x0000000088d00000| Complete 
| 142|0x0000000088e00000, 0x0000000088f00000, 0x0000000088f00000|100%| S|CS|TAMS 0x0000000088e00000| PB 0x0000000088e00000| Complete 
| 143|0x0000000088f00000, 0x0000000089000000, 0x0000000089000000|100%| S|CS|TAMS 0x0000000088f00000| PB 0x0000000088f00000| Complete 
| 144|0x0000000089000000, 0x0000000089000000, 0x0000000089100000|  0%| F|  |TAMS 0x0000000089000000| PB 0x0000000089000000| Untracked 
| 145|0x0000000089100000, 0x0000000089100000, 0x0000000089200000|  0%| F|  |TAMS 0x0000000089100000| PB 0x0000000089100000| Untracked 
| 146|0x0000000089200000, 0x0000000089200000, 0x0000000089300000|  0%| F|  |TAMS 0x0000000089200000| PB 0x0000000089200000| Untracked 
| 147|0x0000000089300000, 0x0000000089300000, 0x0000000089400000|  0%| F|  |TAMS 0x0000000089300000| PB 0x0000000089300000| Untracked 
| 148|0x0000000089400000, 0x0000000089400000, 0x0000000089500000|  0%| F|  |TAMS 0x0000000089400000| PB 0x0000000089400000| Untracked 
| 149|0x0000000089500000, 0x0000000089500000, 0x0000000089600000|  0%| F|  |TAMS 0x0000000089500000| PB 0x0000000089500000| Untracked 
| 150|0x0000000089600000, 0x00000000896d38e8, 0x0000000089700000| 82%| E|  |TAMS 0x0000000089600000| PB 0x0000000089600000| Complete 
| 151|0x0000000089700000, 0x0000000089800000, 0x0000000089800000|100%| E|CS|TAMS 0x0000000089700000| PB 0x0000000089700000| Complete 
| 152|0x0000000089800000, 0x0000000089900000, 0x0000000089900000|100%| E|CS|TAMS 0x0000000089800000| PB 0x0000000089800000| Complete 
| 153|0x0000000089900000, 0x0000000089a00000, 0x0000000089a00000|100%| E|CS|TAMS 0x0000000089900000| PB 0x0000000089900000| Complete 
| 154|0x0000000089a00000, 0x0000000089b00000, 0x0000000089b00000|100%| E|CS|TAMS 0x0000000089a00000| PB 0x0000000089a00000| Complete 
| 155|0x0000000089b00000, 0x0000000089c00000, 0x0000000089c00000|100%| E|CS|TAMS 0x0000000089b00000| PB 0x0000000089b00000| Complete 
| 156|0x0000000089c00000, 0x0000000089d00000, 0x0000000089d00000|100%| E|CS|TAMS 0x0000000089c00000| PB 0x0000000089c00000| Complete 
| 157|0x0000000089d00000, 0x0000000089e00000, 0x0000000089e00000|100%| E|CS|TAMS 0x0000000089d00000| PB 0x0000000089d00000| Complete 
| 158|0x0000000089e00000, 0x0000000089f00000, 0x0000000089f00000|100%| E|CS|TAMS 0x0000000089e00000| PB 0x0000000089e00000| Complete 
| 159|0x0000000089f00000, 0x000000008a000000, 0x000000008a000000|100%| E|CS|TAMS 0x0000000089f00000| PB 0x0000000089f00000| Complete 
| 160|0x000000008a000000, 0x000000008a100000, 0x000000008a100000|100%| E|CS|TAMS 0x000000008a000000| PB 0x000000008a000000| Complete 
| 161|0x000000008a100000, 0x000000008a200000, 0x000000008a200000|100%| E|CS|TAMS 0x000000008a100000| PB 0x000000008a100000| Complete 
| 162|0x000000008a200000, 0x000000008a300000, 0x000000008a300000|100%| E|CS|TAMS 0x000000008a200000| PB 0x000000008a200000| Complete 
| 163|0x000000008a300000, 0x000000008a400000, 0x000000008a400000|100%| E|CS|TAMS 0x000000008a300000| PB 0x000000008a300000| Complete 
| 164|0x000000008a400000, 0x000000008a500000, 0x000000008a500000|100%| E|CS|TAMS 0x000000008a400000| PB 0x000000008a400000| Complete 
| 165|0x000000008a500000, 0x000000008a600000, 0x000000008a600000|100%| E|CS|TAMS 0x000000008a500000| PB 0x000000008a500000| Complete 
| 166|0x000000008a600000, 0x000000008a700000, 0x000000008a700000|100%| E|CS|TAMS 0x000000008a600000| PB 0x000000008a600000| Complete 
| 167|0x000000008a700000, 0x000000008a800000, 0x000000008a800000|100%| E|CS|TAMS 0x000000008a700000| PB 0x000000008a700000| Complete 
| 168|0x000000008a800000, 0x000000008a900000, 0x000000008a900000|100%| E|CS|TAMS 0x000000008a800000| PB 0x000000008a800000| Complete 
| 169|0x000000008a900000, 0x000000008aa00000, 0x000000008aa00000|100%| E|CS|TAMS 0x000000008a900000| PB 0x000000008a900000| Complete 
| 170|0x000000008aa00000, 0x000000008ab00000, 0x000000008ab00000|100%| E|CS|TAMS 0x000000008aa00000| PB 0x000000008aa00000| Complete 
| 171|0x000000008ab00000, 0x000000008ac00000, 0x000000008ac00000|100%| E|CS|TAMS 0x000000008ab00000| PB 0x000000008ab00000| Complete 
| 172|0x000000008ac00000, 0x000000008ad00000, 0x000000008ad00000|100%| E|CS|TAMS 0x000000008ac00000| PB 0x000000008ac00000| Complete 
| 173|0x000000008ad00000, 0x000000008ae00000, 0x000000008ae00000|100%| E|CS|TAMS 0x000000008ad00000| PB 0x000000008ad00000| Complete 
| 174|0x000000008ae00000, 0x000000008af00000, 0x000000008af00000|100%| E|CS|TAMS 0x000000008ae00000| PB 0x000000008ae00000| Complete 
| 175|0x000000008af00000, 0x000000008b000000, 0x000000008b000000|100%| E|CS|TAMS 0x000000008af00000| PB 0x000000008af00000| Complete 
| 176|0x000000008b000000, 0x000000008b100000, 0x000000008b100000|100%| E|CS|TAMS 0x000000008b000000| PB 0x000000008b000000| Complete 
| 177|0x000000008b100000, 0x000000008b200000, 0x000000008b200000|100%| E|CS|TAMS 0x000000008b100000| PB 0x000000008b100000| Complete 
| 178|0x000000008b200000, 0x000000008b300000, 0x000000008b300000|100%| E|CS|TAMS 0x000000008b200000| PB 0x000000008b200000| Complete 
| 179|0x000000008b300000, 0x000000008b400000, 0x000000008b400000|100%| E|CS|TAMS 0x000000008b300000| PB 0x000000008b300000| Complete 
| 180|0x000000008b400000, 0x000000008b500000, 0x000000008b500000|100%| E|CS|TAMS 0x000000008b400000| PB 0x000000008b400000| Complete 
| 181|0x000000008b500000, 0x000000008b600000, 0x000000008b600000|100%| E|CS|TAMS 0x000000008b500000| PB 0x000000008b500000| Complete 
| 182|0x000000008b600000, 0x000000008b700000, 0x000000008b700000|100%| E|CS|TAMS 0x000000008b600000| PB 0x000000008b600000| Complete 
| 183|0x000000008b700000, 0x000000008b800000, 0x000000008b800000|100%| E|CS|TAMS 0x000000008b700000| PB 0x000000008b700000| Complete 
| 184|0x000000008b800000, 0x000000008b900000, 0x000000008b900000|100%| E|CS|TAMS 0x000000008b800000| PB 0x000000008b800000| Complete 
| 185|0x000000008b900000, 0x000000008ba00000, 0x000000008ba00000|100%| E|CS|TAMS 0x000000008b900000| PB 0x000000008b900000| Complete 
| 186|0x000000008ba00000, 0x000000008bb00000, 0x000000008bb00000|100%| E|CS|TAMS 0x000000008ba00000| PB 0x000000008ba00000| Complete 
| 187|0x000000008bb00000, 0x000000008bc00000, 0x000000008bc00000|100%| E|CS|TAMS 0x000000008bb00000| PB 0x000000008bb00000| Complete 
| 188|0x000000008bc00000, 0x000000008bd00000, 0x000000008bd00000|100%| E|CS|TAMS 0x000000008bc00000| PB 0x000000008bc00000| Complete 
| 189|0x000000008bd00000, 0x000000008be00000, 0x000000008be00000|100%| E|CS|TAMS 0x000000008bd00000| PB 0x000000008bd00000| Complete 
| 190|0x000000008be00000, 0x000000008bf00000, 0x000000008bf00000|100%| E|CS|TAMS 0x000000008be00000| PB 0x000000008be00000| Complete 
| 191|0x000000008bf00000, 0x000000008c000000, 0x000000008c000000|100%| E|CS|TAMS 0x000000008bf00000| PB 0x000000008bf00000| Complete 
| 192|0x000000008c000000, 0x000000008c100000, 0x000000008c100000|100%| E|CS|TAMS 0x000000008c000000| PB 0x000000008c000000| Complete 
| 193|0x000000008c100000, 0x000000008c200000, 0x000000008c200000|100%| E|CS|TAMS 0x000000008c100000| PB 0x000000008c100000| Complete 
| 194|0x000000008c200000, 0x000000008c300000, 0x000000008c300000|100%| E|CS|TAMS 0x000000008c200000| PB 0x000000008c200000| Complete 
| 195|0x000000008c300000, 0x000000008c400000, 0x000000008c400000|100%| E|CS|TAMS 0x000000008c300000| PB 0x000000008c300000| Complete 
| 196|0x000000008c400000, 0x000000008c500000, 0x000000008c500000|100%| E|CS|TAMS 0x000000008c400000| PB 0x000000008c400000| Complete 
| 197|0x000000008c500000, 0x000000008c600000, 0x000000008c600000|100%| E|CS|TAMS 0x000000008c500000| PB 0x000000008c500000| Complete 
| 198|0x000000008c600000, 0x000000008c700000, 0x000000008c700000|100%| E|CS|TAMS 0x000000008c600000| PB 0x000000008c600000| Complete 
| 199|0x000000008c700000, 0x000000008c800000, 0x000000008c800000|100%| E|CS|TAMS 0x000000008c700000| PB 0x000000008c700000| Complete 
| 200|0x000000008c800000, 0x000000008c900000, 0x000000008c900000|100%| E|CS|TAMS 0x000000008c800000| PB 0x000000008c800000| Complete 
| 201|0x000000008c900000, 0x000000008ca00000, 0x000000008ca00000|100%| E|CS|TAMS 0x000000008c900000| PB 0x000000008c900000| Complete 
| 202|0x000000008ca00000, 0x000000008cb00000, 0x000000008cb00000|100%| E|CS|TAMS 0x000000008ca00000| PB 0x000000008ca00000| Complete 
| 203|0x000000008cb00000, 0x000000008cc00000, 0x000000008cc00000|100%| E|CS|TAMS 0x000000008cb00000| PB 0x000000008cb00000| Complete 
| 204|0x000000008cc00000, 0x000000008cd00000, 0x000000008cd00000|100%| E|CS|TAMS 0x000000008cc00000| PB 0x000000008cc00000| Complete 
| 205|0x000000008cd00000, 0x000000008ce00000, 0x000000008ce00000|100%| E|CS|TAMS 0x000000008cd00000| PB 0x000000008cd00000| Complete 
| 206|0x000000008ce00000, 0x000000008cf00000, 0x000000008cf00000|100%| E|CS|TAMS 0x000000008ce00000| PB 0x000000008ce00000| Complete 
| 207|0x000000008cf00000, 0x000000008d000000, 0x000000008d000000|100%| E|CS|TAMS 0x000000008cf00000| PB 0x000000008cf00000| Complete 
| 208|0x000000008d000000, 0x000000008d100000, 0x000000008d100000|100%| E|CS|TAMS 0x000000008d000000| PB 0x000000008d000000| Complete 
| 209|0x000000008d100000, 0x000000008d200000, 0x000000008d200000|100%| E|CS|TAMS 0x000000008d100000| PB 0x000000008d100000| Complete 
| 210|0x000000008d200000, 0x000000008d300000, 0x000000008d300000|100%| E|CS|TAMS 0x000000008d200000| PB 0x000000008d200000| Complete 
| 211|0x000000008d300000, 0x000000008d400000, 0x000000008d400000|100%| E|CS|TAMS 0x000000008d300000| PB 0x000000008d300000| Complete 
| 246|0x000000008f600000, 0x000000008f700000, 0x000000008f700000|100%| E|CS|TAMS 0x000000008f600000| PB 0x000000008f600000| Complete 
| 247|0x000000008f700000, 0x000000008f800000, 0x000000008f800000|100%| E|CS|TAMS 0x000000008f700000| PB 0x000000008f700000| Complete 
|2041|0x00000000ff900000, 0x00000000ffa00000, 0x00000000ffa00000|100%| O|  |TAMS 0x00000000ff900000| PB 0x00000000ff900000| Untracked 
|2042|0x00000000ffa00000, 0x00000000ffb00000, 0x00000000ffb00000|100%| E|CS|TAMS 0x00000000ffa00000| PB 0x00000000ffa00000| Complete 
|2043|0x00000000ffb00000, 0x00000000ffc00000, 0x00000000ffc00000|100%| O|  |TAMS 0x00000000ffb00000| PB 0x00000000ffb00000| Untracked 
|2044|0x00000000ffc00000, 0x00000000ffd00000, 0x00000000ffd00000|100%| O|  |TAMS 0x00000000ffc00000| PB 0x00000000ffc00000| Untracked 
|2045|0x00000000ffd00000, 0x00000000ffe00000, 0x00000000ffe00000|100%| O|  |TAMS 0x00000000ffd00000| PB 0x00000000ffd00000| Untracked 
|2046|0x00000000ffe00000, 0x00000000fff00000, 0x00000000fff00000|100%| O|  |TAMS 0x00000000ffe00000| PB 0x00000000ffe00000| Untracked 
|2047|0x00000000fff00000, 0x0000000100000000, 0x0000000100000000|100%| O|  |TAMS 0x00000000fff00000| PB 0x00000000fff00000| Untracked 

Card table byte_map: [0x0000021b42040000,0x0000021b42440000] _byte_map_base: 0x0000021b41c40000

Marking Bits: (CMBitMap*) 0x0000021b297296e0
 Bits: [0x0000021b42440000, 0x0000021b44440000)

Polling page: 0x0000021b27990000

Metaspace:

Usage:
  Non-class:    111.01 MB used.
      Class:     18.24 MB used.
       Both:    129.25 MB used.

Virtual space:
  Non-class space:      128.00 MB reserved,     112.31 MB ( 88%) committed,  2 nodes.
      Class space:        1.00 GB reserved,      19.50 MB (  2%) committed,  1 nodes.
             Both:        1.12 GB reserved,     131.81 MB ( 11%) committed. 

Chunk freelists:
   Non-Class:  15.55 MB
       Class:  12.53 MB
        Both:  28.08 MB

MaxMetaspaceSize: unlimited
CompressedClassSpaceSize: 1.00 GB
Initial GC threshold: 21.00 MB
Current GC threshold: 215.00 MB
CDS: on
 - commit_granule_bytes: 65536.
 - commit_granule_words: 8192.
 - virtual_space_node_default_size: 8388608.
 - enlarge_chunks_in_place: 1.
 - use_allocation_guard: 0.


Internal statistics:

num_allocs_failed_limit: 12.
num_arena_births: 4678.
num_arena_deaths: 2.
num_vsnodes_births: 3.
num_vsnodes_deaths: 0.
num_space_committed: 2110.
num_space_uncommitted: 2.
num_chunks_returned_to_freelist: 29.
num_chunks_taken_from_freelist: 10693.
num_chunk_merges: 10.
num_chunk_splits: 7094.
num_chunks_enlarged: 4594.
num_inconsistent_stats: 0.

CodeHeap 'non-profiled nmethods': size=120000Kb used=9046Kb max_used=9046Kb free=110953Kb
 bounds [0x0000021b39c80000, 0x0000021b3a560000, 0x0000021b411b0000]
CodeHeap 'profiled nmethods': size=120000Kb used=27803Kb max_used=27803Kb free=92196Kb
 bounds [0x0000021b321b0000, 0x0000021b33ce0000, 0x0000021b396e0000]
CodeHeap 'non-nmethods': size=5760Kb used=2259Kb max_used=2308Kb free=3500Kb
 bounds [0x0000021b396e0000, 0x0000021b39950000, 0x0000021b39c80000]
 total_blobs=15565 nmethods=14620 adapters=848
 compilation: enabled
              stopped_count=0, restarted_count=0
 full_count=0

Compilation events (20 events):
Event: 18.503 Thread 0x0000021b91ab6f00 17336       4       com.android.tools.r8.internal.ta1::a (31 bytes)
Event: 18.504 Thread 0x0000021b88165370 nmethod 17389 0x0000021b33c8c890 code [0x0000021b33c8cb20, 0x0000021b33c8d590]
Event: 18.504 Thread 0x0000021b88165370 17430       1       com.android.tools.r8.internal.cn::r (2 bytes)
Event: 18.504 Thread 0x0000021b88165370 nmethod 17430 0x0000021b3a547410 code [0x0000021b3a5475a0, 0x0000021b3a547668]
Event: 18.504 Thread 0x0000021b88165370 17432       2       com.android.tools.r8.internal.ev2::a (43 bytes)
Event: 18.504 Thread 0x0000021b88165370 nmethod 17432 0x0000021b33c8db90 code [0x0000021b33c8dd40, 0x0000021b33c8deb0]
Event: 18.504 Thread 0x0000021b88165370 17433       2       com.android.tools.r8.internal.kw$$Lambda/0x0000021b492e15a0::get (12 bytes)
Event: 18.504 Thread 0x0000021b88165370 nmethod 17433 0x0000021b33c8df90 code [0x0000021b33c8e140, 0x0000021b33c8e288]
Event: 18.504 Thread 0x0000021b88165370 17434       2       com.android.tools.r8.internal.kw::a (8 bytes)
Event: 18.504 Thread 0x0000021b91ab6f00 nmethod 17336 0x0000021b3a547710 code [0x0000021b3a5478a0, 0x0000021b3a547990]
Event: 18.504 Thread 0x0000021b88165370 nmethod 17434 0x0000021b33c8e390 code [0x0000021b33c8e540, 0x0000021b33c8e678]
Event: 18.504 Thread 0x0000021b88165370 17440       2       com.android.tools.r8.internal.jn2::a (200 bytes)
Event: 18.504 Thread 0x0000021b91ab6f00 17322       4       com.android.tools.r8.internal.oj4::j0 (25 bytes)
Event: 18.504 Thread 0x0000021b88165370 nmethod 17440 0x0000021b33c8e710 code [0x0000021b33c8e960, 0x0000021b33c8f0e8]
Event: 18.504 Thread 0x0000021b88165370 17441       2       com.android.tools.r8.internal.ri4::a (43 bytes)
Event: 18.504 Thread 0x0000021b88165370 nmethod 17441 0x0000021b33c8f610 code [0x0000021b33c8f800, 0x0000021b33c8fac0]
Event: 18.505 Thread 0x0000021b88165370 17438       2       com.android.tools.r8.internal.c61::iterator (6 bytes)
Event: 18.505 Thread 0x0000021b88165370 nmethod 17438 0x0000021b33c8fc10 code [0x0000021b33c8fdc0, 0x0000021b33c8fef8]
Event: 18.505 Thread 0x0000021b88165370 17439       2       com.android.tools.r8.internal.wi3::f (54 bytes)
Event: 19.504 Thread 0x0000021b88165370 nmethod 17439 0x0000021b33c8ff90 code [0x0000021b33c90180, 0x0000021b33c90518]

GC Heap History (20 events):
Event: 8.643 GC heap before
{Heap before GC invocations=28 (full 0):
 garbage-first heap   total 145408K, used 93894K [0x0000000080000000, 0x0000000100000000)
  region size 1024K, 9 young (9216K), 5 survivors (5120K)
 Metaspace       used 97654K, committed 100032K, reserved 1179648K
  class space    used 13650K, committed 14848K, reserved 1048576K
}
Event: 8.645 GC heap after
{Heap after GC invocations=29 (full 0):
 garbage-first heap   total 145408K, used 91524K [0x0000000080000000, 0x0000000100000000)
  region size 1024K, 3 young (3072K), 3 survivors (3072K)
 Metaspace       used 97654K, committed 100032K, reserved 1179648K
  class space    used 13650K, committed 14848K, reserved 1048576K
}
Event: 9.306 GC heap before
{Heap before GC invocations=30 (full 0):
 garbage-first heap   total 157696K, used 138628K [0x0000000080000000, 0x0000000100000000)
  region size 1024K, 43 young (44032K), 3 survivors (3072K)
 Metaspace       used 104107K, committed 106560K, reserved 1179648K
  class space    used 14382K, committed 15616K, reserved 1048576K
}
Event: 9.310 GC heap after
{Heap after GC invocations=31 (full 0):
 garbage-first heap   total 157696K, used 105472K [0x0000000080000000, 0x0000000100000000)
  region size 1024K, 6 young (6144K), 6 survivors (6144K)
 Metaspace       used 104107K, committed 106560K, reserved 1179648K
  class space    used 14382K, committed 15616K, reserved 1048576K
}
Event: 9.671 GC heap before
{Heap before GC invocations=31 (full 0):
 garbage-first heap   total 157696K, used 141312K [0x0000000080000000, 0x0000000100000000)
  region size 1024K, 42 young (43008K), 6 survivors (6144K)
 Metaspace       used 107604K, committed 110080K, reserved 1179648K
  class space    used 14775K, committed 16000K, reserved 1048576K
}
Event: 9.675 GC heap after
{Heap after GC invocations=32 (full 0):
 garbage-first heap   total 157696K, used 107483K [0x0000000080000000, 0x0000000100000000)
  region size 1024K, 6 young (6144K), 6 survivors (6144K)
 Metaspace       used 107604K, committed 110080K, reserved 1179648K
  class space    used 14775K, committed 16000K, reserved 1048576K
}
Event: 9.767 GC heap before
{Heap before GC invocations=32 (full 0):
 garbage-first heap   total 157696K, used 141275K [0x0000000080000000, 0x0000000100000000)
  region size 1024K, 40 young (40960K), 6 survivors (6144K)
 Metaspace       used 107880K, committed 110400K, reserved 1179648K
  class space    used 14823K, committed 16064K, reserved 1048576K
}
Event: 9.772 GC heap after
{Heap after GC invocations=33 (full 0):
 garbage-first heap   total 157696K, used 112547K [0x0000000080000000, 0x0000000100000000)
  region size 1024K, 5 young (5120K), 5 survivors (5120K)
 Metaspace       used 107880K, committed 110400K, reserved 1179648K
  class space    used 14823K, committed 16064K, reserved 1048576K
}
Event: 10.013 GC heap before
{Heap before GC invocations=34 (full 0):
 garbage-first heap   total 188416K, used 141219K [0x0000000080000000, 0x0000000100000000)
  region size 1024K, 34 young (34816K), 5 survivors (5120K)
 Metaspace       used 109153K, committed 111616K, reserved 1179648K
  class space    used 14987K, committed 16192K, reserved 1048576K
}
Event: 10.016 GC heap after
{Heap after GC invocations=35 (full 0):
 garbage-first heap   total 188416K, used 114299K [0x0000000080000000, 0x0000000100000000)
  region size 1024K, 2 young (2048K), 2 survivors (2048K)
 Metaspace       used 109153K, committed 111616K, reserved 1179648K
  class space    used 14987K, committed 16192K, reserved 1048576K
}
Event: 10.252 GC heap before
{Heap before GC invocations=35 (full 0):
 garbage-first heap   total 188416K, used 169595K [0x0000000080000000, 0x0000000100000000)
  region size 1024K, 57 young (58368K), 2 survivors (2048K)
 Metaspace       used 109277K, committed 111808K, reserved 1179648K
  class space    used 14995K, committed 16256K, reserved 1048576K
}
Event: 10.255 GC heap after
{Heap after GC invocations=36 (full 0):
 garbage-first heap   total 188416K, used 114853K [0x0000000080000000, 0x0000000100000000)
  region size 1024K, 4 young (4096K), 4 survivors (4096K)
 Metaspace       used 109277K, committed 111808K, reserved 1179648K
  class space    used 14995K, committed 16256K, reserved 1048576K
}
Event: 10.736 GC heap before
{Heap before GC invocations=36 (full 0):
 garbage-first heap   total 188416K, used 171173K [0x0000000080000000, 0x0000000100000000)
  region size 1024K, 60 young (61440K), 4 survivors (4096K)
 Metaspace       used 111279K, committed 113856K, reserved 1179648K
  class space    used 15207K, committed 16512K, reserved 1048576K
}
Event: 10.739 GC heap after
{Heap after GC invocations=37 (full 0):
 garbage-first heap   total 226304K, used 119047K [0x0000000080000000, 0x0000000100000000)
  region size 1024K, 8 young (8192K), 8 survivors (8192K)
 Metaspace       used 111279K, committed 113856K, reserved 1179648K
  class space    used 15207K, committed 16512K, reserved 1048576K
}
Event: 13.142 GC heap before
{Heap before GC invocations=38 (full 0):
 garbage-first heap   total 226304K, used 206087K [0x0000000080000000, 0x0000000100000000)
  region size 1024K, 92 young (94208K), 8 survivors (8192K)
 Metaspace       used 112858K, committed 115328K, reserved 1179648K
  class space    used 15407K, committed 16640K, reserved 1048576K
}
Event: 13.146 GC heap after
{Heap after GC invocations=39 (full 0):
 garbage-first heap   total 226304K, used 123895K [0x0000000080000000, 0x0000000100000000)
  region size 1024K, 10 young (10240K), 10 survivors (10240K)
 Metaspace       used 112858K, committed 115328K, reserved 1179648K
  class space    used 15407K, committed 16640K, reserved 1048576K
}
Event: 14.705 GC heap before
{Heap before GC invocations=39 (full 0):
 garbage-first heap   total 226304K, used 201719K [0x0000000080000000, 0x0000000100000000)
  region size 1024K, 87 young (89088K), 10 survivors (10240K)
 Metaspace       used 119796K, committed 122368K, reserved 1179648K
  class space    used 16514K, committed 17792K, reserved 1048576K
}
Event: 14.710 GC heap after
{Heap after GC invocations=40 (full 0):
 garbage-first heap   total 226304K, used 129420K [0x0000000080000000, 0x0000000100000000)
  region size 1024K, 11 young (11264K), 11 survivors (11264K)
 Metaspace       used 119796K, committed 122368K, reserved 1179648K
  class space    used 16514K, committed 17792K, reserved 1048576K
}
Event: 15.166 GC heap before
{Heap before GC invocations=40 (full 0):
 garbage-first heap   total 226304K, used 201100K [0x0000000080000000, 0x0000000100000000)
  region size 1024K, 82 young (83968K), 11 survivors (11264K)
 Metaspace       used 129037K, committed 131648K, reserved 1179648K
  class space    used 18250K, committed 19520K, reserved 1048576K
}
Event: 15.173 GC heap after
{Heap after GC invocations=41 (full 0):
 garbage-first heap   total 226304K, used 134533K [0x0000000080000000, 0x0000000100000000)
  region size 1024K, 4 young (4096K), 4 survivors (4096K)
 Metaspace       used 129037K, committed 131648K, reserved 1179648K
  class space    used 18250K, committed 19520K, reserved 1048576K
}

Dll operation events (15 events):
Event: 0.087 Loaded shared library C:\Users\16696\.gradle\jdks\eclipse_adoptium-21-amd64-windows.2\bin\java.dll
Event: 0.130 Loaded shared library C:\Users\16696\.gradle\jdks\eclipse_adoptium-21-amd64-windows.2\bin\jsvml.dll
Event: 0.152 Loaded shared library C:\Users\16696\.gradle\jdks\eclipse_adoptium-21-amd64-windows.2\bin\zip.dll
Event: 0.156 Loaded shared library C:\Users\16696\.gradle\jdks\eclipse_adoptium-21-amd64-windows.2\bin\instrument.dll
Event: 0.160 Loaded shared library C:\Users\16696\.gradle\jdks\eclipse_adoptium-21-amd64-windows.2\bin\net.dll
Event: 0.163 Loaded shared library C:\Users\16696\.gradle\jdks\eclipse_adoptium-21-amd64-windows.2\bin\nio.dll
Event: 0.165 Loaded shared library C:\Users\16696\.gradle\jdks\eclipse_adoptium-21-amd64-windows.2\bin\zip.dll
Event: 0.258 Loaded shared library C:\Users\16696\.gradle\jdks\eclipse_adoptium-21-amd64-windows.2\bin\jimage.dll
Event: 0.375 Loaded shared library C:\Users\16696\.gradle\jdks\eclipse_adoptium-21-amd64-windows.2\bin\verify.dll
Event: 0.394 Loaded shared library C:\Users\16696\.gradle\native\660c5614fbf4a5f2a75b1949f50a0caf5cd603558e7d8a26e50b933a0cfb79d1\windows-amd64\native-platform.dll
Event: 0.402 Loaded shared library C:\Users\16696\.gradle\native\0.2.8\x86_64-windows-gnu\gradle-fileevents.dll
Event: 0.854 Loaded shared library C:\Users\16696\.gradle\jdks\eclipse_adoptium-21-amd64-windows.2\bin\management.dll
Event: 0.856 Loaded shared library C:\Users\16696\.gradle\jdks\eclipse_adoptium-21-amd64-windows.2\bin\management_ext.dll
Event: 0.939 Loaded shared library C:\Users\16696\.gradle\jdks\eclipse_adoptium-21-amd64-windows.2\bin\extnet.dll
Event: 1.087 Loaded shared library C:\Users\16696\.gradle\jdks\eclipse_adoptium-21-amd64-windows.2\bin\sunmscapi.dll

Deoptimization events (20 events):
Event: 18.486 Thread 0x0000021b93ff3ed0 Uncommon trap: trap_request=0xffffffc6 fr.pc=0x0000021b3a008828 relative=0x0000000000000b88
Event: 18.486 Thread 0x0000021b93ff3ed0 Uncommon trap: reason=bimorphic_or_optimized_type_check action=maybe_recompile pc=0x0000021b3a008828 method=java.util.HashMap.removeNode(ILjava/lang/Object;Ljava/lang/Object;ZZ)Ljava/util/HashMap$Node; @ 143 c2
Event: 18.486 Thread 0x0000021b93ff3ed0 DEOPT PACKING pc=0x0000021b3a008828 sp=0x000000d1494fc080
Event: 18.486 Thread 0x0000021b93ff3ed0 DEOPT UNPACKING pc=0x0000021b397346a2 sp=0x000000d1494fc018 mode 2
Event: 18.486 Thread 0x0000021b93ff3ed0 Uncommon trap: trap_request=0xffffffc6 fr.pc=0x0000021b3a008828 relative=0x0000000000000b88
Event: 18.487 Thread 0x0000021b93ff3ed0 Uncommon trap: reason=bimorphic_or_optimized_type_check action=maybe_recompile pc=0x0000021b3a008828 method=java.util.HashMap.removeNode(ILjava/lang/Object;Ljava/lang/Object;ZZ)Ljava/util/HashMap$Node; @ 143 c2
Event: 18.487 Thread 0x0000021b93ff3ed0 DEOPT PACKING pc=0x0000021b3a008828 sp=0x000000d1494fc080
Event: 18.487 Thread 0x0000021b93ff3ed0 DEOPT UNPACKING pc=0x0000021b397346a2 sp=0x000000d1494fc018 mode 2
Event: 18.487 Thread 0x0000021b93ff3ed0 Uncommon trap: trap_request=0xffffffc6 fr.pc=0x0000021b3a008828 relative=0x0000000000000b88
Event: 18.487 Thread 0x0000021b93ff3ed0 Uncommon trap: reason=bimorphic_or_optimized_type_check action=maybe_recompile pc=0x0000021b3a008828 method=java.util.HashMap.removeNode(ILjava/lang/Object;Ljava/lang/Object;ZZ)Ljava/util/HashMap$Node; @ 143 c2
Event: 18.487 Thread 0x0000021b93ff3ed0 DEOPT PACKING pc=0x0000021b3a008828 sp=0x000000d1494fc080
Event: 18.487 Thread 0x0000021b93ff3ed0 DEOPT UNPACKING pc=0x0000021b397346a2 sp=0x000000d1494fc018 mode 2
Event: 18.488 Thread 0x0000021b93ff3ed0 Uncommon trap: trap_request=0xffffff45 fr.pc=0x0000021b3a05a698 relative=0x00000000000009b8
Event: 18.488 Thread 0x0000021b93ff3ed0 Uncommon trap: reason=unstable_if action=reinterpret pc=0x0000021b3a05a698 method=com.android.tools.r8.internal.ta1.K0()Lcom/android/tools/r8/internal/ta1; @ 48 c2
Event: 18.488 Thread 0x0000021b93ff3ed0 DEOPT PACKING pc=0x0000021b3a05a698 sp=0x000000d1494fc200
Event: 18.488 Thread 0x0000021b93ff3ed0 DEOPT UNPACKING pc=0x0000021b397346a2 sp=0x000000d1494fc1e0 mode 2
Event: 18.496 Thread 0x0000021b93ff79e0 Uncommon trap: trap_request=0xffffff45 fr.pc=0x0000021b3a406374 relative=0x00000000000004b4
Event: 18.496 Thread 0x0000021b93ff79e0 Uncommon trap: reason=unstable_if action=reinterpret pc=0x0000021b3a406374 method=java.util.ArrayDeque.toArray(Ljava/lang/Class;)[Ljava/lang/Object; @ 23 c2
Event: 18.496 Thread 0x0000021b93ff79e0 DEOPT PACKING pc=0x0000021b3a406374 sp=0x000000d1496fcb00
Event: 18.496 Thread 0x0000021b93ff79e0 DEOPT UNPACKING pc=0x0000021b397346a2 sp=0x000000d1496fcad8 mode 2

Classes loaded (20 events):
Event: 14.175 Loading class java/nio/file/FileTreeIterator
Event: 14.175 Loading class java/nio/file/FileTreeIterator done
Event: 14.344 Loading class java/util/concurrent/RejectedExecutionException
Event: 14.344 Loading class java/util/concurrent/RejectedExecutionException done
Event: 15.003 Loading class java/util/IdentityHashMap$ValueIterator
Event: 15.004 Loading class java/util/IdentityHashMap$ValueIterator done
Event: 15.008 Loading class java/util/IdentityHashMap$EntrySet
Event: 15.009 Loading class java/util/IdentityHashMap$EntrySet done
Event: 15.009 Loading class java/util/IdentityHashMap$EntryIterator
Event: 15.009 Loading class java/util/IdentityHashMap$EntryIterator done
Event: 15.009 Loading class java/util/IdentityHashMap$EntryIterator$Entry
Event: 15.009 Loading class java/util/IdentityHashMap$EntryIterator$Entry done
Event: 15.111 Loading class java/util/IdentityHashMap$EntrySpliterator
Event: 15.112 Loading class java/util/IdentityHashMap$IdentityHashMapSpliterator
Event: 15.112 Loading class java/util/IdentityHashMap$IdentityHashMapSpliterator done
Event: 15.112 Loading class java/util/IdentityHashMap$EntrySpliterator done
Event: 15.114 Loading class java/util/stream/SortedOps$RefSortingSink
Event: 15.115 Loading class java/util/stream/SortedOps$RefSortingSink done
Event: 15.133 Loading class java/util/SortedSet$1
Event: 15.133 Loading class java/util/SortedSet$1 done

Classes unloaded (20 events):
Event: 10.777 Thread 0x0000021b2987e5c0 Unloading class 0x0000021b48f16dd0 'jdk/internal/jimage/ImageHeader'
Event: 10.777 Thread 0x0000021b2987e5c0 Unloading class 0x0000021b48f16ba8 'jdk/internal/jimage/BasicImageReader$2'
Event: 10.777 Thread 0x0000021b2987e5c0 Unloading class 0x0000021b48f16980 'jdk/internal/jimage/BasicImageReader$1'
Event: 10.777 Thread 0x0000021b2987e5c0 Unloading class 0x0000021b48f16720 'jdk/internal/jimage/ImageReader$Resource'
Event: 10.777 Thread 0x0000021b2987e5c0 Unloading class 0x0000021b48f164c0 'jdk/internal/jimage/ImageReader$LinkNode'
Event: 10.777 Thread 0x0000021b2987e5c0 Unloading class 0x0000021b48f16260 'jdk/internal/jimage/ImageReader$Directory'
Event: 10.777 Thread 0x0000021b2987e5c0 Unloading class 0x0000021b48f16000 'jdk/internal/jimage/ImageReader$Node'
Event: 10.777 Thread 0x0000021b2987e5c0 Unloading class 0x0000021b48f15de0 'jdk/internal/jimage/ImageStrings'
Event: 10.777 Thread 0x0000021b2987e5c0 Unloading class 0x0000021b48f15b28 'jdk/internal/jimage/ImageReader$SharedImageReader'
Event: 10.777 Thread 0x0000021b2987e5c0 Unloading class 0x0000021b48f15870 'jdk/internal/jimage/BasicImageReader'
Event: 10.777 Thread 0x0000021b2987e5c0 Unloading class 0x0000021b48f15658 'jdk/internal/jimage/ImageReader'
Event: 10.777 Thread 0x0000021b2987e5c0 Unloading class 0x0000021b48f15438 'jdk/internal/jrtfs/SystemImage$2'
Event: 10.777 Thread 0x0000021b2987e5c0 Unloading class 0x0000021b48f15228 'jdk/internal/jrtfs/SystemImage$$Lambda+0x0000021b48f15228'
Event: 10.777 Thread 0x0000021b2987e5c0 Unloading class 0x0000021b48f15000 'jdk/internal/jrtfs/ExplodedImage'
Event: 10.777 Thread 0x0000021b2987e5c0 Unloading class 0x0000021b48f14db0 'jdk/internal/jrtfs/SystemImage$1'
Event: 10.777 Thread 0x0000021b2987e5c0 Unloading class 0x0000021b48f14ba0 'jdk/internal/jrtfs/SystemImage'
Event: 10.777 Thread 0x0000021b2987e5c0 Unloading class 0x0000021b48f14948 'jdk/internal/jrtfs/JrtFileStore'
Event: 10.777 Thread 0x0000021b2987e5c0 Unloading class 0x0000021b48f145d8 'jdk/internal/jrtfs/JrtPath'
Event: 10.777 Thread 0x0000021b2987e5c0 Unloading class 0x0000021b48f142e8 'jdk/internal/jrtfs/JrtFileSystem'
Event: 10.777 Thread 0x0000021b2987e5c0 Unloading class 0x0000021b48f14000 'jdk/internal/jrtfs/JrtFileSystemProvider'

Classes redefined (0 events):
No events

Internal exceptions (20 events):
Event: 15.141 Thread 0x0000021b93876ef0 Exception <a 'sun/nio/fs/WindowsException'{0x000000008b222298}> (0x000000008b222298) 
thrown [s\src\hotspot\share\prims\jni.cpp, line 520]
Event: 15.174 Thread 0x0000021b9070ca10 Exception <a 'java/lang/NoSuchMethodError'{0x00000000ffa4d588}: 'int java.lang.invoke.DirectMethodHandle$Holder.invokeSpecial(java.lang.Object, java.lang.Object, java.lang.Object, int, java.lang.Object)'> (0x00000000ffa4d588) 
thrown [s\src\hotspot\share\interpreter\linkResolver.cpp, line 773]
Event: 15.174 Thread 0x0000021b9387b090 Exception <a 'java/lang/NoSuchMethodError'{0x00000000ffa6db38}: 'int java.lang.invoke.DirectMethodHandle$Holder.invokeSpecial(java.lang.Object, java.lang.Object, java.lang.Object, int, java.lang.Object)'> (0x00000000ffa6db38) 
thrown [s\src\hotspot\share\interpreter\linkResolver.cpp, line 773]
Event: 15.174 Thread 0x0000021b93ff6630 Exception <a 'java/lang/NoSuchMethodError'{0x00000000ffa843d8}: 'int java.lang.invoke.DirectMethodHandle$Holder.invokeSpecial(java.lang.Object, java.lang.Object, java.lang.Object, int, java.lang.Object)'> (0x00000000ffa843d8) 
thrown [s\src\hotspot\share\interpreter\linkResolver.cpp, line 773]
Event: 15.174 Thread 0x0000021b93ff5fa0 Exception <a 'java/lang/NoSuchMethodError'{0x00000000ffa19e78}: 'int java.lang.invoke.DirectMethodHandle$Holder.invokeSpecial(java.lang.Object, java.lang.Object, java.lang.Object, int, java.lang.Object)'> (0x00000000ffa19e78) 
thrown [s\src\hotspot\share\interpreter\linkResolver.cpp, line 773]
Event: 15.175 Thread 0x0000021b93ff4560 Exception <a 'java/lang/NoSuchMethodError'{0x00000000ffaa2760}: 'int java.lang.invoke.DirectMethodHandle$Holder.invokeSpecial(java.lang.Object, java.lang.Object, java.lang.Object, int, java.lang.Object)'> (0x00000000ffaa2760) 
thrown [s\src\hotspot\share\interpreter\linkResolver.cpp, line 773]
Event: 15.265 Thread 0x0000021b9387b090 Exception <a 'java/lang/NoSuchMethodError'{0x000000008ce2c110}: 'java.lang.Object java.lang.invoke.DirectMethodHandle$Holder.invokeSpecial(java.lang.Object, java.lang.Object, int, java.lang.Object, java.lang.Object, java.lang.Object, java.lang.Object, java.lang.Object, java.lang.Object, java.lang.Object, java.lang.Object, java.lang.Object, java.lang.Object, java.lang.Object)'> (0x000000008ce2c110) 
thrown [s\src\hotspot\share\interpreter\linkResolver.cpp, line 773]
Event: 16.314 Thread 0x0000021b93ff79e0 Implicit null exception at 0x0000021b39f48e16 to 0x0000021b39f49058
Event: 16.360 Thread 0x0000021b93ff79e0 Exception <a 'java/lang/NoSuchMethodError'{0x000000008b3b5960}: 'void java.lang.invoke.DirectMethodHandle$Holder.invokeVirtual(java.lang.Object, java.lang.Object, int)'> (0x000000008b3b5960) 
thrown [s\src\hotspot\share\interpreter\linkResolver.cpp, line 773]
Event: 16.363 Thread 0x0000021b9387b090 Exception <a 'java/lang/NoSuchMethodError'{0x000000008b20e6d0}: 'java.lang.Object java.lang.invoke.DirectMethodHandle$Holder.invokeInterface(java.lang.Object, java.lang.Object, int)'> (0x000000008b20e6d0) 
thrown [s\src\hotspot\share\interpreter\linkResolver.cpp, line 773]
Event: 16.418 Thread 0x0000021b93876ef0 Exception <a 'sun/nio/fs/WindowsException'{0x000000008aa00138}> (0x000000008aa00138) 
thrown [s\src\hotspot\share\prims\jni.cpp, line 520]
Event: 16.419 Thread 0x0000021b9387b090 Exception <a 'java/lang/IncompatibleClassChangeError'{0x000000008aa9cef8}: Found class java.lang.Object, but interface was expected> (0x000000008aa9cef8) 
thrown [s\src\hotspot\share\interpreter\linkResolver.cpp, line 840]
Event: 16.419 Thread 0x0000021b93ff79e0 Exception <a 'java/lang/IncompatibleClassChangeError'{0x000000008abc1d38}: Found class java.lang.Object, but interface was expected> (0x000000008abc1d38) 
thrown [s\src\hotspot\share\interpreter\linkResolver.cpp, line 840]
Event: 17.426 Thread 0x0000021b93ff3ed0 Implicit null exception at 0x0000021b3a52bb5e to 0x0000021b3a52be34
Event: 18.453 Thread 0x0000021b9387b090 Exception <a 'java/lang/IncompatibleClassChangeError'{0x000000008aaa7a60}: Found class java.lang.Object, but interface was expected> (0x000000008aaa7a60) 
thrown [s\src\hotspot\share\interpreter\linkResolver.cpp, line 840]
Event: 18.467 Thread 0x0000021b93876ef0 Exception <a 'sun/nio/fs/WindowsException'{0x000000008aa020f8}> (0x000000008aa020f8) 
thrown [s\src\hotspot\share\prims\jni.cpp, line 520]
Event: 18.478 Thread 0x0000021b93ff2b20 Exception <a 'java/lang/NoSuchMethodError'{0x000000008ab8ed48}: 'void java.lang.invoke.DirectMethodHandle$Holder.invokeSpecial(java.lang.Object, java.lang.Object, java.lang.Object, int, java.lang.Object, java.lang.Object, java.lang.Object, java.lang.Object)'> (0x000000008ab8ed48) 
thrown [s\src\hotspot\share\interpreter\linkResolver.cpp, line 773]
Event: 18.478 Thread 0x0000021b93ff4560 Exception <a 'java/lang/NoSuchMethodError'{0x000000008aa71c18}: 'void java.lang.invoke.DirectMethodHandle$Holder.invokeSpecial(java.lang.Object, java.lang.Object, java.lang.Object, int, java.lang.Object, java.lang.Object, java.lang.Object, java.lang.Object)'> (0x000000008aa71c18) 
thrown [s\src\hotspot\share\interpreter\linkResolver.cpp, line 773]
Event: 18.484 Thread 0x0000021b9387b090 Exception <a 'java/lang/IncompatibleClassChangeError'{0x000000008a161de0}: Found class java.lang.Object, but interface was expected> (0x000000008a161de0) 
thrown [s\src\hotspot\share\interpreter\linkResolver.cpp, line 840]
Event: 18.488 Thread 0x0000021b93ff2b20 Exception <a 'java/lang/NoSuchMethodError'{0x000000008a1c8568}: 'void java.lang.invoke.DirectMethodHandle$Holder.invokeStatic(java.lang.Object, java.lang.Object, java.lang.Object, java.lang.Object, java.lang.Object, java.lang.Object, java.lang.Object, java.lang.Object)'> (0x000000008a1c8568) 
thrown [s\src\hotspot\share\interpreter\linkResolver.cpp, line 773]

ZGC Phase Switch (0 events):
No events

VM Operations (20 events):
Event: 15.227 Executing VM operation: G1PauseRemark done
Event: 15.233 Executing VM operation: HandshakeAllThreads (Deoptimize)
Event: 15.233 Executing VM operation: HandshakeAllThreads (Deoptimize) done
Event: 15.269 Executing VM operation: G1PauseCleanup
Event: 15.270 Executing VM operation: G1PauseCleanup done
Event: 16.319 Executing VM operation: HandshakeAllThreads (Deoptimize)
Event: 16.319 Executing VM operation: HandshakeAllThreads (Deoptimize) done
Event: 16.319 Executing VM operation: Cleanup
Event: 16.319 Executing VM operation: Cleanup done
Event: 16.330 Executing VM operation: HandshakeAllThreads (Deoptimize)
Event: 16.330 Executing VM operation: HandshakeAllThreads (Deoptimize) done
Event: 16.333 Executing VM operation: HandshakeAllThreads (Deoptimize)
Event: 16.333 Executing VM operation: HandshakeAllThreads (Deoptimize) done
Event: 16.388 Executing VM operation: ICBufferFull
Event: 16.388 Executing VM operation: ICBufferFull done
Event: 18.391 Executing VM operation: Cleanup
Event: 18.451 Executing VM operation: Cleanup done
Event: 18.458 Executing VM operation: HandshakeAllThreads (Deoptimize)
Event: 18.458 Executing VM operation: HandshakeAllThreads (Deoptimize) done
Event: 19.458 Executing VM operation: Cleanup

Memory protections (0 events):
No events

Nmethod flushes (20 events):
Event: 15.225 Thread 0x0000021b2987e5c0 flushing  nmethod 0x0000021b32ae4610
Event: 15.225 Thread 0x0000021b2987e5c0 flushing  nmethod 0x0000021b32b7de10
Event: 15.225 Thread 0x0000021b2987e5c0 flushing  nmethod 0x0000021b32c1f010
Event: 15.225 Thread 0x0000021b2987e5c0 flushing  nmethod 0x0000021b32c61810
Event: 15.225 Thread 0x0000021b2987e5c0 flushing  nmethod 0x0000021b32d76890
Event: 15.225 Thread 0x0000021b2987e5c0 flushing  nmethod 0x0000021b32dac390
Event: 15.225 Thread 0x0000021b2987e5c0 flushing  nmethod 0x0000021b32dce690
Event: 15.225 Thread 0x0000021b2987e5c0 flushing  nmethod 0x0000021b32dd2a10
Event: 15.225 Thread 0x0000021b2987e5c0 flushing  nmethod 0x0000021b32dd6690
Event: 15.225 Thread 0x0000021b2987e5c0 flushing  nmethod 0x0000021b32eb3010
Event: 15.225 Thread 0x0000021b2987e5c0 flushing  nmethod 0x0000021b32ed8b10
Event: 15.225 Thread 0x0000021b2987e5c0 flushing  nmethod 0x0000021b33234410
Event: 15.225 Thread 0x0000021b2987e5c0 flushing  nmethod 0x0000021b3323f790
Event: 15.225 Thread 0x0000021b2987e5c0 flushing  nmethod 0x0000021b33241a10
Event: 15.225 Thread 0x0000021b2987e5c0 flushing  nmethod 0x0000021b333b9290
Event: 15.225 Thread 0x0000021b2987e5c0 flushing  nmethod 0x0000021b333c0490
Event: 15.225 Thread 0x0000021b2987e5c0 flushing  nmethod 0x0000021b334a2b10
Event: 15.225 Thread 0x0000021b2987e5c0 flushing  nmethod 0x0000021b3378c610
Event: 15.225 Thread 0x0000021b2987e5c0 flushing  nmethod 0x0000021b3378cd10
Event: 15.225 Thread 0x0000021b2987e5c0 flushing  nmethod 0x0000021b337ed410

Events (20 events):
Event: 10.983 Thread 0x0000021b9387aa00 Thread added: 0x0000021b9387b090
Event: 11.013 Thread 0x0000021b93ff79e0 Thread added: 0x0000021b9387d7f0
Event: 11.043 Thread 0x0000021b93ff79e0 Thread added: 0x0000021b9387c440
Event: 11.043 Thread 0x0000021b93ff79e0 Thread added: 0x0000021b9387d160
Event: 12.329 Thread 0x0000021b91ca8970 Thread exited: 0x0000021b91ca8970
Event: 12.356 Thread 0x0000021b88164cd0 Thread added: 0x0000021b91ab53c0
Event: 12.390 Thread 0x0000021b88164cd0 Thread added: 0x0000021b91ab4cf0
Event: 12.878 Thread 0x0000021b91ab4cf0 Thread exited: 0x0000021b91ab4cf0
Event: 12.878 Thread 0x0000021b91ab53c0 Thread exited: 0x0000021b91ab53c0
Event: 13.153 Thread 0x0000021b88164cd0 Thread added: 0x0000021b91ab4cf0
Event: 13.153 Thread 0x0000021b88164cd0 Thread added: 0x0000021b91ab75d0
Event: 13.575 Thread 0x0000021b91ab75d0 Thread exited: 0x0000021b91ab75d0
Event: 13.575 Thread 0x0000021b91ab4cf0 Thread exited: 0x0000021b91ab4cf0
Event: 14.164 Thread 0x0000021b93876ef0 Thread added: 0x0000021b9070ca10
Event: 14.164 Thread 0x0000021b93876ef0 Thread added: 0x0000021b93ff5fa0
Event: 14.165 Thread 0x0000021b93876ef0 Thread added: 0x0000021b93ff4560
Event: 14.165 Thread 0x0000021b93876ef0 Thread added: 0x0000021b93ff2b20
Event: 14.165 Thread 0x0000021b93876ef0 Thread added: 0x0000021b93ff6630
Event: 14.176 Thread 0x0000021b88165370 Thread added: 0x0000021b91ab4cf0
Event: 14.564 Thread 0x0000021b88165370 Thread added: 0x0000021b91ab6f00


Dynamic libraries:
0x00007ff671130000 - 0x00007ff67113e000 	C:\Users\16696\.gradle\jdks\eclipse_adoptium-21-amd64-windows.2\bin\java.exe
0x00007ffcb7e20000 - 0x00007ffcb8086000 	C:\Windows\SYSTEM32\ntdll.dll
0x00007ffcb6ef0000 - 0x00007ffcb6fb9000 	C:\Windows\System32\KERNEL32.DLL
0x00007ffcb5790000 - 0x00007ffcb5b8a000 	C:\Windows\System32\KERNELBASE.dll
0x00007ffc90560000 - 0x00007ffc9060f000 	d:\Trea\Trae CN\resources\app\modules\sandbox\x64\sbox_core.dll
0x00007ffcb50e0000 - 0x00007ffcb522c000 	C:\Windows\System32\ucrtbase.dll
0x00007ffc9f400000 - 0x00007ffc9f41e000 	C:\Users\16696\.gradle\jdks\eclipse_adoptium-21-amd64-windows.2\bin\VCRUNTIME140.dll
0x00007ffc98520000 - 0x00007ffc98538000 	C:\Users\16696\.gradle\jdks\eclipse_adoptium-21-amd64-windows.2\bin\jli.dll
0x00007ffcb78e0000 - 0x00007ffcb7aa7000 	C:\Windows\System32\USER32.dll
0x00007ffcb50b0000 - 0x00007ffcb50d7000 	C:\Windows\System32\win32u.dll
0x00007ffc987f0000 - 0x00007ffc98a82000 	C:\Windows\WinSxS\amd64_microsoft.windows.common-controls_6595b64144ccf1df_6.0.26100.8521_none_3e08b75ce33403b3\COMCTL32.dll
0x00007ffcb7ab0000 - 0x00007ffcb7adb000 	C:\Windows\System32\GDI32.dll
0x00007ffcb5230000 - 0x00007ffcb535b000 	C:\Windows\System32\gdi32full.dll
0x00007ffcb6ce0000 - 0x00007ffcb6d89000 	C:\Windows\System32\msvcrt.dll
0x00007ffcb5410000 - 0x00007ffcb54b3000 	C:\Windows\System32\msvcp_win.dll
0x00007ffc90610000 - 0x00007ffc906a0000 	d:\Trea\Trae CN\resources\app\modules\sandbox\x64\sbox_ipc.dll
0x00007ffcb7ae0000 - 0x00007ffcb7b12000 	C:\Windows\System32\IMM32.DLL
0x00007ffcb2620000 - 0x00007ffcb2862000 	C:\Windows\SYSTEM32\dbghelp.dll
0x00007ffcb64a0000 - 0x00007ffcb6823000 	C:\Windows\System32\combase.dll
0x00007ffcb77c0000 - 0x00007ffcb78d8000 	C:\Windows\System32\RPCRT4.dll
0x00007ffcb6320000 - 0x00007ffcb63f9000 	C:\Windows\System32\OLEAUT32.dll
0x00007ffc90f00000 - 0x00007ffc90f3b000 	C:\Windows\SYSTEM32\dbgcore.DLL
0x00007ffca6410000 - 0x00007ffca641c000 	C:\Users\16696\.gradle\jdks\eclipse_adoptium-21-amd64-windows.2\bin\vcruntime140_1.dll
0x00007ffc90440000 - 0x00007ffc904cd000 	C:\Users\16696\.gradle\jdks\eclipse_adoptium-21-amd64-windows.2\bin\msvcp140.dll
0x00007ffc380c0000 - 0x00007ffc38e50000 	C:\Users\16696\.gradle\jdks\eclipse_adoptium-21-amd64-windows.2\bin\server\jvm.dll
0x00007ffcb70c0000 - 0x00007ffcb7176000 	C:\Windows\System32\ADVAPI32.dll
0x00007ffcb7280000 - 0x00007ffcb732a000 	C:\Windows\System32\sechost.dll
0x00007ffcb6400000 - 0x00007ffcb6480000 	C:\Windows\System32\WS2_32.dll
0x00007ffcb4f10000 - 0x00007ffcb4f6e000 	C:\Windows\SYSTEM32\POWRPROF.dll
0x00007ffcae0c0000 - 0x00007ffcae0f6000 	C:\Windows\SYSTEM32\WINMM.dll
0x00007ffcade90000 - 0x00007ffcade9b000 	C:\Windows\SYSTEM32\VERSION.dll
0x00007ffcb4ef0000 - 0x00007ffcb4f04000 	C:\Windows\SYSTEM32\UMPDC.dll
0x00007ffcb3e10000 - 0x00007ffcb3e2b000 	C:\Windows\SYSTEM32\kernel.appcore.dll
0x00007ffca0210000 - 0x00007ffca021a000 	C:\Users\16696\.gradle\jdks\eclipse_adoptium-21-amd64-windows.2\bin\jimage.dll
0x00007ffcb5360000 - 0x00007ffcb5408000 	C:\Windows\System32\bcryptPrimitives.dll
0x00007ffcb38d0000 - 0x00007ffcb3a1a000 	C:\Windows\SYSTEM32\dnsapi.dll
0x00007ffcb4190000 - 0x00007ffcb419d000 	C:\Windows\SYSTEM32\DSPARSE.dll
0x00007ffcb3830000 - 0x00007ffcb3863000 	C:\Windows\SYSTEM32\IPHLPAPI.DLL
0x00007ffcb6490000 - 0x00007ffcb649a000 	C:\Windows\System32\NSI.dll
0x00007ffc9ae50000 - 0x00007ffc9ae5f000 	C:\Users\16696\.gradle\jdks\eclipse_adoptium-21-amd64-windows.2\bin\instrument.dll
0x00007ffc93db0000 - 0x00007ffc93dcf000 	C:\Users\16696\.gradle\jdks\eclipse_adoptium-21-amd64-windows.2\bin\java.dll
0x00007ffcb5b90000 - 0x00007ffcb6314000 	C:\Windows\System32\Shell32.dll
0x00007ffcb2c50000 - 0x00007ffcb34d0000 	C:\Windows\SYSTEM32\windows.storage.dll
0x00007ffcb6fc0000 - 0x00007ffcb70b6000 	C:\Windows\System32\shcore.dll
0x00007ffcb13e0000 - 0x00007ffcb148a000 	C:\Windows\system32\uxtheme.dll
0x00007ffcb7ba0000 - 0x00007ffcb7c07000 	C:\Windows\System32\shlwapi.dll
0x00007ffcb6830000 - 0x00007ffcb68de000 	C:\Windows\System32\clbcatq.dll
0x00007ffc9a690000 - 0x00007ffc9ace7000 	C:\Windows\System32\OneCoreUAPCommonProxyStub.dll
0x00007ffcb7c40000 - 0x00007ffcb7dd8000 	C:\Windows\System32\ole32.dll
0x00007ffcb4c30000 - 0x00007ffcb4c81000 	C:\Windows\SYSTEM32\CFGMGR32.dll
0x00007ffc97b10000 - 0x00007ffc97ced000 	C:\Windows\System32\urlmon.dll
0x00007ffc99300000 - 0x00007ffc995c5000 	C:\Windows\System32\iertutil.dll
0x00007ffc9b5a0000 - 0x00007ffc9b5c9000 	C:\Windows\System32\srvcli.dll
0x00007ffcb37a0000 - 0x00007ffcb37ad000 	C:\Windows\System32\netutils.dll
0x00007ffcb40c0000 - 0x00007ffcb4109000 	C:\Windows\System32\SspiCli.dll
0x00007ffcafb30000 - 0x00007ffcafc36000 	C:\Windows\System32\PROPSYS.dll
0x00007ffcaddb0000 - 0x00007ffcaddc7000 	C:\Windows\SYSTEM32\virtdisk.dll
0x00007ffc90d80000 - 0x00007ffc90ef8000 	C:\Windows\System32\Windows.System.Launcher.dll
0x00007ffc990e0000 - 0x00007ffc990fd000 	C:\Windows\SYSTEM32\windows.staterepositorycore.dll
0x00007ffcae880000 - 0x00007ffcae9ea000 	C:\Windows\System32\wintypes.dll
0x00007ffc919f0000 - 0x00007ffc91ab4000 	C:\Windows\System32\Windows.StateRepositoryPS.dll
0x00007ffcb3f40000 - 0x00007ffcb3f76000 	C:\Windows\SYSTEM32\ntmarta.dll
0x00007ffc90ac0000 - 0x00007ffc90b80000 	C:\Windows\System32\Windows.FileExplorer.Common.dll
0x00007ffc99070000 - 0x00007ffc990b7000 	C:\Windows\SYSTEM32\windows.staterepositoryclient.dll
0x00007ffc906e0000 - 0x00007ffc90710000 	C:\Windows\System32\cldapi.dll
0x00007ffcb4fd0000 - 0x00007ffcb4ff9000 	C:\Windows\SYSTEM32\profapi.dll
0x00007ffc6b980000 - 0x00007ffc6ba57000 	C:\Users\16696\.gradle\jdks\eclipse_adoptium-21-amd64-windows.2\bin\jsvml.dll
0x00007ffc93120000 - 0x00007ffc93138000 	C:\Users\16696\.gradle\jdks\eclipse_adoptium-21-amd64-windows.2\bin\zip.dll
0x00007ffc98cf0000 - 0x00007ffc98d00000 	C:\Users\16696\.gradle\jdks\eclipse_adoptium-21-amd64-windows.2\bin\net.dll
0x00007ffcae100000 - 0x00007ffcae229000 	C:\Windows\SYSTEM32\WINHTTP.dll
0x00007ffcb4390000 - 0x00007ffcb43fc000 	C:\Windows\system32\mswsock.dll
0x00007ffc930b0000 - 0x00007ffc930c6000 	C:\Users\16696\.gradle\jdks\eclipse_adoptium-21-amd64-windows.2\bin\nio.dll
0x00007ffc985f0000 - 0x00007ffc98600000 	C:\Users\16696\.gradle\jdks\eclipse_adoptium-21-amd64-windows.2\bin\verify.dll
0x00007ffc937e0000 - 0x00007ffc93807000 	C:\Users\16696\.gradle\native\660c5614fbf4a5f2a75b1949f50a0caf5cd603558e7d8a26e50b933a0cfb79d1\windows-amd64\native-platform.dll
0x00007ffc90390000 - 0x00007ffc90407000 	C:\Users\16696\.gradle\native\0.2.8\x86_64-windows-gnu\gradle-fileevents.dll
0x00007ffc93c40000 - 0x00007ffc93c4a000 	C:\Users\16696\.gradle\jdks\eclipse_adoptium-21-amd64-windows.2\bin\management.dll
0x00007ffc937a0000 - 0x00007ffc937ab000 	C:\Users\16696\.gradle\jdks\eclipse_adoptium-21-amd64-windows.2\bin\management_ext.dll
0x00007ffcb6be0000 - 0x00007ffcb6be8000 	C:\Windows\System32\PSAPI.DLL
0x00007ffc934c0000 - 0x00007ffc934c9000 	C:\Users\16696\.gradle\jdks\eclipse_adoptium-21-amd64-windows.2\bin\extnet.dll
0x00007ffcb46a0000 - 0x00007ffcb46bb000 	C:\Windows\SYSTEM32\CRYPTSP.dll
0x00007ffcb3d70000 - 0x00007ffcb3da9000 	C:\Windows\system32\rsaenh.dll
0x00007ffcb4440000 - 0x00007ffcb4473000 	C:\Windows\SYSTEM32\USERENV.dll
0x00007ffcb4fa0000 - 0x00007ffcb4fca000 	C:\Windows\SYSTEM32\bcrypt.dll
0x00007ffcb4690000 - 0x00007ffcb469c000 	C:\Windows\SYSTEM32\CRYPTBASE.dll
0x00007ffc93110000 - 0x00007ffc9311e000 	C:\Users\16696\.gradle\jdks\eclipse_adoptium-21-amd64-windows.2\bin\sunmscapi.dll
0x00007ffcb5610000 - 0x00007ffcb5788000 	C:\Windows\System32\CRYPT32.dll
0x00007ffcb48b0000 - 0x00007ffcb48e0000 	C:\Windows\SYSTEM32\ncrypt.dll
0x00007ffcb4860000 - 0x00007ffcb489f000 	C:\Windows\SYSTEM32\NTASN1.dll
0x00007ffc9f470000 - 0x00007ffc9f478000 	C:\Windows\system32\wshunix.dll
0x00007ffcb7b20000 - 0x00007ffcb7b9c000 	C:\Windows\System32\coml2.dll
0x00007ffcb1020000 - 0x00007ffcb10c0000 	C:\Windows\SYSTEM32\apphelp.dll
0x00007ffc93b30000 - 0x00007ffc93b4b000 	C:\Windows\system32\NetworkExplorer.dll
0x00007ffc70710000 - 0x00007ffc707b8000 	C:\Windows\system32\ntshrui.dll
0x00007ffc80090000 - 0x00007ffc800af000 	C:\Program Files\TortoiseGit\bin\TortoiseGitStub.dll
0x00007ffc46e10000 - 0x00007ffc47260000 	C:\Program Files\TortoiseGit\bin\TortoiseGit.dll
0x00007ffc46a30000 - 0x00007ffc46be4000 	C:\Program Files\TortoiseGit\bin\libgit2_tgit.dll
0x00007ffc46bf0000 - 0x00007ffc46dcb000 	C:\Program Files\TortoiseGit\bin\gitdll.dll
0x00007ffc74800000 - 0x00007ffc74818000 	C:\Program Files\TortoiseGit\bin\zlib1_tgit.dll
0x00007ffc97eb0000 - 0x00007ffc97ec3000 	C:\Windows\SYSTEM32\cscapi.dll
0x00007ffc79ca0000 - 0x00007ffc79caf000 	C:\Windows\SYSTEM32\LINKINFO.dll
0x00007ffc91020000 - 0x00007ffc91041000 	C:\Windows\SYSTEM32\MPR.dll
0x00007ffc8b340000 - 0x00007ffc8b362000 	C:\Windows\System32\p9np.dll
0x00007ffc90960000 - 0x00007ffc9096d000 	C:\Windows\System32\drprov.dll
0x00007ffc8aae0000 - 0x00007ffc8ab04000 	C:\Windows\System32\ntlanman.dll
0x00007ffc8a990000 - 0x00007ffc8a9b1000 	C:\Windows\System32\davclnt.dll
0x00007ffc907e0000 - 0x00007ffc90922000 	C:\Windows\system32\Windows.Storage.Search.dll
0x00007ffc98630000 - 0x00007ffc986f5000 	C:\Windows\System32\StructuredQuery.dll
0x00007ffc9f480000 - 0x00007ffc9f720000 	C:\Windows\System32\icu.dll
0x00007ffc8c930000 - 0x00007ffc8c959000 	C:\Windows\SYSTEM32\edputil.dll

dbghelp: loaded successfully - version: 4.0.5 - missing functions: none
symbol engine: initialized successfully - sym options: 0x614 - pdb path: .;C:\Users\16696\.gradle\jdks\eclipse_adoptium-21-amd64-windows.2\bin;C:\Windows\SYSTEM32;d:\Trea\Trae CN\resources\app\modules\sandbox\x64;C:\Windows\WinSxS\amd64_microsoft.windows.common-controls_6595b64144ccf1df_6.0.26100.8521_none_3e08b75ce33403b3;C:\Users\16696\.gradle\jdks\eclipse_adoptium-21-amd64-windows.2\bin\server;C:\Users\16696\.gradle\native\660c5614fbf4a5f2a75b1949f50a0caf5cd603558e7d8a26e50b933a0cfb79d1\windows-amd64;C:\Users\16696\.gradle\native\0.2.8\x86_64-windows-gnu;C:\Program Files\TortoiseGit\bin

VM Arguments:
jvm_args: --add-opens=java.base/java.lang=ALL-UNNAMED --add-opens=java.base/java.lang.invoke=ALL-UNNAMED --add-opens=java.base/java.util=ALL-UNNAMED --add-opens=java.prefs/java.util.prefs=ALL-UNNAMED --add-exports=jdk.compiler/com.sun.tools.javac.api=ALL-UNNAMED --add-exports=jdk.compiler/com.sun.tools.javac.util=ALL-UNNAMED --add-opens=java.base/java.util=ALL-UNNAMED --add-opens=java.prefs/java.util.prefs=ALL-UNNAMED --add-opens=java.base/java.nio.charset=ALL-UNNAMED --add-opens=java.base/java.net=ALL-UNNAMED --add-opens=java.base/java.util.concurrent=ALL-UNNAMED --add-opens=java.base/java.util.concurrent.atomic=ALL-UNNAMED --add-opens=java.xml/javax.xml.namespace=ALL-UNNAMED --add-opens=java.base/java.time=ALL-UNNAMED -Xmx2048m -Dfile.encoding=UTF-8 -Duser.country=CN -Duser.language=zh -Duser.variant -javaagent:C:\Users\16696\.gradle\wrapper\dists\gradle-9.4.1-bin\arn2x92ynaizyzdaamcbpbhtj\gradle-9.4.1\lib\agents\gradle-instrumentation-agent-9.4.1.jar 
java_command: org.gradle.launcher.daemon.bootstrap.GradleDaemon 9.4.1
java_class_path (initial): C:\Users\16696\.gradle\wrapper\dists\gradle-9.4.1-bin\arn2x92ynaizyzdaamcbpbhtj\gradle-9.4.1\lib\gradle-daemon-main-9.4.1.jar
Launcher Type: SUN_STANDARD

[Global flags]
     intx CICompilerCount                          = 4                                         {product} {ergonomic}
     uint ConcGCThreads                            = 2                                         {product} {ergonomic}
     uint G1ConcRefinementThreads                  = 9                                         {product} {ergonomic}
   size_t G1HeapRegionSize                         = 1048576                                   {product} {ergonomic}
    uintx GCDrainStackTargetSize                   = 64                                        {product} {ergonomic}
   size_t InitialHeapSize                          = 260046848                                 {product} {ergonomic}
   size_t MarkStackSize                            = 4194304                                   {product} {ergonomic}
   size_t MaxHeapSize                              = 2147483648                                {product} {command line}
   size_t MaxNewSize                               = 1287651328                                {product} {ergonomic}
   size_t MinHeapDeltaBytes                        = 1048576                                   {product} {ergonomic}
   size_t MinHeapSize                              = 8388608                                   {product} {ergonomic}
    uintx NonNMethodCodeHeapSize                   = 5839372                                {pd product} {ergonomic}
    uintx NonProfiledCodeHeapSize                  = 122909434                              {pd product} {ergonomic}
    uintx ProfiledCodeHeapSize                     = 122909434                              {pd product} {ergonomic}
    uintx ReservedCodeCacheSize                    = 251658240                              {pd product} {ergonomic}
     bool SegmentedCodeCache                       = true                                      {product} {ergonomic}
   size_t SoftMaxHeapSize                          = 2147483648                             {manageable} {ergonomic}
     bool UseCompressedOops                        = true                           {product lp64_product} {ergonomic}
     bool UseG1GC                                  = true                                      {product} {ergonomic}
     bool UseLargePagesIndividualAllocation        = false                                  {pd product} {ergonomic}

Logging:
Log output configuration:
 #0: stdout all=warning uptime,level,tags foldmultilines=false
 #1: stderr all=off uptime,level,tags foldmultilines=false

Environment Variables:
PATH=c:\Users\16696\.trae-cn\tools\trae-gopls\current;c:\Users\16696\.trae-cn\sdks\workspaces\5d727ef8\versions\node\current;c:\Users\16696\.trae-cn\sdks\versions\node\current;D:\Android\jdk-8.0.492.9-hotspot\bin;C:\Program Files (x86)\VMware\VMware Workstation\bin\;C:\Windows\system32;C:\Windows;C:\Windows\System32\Wbem;C:\Windows\System32\WindowsPowerShell\v1.0\;C:\Windows\System32\OpenSSH\;D:\Git\Git\cmd;D:\Cmake\bin;D:\Windows Kits\10\Windows Performance Toolkit\;C:\Program Files\CMake\bin;C:\Program Files\TortoiseGit\bin;C:\NXP\S32DS.3.5\S32DS\build_tools\gcc-10.2-arm32-eabi\bin;C:\Users\16696\AppData\Local\Programs\Python\Python314\Scripts\;C:\Users\16696\AppData\Local\Programs\Python\Python314\;C:\Users\16696\AppData\Local\Microsoft\WindowsApps;D:\pycharm\PyCharm 2026.1.2\bin;D:\vscode\Microsoft VS Code\bin;D:\Android\Sdk\platform-tools;;c:\Users\16696\.trae-cn\extensions\vscjava.vscode-java-debug-0.59.0-universal\bundled\scripts\noConfigScripts;d:\Trea\Trae CN\resources\app\node_modules\@vscode\ripgrep\bin;d:\Trea\Trae CN\resources\app\node_modules\@vscode\ripgrep\bin
USERNAME=16696
LANG=zh_CN.UTF-8
OS=Windows_NT
PROCESSOR_IDENTIFIER=Intel64 Family 6 Model 198 Stepping 2, GenuineIntel
TMP=C:\Users\16696\AppData\Local\Temp
TEMP=C:\Users\16696\AppData\Local\Temp




Periodic native trim disabled

---------------  S Y S T E M  ---------------

OS:
 Windows 11 , 64 bit Build 26100 (10.0.26100.8521)
OS uptime: 1 days 9:04 hours
Hyper-V role detected

CPU: total 10 (initial active 10) (10 cores per cpu, 1 threads per core) family 6 model 198 stepping 2 microcode 0x118, cx8, cmov, fxsr, mmx, 3dnowpref, sse, sse2, sse3, ssse3, sse4.1, sse4.2, popcnt, lzcnt, tsc, tscinvbit, avx, avx2, aes, erms, clmul, bmi1, bmi2, adx, sha, fma, vzeroupper, clflush, clflushopt, clwb, hv, serialize, rdtscp, rdpid, fsrm, f16c, cet_ibt, cet_ss
Processor Information for processor 0
  Max Mhz: 3300, Current Mhz: 3300, Mhz Limit: 3300
Processor Information for processor 1
  Max Mhz: 3300, Current Mhz: 3300, Mhz Limit: 3300
Processor Information for processor 2
  Max Mhz: 2700, Current Mhz: 2700, Mhz Limit: 2700
Processor Information for processor 3
  Max Mhz: 2700, Current Mhz: 2700, Mhz Limit: 2700
Processor Information for processor 4
  Max Mhz: 2700, Current Mhz: 2700, Mhz Limit: 2700
Processor Information for processor 5
  Max Mhz: 2700, Current Mhz: 2700, Mhz Limit: 2700
Processor Information for processor 6
  Max Mhz: 3300, Current Mhz: 3300, Mhz Limit: 3300
Processor Information for processor 7
  Max Mhz: 3300, Current Mhz: 3300, Mhz Limit: 3300
Processor Information for processor 8
  Max Mhz: 3300, Current Mhz: 3300, Mhz Limit: 3300
Processor Information for processor 9
  Max Mhz: 3300, Current Mhz: 3300, Mhz Limit: 3300

Memory: 4k page, system-wide physical 15751M (893M free)
TotalPageFile size 54151M (AvailPageFile size 363M)
current process WorkingSet (physical memory assigned to process): 599M, peak: 602M
current process commit charge ("private bytes"): 619M, peak: 619M

vm_info: OpenJDK 64-Bit Server VM (21.0.7+6-LTS) for windows-amd64 JRE (21.0.7+6-LTS), built on 2025-04-15T00:00:00Z by "admin" with MS VC++ 17.7 (VS2022)

END.
