#
# There is insufficient memory for the Java Runtime Environment to continue.
# Native memory allocation (malloc) failed to allocate 1048576 bytes. Error detail: AllocateHeap
# Possible reasons:
#   The system is out of physical RAM or swap space
#   This process is running with CompressedOops enabled, and the Java Heap may be blocking the growth of the native heap
# Possible solutions:
#   Reduce memory load on the system
#   Increase physical memory or swap space
#   Check if swap backing store is full
#   Decrease Java heap size (-Xmx/-Xms)
#   Decrease number of Java threads
#   Decrease Java thread stack sizes (-Xss)
#   Set larger code cache with -XX:ReservedCodeCacheSize=
#   JVM is running with Unscaled Compressed Oops mode in which the Java heap is
#     placed in the first 4GB address space. The Java Heap base address is the
#     maximum limit for the native heap growth. Please use -XX:HeapBaseMinAddress
#     to set the Java Heap base and to place the Java Heap above 4GB virtual address.
# This output file may be truncated or incomplete.
#
#  Out of Memory Error (allocation.cpp:44), pid=5560, tid=22548
#
# JRE version: OpenJDK Runtime Environment Temurin-21.0.11+10 (21.0.11+10) (build 21.0.11+10-LTS)
# Java VM: OpenJDK 64-Bit Server VM Temurin-21.0.11+10 (21.0.11+10-LTS, mixed mode, sharing, tiered, compressed oops, compressed class ptrs, parallel gc, windows-amd64)
# No core dump will be written. Minidumps are not enabled by default on client versions of Windows
#

---------------  S U M M A R Y ------------

Command Line: --add-modules=ALL-SYSTEM --add-opens=java.base/java.util=ALL-UNNAMED --add-opens=java.base/java.lang=ALL-UNNAMED --add-opens=java.base/sun.nio.fs=ALL-UNNAMED -Declipse.application=org.eclipse.jdt.ls.core.id1 -Dosgi.bundles.defaultStartLevel=4 -Declipse.product=org.eclipse.jdt.ls.core.product -Djava.import.generatesMetadataFilesAtProjectRoot=false -DDetectVMInstallationsJob.disabled=true -Dfile.encoding=utf8 -XX:+UseParallelGC -XX:GCTimeRatio=4 -XX:AdaptiveSizePolicyWeight=90 -Dsun.zip.disableMemoryMapping=true -Xmx2G -Xms100m -Xlog:disable -javaagent:c:\Users\16696\.trae-cn\extensions\redhat.java-1.55.0-win32-x64\lombok\lombok-1.18.39-4050.jar -XX:+HeapDumpOnOutOfMemoryError -XX:HeapDumpPath=c:\Users\16696\AppData\Roaming\Trae CN\User\workspaceStorage\5d727ef8ad22f51e7423316dac212d99\redhat.java -Daether.dependencyCollector.impl=bf c:\Users\16696\.trae-cn\extensions\redhat.java-1.55.0-win32-x64\server\plugins\org.eclipse.equinox.launcher_1.7.200.v20260619-2039.jar -configuration c:\Users\16696\AppData\Roaming\Trae CN\User\globalStorage\redhat.java\1.55.0\config_win -data c:\Users\16696\AppData\Roaming\Trae CN\User\workspaceStorage\5d727ef8ad22f51e7423316dac212d99\redhat.java\jdt_ws --pipe=\\.\pipe\lsp-e39ea18cca35061f77b8ca4627efee55-sock

Host: Intel(R) Core(TM) Ultra 5 225, 10 cores, 15G,  Windows 11 , 64 bit Build 26100 (10.0.26100.8521)
Time: Wed Jul 15 20:21:40 2026 elapsed time: 40533.304374 seconds (0d 11h 15m 33s)

---------------  T H R E A D  ---------------

Current thread (0x000002326163a580):  JavaThread "Attach Listener" daemon [_thread_in_vm, id=22548, stack(0x0000004a79c00000,0x0000004a79d00000) (1024K)]

Stack: [0x0000004a79c00000,0x0000004a79d00000]
Native frames: (J=compiled Java code, j=interpreted, Vv=VM code, C=native code)
V  [jvm.dll+0x6d7e19]
V  [jvm.dll+0x8b5096]
V  [jvm.dll+0x8b764e]
V  [jvm.dll+0x8b7d33]
V  [jvm.dll+0x284596]
V  [jvm.dll+0xc13c7]
V  [jvm.dll+0x6d86c9]
V  [jvm.dll+0x133616]
V  [jvm.dll+0x3f868e]
V  [jvm.dll+0x85fb0d]
V  [jvm.dll+0x6d664d]
C  [ucrtbase.dll+0x2cd30]
C  [KERNEL32.DLL+0x2e957]
C  [ntdll.dll+0x87c1c]


---------------  P R O C E S S  ---------------

Threads class SMR info:
_java_thread_list=0x000002326a775140, length=48, elements={
0x0000023248fdec80, 0x000002325fa8cab0, 0x00000232616353a0, 0x00000232616375c0,
0x000002326163a580, 0x000002326163ed80, 0x000002326163f410, 0x000002324908fb80,
0x0000023249092420, 0x000002326163e060, 0x000002326163e6f0, 0x000002326163c620,
0x000002326163d9d0, 0x000002326163faa0, 0x000002326163d340, 0x0000023266b6f170,
0x0000023266b6d730, 0x0000023266b6fe90, 0x0000023266b6ddc0, 0x0000023266b6d0a0,
0x0000023266b70bb0, 0x0000023266b71240, 0x0000023266b71f60, 0x0000023266b725f0,
0x0000023266b6f800, 0x0000023266b739a0, 0x0000023266b73310, 0x0000023266b74030,
0x0000023266b746c0, 0x00000232693b0380, 0x00000232693b0a10, 0x00000232693b1730,
0x00000232693b2450, 0x00000232693b10a0, 0x00000232693afcf0, 0x00000232693b2ae0,
0x00000232693b5240, 0x00000232693b65f0, 0x00000232693b3170, 0x0000023269330c10,
0x00000232693312a0, 0x0000023269331930, 0x000002326932e4b0, 0x0000023269331fc0,
0x000002326932f1d0, 0x0000023269332650, 0x00000232693b3800, 0x0000023266b70520
}

Java Threads: ( => current thread )
  0x0000023248fdec80 JavaThread "main"                              [_thread_blocked, id=17320, stack(0x0000004a79500000,0x0000004a79600000) (1024K)]
  0x000002325fa8cab0 JavaThread "Reference Handler"          daemon [_thread_blocked, id=24112, stack(0x0000004a79900000,0x0000004a79a00000) (1024K)]
  0x00000232616353a0 JavaThread "Finalizer"                  daemon [_thread_blocked, id=23780, stack(0x0000004a79a00000,0x0000004a79b00000) (1024K)]
  0x00000232616375c0 JavaThread "Signal Dispatcher"          daemon [_thread_blocked, id=23068, stack(0x0000004a79b00000,0x0000004a79c00000) (1024K)]
=>0x000002326163a580 JavaThread "Attach Listener"            daemon [_thread_in_vm, id=22548, stack(0x0000004a79c00000,0x0000004a79d00000) (1024K)]
  0x000002326163ed80 JavaThread "Service Thread"             daemon [_thread_blocked, id=22624, stack(0x0000004a79d00000,0x0000004a79e00000) (1024K)]
  0x000002326163f410 JavaThread "Monitor Deflation Thread"   daemon [_thread_blocked, id=11008, stack(0x0000004a79e00000,0x0000004a79f00000) (1024K)]
  0x000002324908fb80 JavaThread "C2 CompilerThread0"         daemon [_thread_blocked, id=21576, stack(0x0000004a79f00000,0x0000004a7a000000) (1024K)]
  0x0000023249092420 JavaThread "C1 CompilerThread0"         daemon [_thread_blocked, id=16820, stack(0x0000004a7a000000,0x0000004a7a100000) (1024K)]
  0x000002326163e060 JavaThread "Common-Cleaner"             daemon [_thread_blocked, id=17880, stack(0x0000004a7a200000,0x0000004a7a300000) (1024K)]
  0x000002326163e6f0 JavaThread "Notification Thread"        daemon [_thread_blocked, id=11096, stack(0x0000004a7a300000,0x0000004a7a400000) (1024K)]
  0x000002326163c620 JavaThread "Active Thread: Equinox Container: 0492e135-e5e9-4bfd-ab83-8438e3626c37"        [_thread_blocked, id=25712, stack(0x0000004a7aa00000,0x0000004a7ab00000) (1024K)]
  0x000002326163d9d0 JavaThread "Refresh Thread: Equinox Container: 0492e135-e5e9-4bfd-ab83-8438e3626c37" daemon [_thread_blocked, id=22684, stack(0x0000004a7ac00000,0x0000004a7ad00000) (1024K)]
  0x000002326163faa0 JavaThread "Framework Event Dispatcher: Equinox Container: 0492e135-e5e9-4bfd-ab83-8438e3626c37" daemon [_thread_blocked, id=3024, stack(0x0000004a7ad00000,0x0000004a7ae00000) (1024K)]
  0x000002326163d340 JavaThread "Start Level: Equinox Container: 0492e135-e5e9-4bfd-ab83-8438e3626c37" daemon [_thread_blocked, id=25096, stack(0x0000004a7ae00000,0x0000004a7af00000) (1024K)]
  0x0000023266b6f170 JavaThread "Bundle File Closer"         daemon [_thread_blocked, id=17488, stack(0x0000004a7b100000,0x0000004a7b200000) (1024K)]
  0x0000023266b6d730 JavaThread "SCR Component Actor"        daemon [_thread_blocked, id=25460, stack(0x0000004a7a100000,0x0000004a7a200000) (1024K)]
  0x0000023266b6fe90 JavaThread "Worker-JM"                         [_thread_blocked, id=25196, stack(0x0000004a7b300000,0x0000004a7b400000) (1024K)]
  0x0000023266b6ddc0 JavaThread "JNA Cleaner"                daemon [_thread_blocked, id=18632, stack(0x0000004a7b400000,0x0000004a7b500000) (1024K)]
  0x0000023266b6d0a0 JavaThread "Java indexing"              daemon [_thread_blocked, id=23372, stack(0x0000004a7b700000,0x0000004a7b800000) (1024K)]
  0x0000023266b70bb0 JavaThread "Thread-1"                   daemon [_thread_in_native, id=4504, stack(0x0000004a7bc00000,0x0000004a7bd00000) (1024K)]
  0x0000023266b71240 JavaThread "Thread-2"                   daemon [_thread_in_native, id=22532, stack(0x0000004a7bd00000,0x0000004a7be00000) (1024K)]
  0x0000023266b71f60 JavaThread "Thread-3"                   daemon [_thread_in_native, id=25252, stack(0x0000004a7be00000,0x0000004a7bf00000) (1024K)]
  0x0000023266b725f0 JavaThread "Thread-4"                   daemon [_thread_in_native, id=21288, stack(0x0000004a7bf00000,0x0000004a7c000000) (1024K)]
  0x0000023266b6f800 JavaThread "Thread-5"                   daemon [_thread_in_native, id=24060, stack(0x0000004a7c000000,0x0000004a7c100000) (1024K)]
  0x0000023266b739a0 JavaThread "Thread-6"                   daemon [_thread_in_native, id=20360, stack(0x0000004a7c100000,0x0000004a7c200000) (1024K)]
  0x0000023266b73310 JavaThread "Thread-7"                   daemon [_thread_in_native, id=10616, stack(0x0000004a7c200000,0x0000004a7c300000) (1024K)]
  0x0000023266b74030 JavaThread "Thread-8"                   daemon [_thread_in_native, id=24780, stack(0x0000004a7c300000,0x0000004a7c400000) (1024K)]
  0x0000023266b746c0 JavaThread "Thread-9"                   daemon [_thread_in_native, id=17604, stack(0x0000004a7c400000,0x0000004a7c500000) (1024K)]
  0x00000232693b0380 JavaThread "Thread-10"                  daemon [_thread_in_native, id=21976, stack(0x0000004a7c500000,0x0000004a7c600000) (1024K)]
  0x00000232693b0a10 JavaThread "Thread-11"                  daemon [_thread_in_native, id=9472, stack(0x0000004a7c600000,0x0000004a7c700000) (1024K)]
  0x00000232693b1730 JavaThread "pool-2-thread-1"                   [_thread_blocked, id=25140, stack(0x0000004a7c700000,0x0000004a7c800000) (1024K)]
  0x00000232693b2450 JavaThread "Timer-0"                           [_thread_blocked, id=13840, stack(0x0000004a7c800000,0x0000004a7c900000) (1024K)]
  0x00000232693b10a0 JavaThread "Timer-1"                           [_thread_blocked, id=20892, stack(0x0000004a7c900000,0x0000004a7ca00000) (1024K)]
  0x00000232693afcf0 JavaThread "WorkspaceEventsHandler"            [_thread_blocked, id=10796, stack(0x0000004a7ca00000,0x0000004a7cb00000) (1024K)]
  0x00000232693b2ae0 JavaThread "pool-1-thread-1"                   [_thread_blocked, id=22812, stack(0x0000004a7cb00000,0x0000004a7cc00000) (1024K)]
  0x00000232693b5240 JavaThread "Timer-2"                           [_thread_blocked, id=21336, stack(0x0000004a7cc00000,0x0000004a7cd00000) (1024K)]
  0x00000232693b65f0 JavaThread "Timer-3"                           [_thread_blocked, id=18584, stack(0x0000004a7cf00000,0x0000004a7d000000) (1024K)]
  0x00000232693b3170 JavaThread "Timer-4"                           [_thread_blocked, id=25632, stack(0x0000004a7d000000,0x0000004a7d100000) (1024K)]
  0x0000023269330c10 JavaThread "Timer-5"                           [_thread_blocked, id=25796, stack(0x0000004a7b200000,0x0000004a7b300000) (1024K)]
  0x00000232693312a0 JavaThread "Timer-6"                           [_thread_blocked, id=20228, stack(0x0000004a7d100000,0x0000004a7d200000) (1024K)]
  0x0000023269331930 JavaThread "Timer-7"                           [_thread_blocked, id=8416, stack(0x0000004a7d200000,0x0000004a7d300000) (1024K)]
  0x000002326932e4b0 JavaThread "Timer-8"                           [_thread_blocked, id=18124, stack(0x0000004a7d600000,0x0000004a7d700000) (1024K)]
  0x0000023269331fc0 JavaThread "Timer-9"                           [_thread_blocked, id=19964, stack(0x0000004a7d700000,0x0000004a7d800000) (1024K)]
  0x000002326932f1d0 JavaThread "Timer-10"                          [_thread_blocked, id=17280, stack(0x0000004a7d800000,0x0000004a7d900000) (1024K)]
  0x0000023269332650 JavaThread "Timer-11"                          [_thread_blocked, id=8012, stack(0x0000004a7da00000,0x0000004a7db00000) (1024K)]
  0x00000232693b3800 JavaThread "Worker-14"                         [_thread_blocked, id=23676, stack(0x0000004a79300000,0x0000004a79400000) (1024K)]
  0x0000023266b70520 JavaThread "Worker-16"                         [_thread_blocked, id=28004, stack(0x0000004a79200000,0x0000004a79300000) (1024K)]
Total: 48

Other Threads:
  0x000002324907e960 VMThread "VM Thread"                           [id=18900, stack(0x0000004a79800000,0x0000004a79900000) (1024K)]
  0x000002325f96ca00 WatcherThread "VM Periodic Task Thread"        [id=12352, stack(0x0000004a79700000,0x0000004a79800000) (1024K)]
  0x0000023248ffdbf0 WorkerThread "GC Thread#0"                     [id=18560, stack(0x0000004a79600000,0x0000004a79700000) (1024K)]
  0x000002326677a3f0 WorkerThread "GC Thread#1"                     [id=18752, stack(0x0000004a7a400000,0x0000004a7a500000) (1024K)]
  0x000002326677a7a0 WorkerThread "GC Thread#2"                     [id=19476, stack(0x0000004a7a500000,0x0000004a7a600000) (1024K)]
  0x000002326677ab50 WorkerThread "GC Thread#3"                     [id=26472, stack(0x0000004a7a600000,0x0000004a7a700000) (1024K)]
  0x0000023266493fe0 WorkerThread "GC Thread#4"                     [id=10260, stack(0x0000004a7a700000,0x0000004a7a800000) (1024K)]
  0x0000023266494390 WorkerThread "GC Thread#5"                     [id=5552, stack(0x0000004a7a800000,0x0000004a7a900000) (1024K)]
  0x0000023266494740 WorkerThread "GC Thread#6"                     [id=19976, stack(0x0000004a7a900000,0x0000004a7aa00000) (1024K)]
  0x00000232665d8690 WorkerThread "GC Thread#7"                     [id=17944, stack(0x0000004a7ab00000,0x0000004a7ac00000) (1024K)]
  0x0000023266d92310 WorkerThread "GC Thread#8"                     [id=14572, stack(0x0000004a7b000000,0x0000004a7b100000) (1024K)]
Total: 11

Threads with active compile tasks:
Total: 0

VM state: not at safepoint (normal execution)

VM Mutex/Monitor currently owned by a thread: None

Heap address: 0x0000000080000000, size: 2048 MB, Compressed Oops mode: 32-bit

CDS archive(s) mapped at: [0x0000023200000000-0x0000023200ba0000-0x0000023200ba0000), size 12189696, SharedBaseAddress: 0x0000023200000000, ArchiveRelocationMode: 1.
Compressed class space mapped at: 0x0000023201000000-0x0000023241000000, reserved size: 1073741824
Narrow klass base: 0x0000023200000000, Narrow klass shift: 0, Narrow klass range: 0x100000000

GC Precious Log:
 CardTable entry size: 512
 CPUs: 10 total, 10 available
 Memory: 15751M
 Large Page Support: Disabled
 NUMA Support: Disabled
 Compressed Oops: Enabled (32-bit)
 Alignments: Space 512K, Generation 512K, Heap 2M
 Heap Min Capacity: 100M
 Heap Initial Capacity: 100M
 Heap Max Capacity: 2G
 Pre-touch: Disabled
 Parallel Workers: 9

Heap:
 PSYoungGen      total 19456K, used 14513K [0x00000000d5580000, 0x00000000d6980000, 0x0000000100000000)
  eden space 18944K, 74% used [0x00000000d5580000,0x00000000d633c7b8,0x00000000d6800000)
  from space 512K, 87% used [0x00000000d6880000,0x00000000d68f0010,0x00000000d6900000)
  to   space 512K, 0% used [0x00000000d6900000,0x00000000d6900000,0x00000000d6980000)
 ParOldGen       total 68608K, used 47406K [0x0000000080000000, 0x0000000084300000, 0x00000000d5580000)
  object space 68608K, 69% used [0x0000000080000000,0x0000000082e4bb68,0x0000000084300000)
 Metaspace       used 70076K, committed 71616K, reserved 1114112K
  class space    used 8760K, committed 9472K, reserved 1048576K

Card table byte_map: [0x0000023248990000,0x0000023248da0000] _byte_map_base: 0x0000023248590000

Marking Bits: (ParMarkBitMap*) 0x00007fffe5ee4460
 Begin Bits: [0x000002325b490000, 0x000002325d490000)
 End Bits:   [0x000002325d490000, 0x000002325f490000)

Polling page: 0x0000023246ee0000

Metaspace:

Usage:
  Non-class:     59.88 MB used.
      Class:      8.56 MB used.
       Both:     68.43 MB used.

Virtual space:
  Non-class space:       64.00 MB reserved,      60.69 MB ( 95%) committed,  1 nodes.
      Class space:        1.00 GB reserved,       9.25 MB ( <1%) committed,  1 nodes.
             Both:        1.06 GB reserved,      69.94 MB (  6%) committed. 

Chunk freelists:
   Non-Class:  2.96 MB
       Class:  6.73 MB
        Both:  9.69 MB

MaxMetaspaceSize: unlimited
CompressedClassSpaceSize: 1.00 GB
Initial GC threshold: 21.00 MB
Current GC threshold: 97.31 MB
CDS: on
 - commit_granule_bytes: 65536.
 - commit_granule_words: 8192.
 - virtual_space_node_default_size: 8388608.
 - enlarge_chunks_in_place: 1.
 - use_allocation_guard: 0.


Internal statistics:

num_allocs_failed_limit: 9.
num_arena_births: 1376.
num_arena_deaths: 14.
num_vsnodes_births: 2.
num_vsnodes_deaths: 0.
num_space_committed: 1119.
num_space_uncommitted: 0.
num_chunks_returned_to_freelist: 23.
num_chunks_taken_from_freelist: 4719.
num_chunk_merges: 10.
num_chunk_splits: 2870.
num_chunks_enlarged: 1570.
num_inconsistent_stats: 0.

CodeHeap 'non-profiled nmethods': size=120000Kb used=6737Kb max_used=6737Kb free=113262Kb
 bounds [0x0000023253cb0000, 0x0000023254350000, 0x000002325b1e0000]
CodeHeap 'profiled nmethods': size=120000Kb used=19159Kb max_used=19159Kb free=100840Kb
 bounds [0x000002324c1e0000, 0x000002324d4a0000, 0x0000023253710000]
CodeHeap 'non-nmethods': size=5760Kb used=1399Kb max_used=1454Kb free=4360Kb
 bounds [0x0000023253710000, 0x0000023253980000, 0x0000023253cb0000]
CodeCache: size=245760Kb, used=27295Kb, max_used=27350Kb, free=218462Kb
 total_blobs=10063, nmethods=9357, adapters=612, full_count=0
Compilation: enabled, stopped_count=0, restarted_count=0

Compilation events (20 events):
Event: 39116.346 Thread 0x0000023249092420 10066   !   3       com.sun.org.apache.xml.internal.serializer.ToStream::flushCharactersBuffer (124 bytes)
Event: 39116.354 Thread 0x0000023249092420 nmethod 10066 0x000002324d492990 code [0x000002324d492cc0, 0x000002324d4942c0]
Event: 39116.354 Thread 0x0000023249092420 10068       3       java.util.Properties$EntrySet::<init> (10 bytes)
Event: 39116.355 Thread 0x0000023249092420 nmethod 10068 0x000002324d494b90 code [0x000002324d494d40, 0x000002324d494ec8]
Event: 39116.355 Thread 0x0000023249092420 10067       1       com.sun.org.apache.xerces.internal.dom.NodeImpl::getLocalName (2 bytes)
Event: 39116.355 Thread 0x0000023249092420 nmethod 10067 0x0000023254341b10 code [0x0000023254341ca0, 0x0000023254341d70]
Event: 39116.458 Thread 0x000002324908fb80 10069       4       com.google.gson.stream.JsonReader::endObject (70 bytes)
Event: 39116.464 Thread 0x000002324908fb80 nmethod 10069 0x0000023254341e10 code [0x0000023254341fa0, 0x0000023254342118]
Event: 39116.464 Thread 0x000002324908fb80 10070       4       java.util.UUID::<init> (109 bytes)
Event: 39116.465 Thread 0x000002324908fb80 nmethod 10070 0x0000023254342290 code [0x0000023254342420, 0x00000232543425c8]
Event: 39141.533 Thread 0x000002324908fb80 10071       4       com.google.gson.stream.JsonReader::beginObject (40 bytes)
Event: 39141.535 Thread 0x000002324908fb80 nmethod 10071 0x0000023254342690 code [0x0000023254342820, 0x00000232543429a0]
Event: 39141.538 Thread 0x000002324908fb80 10072       4       java.net.URI$Parser::scan (76 bytes)
Event: 39141.547 Thread 0x000002324908fb80 nmethod 10072 0x0000023254342b10 code [0x0000023254342d00, 0x0000023254343710]
Event: 39141.547 Thread 0x000002324908fb80 10073       4       java.net.URI$Parser::scan (41 bytes)
Event: 39141.549 Thread 0x000002324908fb80 nmethod 10073 0x0000023254343b90 code [0x0000023254343d40, 0x0000023254344170]
Event: 39819.420 Thread 0x0000023249092420 10074   !   3       org.eclipse.core.internal.jobs.JobManager::shouldRun (34 bytes)
Event: 39819.428 Thread 0x0000023249092420 nmethod 10074 0x000002324d494f90 code [0x000002324d4951a0, 0x000002324d4956b0]
Event: 39819.428 Thread 0x0000023249092420 10075       3       org.eclipse.core.internal.jobs.JobListeners::queueAboutToRun (17 bytes)
Event: 39819.432 Thread 0x0000023249092420 nmethod 10075 0x000002324d495910 code [0x000002324d495ae0, 0x000002324d495dd8]

GC Heap History (20 events):
Event: 27734.491 GC heap before
{Heap before GC invocations=77 (full 3):
 PSYoungGen      total 19456K, used 19328K [0x00000000d5580000, 0x00000000d6a00000, 0x0000000100000000)
  eden space 18944K, 100% used [0x00000000d5580000,0x00000000d6800000,0x00000000d6800000)
  from space 512K, 75% used [0x00000000d6900000,0x00000000d6960010,0x00000000d6980000)
  to   space 512K, 0% used [0x00000000d6980000,0x00000000d6980000,0x00000000d6a00000)
 ParOldGen       total 68608K, used 46678K [0x0000000080000000, 0x0000000084300000, 0x00000000d5580000)
  object space 68608K, 68% used [0x0000000080000000,0x0000000082d95b58,0x0000000084300000)
 Metaspace       used 69744K, committed 71360K, reserved 1114112K
  class space    used 8749K, committed 9472K, reserved 1048576K
}
Event: 27734.493 GC heap after
{Heap after GC invocations=77 (full 3):
 PSYoungGen      total 19456K, used 256K [0x00000000d5580000, 0x00000000d6a00000, 0x0000000100000000)
  eden space 18944K, 0% used [0x00000000d5580000,0x00000000d5580000,0x00000000d6800000)
  from space 512K, 50% used [0x00000000d6980000,0x00000000d69c0000,0x00000000d6a00000)
  to   space 512K, 0% used [0x00000000d6900000,0x00000000d6900000,0x00000000d6980000)
 ParOldGen       total 68608K, used 46710K [0x0000000080000000, 0x0000000084300000, 0x00000000d5580000)
  object space 68608K, 68% used [0x0000000080000000,0x0000000082d9db58,0x0000000084300000)
 Metaspace       used 69744K, committed 71360K, reserved 1114112K
  class space    used 8749K, committed 9472K, reserved 1048576K
}
Event: 29524.388 GC heap before
{Heap before GC invocations=78 (full 3):
 PSYoungGen      total 19456K, used 19200K [0x00000000d5580000, 0x00000000d6a00000, 0x0000000100000000)
  eden space 18944K, 100% used [0x00000000d5580000,0x00000000d6800000,0x00000000d6800000)
  from space 512K, 50% used [0x00000000d6980000,0x00000000d69c0000,0x00000000d6a00000)
  to   space 512K, 0% used [0x00000000d6900000,0x00000000d6900000,0x00000000d6980000)
 ParOldGen       total 68608K, used 46710K [0x0000000080000000, 0x0000000084300000, 0x00000000d5580000)
  object space 68608K, 68% used [0x0000000080000000,0x0000000082d9db58,0x0000000084300000)
 Metaspace       used 69771K, committed 71360K, reserved 1114112K
  class space    used 8752K, committed 9472K, reserved 1048576K
}
Event: 29524.398 GC heap after
{Heap after GC invocations=78 (full 3):
 PSYoungGen      total 19456K, used 256K [0x00000000d5580000, 0x00000000d6a00000, 0x0000000100000000)
  eden space 18944K, 0% used [0x00000000d5580000,0x00000000d5580000,0x00000000d6800000)
  from space 512K, 50% used [0x00000000d6900000,0x00000000d6940000,0x00000000d6980000)
  to   space 512K, 0% used [0x00000000d6980000,0x00000000d6980000,0x00000000d6a00000)
 ParOldGen       total 68608K, used 46718K [0x0000000080000000, 0x0000000084300000, 0x00000000d5580000)
  object space 68608K, 68% used [0x0000000080000000,0x0000000082d9fb58,0x0000000084300000)
 Metaspace       used 69771K, committed 71360K, reserved 1114112K
  class space    used 8752K, committed 9472K, reserved 1048576K
}
Event: 31416.196 GC heap before
{Heap before GC invocations=79 (full 3):
 PSYoungGen      total 19456K, used 18865K [0x00000000d5580000, 0x00000000d6a00000, 0x0000000100000000)
  eden space 18944K, 98% used [0x00000000d5580000,0x00000000d67ac768,0x00000000d6800000)
  from space 512K, 50% used [0x00000000d6900000,0x00000000d6940000,0x00000000d6980000)
  to   space 512K, 0% used [0x00000000d6980000,0x00000000d6980000,0x00000000d6a00000)
 ParOldGen       total 68608K, used 46718K [0x0000000080000000, 0x0000000084300000, 0x00000000d5580000)
  object space 68608K, 68% used [0x0000000080000000,0x0000000082d9fb58,0x0000000084300000)
 Metaspace       used 69797K, committed 71360K, reserved 1114112K
  class space    used 8752K, committed 9472K, reserved 1048576K
}
Event: 31416.211 GC heap after
{Heap after GC invocations=79 (full 3):
 PSYoungGen      total 19456K, used 448K [0x00000000d5580000, 0x00000000d6a00000, 0x0000000100000000)
  eden space 18944K, 0% used [0x00000000d5580000,0x00000000d5580000,0x00000000d6800000)
  from space 512K, 87% used [0x00000000d6980000,0x00000000d69f0010,0x00000000d6a00000)
  to   space 512K, 0% used [0x00000000d6900000,0x00000000d6900000,0x00000000d6980000)
 ParOldGen       total 68608K, used 46766K [0x0000000080000000, 0x0000000084300000, 0x00000000d5580000)
  object space 68608K, 68% used [0x0000000080000000,0x0000000082dabb58,0x0000000084300000)
 Metaspace       used 69797K, committed 71360K, reserved 1114112K
  class space    used 8752K, committed 9472K, reserved 1048576K
}
Event: 33011.130 GC heap before
{Heap before GC invocations=80 (full 3):
 PSYoungGen      total 19456K, used 19391K [0x00000000d5580000, 0x00000000d6a00000, 0x0000000100000000)
  eden space 18944K, 99% used [0x00000000d5580000,0x00000000d67ffde8,0x00000000d6800000)
  from space 512K, 87% used [0x00000000d6980000,0x00000000d69f0010,0x00000000d6a00000)
  to   space 512K, 0% used [0x00000000d6900000,0x00000000d6900000,0x00000000d6980000)
 ParOldGen       total 68608K, used 46766K [0x0000000080000000, 0x0000000084300000, 0x00000000d5580000)
  object space 68608K, 68% used [0x0000000080000000,0x0000000082dabb58,0x0000000084300000)
 Metaspace       used 69971K, committed 71488K, reserved 1114112K
  class space    used 8759K, committed 9472K, reserved 1048576K
}
Event: 33011.139 GC heap after
{Heap after GC invocations=80 (full 3):
 PSYoungGen      total 19456K, used 256K [0x00000000d5580000, 0x00000000d6a00000, 0x0000000100000000)
  eden space 18944K, 0% used [0x00000000d5580000,0x00000000d5580000,0x00000000d6800000)
  from space 512K, 50% used [0x00000000d6900000,0x00000000d6940000,0x00000000d6980000)
  to   space 512K, 0% used [0x00000000d6980000,0x00000000d6980000,0x00000000d6a00000)
 ParOldGen       total 68608K, used 47198K [0x0000000080000000, 0x0000000084300000, 0x00000000d5580000)
  object space 68608K, 68% used [0x0000000080000000,0x0000000082e17b68,0x0000000084300000)
 Metaspace       used 69971K, committed 71488K, reserved 1114112K
  class space    used 8759K, committed 9472K, reserved 1048576K
}
Event: 33156.895 GC heap before
{Heap before GC invocations=81 (full 3):
 PSYoungGen      total 19456K, used 19070K [0x00000000d5580000, 0x00000000d6a00000, 0x0000000100000000)
  eden space 18944K, 99% used [0x00000000d5580000,0x00000000d67dfa58,0x00000000d6800000)
  from space 512K, 50% used [0x00000000d6900000,0x00000000d6940000,0x00000000d6980000)
  to   space 512K, 0% used [0x00000000d6980000,0x00000000d6980000,0x00000000d6a00000)
 ParOldGen       total 68608K, used 47198K [0x0000000080000000, 0x0000000084300000, 0x00000000d5580000)
  object space 68608K, 68% used [0x0000000080000000,0x0000000082e17b68,0x0000000084300000)
 Metaspace       used 69978K, committed 71552K, reserved 1114112K
  class space    used 8759K, committed 9472K, reserved 1048576K
}
Event: 33156.920 GC heap after
{Heap after GC invocations=81 (full 3):
 PSYoungGen      total 19456K, used 320K [0x00000000d5580000, 0x00000000d6a00000, 0x0000000100000000)
  eden space 18944K, 0% used [0x00000000d5580000,0x00000000d5580000,0x00000000d6800000)
  from space 512K, 62% used [0x00000000d6980000,0x00000000d69d0010,0x00000000d6a00000)
  to   space 512K, 0% used [0x00000000d6900000,0x00000000d6900000,0x00000000d6980000)
 ParOldGen       total 68608K, used 47254K [0x0000000080000000, 0x0000000084300000, 0x00000000d5580000)
  object space 68608K, 68% used [0x0000000080000000,0x0000000082e25b68,0x0000000084300000)
 Metaspace       used 69978K, committed 71552K, reserved 1114112K
  class space    used 8759K, committed 9472K, reserved 1048576K
}
Event: 34307.563 GC heap before
{Heap before GC invocations=82 (full 3):
 PSYoungGen      total 19456K, used 19264K [0x00000000d5580000, 0x00000000d6a00000, 0x0000000100000000)
  eden space 18944K, 100% used [0x00000000d5580000,0x00000000d6800000,0x00000000d6800000)
  from space 512K, 62% used [0x00000000d6980000,0x00000000d69d0010,0x00000000d6a00000)
  to   space 512K, 0% used [0x00000000d6900000,0x00000000d6900000,0x00000000d6980000)
 ParOldGen       total 68608K, used 47254K [0x0000000080000000, 0x0000000084300000, 0x00000000d5580000)
  object space 68608K, 68% used [0x0000000080000000,0x0000000082e25b68,0x0000000084300000)
 Metaspace       used 70012K, committed 71616K, reserved 1114112K
  class space    used 8759K, committed 9472K, reserved 1048576K
}
Event: 34307.569 GC heap after
{Heap after GC invocations=82 (full 3):
 PSYoungGen      total 19456K, used 256K [0x00000000d5580000, 0x00000000d6a00000, 0x0000000100000000)
  eden space 18944K, 0% used [0x00000000d5580000,0x00000000d5580000,0x00000000d6800000)
  from space 512K, 50% used [0x00000000d6900000,0x00000000d6940000,0x00000000d6980000)
  to   space 512K, 0% used [0x00000000d6980000,0x00000000d6980000,0x00000000d6a00000)
 ParOldGen       total 68608K, used 47254K [0x0000000080000000, 0x0000000084300000, 0x00000000d5580000)
  object space 68608K, 68% used [0x0000000080000000,0x0000000082e25b68,0x0000000084300000)
 Metaspace       used 70012K, committed 71616K, reserved 1114112K
  class space    used 8759K, committed 9472K, reserved 1048576K
}
Event: 36482.527 GC heap before
{Heap before GC invocations=83 (full 3):
 PSYoungGen      total 19456K, used 19200K [0x00000000d5580000, 0x00000000d6a00000, 0x0000000100000000)
  eden space 18944K, 100% used [0x00000000d5580000,0x00000000d6800000,0x00000000d6800000)
  from space 512K, 50% used [0x00000000d6900000,0x00000000d6940000,0x00000000d6980000)
  to   space 512K, 0% used [0x00000000d6980000,0x00000000d6980000,0x00000000d6a00000)
 ParOldGen       total 68608K, used 47254K [0x0000000080000000, 0x0000000084300000, 0x00000000d5580000)
  object space 68608K, 68% used [0x0000000080000000,0x0000000082e25b68,0x0000000084300000)
 Metaspace       used 70023K, committed 71616K, reserved 1114112K
  class space    used 8759K, committed 9472K, reserved 1048576K
}
Event: 36482.541 GC heap after
{Heap after GC invocations=83 (full 3):
 PSYoungGen      total 19456K, used 480K [0x00000000d5580000, 0x00000000d6a00000, 0x0000000100000000)
  eden space 18944K, 0% used [0x00000000d5580000,0x00000000d5580000,0x00000000d6800000)
  from space 512K, 93% used [0x00000000d6980000,0x00000000d69f8010,0x00000000d6a00000)
  to   space 1024K, 0% used [0x00000000d6800000,0x00000000d6800000,0x00000000d6900000)
 ParOldGen       total 68608K, used 47318K [0x0000000080000000, 0x0000000084300000, 0x00000000d5580000)
  object space 68608K, 68% used [0x0000000080000000,0x0000000082e35b68,0x0000000084300000)
 Metaspace       used 70023K, committed 71616K, reserved 1114112K
  class space    used 8759K, committed 9472K, reserved 1048576K
}
Event: 37557.434 GC heap before
{Heap before GC invocations=84 (full 3):
 PSYoungGen      total 19456K, used 19424K [0x00000000d5580000, 0x00000000d6a00000, 0x0000000100000000)
  eden space 18944K, 100% used [0x00000000d5580000,0x00000000d6800000,0x00000000d6800000)
  from space 512K, 93% used [0x00000000d6980000,0x00000000d69f8010,0x00000000d6a00000)
  to   space 1024K, 0% used [0x00000000d6800000,0x00000000d6800000,0x00000000d6900000)
 ParOldGen       total 68608K, used 47318K [0x0000000080000000, 0x0000000084300000, 0x00000000d5580000)
  object space 68608K, 68% used [0x0000000080000000,0x0000000082e35b68,0x0000000084300000)
 Metaspace       used 70036K, committed 71616K, reserved 1114112K
  class space    used 8759K, committed 9472K, reserved 1048576K
}
Event: 37557.449 GC heap after
{Heap after GC invocations=84 (full 3):
 PSYoungGen      total 19968K, used 547K [0x00000000d5580000, 0x00000000d6a00000, 0x0000000100000000)
  eden space 18944K, 0% used [0x00000000d5580000,0x00000000d5580000,0x00000000d6800000)
  from space 1024K, 53% used [0x00000000d6800000,0x00000000d6888e40,0x00000000d6900000)
  to   space 1024K, 0% used [0x00000000d6900000,0x00000000d6900000,0x00000000d6a00000)
 ParOldGen       total 68608K, used 47366K [0x0000000080000000, 0x0000000084300000, 0x00000000d5580000)
  object space 68608K, 69% used [0x0000000080000000,0x0000000082e41b68,0x0000000084300000)
 Metaspace       used 70036K, committed 71616K, reserved 1114112K
  class space    used 8759K, committed 9472K, reserved 1048576K
}
Event: 37644.742 GC heap before
{Heap before GC invocations=85 (full 3):
 PSYoungGen      total 19968K, used 19491K [0x00000000d5580000, 0x00000000d6a00000, 0x0000000100000000)
  eden space 18944K, 100% used [0x00000000d5580000,0x00000000d6800000,0x00000000d6800000)
  from space 1024K, 53% used [0x00000000d6800000,0x00000000d6888e40,0x00000000d6900000)
  to   space 1024K, 0% used [0x00000000d6900000,0x00000000d6900000,0x00000000d6a00000)
 ParOldGen       total 68608K, used 47366K [0x0000000080000000, 0x0000000084300000, 0x00000000d5580000)
  object space 68608K, 69% used [0x0000000080000000,0x0000000082e41b68,0x0000000084300000)
 Metaspace       used 70044K, committed 71616K, reserved 1114112K
  class space    used 8759K, committed 9472K, reserved 1048576K
}
Event: 37644.756 GC heap after
{Heap after GC invocations=85 (full 3):
 PSYoungGen      total 19456K, used 256K [0x00000000d5580000, 0x00000000d6980000, 0x0000000100000000)
  eden space 18944K, 0% used [0x00000000d5580000,0x00000000d5580000,0x00000000d6800000)
  from space 512K, 50% used [0x00000000d6900000,0x00000000d6940000,0x00000000d6980000)
  to   space 512K, 0% used [0x00000000d6880000,0x00000000d6880000,0x00000000d6900000)
 ParOldGen       total 68608K, used 47382K [0x0000000080000000, 0x0000000084300000, 0x00000000d5580000)
  object space 68608K, 69% used [0x0000000080000000,0x0000000082e45b68,0x0000000084300000)
 Metaspace       used 70044K, committed 71616K, reserved 1114112K
  class space    used 8759K, committed 9472K, reserved 1048576K
}
Event: 38833.553 GC heap before
{Heap before GC invocations=86 (full 3):
 PSYoungGen      total 19456K, used 18900K [0x00000000d5580000, 0x00000000d6980000, 0x0000000100000000)
  eden space 18944K, 98% used [0x00000000d5580000,0x00000000d67b50b0,0x00000000d6800000)
  from space 512K, 50% used [0x00000000d6900000,0x00000000d6940000,0x00000000d6980000)
  to   space 512K, 0% used [0x00000000d6880000,0x00000000d6880000,0x00000000d6900000)
 ParOldGen       total 68608K, used 47382K [0x0000000080000000, 0x0000000084300000, 0x00000000d5580000)
  object space 68608K, 69% used [0x0000000080000000,0x0000000082e45b68,0x0000000084300000)
 Metaspace       used 70062K, committed 71616K, reserved 1114112K
  class space    used 8759K, committed 9472K, reserved 1048576K
}
Event: 38833.563 GC heap after
{Heap after GC invocations=86 (full 3):
 PSYoungGen      total 19456K, used 448K [0x00000000d5580000, 0x00000000d6980000, 0x0000000100000000)
  eden space 18944K, 0% used [0x00000000d5580000,0x00000000d5580000,0x00000000d6800000)
  from space 512K, 87% used [0x00000000d6880000,0x00000000d68f0010,0x00000000d6900000)
  to   space 512K, 0% used [0x00000000d6900000,0x00000000d6900000,0x00000000d6980000)
 ParOldGen       total 68608K, used 47406K [0x0000000080000000, 0x0000000084300000, 0x00000000d5580000)
  object space 68608K, 69% used [0x0000000080000000,0x0000000082e4bb68,0x0000000084300000)
 Metaspace       used 70062K, committed 71616K, reserved 1114112K
  class space    used 8759K, committed 9472K, reserved 1048576K
}

Dll operation events (15 events):
Event: 0.010 Loaded shared library c:\Users\16696\.trae-cn\extensions\redhat.java-1.55.0-win32-x64\jre\21.0.11-win32-x86_64\bin\java.dll
Event: 0.028 Loaded shared library c:\Users\16696\.trae-cn\extensions\redhat.java-1.55.0-win32-x64\jre\21.0.11-win32-x86_64\bin\zip.dll
Event: 0.067 Loaded shared library C:\Users\16696\.trae-cn\extensions\redhat.java-1.55.0-win32-x64\jre\21.0.11-win32-x86_64\bin\instrument.dll
Event: 0.071 Loaded shared library C:\Users\16696\.trae-cn\extensions\redhat.java-1.55.0-win32-x64\jre\21.0.11-win32-x86_64\bin\net.dll
Event: 0.072 Loaded shared library C:\Users\16696\.trae-cn\extensions\redhat.java-1.55.0-win32-x64\jre\21.0.11-win32-x86_64\bin\nio.dll
Event: 0.076 Loaded shared library C:\Users\16696\.trae-cn\extensions\redhat.java-1.55.0-win32-x64\jre\21.0.11-win32-x86_64\bin\zip.dll
Event: 0.086 Loaded shared library C:\Users\16696\.trae-cn\extensions\redhat.java-1.55.0-win32-x64\jre\21.0.11-win32-x86_64\bin\jimage.dll
Event: 0.150 Loaded shared library c:\Users\16696\.trae-cn\extensions\redhat.java-1.55.0-win32-x64\jre\21.0.11-win32-x86_64\bin\verify.dll
Event: 1.312 Loaded shared library C:\Users\16696\AppData\Roaming\Trae CN\User\globalStorage\redhat.java\1.55.0\config_win\org.eclipse.equinox.launcher\org.eclipse.equinox.launcher.win32.win32.x86_64_1.3.100.v20260613-0559\eclipse_11924.dll
Event: 4.184 Loaded shared library C:\Users\16696\AppData\Local\Temp\jna-46914958\jna14438315898197927393.dll
Event: 5.349 Loaded shared library C:\Users\16696\.gradle\native\660c5614fbf4a5f2a75b1949f50a0caf5cd603558e7d8a26e50b933a0cfb79d1\windows-amd64\native-platform.dll
Event: 6.015 Loaded shared library C:\Users\16696\.trae-cn\extensions\redhat.java-1.55.0-win32-x64\jre\21.0.11-win32-x86_64\bin\management.dll
Event: 6.019 Loaded shared library C:\Users\16696\.trae-cn\extensions\redhat.java-1.55.0-win32-x64\jre\21.0.11-win32-x86_64\bin\management_ext.dll
Event: 7.183 Loaded shared library C:\Users\16696\.trae-cn\extensions\redhat.java-1.55.0-win32-x64\jre\21.0.11-win32-x86_64\bin\extnet.dll
Event: 9.695 Loaded shared library C:\Users\16696\.trae-cn\extensions\redhat.java-1.55.0-win32-x64\jre\21.0.11-win32-x86_64\bin\sunmscapi.dll

Deoptimization events (20 events):
Event: 38482.360 Thread 0x00000232693afcf0 DEOPT PACKING pc=0x0000023253e002b4 sp=0x0000004a7cafe9a0
Event: 38482.360 Thread 0x00000232693afcf0 DEOPT UNPACKING pc=0x0000023253763aa2 sp=0x0000004a7cafe940 mode 2
Event: 38515.133 Thread 0x00000232693afcf0 Uncommon trap: trap_request=0xffffff45 fr.pc=0x0000023253f34440 relative=0x00000000000002e0
Event: 38515.133 Thread 0x00000232693afcf0 Uncommon trap: reason=unstable_if action=reinterpret pc=0x0000023253f34440 method=java.net.URI.quote(Ljava/lang/String;JJ)Ljava/lang/String; @ 46 c2
Event: 38515.133 Thread 0x00000232693afcf0 DEOPT PACKING pc=0x0000023253f34440 sp=0x0000004a7cafe830
Event: 38515.133 Thread 0x00000232693afcf0 DEOPT UNPACKING pc=0x0000023253763aa2 sp=0x0000004a7cafe7c8 mode 2
Event: 38517.606 Thread 0x00000232693afcf0 DEOPT PACKING pc=0x000002324d4629ce sp=0x0000004a7cafe810
Event: 38517.606 Thread 0x00000232693afcf0 DEOPT UNPACKING pc=0x0000023253764242 sp=0x0000004a7cafdd90 mode 0
Event: 38517.607 Thread 0x00000232693afcf0 DEOPT PACKING pc=0x000002324d45f0f8 sp=0x0000004a7cafe770
Event: 38517.607 Thread 0x00000232693afcf0 DEOPT UNPACKING pc=0x0000023253764242 sp=0x0000004a7cafdc58 mode 0
Event: 38929.269 Thread 0x00000232693b2ae0 DEOPT PACKING pc=0x000002324d45f0f8 sp=0x0000004a7cbfdf20
Event: 38929.269 Thread 0x00000232693b2ae0 DEOPT UNPACKING pc=0x0000023253764242 sp=0x0000004a7cbfd408 mode 0
Event: 38954.909 Thread 0x0000023266b6eae0 DEOPT PACKING pc=0x000002324d4629ce sp=0x0000004a794fe4b0
Event: 38954.910 Thread 0x0000023266b6eae0 DEOPT UNPACKING pc=0x0000023253764242 sp=0x0000004a794fda30 mode 0
Event: 38992.935 Thread 0x00000232693b2ae0 DEOPT PACKING pc=0x000002324d45f0f8 sp=0x0000004a7cbfde60
Event: 38992.936 Thread 0x00000232693b2ae0 DEOPT UNPACKING pc=0x0000023253764242 sp=0x0000004a7cbfd348 mode 0
Event: 39141.540 Thread 0x0000023266b6eae0 DEOPT PACKING pc=0x000002324d45f0f8 sp=0x0000004a794fe890
Event: 39141.541 Thread 0x0000023266b6eae0 DEOPT UNPACKING pc=0x0000023253764242 sp=0x0000004a794fdd78 mode 0
Event: 39141.576 Thread 0x00000232693b2ae0 DEOPT PACKING pc=0x000002324d4629ce sp=0x0000004a7cbfdf80
Event: 39141.577 Thread 0x00000232693b2ae0 DEOPT UNPACKING pc=0x0000023253764242 sp=0x0000004a7cbfd500 mode 0

Classes loaded (20 events):
Event: 31.141 Loading class sun/util/resources/TimeZoneNames_en
Event: 31.141 Loading class sun/util/resources/TimeZoneNames_en done
Event: 307.197 Loading class java/util/concurrent/ForkJoinTask$AdaptedCallable
Event: 307.197 Loading class java/util/concurrent/ForkJoinTask$AdaptedCallable done
Event: 307.209 Loading class java/util/stream/Nodes$CollectorTask$OfRef
Event: 307.213 Loading class java/util/stream/Nodes$CollectorTask
Event: 307.213 Loading class java/util/stream/Nodes$CollectorTask done
Event: 307.213 Loading class java/util/stream/Nodes$CollectorTask$OfRef done
Event: 307.214 Loading class java/util/stream/Nodes$ConcNode
Event: 307.214 Loading class java/util/stream/Nodes$AbstractConcNode
Event: 307.214 Loading class java/util/stream/Nodes$AbstractConcNode done
Event: 307.214 Loading class java/util/stream/Nodes$ConcNode done
Event: 872.699 Loading class java/nio/channels/CompletionHandler
Event: 872.706 Loading class java/nio/channels/CompletionHandler done
Event: 979.404 Loading class java/util/stream/DistinctOps
Event: 979.411 Loading class java/util/stream/DistinctOps done
Event: 979.411 Loading class java/util/stream/DistinctOps$1
Event: 979.426 Loading class java/util/stream/DistinctOps$1 done
Event: 979.435 Loading class java/util/stream/DistinctOps$1$2
Event: 979.437 Loading class java/util/stream/DistinctOps$1$2 done

Classes unloaded (7 events):
Event: 4.424 Thread 0x000002324907e960 Unloading class 0x00000232011a3800 'java/lang/invoke/LambdaForm$MH+0x00000232011a3800'
Event: 4.424 Thread 0x000002324907e960 Unloading class 0x00000232011a3400 'java/lang/invoke/LambdaForm$MH+0x00000232011a3400'
Event: 4.424 Thread 0x000002324907e960 Unloading class 0x00000232011a3000 'java/lang/invoke/LambdaForm$MH+0x00000232011a3000'
Event: 4.424 Thread 0x000002324907e960 Unloading class 0x00000232011a2c00 'java/lang/invoke/LambdaForm$MH+0x00000232011a2c00'
Event: 4.424 Thread 0x000002324907e960 Unloading class 0x00000232011a2800 'java/lang/invoke/LambdaForm$BMH+0x00000232011a2800'
Event: 4.424 Thread 0x000002324907e960 Unloading class 0x00000232011a2400 'java/lang/invoke/LambdaForm$DMH+0x00000232011a2400'
Event: 4.424 Thread 0x000002324907e960 Unloading class 0x00000232011a1400 'java/lang/invoke/LambdaForm$DMH+0x00000232011a1400'

Classes redefined (0 events):
No events

Internal exceptions (20 events):
Event: 16.238 Thread 0x000002326b6b9700 Exception <a 'java/lang/NoSuchMethodError'{0x00000000d5a64130}: static Lorg/gradle/internal/classloader/ClassLoaderSpec;.<clinit>()V> (0x00000000d5a64130) 
thrown [s\src\hotspot\share\prims\jni.cpp, line 1111]
Event: 16.238 Thread 0x000002326b6b9700 Exception <a 'java/lang/NoSuchMethodError'{0x00000000d5a73ae8}: static Lorg/gradle/tooling/internal/provider/serialization/WellKnownClassLoaderRegistry$KnownClassLoaderSpec;.<clinit>()V> (0x00000000d5a73ae8) 
thrown [s\src\hotspot\share\prims\jni.cpp, line 1111]
Event: 16.239 Thread 0x000002326b6b9700 Exception <a 'java/lang/NoSuchMethodError'{0x00000000d5a9b118}: static Lorg/gradle/internal/classloader/ClassLoaderSpec;.<clinit>()V> (0x00000000d5a9b118) 
thrown [s\src\hotspot\share\prims\jni.cpp, line 1111]
Event: 16.239 Thread 0x000002326b6b9700 Exception <a 'java/lang/NoSuchMethodError'{0x00000000d5aac380}: static Lorg/gradle/internal/classloader/VisitableURLClassLoader$Spec;.<clinit>()V> (0x00000000d5aac380) 
thrown [s\src\hotspot\share\prims\jni.cpp, line 1111]
Event: 16.279 Thread 0x000002326b6b9700 Exception <a 'java/lang/NoSuchMethodError'{0x00000000d624dfe0}: static Lorg/gradle/plugins/ide/internal/tooling/model/DefaultGradleProject;.<clinit>()V> (0x00000000d624dfe0) 
thrown [s\src\hotspot\share\prims\jni.cpp, line 1111]
Event: 16.279 Thread 0x000002326b6b9700 Exception <a 'java/lang/NoSuchMethodError'{0x00000000d6262950}: static Lorg/gradle/plugins/ide/internal/tooling/model/DefaultGradleScript;.<clinit>()V> (0x00000000d6262950) 
thrown [s\src\hotspot\share\prims\jni.cpp, line 1111]
Event: 16.280 Thread 0x000002326b6b9700 Exception <a 'java/lang/NoSuchMethodError'{0x00000000d627ed78}: static [Ljava/lang/Object;.<clinit>()V> (0x00000000d627ed78) 
thrown [s\src\hotspot\share\prims\jni.cpp, line 1111]
Event: 16.285 Thread 0x000002326b6b9700 Exception <a 'java/lang/NoSuchMethodError'{0x00000000d6389560}: static Lorg/gradle/tooling/internal/gradle/DefaultProjectIdentifier;.<clinit>()V> (0x00000000d6389560) 
thrown [s\src\hotspot\share\prims\jni.cpp, line 1111]
Event: 16.286 Thread 0x000002326b6b9700 Exception <a 'java/lang/NoSuchMethodError'{0x00000000d6397e60}: static Lorg/gradle/tooling/internal/gradle/DefaultBuildIdentifier;.<clinit>()V> (0x00000000d6397e60) 
thrown [s\src\hotspot\share\prims\jni.cpp, line 1111]
Event: 16.288 Thread 0x000002326b6b9700 Exception <a 'java/lang/NoSuchMethodError'{0x00000000d63da178}: static Lorg/gradle/plugins/ide/internal/tooling/model/LaunchableGradleTask;.<clinit>()V> (0x00000000d63da178) 
thrown [s\src\hotspot\share\prims\jni.cpp, line 1111]
Event: 16.288 Thread 0x000002326b6b9700 Exception <a 'java/lang/NoSuchMethodError'{0x00000000d63dfe18}: static Lorg/gradle/plugins/ide/internal/tooling/model/LaunchableGradleProjectTask;.<clinit>()V> (0x00000000d63dfe18) 
thrown [s\src\hotspot\share\prims\jni.cpp, line 1111]
Event: 16.348 Thread 0x00000232693b3800 Exception <a 'java/lang/NoSuchMethodError'{0x00000000d67380a8}: 'java.lang.Object java.lang.invoke.DirectMethodHandle$Holder.invokeStatic(java.lang.Object, java.lang.Object, int, java.lang.Object)'> (0x00000000d67380a8) 
thrown [s\src\hotspot\share\interpreter\linkResolver.cpp, line 773]
Event: 16.360 Thread 0x00000232693b3800 Implicit null exception at 0x00000232540c5025 to 0x00000232540ce005
Event: 16.369 Thread 0x00000232693b3800 Exception <a 'java/io/FileNotFoundException'{0x00000000d5743270}> (0x00000000d5743270) 
thrown [s\src\hotspot\share\prims\jni.cpp, line 520]
Event: 16.369 Thread 0x00000232693b3800 Exception <a 'java/io/FileNotFoundException'{0x00000000d57441e0}> (0x00000000d57441e0) 
thrown [s\src\hotspot\share\prims\jni.cpp, line 520]
Event: 207.555 Thread 0x00000232693b2ae0 Exception <a 'java/lang/IncompatibleClassChangeError'{0x00000000d5b6a6f8}: Found class java.lang.Object, but interface was expected> (0x00000000d5b6a6f8) 
thrown [s\src\hotspot\share\interpreter\linkResolver.cpp, line 840]
Event: 307.226 Thread 0x00000232693b3800 Implicit null exception at 0x0000023254141e86 to 0x0000023254142068
Event: 491.742 Thread 0x00000232693b2ae0 Implicit null exception at 0x0000023253e4998d to 0x0000023253e49cd8
Event: 491.785 Thread 0x00000232693b2ae0 Exception <a 'java/lang/IncompatibleClassChangeError'{0x00000000d5e4e368}: Found class java.lang.Object, but interface was expected> (0x00000000d5e4e368) 
thrown [s\src\hotspot\share\interpreter\linkResolver.cpp, line 840]
Event: 20195.649 Thread 0x0000023266b72c80 Exception <a 'java/lang/NoSuchMethodError'{0x00000000d67a65c8}: 'java.lang.Object java.lang.invoke.DirectMethodHandle$Holder.invokeStaticInit(java.lang.Object, java.lang.Object, java.lang.Object)'> (0x00000000d67a65c8) 
thrown [s\src\hotspot\share\interpreter\linkResolver.cpp, line 773]

ZGC Phase Switch (0 events):
No events

VM Operations (20 events):
Event: 39939.475 Executing non-safepoint VM operation: HandshakeAllThreads (HandshakeForDeflation)
Event: 39939.475 Executing non-safepoint VM operation: HandshakeAllThreads (HandshakeForDeflation) done
Event: 39939.475 Executing non-safepoint VM operation: RendezvousGCThreads
Event: 39939.475 Executing non-safepoint VM operation: RendezvousGCThreads done
Event: 39999.597 Executing non-safepoint VM operation: HandshakeAllThreads (HandshakeForDeflation)
Event: 39999.598 Executing non-safepoint VM operation: HandshakeAllThreads (HandshakeForDeflation) done
Event: 39999.598 Executing non-safepoint VM operation: RendezvousGCThreads
Event: 39999.598 Executing non-safepoint VM operation: RendezvousGCThreads done
Event: 40059.735 Executing non-safepoint VM operation: HandshakeAllThreads (HandshakeForDeflation)
Event: 40059.735 Executing non-safepoint VM operation: HandshakeAllThreads (HandshakeForDeflation) done
Event: 40059.735 Executing non-safepoint VM operation: RendezvousGCThreads
Event: 40059.735 Executing non-safepoint VM operation: RendezvousGCThreads done
Event: 40119.924 Executing non-safepoint VM operation: HandshakeAllThreads (HandshakeForDeflation)
Event: 40119.924 Executing non-safepoint VM operation: HandshakeAllThreads (HandshakeForDeflation) done
Event: 40119.924 Executing non-safepoint VM operation: RendezvousGCThreads
Event: 40119.924 Executing non-safepoint VM operation: RendezvousGCThreads done
Event: 40180.059 Executing non-safepoint VM operation: HandshakeAllThreads (HandshakeForDeflation)
Event: 40180.059 Executing non-safepoint VM operation: HandshakeAllThreads (HandshakeForDeflation) done
Event: 40180.059 Executing non-safepoint VM operation: RendezvousGCThreads
Event: 40180.059 Executing non-safepoint VM operation: RendezvousGCThreads done

Memory protections (0 events):
No events

Nmethod flushes (20 events):
Event: 6.614 Thread 0x000002324907e960 flushing  nmethod 0x000002324ca17f90
Event: 6.614 Thread 0x000002324907e960 flushing  nmethod 0x000002324ca18f90
Event: 6.614 Thread 0x000002324907e960 flushing  nmethod 0x000002324ca1b810
Event: 6.614 Thread 0x000002324907e960 flushing  nmethod 0x000002324ca2d310
Event: 6.614 Thread 0x000002324907e960 flushing  nmethod 0x000002324ca31490
Event: 6.614 Thread 0x000002324907e960 flushing  nmethod 0x000002324ca3d610
Event: 6.614 Thread 0x000002324907e960 flushing  nmethod 0x000002324ca51d10
Event: 6.614 Thread 0x000002324907e960 flushing  nmethod 0x000002324ca65f90
Event: 6.614 Thread 0x000002324907e960 flushing  nmethod 0x000002324ca6f810
Event: 6.614 Thread 0x000002324907e960 flushing  nmethod 0x000002324ca7fc10
Event: 6.614 Thread 0x000002324907e960 flushing  nmethod 0x000002324ca81790
Event: 6.614 Thread 0x000002324907e960 flushing  nmethod 0x000002324ca83290
Event: 6.614 Thread 0x000002324907e960 flushing  nmethod 0x000002324ca84b90
Event: 6.614 Thread 0x000002324907e960 flushing  nmethod 0x000002324ca8a890
Event: 6.614 Thread 0x000002324907e960 flushing  nmethod 0x000002324ca8c110
Event: 6.614 Thread 0x000002324907e960 flushing  nmethod 0x000002324ca8c890
Event: 6.614 Thread 0x000002324907e960 flushing  nmethod 0x000002324ca8f890
Event: 6.614 Thread 0x000002324907e960 flushing  nmethod 0x000002324ca8fc10
Event: 6.614 Thread 0x000002324907e960 flushing  nmethod 0x000002324ca8ff90
Event: 6.614 Thread 0x000002324907e960 flushing  nmethod 0x000002324caccc90

Events (20 events):
Event: 37866.389 Thread 0x00000232693b3800 Thread added: 0x0000023266b6eae0
Event: 37866.389 Thread 0x0000023266b6eae0 Thread exited: 0x0000023266b6eae0
Event: 38678.474 Thread 0x00000232693b3800 Thread added: 0x0000023266b6eae0
Event: 38678.475 Thread 0x0000023266b6eae0 Thread exited: 0x0000023266b6eae0
Event: 38678.476 Thread 0x00000232693b3800 Thread added: 0x0000023266b6eae0
Event: 38678.476 Thread 0x0000023266b6eae0 Thread exited: 0x0000023266b6eae0
Event: 38833.568 Thread 0x00000232693b2ae0 Thread added: 0x0000023266b6eae0
Event: 38893.570 Thread 0x0000023266b6eae0 Thread exited: 0x0000023266b6eae0
Event: 38926.379 Thread 0x00000232693b2ae0 Thread added: 0x0000023266b6eae0
Event: 39057.514 Thread 0x0000023266b6eae0 Thread exited: 0x0000023266b6eae0
Event: 39116.340 Thread 0x00000232693b3800 Thread added: 0x0000023266b6eae0
Event: 39116.341 Thread 0x0000023266b6eae0 Thread exited: 0x0000023266b6eae0
Event: 39116.342 Thread 0x00000232693b3800 Thread added: 0x0000023266b6eae0
Event: 39116.342 Thread 0x0000023266b6eae0 Thread exited: 0x0000023266b6eae0
Event: 39141.540 Thread 0x00000232693b2ae0 Thread added: 0x0000023266b6eae0
Event: 39201.542 Thread 0x0000023266b6eae0 Thread exited: 0x0000023266b6eae0
Event: 40071.129 Thread 0x00000232693b2ae0 Thread added: 0x0000023266b6eae0
Event: 40131.137 Thread 0x0000023266b6eae0 Thread exited: 0x0000023266b6eae0
Event: 40367.991 Thread 0x00000232693b2ae0 Thread added: 0x0000023266b6eae0
Event: 40427.998 Thread 0x0000023266b6eae0 Thread exited: 0x0000023266b6eae0


Dynamic libraries:
0x00007ff7a5bf0000 - 0x00007ff7a5bfe000 	c:\Users\16696\.trae-cn\extensions\redhat.java-1.55.0-win32-x64\jre\21.0.11-win32-x86_64\bin\java.exe
0x00007ff880020000 - 0x00007ff880286000 	C:\Windows\SYSTEM32\ntdll.dll
0x00007ff87e450000 - 0x00007ff87e519000 	C:\Windows\System32\KERNEL32.DLL
0x00007ff87d960000 - 0x00007ff87dd5a000 	C:\Windows\System32\KERNELBASE.dll
0x00007ff801830000 - 0x00007ff80184e000 	c:\Users\16696\.trae-cn\extensions\redhat.java-1.55.0-win32-x64\jre\21.0.11-win32-x86_64\bin\VCRUNTIME140.dll
0x00007ff810130000 - 0x00007ff810148000 	c:\Users\16696\.trae-cn\extensions\redhat.java-1.55.0-win32-x64\jre\21.0.11-win32-x86_64\bin\jli.dll
0x00007ff87fa80000 - 0x00007ff87fc47000 	C:\Windows\System32\USER32.dll
0x00007ff87dd60000 - 0x00007ff87dd87000 	C:\Windows\System32\win32u.dll
0x00007ff87fa30000 - 0x00007ff87fa5b000 	C:\Windows\System32\GDI32.dll
0x00007ff87c3b0000 - 0x00007ff87c642000 	C:\Windows\WinSxS\amd64_microsoft.windows.common-controls_6595b64144ccf1df_6.0.26100.8521_none_3e08b75ce33403b3\COMCTL32.dll
0x00007ff87d830000 - 0x00007ff87d95b000 	C:\Windows\System32\gdi32full.dll
0x00007ff87e5f0000 - 0x00007ff87e699000 	C:\Windows\System32\msvcrt.dll
0x00007ff87d2b0000 - 0x00007ff87d353000 	C:\Windows\System32\msvcp_win.dll
0x00007ff87d620000 - 0x00007ff87d76c000 	C:\Windows\System32\ucrtbase.dll
0x00007ff87dea0000 - 0x00007ff87ded2000 	C:\Windows\System32\IMM32.DLL
0x00007ff8473e0000 - 0x00007ff8473ec000 	c:\Users\16696\.trae-cn\extensions\redhat.java-1.55.0-win32-x64\jre\21.0.11-win32-x86_64\bin\vcruntime140_1.dll
0x00007fffe5fd0000 - 0x00007fffe605d000 	c:\Users\16696\.trae-cn\extensions\redhat.java-1.55.0-win32-x64\jre\21.0.11-win32-x86_64\bin\msvcp140.dll
0x00007fffe5220000 - 0x00007fffe5fc2000 	c:\Users\16696\.trae-cn\extensions\redhat.java-1.55.0-win32-x64\jre\21.0.11-win32-x86_64\bin\server\jvm.dll
0x00007ff87ed10000 - 0x00007ff87edc6000 	C:\Windows\System32\ADVAPI32.dll
0x00007ff87e1e0000 - 0x00007ff87e28a000 	C:\Windows\System32\sechost.dll
0x00007ff87f8a0000 - 0x00007ff87f9b8000 	C:\Windows\System32\RPCRT4.dll
0x00007ff87de10000 - 0x00007ff87de90000 	C:\Windows\System32\WS2_32.dll
0x00007ff875350000 - 0x00007ff875386000 	C:\Windows\SYSTEM32\WINMM.dll
0x00007ff875340000 - 0x00007ff87534b000 	C:\Windows\SYSTEM32\VERSION.dll
0x00007ff87d110000 - 0x00007ff87d16e000 	C:\Windows\SYSTEM32\POWRPROF.dll
0x00007ff87d0f0000 - 0x00007ff87d104000 	C:\Windows\SYSTEM32\UMPDC.dll
0x00007ff87b6d0000 - 0x00007ff87b6eb000 	C:\Windows\SYSTEM32\kernel.appcore.dll
0x00007ff8473b0000 - 0x00007ff8473ba000 	c:\Users\16696\.trae-cn\extensions\redhat.java-1.55.0-win32-x64\jre\21.0.11-win32-x86_64\bin\jimage.dll
0x00007ff87ca80000 - 0x00007ff87ccc2000 	C:\Windows\SYSTEM32\DBGHELP.DLL
0x00007ff87fc50000 - 0x00007ff87ffd3000 	C:\Windows\System32\combase.dll
0x00007ff87f760000 - 0x00007ff87f839000 	C:\Windows\System32\OLEAUT32.dll
0x00007ff87c950000 - 0x00007ff87c98b000 	C:\Windows\SYSTEM32\dbgcore.DLL
0x00007ff87d360000 - 0x00007ff87d408000 	C:\Windows\System32\bcryptPrimitives.dll
0x00007ff80fc90000 - 0x00007ff80fc9f000 	c:\Users\16696\.trae-cn\extensions\redhat.java-1.55.0-win32-x64\jre\21.0.11-win32-x86_64\bin\instrument.dll
0x00007ff801810000 - 0x00007ff801830000 	c:\Users\16696\.trae-cn\extensions\redhat.java-1.55.0-win32-x64\jre\21.0.11-win32-x86_64\bin\java.dll
0x00007ff87ee60000 - 0x00007ff87f5e4000 	C:\Windows\System32\SHELL32.dll
0x00007ff87a390000 - 0x00007ff87ac10000 	C:\Windows\SYSTEM32\windows.storage.dll
0x00007ff87e350000 - 0x00007ff87e446000 	C:\Windows\System32\SHCORE.dll
0x00007ff87f9c0000 - 0x00007ff87fa27000 	C:\Windows\System32\shlwapi.dll
0x00007ff87d1d0000 - 0x00007ff87d1f9000 	C:\Windows\SYSTEM32\profapi.dll
0x00007ff8016c0000 - 0x00007ff8016d8000 	c:\Users\16696\.trae-cn\extensions\redhat.java-1.55.0-win32-x64\jre\21.0.11-win32-x86_64\bin\zip.dll
0x00007ff8016b0000 - 0x00007ff8016c0000 	C:\Users\16696\.trae-cn\extensions\redhat.java-1.55.0-win32-x64\jre\21.0.11-win32-x86_64\bin\net.dll
0x00007ff874b00000 - 0x00007ff874c29000 	C:\Windows\SYSTEM32\WINHTTP.dll
0x00007ff87bbf0000 - 0x00007ff87bc5c000 	C:\Windows\system32\mswsock.dll
0x00007ffff94e0000 - 0x00007ffff94f6000 	C:\Users\16696\.trae-cn\extensions\redhat.java-1.55.0-win32-x64\jre\21.0.11-win32-x86_64\bin\nio.dll
0x00007ff801610000 - 0x00007ff801620000 	c:\Users\16696\.trae-cn\extensions\redhat.java-1.55.0-win32-x64\jre\21.0.11-win32-x86_64\bin\verify.dll
0x00007fffe49e0000 - 0x00007fffe4a25000 	C:\Users\16696\AppData\Roaming\Trae CN\User\globalStorage\redhat.java\1.55.0\config_win\org.eclipse.equinox.launcher\org.eclipse.equinox.launcher.win32.win32.x86_64_1.3.100.v20260613-0559\eclipse_11924.dll
0x00007ff87dee0000 - 0x00007ff87e078000 	C:\Windows\System32\ole32.dll
0x00007ff87cdd0000 - 0x00007ff87cdeb000 	C:\Windows\SYSTEM32\CRYPTSP.dll
0x00007ff87be90000 - 0x00007ff87bec9000 	C:\Windows\system32\rsaenh.dll
0x00007ff87bc60000 - 0x00007ff87bc93000 	C:\Windows\SYSTEM32\USERENV.dll
0x00007ff87d1a0000 - 0x00007ff87d1ca000 	C:\Windows\SYSTEM32\bcrypt.dll
0x00007ff87be80000 - 0x00007ff87be8c000 	C:\Windows\SYSTEM32\CRYPTBASE.dll
0x00007ff87b0f0000 - 0x00007ff87b123000 	C:\Windows\SYSTEM32\IPHLPAPI.DLL
0x00007ff87fa60000 - 0x00007ff87fa6a000 	C:\Windows\System32\NSI.dll
0x00007ff814d30000 - 0x00007ff814d79000 	C:\Users\16696\AppData\Local\Temp\jna-46914958\jna14438315898197927393.dll
0x00007ff87fa70000 - 0x00007ff87fa78000 	C:\Windows\System32\PSAPI.DLL
0x00007ff875390000 - 0x00007ff8753ad000 	C:\Windows\SYSTEM32\dhcpcsvc6.DLL
0x00007ff874450000 - 0x00007ff874475000 	C:\Windows\SYSTEM32\dhcpcsvc.DLL
0x00007fffe4c80000 - 0x00007fffe4ca7000 	C:\Users\16696\.gradle\native\660c5614fbf4a5f2a75b1949f50a0caf5cd603558e7d8a26e50b933a0cfb79d1\windows-amd64\native-platform.dll
0x00007fffe4b80000 - 0x00007fffe4b8a000 	C:\Users\16696\.trae-cn\extensions\redhat.java-1.55.0-win32-x64\jre\21.0.11-win32-x86_64\bin\management.dll
0x00007fffe4b70000 - 0x00007fffe4b7c000 	C:\Users\16696\.trae-cn\extensions\redhat.java-1.55.0-win32-x64\jre\21.0.11-win32-x86_64\bin\management_ext.dll
0x00007ff875310000 - 0x00007ff875319000 	C:\Users\16696\.trae-cn\extensions\redhat.java-1.55.0-win32-x64\jre\21.0.11-win32-x86_64\bin\extnet.dll
0x00007fffe37f0000 - 0x00007fffe37fe000 	C:\Users\16696\.trae-cn\extensions\redhat.java-1.55.0-win32-x64\jre\21.0.11-win32-x86_64\bin\sunmscapi.dll
0x00007ff87d410000 - 0x00007ff87d588000 	C:\Windows\System32\CRYPT32.dll
0x00007ff87c370000 - 0x00007ff87c3a0000 	C:\Windows\SYSTEM32\ncrypt.dll
0x00007ff87c320000 - 0x00007ff87c35f000 	C:\Windows\SYSTEM32\NTASN1.dll
0x00007ff865540000 - 0x00007ff865548000 	C:\Windows\system32\wshunix.dll

JVMTI agents:
c:\Users\16696\.trae-cn\extensions\redhat.java-1.55.0-win32-x64\lombok\lombok-1.18.39-4050.jar path:c:\Users\16696\.trae-cn\extensions\redhat.java-1.55.0-win32-x64\jre\21.0.11-win32-x86_64\bin\instrument.dll, loaded, initialized, instrumentlib options:none

dbghelp: loaded successfully - version: 4.0.5 - missing functions: none
symbol engine: initialized successfully - sym options: 0x614 - pdb path: .;c:\Users\16696\.trae-cn\extensions\redhat.java-1.55.0-win32-x64\jre\21.0.11-win32-x86_64\bin;C:\Windows\SYSTEM32;C:\Windows\WinSxS\amd64_microsoft.windows.common-controls_6595b64144ccf1df_6.0.26100.8521_none_3e08b75ce33403b3;c:\Users\16696\.trae-cn\extensions\redhat.java-1.55.0-win32-x64\jre\21.0.11-win32-x86_64\bin\server;C:\Users\16696\AppData\Roaming\Trae CN\User\globalStorage\redhat.java\1.55.0\config_win\org.eclipse.equinox.launcher\org.eclipse.equinox.launcher.win32.win32.x86_64_1.3.100.v20260613-0559;C:\Users\16696\AppData\Local\Temp\jna-46914958;C:\Users\16696\.gradle\native\660c5614fbf4a5f2a75b1949f50a0caf5cd603558e7d8a26e50b933a0cfb79d1\windows-amd64

VM Arguments:
jvm_args: --add-modules=ALL-SYSTEM --add-opens=java.base/java.util=ALL-UNNAMED --add-opens=java.base/java.lang=ALL-UNNAMED --add-opens=java.base/sun.nio.fs=ALL-UNNAMED -Declipse.application=org.eclipse.jdt.ls.core.id1 -Dosgi.bundles.defaultStartLevel=4 -Declipse.product=org.eclipse.jdt.ls.core.product -Djava.import.generatesMetadataFilesAtProjectRoot=false -DDetectVMInstallationsJob.disabled=true -Dfile.encoding=utf8 -XX:+UseParallelGC -XX:GCTimeRatio=4 -XX:AdaptiveSizePolicyWeight=90 -Dsun.zip.disableMemoryMapping=true -Xmx2G -Xms100m -Xlog:disable -javaagent:c:\Users\16696\.trae-cn\extensions\redhat.java-1.55.0-win32-x64\lombok\lombok-1.18.39-4050.jar -XX:+HeapDumpOnOutOfMemoryError -XX:HeapDumpPath=c:\Users\16696\AppData\Roaming\Trae CN\User\workspaceStorage\5d727ef8ad22f51e7423316dac212d99\redhat.java -Daether.dependencyCollector.impl=bf 
java_command: c:\Users\16696\.trae-cn\extensions\redhat.java-1.55.0-win32-x64\server\plugins\org.eclipse.equinox.launcher_1.7.200.v20260619-2039.jar -configuration c:\Users\16696\AppData\Roaming\Trae CN\User\globalStorage\redhat.java\1.55.0\config_win -data c:\Users\16696\AppData\Roaming\Trae CN\User\workspaceStorage\5d727ef8ad22f51e7423316dac212d99\redhat.java\jdt_ws --pipe=\\.\pipe\lsp-e39ea18cca35061f77b8ca4627efee55-sock
java_class_path (initial): c:\Users\16696\.trae-cn\extensions\redhat.java-1.55.0-win32-x64\server\plugins\org.eclipse.equinox.launcher_1.7.200.v20260619-2039.jar
Launcher Type: SUN_STANDARD

[Global flags]
    uintx AdaptiveSizePolicyWeight                 = 90                                        {product} {command line}
     intx CICompilerCount                          = 4                                         {product} {ergonomic}
    uintx GCTimeRatio                              = 4                                         {product} {command line}
     bool HeapDumpOnOutOfMemoryError               = true                                   {manageable} {command line}
    ccstr HeapDumpPath                             = c:\Users\16696\AppData\Roaming\Trae CN\User\workspaceStorage\5d727ef8ad22f51e7423316dac212d99\redhat.java         {manageable} {command line}
   size_t InitialHeapSize                          = 104857600                                 {product} {command line}
   size_t MaxHeapSize                              = 2147483648                                {product} {command line}
   size_t MaxNewSize                               = 715653120                                 {product} {ergonomic}
   size_t MinHeapDeltaBytes                        = 524288                                    {product} {ergonomic}
   size_t MinHeapSize                              = 104857600                                 {product} {command line}
   size_t NewSize                                  = 34603008                                  {product} {ergonomic}
    uintx NonNMethodCodeHeapSize                   = 5839372                                {pd product} {ergonomic}
    uintx NonProfiledCodeHeapSize                  = 122909434                              {pd product} {ergonomic}
   size_t OldSize                                  = 70254592                                  {product} {ergonomic}
    uintx ProfiledCodeHeapSize                     = 122909434                              {pd product} {ergonomic}
    uintx ReservedCodeCacheSize                    = 251658240                              {pd product} {ergonomic}
     bool SegmentedCodeCache                       = true                                      {product} {ergonomic}
   size_t SoftMaxHeapSize                          = 2147483648                             {manageable} {ergonomic}
     bool UseCompressedOops                        = true                           {product lp64_product} {ergonomic}
     bool UseLargePagesIndividualAllocation        = false                                  {pd product} {ergonomic}
     bool UseParallelGC                            = true                                      {product} {command line}

Logging:
Log output configuration:
 #0: stdout all=off uptime,level,tags foldmultilines=false
 #1: stderr all=off uptime,level,tags foldmultilines=false

Release file:
JAVA_VERSION="21.0.11" 
MODULES="java.base java.compiler java.datatransfer java.xml java.prefs java.desktop java.instrument java.logging java.management java.security.sasl java.naming java.rmi java.management.rmi java.net.http java.scripting java.security.jgss java.transaction.xa java.sql java.sql.rowset java.xml.crypto java.se java.smartcardio jdk.accessibility jdk.internal.jvmstat jdk.attach jdk.charsets jdk.internal.opt jdk.zipfs jdk.compiler jdk.crypto.ec jdk.crypto.cryptoki jdk.crypto.mscapi jdk.dynalink jdk.internal.ed jdk.editpad jdk.hotspot.agent jdk.httpserver jdk.internal.le jdk.internal.vm.ci jdk.internal.vm.compiler jdk.internal.vm.compiler.management jdk.jartool jdk.javadoc jdk.jcmd jdk.management jdk.management.agent jdk.jconsole jdk.jdeps jdk.jdwp.agent jdk.jdi jdk.jfr jdk.jshell jdk.jsobject jdk.jstatd jdk.localedata jdk.management.jfr jdk.naming.dns jdk.naming.rmi jdk.net jdk.nio.mapmode jdk.random jdk.sctp jdk.security.auth jdk.security.jgss jdk.unsupported jdk.unsupported.desktop jdk.xml.dom" 

Environment Variables:
PATH=c:\Users\16696\.trae-cn\tools\trae-gopls\current;c:\Users\16696\.trae-cn\sdks\workspaces\5d727ef8\versions\node\current;c:\Users\16696\.trae-cn\sdks\versions\node\current;D:\Android\jdk-8.0.492.9-hotspot\bin;C:\Program Files (x86)\VMware\VMware Workstation\bin\;C:\Windows\system32;C:\Windows;C:\Windows\System32\Wbem;C:\Windows\System32\WindowsPowerShell\v1.0\;C:\Windows\System32\OpenSSH\;D:\Git\Git\cmd;D:\Cmake\bin;D:\Windows Kits\10\Windows Performance Toolkit\;C:\Program Files\CMake\bin;C:\Program Files\TortoiseGit\bin;C:\NXP\S32DS.3.5\S32DS\build_tools\gcc-10.2-arm32-eabi\bin;D:\Xshell\;C:\Users\16696\AppData\Local\Programs\Python\Python314\Scripts\;C:\Users\16696\AppData\Local\Programs\Python\Python314\;C:\Users\16696\AppData\Local\Microsoft\WindowsApps;D:\pycharm\PyCharm 2026.1.2\bin;D:\vscode\Microsoft VS Code\bin;D:\Android\Sdk\platform-tools;;d:\Trea\Trae CN\resources\app\bin\lib
USERNAME=16696
OS=Windows_NT
PROCESSOR_IDENTIFIER=Intel64 Family 6 Model 198 Stepping 2, GenuineIntel
TMP=C:\Users\16696\AppData\Local\Temp
TEMP=C:\Users\16696\AppData\Local\Temp




Periodic native trim disabled

---------------  S Y S T E M  ---------------

OS:
 Windows 11 , 64 bit Build 26100 (10.0.26100.8521)
OS uptime: 1 days 6:09 hours
Hyper-V role detected

CPU: total 10 (initial active 10) (10 cores per cpu, 1 threads per core) family 6 model 198 stepping 2 microcode 0x118, cx8, cmov, fxsr, mmx, 3dnowpref, sse, sse2, sse3, ssse3, sse4.1, sse4.2, popcnt, lzcnt, tsc, tscinvbit, avx, avx2, aes, erms, clmul, bmi1, bmi2, adx, sha, fma, vzeroupper, clflush, clflushopt, clwb, hv, serialize, rdtscp, rdpid, fsrm, f16c, cet_ibt, cet_ss
Processor Information for processor 0
  Max Mhz: 3300, Current Mhz: 3300, Mhz Limit: 3300
Processor Information for processor 1
  Max Mhz: 3300, Current Mhz: 3300, Mhz Limit: 3300
Processor Information for processor 2
  Max Mhz: 2700, Current Mhz: 2700, Mhz Limit: 2700
Processor Information for processor 3
  Max Mhz: 2700, Current Mhz: 2700, Mhz Limit: 2700
Processor Information for processor 4
  Max Mhz: 2700, Current Mhz: 2700, Mhz Limit: 2700
Processor Information for processor 5
  Max Mhz: 2700, Current Mhz: 2700, Mhz Limit: 2700
Processor Information for processor 6
  Max Mhz: 3300, Current Mhz: 3300, Mhz Limit: 3300
Processor Information for processor 7
  Max Mhz: 3300, Current Mhz: 3300, Mhz Limit: 3300
Processor Information for processor 8
  Max Mhz: 3300, Current Mhz: 3300, Mhz Limit: 3300
Processor Information for processor 9
  Max Mhz: 3300, Current Mhz: 3300, Mhz Limit: 3300

Memory: 4k page, system-wide physical 15751M (588M free)
TotalPageFile size 54151M (AvailPageFile size 4M)
current process WorkingSet (physical memory assigned to process): 9M, peak: 322M
current process commit charge ("private bytes"): 386M, peak: 428M

vm_info: OpenJDK 64-Bit Server VM (21.0.11+10-LTS) for windows-amd64 JRE (21.0.11+10-LTS), built on 2026-04-21T00:00:00Z by "admin" with MS VC++ 17.12 (VS2022)

END.
