#
# There is insufficient memory for the Java Runtime Environment to continue.
# Native memory allocation (mmap) failed to map 426770432 bytes. Error detail: G1 virtual space
# Possible reasons:
#   The system is out of physical RAM or swap space
#   This process is running with CompressedOops enabled, and the Java Heap may be blocking the growth of the native heap
# Possible solutions:
#   Reduce memory load on the system
#   Increase physical memory or swap space
#   Check if swap backing store is full
#   Decrease Java heap size (-Xmx/-Xms)
#   Decrease number of Java threads
#   Decrease Java thread stack sizes (-Xss)
#   Set larger code cache with -XX:ReservedCodeCacheSize=
#   JVM is running with Unscaled Compressed Oops mode in which the Java heap is
#     placed in the first 4GB address space. The Java Heap base address is the
#     maximum limit for the native heap growth. Please use -XX:HeapBaseMinAddress
#     to set the Java Heap base and to place the Java Heap above 4GB virtual address.
# This output file may be truncated or incomplete.
#
#  Out of Memory Error (os_windows.cpp:3690), pid=22840, tid=8332
#
# JRE version: OpenJDK Runtime Environment Microsoft-13877129 (17.0.19+10) (build 17.0.19+10-LTS)
# Java VM: OpenJDK 64-Bit Server VM Microsoft-13877129 (17.0.19+10-LTS, mixed mode, sharing, tiered, compressed oops, compressed class ptrs, g1 gc, windows-amd64)
# No core dump will be written. Minidumps are not enabled by default on client versions of Windows
#

---------------  S U M M A R Y ------------

Command Line: --add-opens=java.base/java.lang=ALL-UNNAMED --add-opens=java.base/java.lang.invoke=ALL-UNNAMED --add-opens=java.base/java.util=ALL-UNNAMED --add-opens=java.prefs/java.util.prefs=ALL-UNNAMED --add-exports=jdk.compiler/com.sun.tools.javac.api=ALL-UNNAMED --add-exports=jdk.compiler/com.sun.tools.javac.util=ALL-UNNAMED --add-opens=java.base/java.util=ALL-UNNAMED --add-opens=java.prefs/java.util.prefs=ALL-UNNAMED --add-opens=java.base/java.nio.charset=ALL-UNNAMED --add-opens=java.base/java.net=ALL-UNNAMED --add-opens=java.base/java.util.concurrent=ALL-UNNAMED --add-opens=java.base/java.util.concurrent.atomic=ALL-UNNAMED --add-opens=java.xml/javax.xml.namespace=ALL-UNNAMED --add-opens=java.base/java.time=ALL-UNNAMED -Xmx2048m -Dfile.encoding=UTF-8 -Duser.country=CN -Duser.language=zh -Duser.variant -javaagent:C:\Users\16696\.gradle\wrapper\dists\gradle-9.4.1-bin\arn2x92ynaizyzdaamcbpbhtj\gradle-9.4.1\lib\agents\gradle-instrumentation-agent-9.4.1.jar org.gradle.launcher.daemon.bootstrap.GradleDaemon 9.4.1

Host: Intel(R) Core(TM) Ultra 5 225, 10 cores, 15G,  Windows 11 , 64 bit Build 26100 (10.0.26100.8521)
Time: Thu Jul 16 10:38:03 2026  Windows 11 , 64 bit Build 26100 (10.0.26100.8521) elapsed time: 11.343609 seconds (0d 0h 0m 11s)

---------------  T H R E A D  ---------------

Current thread (0x0000028247b5f170):  VMThread "VM Thread" [stack: 0x000000f6f1600000,0x000000f6f1700000] [id=8332]

Stack: [0x000000f6f1600000,0x000000f6f1700000]
Native frames: (J=compiled Java code, j=interpreted, Vv=VM code, C=native code)
V  [jvm.dll+0x68cc89]  (no source info available)
V  [jvm.dll+0x845d89]  (no source info available)
V  [jvm.dll+0x847af8]  (no source info available)
V  [jvm.dll+0x848183]  (no source info available)
V  [jvm.dll+0x24d0bf]  (no source info available)
V  [jvm.dll+0x68c089]  (no source info available)
V  [jvm.dll+0x68064a]  (no source info available)
V  [jvm.dll+0x3102f0]  (no source info available)
V  [jvm.dll+0x310192]  (no source info available)
V  [jvm.dll+0x317709]  (no source info available)
V  [jvm.dll+0x369b09]  (no source info available)
V  [jvm.dll+0x369d3d]  (no source info available)
V  [jvm.dll+0x2e6afa]  (no source info available)
V  [jvm.dll+0x2e4ef1]  (no source info available)
V  [jvm.dll+0x2e468c]  (no source info available)
V  [jvm.dll+0x329411]  (no source info available)
V  [jvm.dll+0x84ca0d]  (no source info available)
V  [jvm.dll+0x84d723]  (no source info available)
V  [jvm.dll+0x84dc54]  (no source info available)
V  [jvm.dll+0x84e038]  (no source info available)
V  [jvm.dll+0x84e12e]  (no source info available)
V  [jvm.dll+0x7f62cc]  (no source info available)
V  [jvm.dll+0x68e227]  (no source info available)
C  [ucrtbase.dll+0x2cd30]  (no source info available)
C  [KERNEL32.DLL+0x2e957]  (no source info available)
C  [ntdll.dll+0x87c1c]  (no source info available)

VM_Operation (0x000000f6f66fd5d0): G1TryInitiateConcMark, mode: safepoint, requested by thread 0x00000282950376f0


---------------  P R O C E S S  ---------------

Threads class SMR info:
_java_thread_list=0x0000028292c25c30, length=70, elements={
0x000002822998a670, 0x0000028247b66180, 0x0000028247b68670, 0x0000028247b800e0,
0x0000028247b815d0, 0x0000028247b81ab0, 0x0000028247b85fa0, 0x0000028247b88fe0,
0x0000028247b8a510, 0x0000028247b8ac40, 0x00000282480a0810, 0x0000028248298a40,
0x000002824831d810, 0x0000028248369910, 0x000002828f7b0950, 0x000002828f3f8340,
0x000002828f7157f0, 0x000002828e4a6a90, 0x000002828ec07fb0, 0x000002828fdba040,
0x000002828fca1830, 0x000002828fc7be70, 0x000002828fc7c380, 0x000002828fc79b00,
0x000002828fc7a520, 0x000002828fc7a010, 0x000002828fc7aa30, 0x000002828fc7c890,
0x000002828fc7af40, 0x000002828fc7b450, 0x000002828fc790e0, 0x000002828fc7b960,
0x000002828fc795f0, 0x000002829123a510, 0x00000282912395e0, 0x000002829123a000,
0x000002829123aa20, 0x000002829123c880, 0x00000282912390d0, 0x0000028291239af0,
0x000002829123af30, 0x000002829123b440, 0x000002829123b950, 0x0000028292f52370,
0x0000028292f52880, 0x0000028292f52d90, 0x0000028292f51440, 0x0000028292f541d0,
0x0000028292f532a0, 0x0000028292f537b0, 0x0000028292f50a20, 0x0000028292f53cc0,
0x0000028292f546e0, 0x0000028292f56a50, 0x0000028292f55610, 0x0000028292f56f60,
0x000002829123c370, 0x0000028295038620, 0x0000028295035da0, 0x0000028295035380,
0x0000028295037c00, 0x00000282950362b0, 0x00000282950367c0, 0x00000282950371e0,
0x0000028295034e70, 0x0000028295035890, 0x0000028295039550, 0x0000028295039040,
0x0000028295038b30, 0x00000282950376f0
}

Java Threads: ( => current thread )
  0x000002822998a670 JavaThread "main" [_thread_blocked, id=1364, stack(0x000000f6f1000000,0x000000f6f1100000)]
  0x0000028247b66180 JavaThread "Reference Handler" daemon [_thread_blocked, id=24256, stack(0x000000f6f1700000,0x000000f6f1800000)]
  0x0000028247b68670 JavaThread "Finalizer" daemon [_thread_blocked, id=9100, stack(0x000000f6f1800000,0x000000f6f1900000)]
  0x0000028247b800e0 JavaThread "Signal Dispatcher" daemon [_thread_blocked, id=5820, stack(0x000000f6f1900000,0x000000f6f1a00000)]
  0x0000028247b815d0 JavaThread "Attach Listener" daemon [_thread_blocked, id=2828, stack(0x000000f6f1a00000,0x000000f6f1b00000)]
  0x0000028247b81ab0 JavaThread "Service Thread" daemon [_thread_blocked, id=26772, stack(0x000000f6f1b00000,0x000000f6f1c00000)]
  0x0000028247b85fa0 JavaThread "Monitor Deflation Thread" daemon [_thread_blocked, id=16508, stack(0x000000f6f1c00000,0x000000f6f1d00000)]
  0x0000028247b88fe0 JavaThread "C2 CompilerThread0" daemon [_thread_blocked, id=17752, stack(0x000000f6f1d00000,0x000000f6f1e00000)]
  0x0000028247b8a510 JavaThread "C1 CompilerThread0" daemon [_thread_blocked, id=648, stack(0x000000f6f1e00000,0x000000f6f1f00000)]
  0x0000028247b8ac40 JavaThread "Sweeper thread" daemon [_thread_blocked, id=25152, stack(0x000000f6f1f00000,0x000000f6f2000000)]
  0x00000282480a0810 JavaThread "Common-Cleaner" daemon [_thread_blocked, id=19064, stack(0x000000f6f2000000,0x000000f6f2100000)]
  0x0000028248298a40 JavaThread "C2 CompilerThread1" daemon [_thread_blocked, id=17552, stack(0x000000f6f2100000,0x000000f6f2200000)]
  0x000002824831d810 JavaThread "Notification Thread" daemon [_thread_blocked, id=19304, stack(0x000000f6f2200000,0x000000f6f2300000)]
  0x0000028248369910 JavaThread "C2 CompilerThread2" daemon [_thread_blocked, id=24200, stack(0x000000f6f2400000,0x000000f6f2500000)]
  0x000002828f7b0950 JavaThread "Daemon health stats" [_thread_blocked, id=18488, stack(0x000000f6f2900000,0x000000f6f2a00000)]
  0x000002828f3f8340 JavaThread "Incoming local TCP Connector on port 52421" [_thread_in_native, id=22496, stack(0x000000f6f2a00000,0x000000f6f2b00000)]
  0x000002828f7157f0 JavaThread "Daemon periodic checks" [_thread_blocked, id=4464, stack(0x000000f6f2b00000,0x000000f6f2c00000)]
  0x000002828e4a6a90 JavaThread "Daemon" [_thread_blocked, id=5000, stack(0x000000f6f2c00000,0x000000f6f2d00000)]
  0x000002828ec07fb0 JavaThread "Handler for socket connection from /127.0.0.1:52421 to /127.0.0.1:52423" [_thread_in_native, id=22936, stack(0x000000f6f2d00000,0x000000f6f2e00000)]
  0x000002828fdba040 JavaThread "Cancel handler" [_thread_blocked, id=10812, stack(0x000000f6f2e00000,0x000000f6f2f00000)]
  0x000002828fca1830 JavaThread "Daemon worker" [_thread_blocked, id=15496, stack(0x000000f6f2f00000,0x000000f6f3000000)]
  0x000002828fc7be70 JavaThread "Asynchronous log dispatcher for DefaultDaemonConnection: socket connection from /127.0.0.1:52421 to /127.0.0.1:52423" [_thread_blocked, id=17120, stack(0x000000f6f3000000,0x000000f6f3100000)]
  0x000002828fc7c380 JavaThread "Stdin handler" [_thread_blocked, id=5936, stack(0x000000f6f3100000,0x000000f6f3200000)]
  0x000002828fc79b00 JavaThread "Daemon client event forwarder" [_thread_blocked, id=22420, stack(0x000000f6f3200000,0x000000f6f3300000)]
  0x000002828fc7a520 JavaThread "Cache worker for journal cache (C:\Users\16696\.gradle\caches\journal-1)" [_thread_blocked, id=19476, stack(0x000000f6f3300000,0x000000f6f3400000)]
  0x000002828fc7a010 JavaThread "File lock request listener" [_thread_in_native, id=21648, stack(0x000000f6f3400000,0x000000f6f3500000)]
  0x000002828fc7aa30 JavaThread "Cache worker for file hash cache (C:\Users\16696\.gradle\caches\9.4.1\fileHashes)" [_thread_blocked, id=17312, stack(0x000000f6f3500000,0x000000f6f3600000)]
  0x000002828fc7c890 JavaThread "Cache worker for file hash cache (D:\Code\Application\music1\.gradle\9.4.1\fileHashes)" [_thread_blocked, id=22076, stack(0x000000f6f3b00000,0x000000f6f3c00000)]
  0x000002828fc7af40 JavaThread "Cache worker for Build Output Cleanup Cache (D:\Code\Application\music1\.gradle\buildOutputCleanup)" [_thread_blocked, id=24572, stack(0x000000f6f3c00000,0x000000f6f3d00000)]
  0x000002828fc7b450 JavaThread "File watcher server" daemon [_thread_blocked, id=13416, stack(0x000000f6f3d00000,0x000000f6f3e00000)]
  0x000002828fc790e0 JavaThread "File watcher consumer" daemon [_thread_blocked, id=27084, stack(0x000000f6f3e00000,0x000000f6f3f00000)]
  0x000002828fc7b960 JavaThread "Cache worker for file content cache (C:\Users\16696\.gradle\caches\9.4.1\fileContent)" [_thread_blocked, id=23808, stack(0x000000f6f3f00000,0x000000f6f4000000)]
  0x000002828fc795f0 JavaThread "Cache worker for checksums cache (D:\Code\Application\music1\.gradle\9.4.1\checksums)" [_thread_blocked, id=27364, stack(0x000000f6f4100000,0x000000f6f4200000)]
  0x000002829123a510 JavaThread "Cache worker for cache directory md-supplier (C:\Users\16696\.gradle\caches\9.4.1\md-supplier)" [_thread_blocked, id=6248, stack(0x000000f6f4200000,0x000000f6f4300000)]
  0x00000282912395e0 JavaThread "Cache worker for cache directory md-rule (C:\Users\16696\.gradle\caches\9.4.1\md-rule)" [_thread_blocked, id=21276, stack(0x000000f6f4300000,0x000000f6f4400000)]
  0x000002829123a000 JavaThread "jar transforms" [_thread_blocked, id=1528, stack(0x000000f6f4400000,0x000000f6f4500000)]
  0x000002829123aa20 JavaThread "jar transforms Thread 2" [_thread_blocked, id=25808, stack(0x000000f6f4500000,0x000000f6f4600000)]
  0x000002829123c880 JavaThread "jar transforms Thread 3" [_thread_blocked, id=4440, stack(0x000000f6f4600000,0x000000f6f4700000)]
  0x00000282912390d0 JavaThread "Build operations" [_thread_blocked, id=27644, stack(0x000000f6f4700000,0x000000f6f4800000)]
  0x0000028291239af0 JavaThread "Build operations Thread 2" [_thread_blocked, id=26148, stack(0x000000f6f4800000,0x000000f6f4900000)]
  0x000002829123af30 JavaThread "Build operations Thread 3" [_thread_blocked, id=24440, stack(0x000000f6f4900000,0x000000f6f4a00000)]
  0x000002829123b440 JavaThread "Build operations Thread 4" [_thread_blocked, id=13088, stack(0x000000f6f4a00000,0x000000f6f4b00000)]
  0x000002829123b950 JavaThread "Build operations Thread 5" [_thread_blocked, id=26340, stack(0x000000f6f4b00000,0x000000f6f4c00000)]
  0x0000028292f52370 JavaThread "Build operations Thread 6" [_thread_blocked, id=23700, stack(0x000000f6f4c00000,0x000000f6f4d00000)]
  0x0000028292f52880 JavaThread "Build operations Thread 7" [_thread_blocked, id=25836, stack(0x000000f6f4d00000,0x000000f6f4e00000)]
  0x0000028292f52d90 JavaThread "Build operations Thread 8" [_thread_blocked, id=23784, stack(0x000000f6f4e00000,0x000000f6f4f00000)]
  0x0000028292f51440 JavaThread "Build operations Thread 9" [_thread_blocked, id=16140, stack(0x000000f6f4f00000,0x000000f6f5000000)]
  0x0000028292f541d0 JavaThread "Build operations Thread 10" [_thread_blocked, id=24692, stack(0x000000f6f5000000,0x000000f6f5100000)]
  0x0000028292f532a0 JavaThread "jar transforms Thread 4" [_thread_blocked, id=13428, stack(0x000000f6f5100000,0x000000f6f5200000)]
  0x0000028292f537b0 JavaThread "jar transforms Thread 5" [_thread_blocked, id=23384, stack(0x000000f6f5200000,0x000000f6f5300000)]
  0x0000028292f50a20 JavaThread "jar transforms Thread 6" [_thread_blocked, id=27536, stack(0x000000f6f5300000,0x000000f6f5400000)]
  0x0000028292f53cc0 JavaThread "jar transforms Thread 7" [_thread_blocked, id=23632, stack(0x000000f6f5400000,0x000000f6f5500000)]
  0x0000028292f546e0 JavaThread "jar transforms Thread 8" [_thread_blocked, id=12476, stack(0x000000f6f5500000,0x000000f6f5600000)]
  0x0000028292f56a50 JavaThread "build event listener" [_thread_blocked, id=7920, stack(0x000000f6f5600000,0x000000f6f5700000)]
  0x0000028292f55610 JavaThread "Memory manager" [_thread_blocked, id=25872, stack(0x000000f6f5700000,0x000000f6f5800000)]
  0x0000028292f56f60 JavaThread "build event listener" [_thread_blocked, id=14288, stack(0x000000f6f5800000,0x000000f6f5900000)]
  0x000002829123c370 JavaThread "included builds" [_thread_blocked, id=24736, stack(0x000000f6f5900000,0x000000f6f5a00000)]
  0x0000028295038620 JavaThread "Execution worker" [_thread_blocked, id=24784, stack(0x000000f6f5a00000,0x000000f6f5b00000)]
  0x0000028295035da0 JavaThread "Execution worker Thread 2" [_thread_blocked, id=25260, stack(0x000000f6f5b00000,0x000000f6f5c00000)]
  0x0000028295035380 JavaThread "Execution worker Thread 3" [_thread_blocked, id=12448, stack(0x000000f6f5c00000,0x000000f6f5d00000)]
  0x0000028295037c00 JavaThread "Execution worker Thread 4" [_thread_blocked, id=23492, stack(0x000000f6f5d00000,0x000000f6f5e00000)]
  0x00000282950362b0 JavaThread "Execution worker Thread 5" [_thread_blocked, id=6636, stack(0x000000f6f5e00000,0x000000f6f5f00000)]
  0x00000282950367c0 JavaThread "Execution worker Thread 6" [_thread_blocked, id=25536, stack(0x000000f6f5f00000,0x000000f6f6000000)]
  0x00000282950371e0 JavaThread "Execution worker Thread 7" [_thread_blocked, id=26216, stack(0x000000f6f6000000,0x000000f6f6100000)]
  0x0000028295034e70 JavaThread "Execution worker Thread 8" [_thread_blocked, id=5604, stack(0x000000f6f6100000,0x000000f6f6200000)]
  0x0000028295035890 JavaThread "Execution worker Thread 9" [_thread_blocked, id=11284, stack(0x000000f6f6200000,0x000000f6f6300000)]
  0x0000028295039550 JavaThread "Cache worker for execution history cache (D:\Code\Application\music1\.gradle\9.4.1\executionHistory)" [_thread_blocked, id=23780, stack(0x000000f6f6300000,0x000000f6f6400000)]
  0x0000028295039040 JavaThread "WorkerExecutor Queue" [_thread_blocked, id=22336, stack(0x000000f6f6400000,0x000000f6f6500000)]
  0x0000028295038b30 JavaThread "WorkerExecutor Queue Thread 2" [_thread_blocked, id=18100, stack(0x000000f6f6500000,0x000000f6f6600000)]
  0x00000282950376f0 JavaThread "WorkerExecutor Queue Thread 3" [_thread_blocked, id=27496, stack(0x000000f6f6600000,0x000000f6f6700000)]

Other Threads:
=>0x0000028247b5f170 VMThread "VM Thread" [stack: 0x000000f6f1600000,0x000000f6f1700000] [id=8332]
  0x000002824825e8c0 WatcherThread [stack: 0x000000f6f2300000,0x000000f6f2400000] [id=16156]
  0x00000282299ea090 GCTaskThread "GC Thread#0" [stack: 0x000000f6f1100000,0x000000f6f1200000] [id=18140]
  0x000002828e2f15a0 GCTaskThread "GC Thread#1" [stack: 0x000000f6f2500000,0x000000f6f2600000] [id=8888]
  0x000002828e30ba60 GCTaskThread "GC Thread#2" [stack: 0x000000f6f2600000,0x000000f6f2700000] [id=22608]
  0x000002828ef10050 GCTaskThread "GC Thread#3" [stack: 0x000000f6f2700000,0x000000f6f2800000] [id=26960]
  0x000002828ef10320 GCTaskThread "GC Thread#4" [stack: 0x000000f6f2800000,0x000000f6f2900000] [id=8620]
  0x000002828ef0f7e0 GCTaskThread "GC Thread#5" [stack: 0x000000f6f3600000,0x000000f6f3700000] [id=6640]
  0x000002828ef0fab0 GCTaskThread "GC Thread#6" [stack: 0x000000f6f3700000,0x000000f6f3800000] [id=26704]
  0x000002828ef0fd80 GCTaskThread "GC Thread#7" [stack: 0x000000f6f3800000,0x000000f6f3900000] [id=23844]
  0x0000028291b632d0 GCTaskThread "GC Thread#8" [stack: 0x000000f6f3900000,0x000000f6f3a00000] [id=25944]
  0x00000282299faf00 ConcurrentGCThread "G1 Main Marker" [stack: 0x000000f6f1200000,0x000000f6f1300000] [id=3544]
  0x00000282299feb60 ConcurrentGCThread "G1 Conc#0" [stack: 0x000000f6f1300000,0x000000f6f1400000] [id=25612]
  0x0000028291b65760 ConcurrentGCThread "G1 Conc#1" [stack: 0x000000f6f3a00000,0x000000f6f3b00000] [id=24084]
  0x0000028229a3e980 ConcurrentGCThread "G1 Refine#0" [stack: 0x000000f6f1400000,0x000000f6f1500000] [id=24756]
  0x000002829289ebd0 ConcurrentGCThread "G1 Refine#1" [stack: 0x000000f6f4000000,0x000000f6f4100000] [id=27844]
  0x0000028293e37500 ConcurrentGCThread "G1 Refine#2" [stack: 0x000000f6f6700000,0x000000f6f6800000] [id=14932]
  0x0000028293e38700 ConcurrentGCThread "G1 Refine#3" [stack: 0x000000f6f6800000,0x000000f6f6900000] [id=4240]
  0x0000028229a3ec80 ConcurrentGCThread "G1 Service" [stack: 0x000000f6f1500000,0x000000f6f1600000] [id=9008]

Threads with active compile tasks:
C2 CompilerThread0  11379 13371       4       com.sun.org.apache.xerces.internal.impl.XMLNSDocumentScannerImpl::scanStartElement (1031 bytes)
C2 CompilerThread1  11379 13317       4       com.sun.org.apache.xerces.internal.dom.CoreDocumentImpl::createAttribute (47 bytes)
C2 CompilerThread2  11379 13309   !   4       com.sun.org.apache.xerces.internal.impl.XMLDocumentFragmentScannerImpl$FragmentContentDriver::next (2331 bytes)

VM state: at safepoint (normal execution)

VM Mutex/Monitor currently owned by a thread:  ([mutex/lock_event])
[0x0000028229986030] Threads_lock - owner thread: 0x0000028247b5f170
[0x0000028229986300] Heap_lock - owner thread: 0x00000282950376f0

Heap address: 0x0000000080000000, size: 2048 MB, Compressed Oops mode: 32-bit

CDS archive(s) mapped at: [0x0000028249000000-0x0000028249bb0000-0x0000028249bb0000), size 12255232, SharedBaseAddress: 0x0000028249000000, ArchiveRelocationMode: 1.
Compressed class space mapped at: 0x000002824a000000-0x000002828a000000, reserved size: 1073741824
Narrow klass base: 0x0000028249000000, Narrow klass shift: 0, Narrow klass range: 0x100000000

GC Precious Log:
 CPUs: 10 total, 10 available
 Memory: 15751M
 Large Page Support: Disabled
 NUMA Support: Disabled
 Compressed Oops: Enabled (32-bit)
 Heap Region Size: 1M
 Heap Min Capacity: 8M
 Heap Initial Capacity: 248M
 Heap Max Capacity: 2G
 Pre-touch: Disabled
 Parallel Workers: 9
 Concurrent Workers: 2
 Concurrent Refinement Workers: 9
 Periodic GC: Disabled

Heap:
 garbage-first heap   total 293888K, used 172595K [0x0000000080000000, 0x0000000100000000)
  region size 1024K, 8 young (8192K), 8 survivors (8192K)
 Metaspace       used 101182K, committed 102336K, reserved 1179648K
  class space    used 14148K, committed 14720K, reserved 1048576K

Heap Regions: E=young(eden), S=young(survivor), O=old, HS=humongous(starts), HC=humongous(continues), CS=collection set, F=free, OA=open archive, CA=closed archive, TAMS=top-at-mark-start (previous, next)
|   0|0x0000000080000000, 0x0000000080100000, 0x0000000080100000|100%|HS|  |TAMS 0x0000000080100000, 0x0000000080100000| Complete 
|   1|0x0000000080100000, 0x0000000080200000, 0x0000000080200000|100%|HC|  |TAMS 0x0000000080200000, 0x0000000080200000| Complete 
|   2|0x0000000080200000, 0x0000000080300000, 0x0000000080300000|100%|HC|  |TAMS 0x0000000080300000, 0x0000000080300000| Complete 
|   3|0x0000000080300000, 0x0000000080400000, 0x0000000080400000|100%|HC|  |TAMS 0x0000000080400000, 0x0000000080400000| Complete 
|   4|0x0000000080400000, 0x0000000080500000, 0x0000000080500000|100%| O|  |TAMS 0x0000000080500000, 0x0000000080500000| Untracked 
|   5|0x0000000080500000, 0x0000000080600000, 0x0000000080600000|100%| O|  |TAMS 0x0000000080600000, 0x0000000080600000| Untracked 
|   6|0x0000000080600000, 0x0000000080700000, 0x0000000080700000|100%| O|  |TAMS 0x0000000080700000, 0x0000000080700000| Untracked 
|   7|0x0000000080700000, 0x0000000080800000, 0x0000000080800000|100%| O|  |TAMS 0x0000000080800000, 0x0000000080800000| Untracked 
|   8|0x0000000080800000, 0x0000000080900000, 0x0000000080900000|100%|HS|  |TAMS 0x0000000080900000, 0x0000000080900000| Complete 
|   9|0x0000000080900000, 0x0000000080a00000, 0x0000000080a00000|100%| O|  |TAMS 0x0000000080a00000, 0x0000000080a00000| Untracked 
|  10|0x0000000080a00000, 0x0000000080b00000, 0x0000000080b00000|100%| O|  |TAMS 0x0000000080b00000, 0x0000000080b00000| Untracked 
|  11|0x0000000080b00000, 0x0000000080c00000, 0x0000000080c00000|100%| O|  |TAMS 0x0000000080c00000, 0x0000000080c00000| Untracked 
|  12|0x0000000080c00000, 0x0000000080d00000, 0x0000000080d00000|100%| O|  |TAMS 0x0000000080d00000, 0x0000000080d00000| Untracked 
|  13|0x0000000080d00000, 0x0000000080e00000, 0x0000000080e00000|100%| O|  |TAMS 0x0000000080e00000, 0x0000000080e00000| Untracked 
|  14|0x0000000080e00000, 0x0000000080f00000, 0x0000000080f00000|100%| O|  |TAMS 0x0000000080f00000, 0x0000000080f00000| Untracked 
|  15|0x0000000080f00000, 0x0000000081000000, 0x0000000081000000|100%| O|  |TAMS 0x0000000081000000, 0x0000000081000000| Untracked 
|  16|0x0000000081000000, 0x0000000081100000, 0x0000000081100000|100%| O|  |TAMS 0x0000000081100000, 0x0000000081100000| Untracked 
|  17|0x0000000081100000, 0x0000000081200000, 0x0000000081200000|100%| O|  |TAMS 0x0000000081200000, 0x0000000081200000| Untracked 
|  18|0x0000000081200000, 0x0000000081300000, 0x0000000081300000|100%| O|  |TAMS 0x0000000081300000, 0x0000000081300000| Untracked 
|  19|0x0000000081300000, 0x0000000081400000, 0x0000000081400000|100%| O|  |TAMS 0x0000000081400000, 0x0000000081400000| Untracked 
|  20|0x0000000081400000, 0x0000000081500000, 0x0000000081500000|100%| O|  |TAMS 0x0000000081500000, 0x0000000081500000| Untracked 
|  21|0x0000000081500000, 0x0000000081600000, 0x0000000081600000|100%| O|  |TAMS 0x0000000081600000, 0x0000000081600000| Untracked 
|  22|0x0000000081600000, 0x0000000081700000, 0x0000000081700000|100%| O|  |TAMS 0x0000000081700000, 0x0000000081700000| Untracked 
|  23|0x0000000081700000, 0x0000000081800000, 0x0000000081800000|100%| O|  |TAMS 0x0000000081800000, 0x0000000081800000| Untracked 
|  24|0x0000000081800000, 0x0000000081900000, 0x0000000081900000|100%| O|  |TAMS 0x0000000081900000, 0x0000000081900000| Untracked 
|  25|0x0000000081900000, 0x0000000081a00000, 0x0000000081a00000|100%| O|  |TAMS 0x0000000081a00000, 0x0000000081a00000| Untracked 
|  26|0x0000000081a00000, 0x0000000081b00000, 0x0000000081b00000|100%| O|  |TAMS 0x0000000081b00000, 0x0000000081b00000| Untracked 
|  27|0x0000000081b00000, 0x0000000081c00000, 0x0000000081c00000|100%| O|  |TAMS 0x0000000081c00000, 0x0000000081c00000| Untracked 
|  28|0x0000000081c00000, 0x0000000081d00000, 0x0000000081d00000|100%| O|  |TAMS 0x0000000081d00000, 0x0000000081d00000| Untracked 
|  29|0x0000000081d00000, 0x0000000081e00000, 0x0000000081e00000|100%| O|  |TAMS 0x0000000081e00000, 0x0000000081e00000| Untracked 
|  30|0x0000000081e00000, 0x0000000081f00000, 0x0000000081f00000|100%| O|  |TAMS 0x0000000081f00000, 0x0000000081f00000| Untracked 
|  31|0x0000000081f00000, 0x0000000082000000, 0x0000000082000000|100%| O|  |TAMS 0x0000000082000000, 0x0000000082000000| Untracked 
|  32|0x0000000082000000, 0x0000000082100000, 0x0000000082100000|100%| O|  |TAMS 0x0000000082000000, 0x0000000082100000| Untracked 
|  33|0x0000000082100000, 0x0000000082100000, 0x0000000082200000|  0%| F|  |TAMS 0x0000000082100000, 0x0000000082100000| Untracked 
|  34|0x0000000082200000, 0x0000000082300000, 0x0000000082300000|100%| O|  |TAMS 0x0000000082300000, 0x0000000082300000| Untracked 
|  35|0x0000000082300000, 0x0000000082400000, 0x0000000082400000|100%| O|  |TAMS 0x0000000082400000, 0x0000000082400000| Untracked 
|  36|0x0000000082400000, 0x0000000082500000, 0x0000000082500000|100%| O|  |TAMS 0x0000000082500000, 0x0000000082500000| Untracked 
|  37|0x0000000082500000, 0x0000000082600000, 0x0000000082600000|100%| O|  |TAMS 0x0000000082600000, 0x0000000082600000| Untracked 
|  38|0x0000000082600000, 0x0000000082700000, 0x0000000082700000|100%|HS|  |TAMS 0x0000000082700000, 0x0000000082700000| Complete 
|  39|0x0000000082700000, 0x0000000082800000, 0x0000000082800000|100%| O|  |TAMS 0x0000000082800000, 0x0000000082800000| Untracked 
|  40|0x0000000082800000, 0x0000000082900000, 0x0000000082900000|100%| O|  |TAMS 0x0000000082900000, 0x0000000082900000| Untracked 
|  41|0x0000000082900000, 0x0000000082a00000, 0x0000000082a00000|100%| O|  |TAMS 0x0000000082a00000, 0x0000000082a00000| Untracked 
|  42|0x0000000082a00000, 0x0000000082b00000, 0x0000000082b00000|100%|HS|  |TAMS 0x0000000082b00000, 0x0000000082b00000| Complete 
|  43|0x0000000082b00000, 0x0000000082c00000, 0x0000000082c00000|100%|HS|  |TAMS 0x0000000082c00000, 0x0000000082c00000| Complete 
|  44|0x0000000082c00000, 0x0000000082d00000, 0x0000000082d00000|100%|HC|  |TAMS 0x0000000082d00000, 0x0000000082d00000| Complete 
|  45|0x0000000082d00000, 0x0000000082e00000, 0x0000000082e00000|100%|HS|  |TAMS 0x0000000082e00000, 0x0000000082e00000| Complete 
|  46|0x0000000082e00000, 0x0000000082f00000, 0x0000000082f00000|100%|HS|  |TAMS 0x0000000082f00000, 0x0000000082f00000| Complete 
|  47|0x0000000082f00000, 0x0000000083000000, 0x0000000083000000|100%| O|  |TAMS 0x0000000083000000, 0x0000000083000000| Untracked 
|  48|0x0000000083000000, 0x0000000083100000, 0x0000000083100000|100%|HS|  |TAMS 0x0000000083100000, 0x0000000083100000| Complete 
|  49|0x0000000083100000, 0x0000000083200000, 0x0000000083200000|100%|HS|  |TAMS 0x0000000083200000, 0x0000000083200000| Complete 
|  50|0x0000000083200000, 0x0000000083300000, 0x0000000083300000|100%| O|  |TAMS 0x0000000083300000, 0x0000000083300000| Untracked 
|  51|0x0000000083300000, 0x0000000083400000, 0x0000000083400000|100%| O|  |TAMS 0x0000000083400000, 0x0000000083400000| Untracked 
|  52|0x0000000083400000, 0x0000000083500000, 0x0000000083500000|100%| O|  |TAMS 0x0000000083500000, 0x0000000083500000| Untracked 
|  53|0x0000000083500000, 0x0000000083600000, 0x0000000083600000|100%| O|  |TAMS 0x0000000083600000, 0x0000000083600000| Untracked 
|  54|0x0000000083600000, 0x0000000083700000, 0x0000000083700000|100%| O|  |TAMS 0x0000000083700000, 0x0000000083700000| Untracked 
|  55|0x0000000083700000, 0x0000000083800000, 0x0000000083800000|100%|HS|  |TAMS 0x0000000083800000, 0x0000000083800000| Complete 
|  56|0x0000000083800000, 0x0000000083900000, 0x0000000083900000|100%|HC|  |TAMS 0x0000000083900000, 0x0000000083900000| Complete 
|  57|0x0000000083900000, 0x0000000083a00000, 0x0000000083a00000|100%| O|  |TAMS 0x0000000083a00000, 0x0000000083a00000| Untracked 
|  58|0x0000000083a00000, 0x0000000083b00000, 0x0000000083b00000|100%| O|  |TAMS 0x0000000083b00000, 0x0000000083b00000| Untracked 
|  59|0x0000000083b00000, 0x0000000083c00000, 0x0000000083c00000|100%| O|  |TAMS 0x0000000083c00000, 0x0000000083c00000| Untracked 
|  60|0x0000000083c00000, 0x0000000083d00000, 0x0000000083d00000|100%| O|  |TAMS 0x0000000083d00000, 0x0000000083d00000| Untracked 
|  61|0x0000000083d00000, 0x0000000083e00000, 0x0000000083e00000|100%| O|  |TAMS 0x0000000083e00000, 0x0000000083e00000| Untracked 
|  62|0x0000000083e00000, 0x0000000083f00000, 0x0000000083f00000|100%| O|  |TAMS 0x0000000083f00000, 0x0000000083f00000| Untracked 
|  63|0x0000000083f00000, 0x0000000084000000, 0x0000000084000000|100%| O|  |TAMS 0x0000000084000000, 0x0000000084000000| Untracked 
|  64|0x0000000084000000, 0x0000000084100000, 0x0000000084100000|100%| O|  |TAMS 0x0000000084100000, 0x0000000084100000| Untracked 
|  65|0x0000000084100000, 0x0000000084200000, 0x0000000084200000|100%| O|  |TAMS 0x0000000084200000, 0x0000000084200000| Untracked 
|  66|0x0000000084200000, 0x0000000084300000, 0x0000000084300000|100%| O|  |TAMS 0x0000000084300000, 0x0000000084300000| Untracked 
|  67|0x0000000084300000, 0x0000000084400000, 0x0000000084400000|100%| O|  |TAMS 0x0000000084400000, 0x0000000084400000| Untracked 
|  68|0x0000000084400000, 0x0000000084500000, 0x0000000084500000|100%| O|  |TAMS 0x0000000084500000, 0x0000000084500000| Untracked 
|  69|0x0000000084500000, 0x0000000084600000, 0x0000000084600000|100%| O|  |TAMS 0x0000000084600000, 0x0000000084600000| Untracked 
|  70|0x0000000084600000, 0x0000000084700000, 0x0000000084700000|100%| O|  |TAMS 0x0000000084700000, 0x0000000084700000| Untracked 
|  71|0x0000000084700000, 0x0000000084800000, 0x0000000084800000|100%| O|  |TAMS 0x0000000084800000, 0x0000000084800000| Untracked 
|  72|0x0000000084800000, 0x0000000084900000, 0x0000000084900000|100%| O|  |TAMS 0x0000000084900000, 0x0000000084900000| Untracked 
|  73|0x0000000084900000, 0x0000000084a00000, 0x0000000084a00000|100%| O|  |TAMS 0x0000000084a00000, 0x0000000084a00000| Untracked 
|  74|0x0000000084a00000, 0x0000000084b00000, 0x0000000084b00000|100%| O|  |TAMS 0x0000000084b00000, 0x0000000084b00000| Untracked 
|  75|0x0000000084b00000, 0x0000000084c00000, 0x0000000084c00000|100%| O|  |TAMS 0x0000000084c00000, 0x0000000084c00000| Untracked 
|  76|0x0000000084c00000, 0x0000000084d00000, 0x0000000084d00000|100%|HS|  |TAMS 0x0000000084d00000, 0x0000000084d00000| Complete 
|  77|0x0000000084d00000, 0x0000000084e00000, 0x0000000084e00000|100%| O|  |TAMS 0x0000000084e00000, 0x0000000084e00000| Untracked 
|  78|0x0000000084e00000, 0x0000000084f00000, 0x0000000084f00000|100%| O|  |TAMS 0x0000000084f00000, 0x0000000084f00000| Untracked 
|  79|0x0000000084f00000, 0x0000000085000000, 0x0000000085000000|100%| O|  |TAMS 0x0000000085000000, 0x0000000085000000| Untracked 
|  80|0x0000000085000000, 0x0000000085100000, 0x0000000085100000|100%| O|  |TAMS 0x0000000085100000, 0x0000000085100000| Untracked 
|  81|0x0000000085100000, 0x0000000085200000, 0x0000000085200000|100%| O|  |TAMS 0x0000000085200000, 0x0000000085200000| Untracked 
|  82|0x0000000085200000, 0x0000000085300000, 0x0000000085300000|100%| O|  |TAMS 0x0000000085300000, 0x0000000085300000| Untracked 
|  83|0x0000000085300000, 0x0000000085400000, 0x0000000085400000|100%| O|  |TAMS 0x0000000085400000, 0x0000000085400000| Untracked 
|  84|0x0000000085400000, 0x0000000085500000, 0x0000000085500000|100%| O|  |TAMS 0x0000000085500000, 0x0000000085500000| Untracked 
|  85|0x0000000085500000, 0x0000000085600000, 0x0000000085600000|100%| O|  |TAMS 0x0000000085600000, 0x0000000085600000| Untracked 
|  86|0x0000000085600000, 0x0000000085700000, 0x0000000085700000|100%| O|  |TAMS 0x0000000085700000, 0x0000000085700000| Untracked 
|  87|0x0000000085700000, 0x0000000085800000, 0x0000000085800000|100%| O|  |TAMS 0x0000000085800000, 0x0000000085800000| Untracked 
|  88|0x0000000085800000, 0x0000000085900000, 0x0000000085900000|100%| O|  |TAMS 0x0000000085900000, 0x0000000085900000| Untracked 
|  89|0x0000000085900000, 0x0000000085a00000, 0x0000000085a00000|100%| O|  |TAMS 0x0000000085a00000, 0x0000000085a00000| Untracked 
|  90|0x0000000085a00000, 0x0000000085b00000, 0x0000000085b00000|100%| O|  |TAMS 0x0000000085b00000, 0x0000000085b00000| Untracked 
|  91|0x0000000085b00000, 0x0000000085c00000, 0x0000000085c00000|100%| O|  |TAMS 0x0000000085c00000, 0x0000000085c00000| Untracked 
|  92|0x0000000085c00000, 0x0000000085d00000, 0x0000000085d00000|100%| O|  |TAMS 0x0000000085d00000, 0x0000000085d00000| Untracked 
|  93|0x0000000085d00000, 0x0000000085e00000, 0x0000000085e00000|100%| O|  |TAMS 0x0000000085e00000, 0x0000000085e00000| Untracked 
|  94|0x0000000085e00000, 0x0000000085f00000, 0x0000000085f00000|100%| O|  |TAMS 0x0000000085f00000, 0x0000000085f00000| Untracked 
|  95|0x0000000085f00000, 0x0000000086000000, 0x0000000086000000|100%| O|  |TAMS 0x0000000086000000, 0x0000000086000000| Untracked 
|  96|0x0000000086000000, 0x0000000086100000, 0x0000000086100000|100%| O|  |TAMS 0x0000000086100000, 0x0000000086100000| Untracked 
|  97|0x0000000086100000, 0x0000000086200000, 0x0000000086200000|100%| O|  |TAMS 0x0000000086200000, 0x0000000086200000| Untracked 
|  98|0x0000000086200000, 0x0000000086300000, 0x0000000086300000|100%| O|  |TAMS 0x0000000086300000, 0x0000000086300000| Untracked 
|  99|0x0000000086300000, 0x0000000086400000, 0x0000000086400000|100%| O|  |TAMS 0x0000000086400000, 0x0000000086400000| Untracked 
| 100|0x0000000086400000, 0x0000000086500000, 0x0000000086500000|100%| O|  |TAMS 0x0000000086500000, 0x0000000086500000| Untracked 
| 101|0x0000000086500000, 0x0000000086600000, 0x0000000086600000|100%| O|  |TAMS 0x0000000086600000, 0x0000000086600000| Untracked 
| 102|0x0000000086600000, 0x0000000086700000, 0x0000000086700000|100%| O|  |TAMS 0x0000000086700000, 0x0000000086700000| Untracked 
| 103|0x0000000086700000, 0x0000000086800000, 0x0000000086800000|100%| O|  |TAMS 0x0000000086800000, 0x0000000086800000| Untracked 
| 104|0x0000000086800000, 0x0000000086900000, 0x0000000086900000|100%| O|  |TAMS 0x0000000086900000, 0x0000000086900000| Untracked 
| 105|0x0000000086900000, 0x0000000086a00000, 0x0000000086a00000|100%| O|  |TAMS 0x0000000086a00000, 0x0000000086a00000| Untracked 
| 106|0x0000000086a00000, 0x0000000086b00000, 0x0000000086b00000|100%| O|  |TAMS 0x0000000086b00000, 0x0000000086b00000| Untracked 
| 107|0x0000000086b00000, 0x0000000086c00000, 0x0000000086c00000|100%|HS|  |TAMS 0x0000000086c00000, 0x0000000086c00000| Complete 
| 108|0x0000000086c00000, 0x0000000086d00000, 0x0000000086d00000|100%|HC|  |TAMS 0x0000000086d00000, 0x0000000086d00000| Complete 
| 109|0x0000000086d00000, 0x0000000086e00000, 0x0000000086e00000|100%|HS|  |TAMS 0x0000000086e00000, 0x0000000086e00000| Complete 
| 110|0x0000000086e00000, 0x0000000086f00000, 0x0000000086f00000|100%|HS|  |TAMS 0x0000000086f00000, 0x0000000086f00000| Complete 
| 111|0x0000000086f00000, 0x0000000087000000, 0x0000000087000000|100%|HS|  |TAMS 0x0000000087000000, 0x0000000087000000| Complete 
| 112|0x0000000087000000, 0x0000000087100000, 0x0000000087100000|100%|HC|  |TAMS 0x0000000087100000, 0x0000000087100000| Complete 
| 113|0x0000000087100000, 0x0000000087200000, 0x0000000087200000|100%|HS|  |TAMS 0x0000000087200000, 0x0000000087200000| Complete 
| 114|0x0000000087200000, 0x0000000087300000, 0x0000000087300000|100%|HC|  |TAMS 0x0000000087300000, 0x0000000087300000| Complete 
| 115|0x0000000087300000, 0x0000000087400000, 0x0000000087400000|100%|HS|  |TAMS 0x0000000087400000, 0x0000000087400000| Complete 
| 116|0x0000000087400000, 0x0000000087500000, 0x0000000087500000|100%|HC|  |TAMS 0x0000000087500000, 0x0000000087500000| Complete 
| 117|0x0000000087500000, 0x0000000087600000, 0x0000000087600000|100%|HC|  |TAMS 0x0000000087600000, 0x0000000087600000| Complete 
| 118|0x0000000087600000, 0x0000000087700000, 0x0000000087700000|100%| O|  |TAMS 0x0000000087700000, 0x0000000087700000| Untracked 
| 119|0x0000000087700000, 0x0000000087800000, 0x0000000087800000|100%| O|  |TAMS 0x0000000087800000, 0x0000000087800000| Untracked 
| 120|0x0000000087800000, 0x0000000087900000, 0x0000000087900000|100%| O|  |TAMS 0x0000000087900000, 0x0000000087900000| Untracked 
| 121|0x0000000087900000, 0x0000000087a00000, 0x0000000087a00000|100%| O|  |TAMS 0x0000000087a00000, 0x0000000087a00000| Untracked 
| 122|0x0000000087a00000, 0x0000000087b00000, 0x0000000087b00000|100%| O|  |TAMS 0x0000000087b00000, 0x0000000087b00000| Untracked 
| 123|0x0000000087b00000, 0x0000000087c00000, 0x0000000087c00000|100%| O|  |TAMS 0x0000000087b07600, 0x0000000087c00000| Untracked 
| 124|0x0000000087c00000, 0x0000000087d00000, 0x0000000087d00000|100%| O|  |TAMS 0x0000000087c00000, 0x0000000087d00000| Untracked 
| 125|0x0000000087d00000, 0x0000000087e00000, 0x0000000087e00000|100%| O|  |TAMS 0x0000000087d00000, 0x0000000087e00000| Untracked 
| 126|0x0000000087e00000, 0x0000000087f00000, 0x0000000087f00000|100%|HS|  |TAMS 0x0000000087e00000, 0x0000000087f00000| Complete 
| 127|0x0000000087f00000, 0x0000000088000000, 0x0000000088000000|100%|HC|  |TAMS 0x0000000087f00000, 0x0000000088000000| Complete 
| 128|0x0000000088000000, 0x0000000088100000, 0x0000000088100000|100%| O|  |TAMS 0x0000000088000000, 0x0000000088100000| Untracked 
| 129|0x0000000088100000, 0x0000000088200000, 0x0000000088200000|100%|HS|  |TAMS 0x0000000088100000, 0x0000000088200000| Complete 
| 130|0x0000000088200000, 0x0000000088300000, 0x0000000088300000|100%| O|  |TAMS 0x0000000088200000, 0x0000000088300000| Untracked 
| 131|0x0000000088300000, 0x0000000088400000, 0x0000000088400000|100%|HS|  |TAMS 0x0000000088300000, 0x0000000088400000| Complete 
| 132|0x0000000088400000, 0x0000000088500000, 0x0000000088500000|100%| O|  |TAMS 0x0000000088400000, 0x0000000088500000| Untracked 
| 133|0x0000000088500000, 0x0000000088600000, 0x0000000088600000|100%| O|  |TAMS 0x0000000088500000, 0x0000000088600000| Untracked 
| 134|0x0000000088600000, 0x0000000088700000, 0x0000000088700000|100%| O|  |TAMS 0x0000000088600000, 0x0000000088700000| Untracked 
| 135|0x0000000088700000, 0x0000000088800000, 0x0000000088800000|100%|HS|  |TAMS 0x0000000088700000, 0x0000000088800000| Complete 
| 136|0x0000000088800000, 0x0000000088900000, 0x0000000088900000|100%|HC|  |TAMS 0x0000000088800000, 0x0000000088900000| Complete 
| 137|0x0000000088900000, 0x0000000088a00000, 0x0000000088a00000|100%| O|  |TAMS 0x0000000088900000, 0x0000000088a00000| Untracked 
| 138|0x0000000088a00000, 0x0000000088af0a00, 0x0000000088b00000| 93%| O|  |TAMS 0x0000000088a00000, 0x0000000088af0a00| Untracked 
| 139|0x0000000088b00000, 0x0000000088b00000, 0x0000000088c00000|  0%| F|  |TAMS 0x0000000088b00000, 0x0000000088b00000| Untracked 
| 140|0x0000000088c00000, 0x0000000088d00000, 0x0000000088d00000|100%|HS|  |TAMS 0x0000000088c00000, 0x0000000088d00000| Complete 
| 141|0x0000000088d00000, 0x0000000088e00000, 0x0000000088e00000|100%|HC|  |TAMS 0x0000000088d00000, 0x0000000088e00000| Complete 
| 142|0x0000000088e00000, 0x0000000088e00000, 0x0000000088f00000|  0%| F|  |TAMS 0x0000000088e00000, 0x0000000088e00000| Untracked 
| 143|0x0000000088f00000, 0x0000000088f00000, 0x0000000089000000|  0%| F|  |TAMS 0x0000000088f00000, 0x0000000088f00000| Untracked 
| 144|0x0000000089000000, 0x0000000089000000, 0x0000000089100000|  0%| F|  |TAMS 0x0000000089000000, 0x0000000089000000| Untracked 
| 145|0x0000000089100000, 0x0000000089100000, 0x0000000089200000|  0%| F|  |TAMS 0x0000000089100000, 0x0000000089100000| Untracked 
| 146|0x0000000089200000, 0x0000000089200000, 0x0000000089300000|  0%| F|  |TAMS 0x0000000089200000, 0x0000000089200000| Untracked 
| 147|0x0000000089300000, 0x0000000089300000, 0x0000000089400000|  0%| F|  |TAMS 0x0000000089300000, 0x0000000089300000| Untracked 
| 148|0x0000000089400000, 0x0000000089500000, 0x0000000089500000|100%|HS|  |TAMS 0x0000000089400000, 0x0000000089500000| Complete 
| 149|0x0000000089500000, 0x0000000089600000, 0x0000000089600000|100%|HC|  |TAMS 0x0000000089500000, 0x0000000089600000| Complete 
| 150|0x0000000089600000, 0x0000000089700000, 0x0000000089700000|100%|HC|  |TAMS 0x0000000089600000, 0x0000000089700000| Complete 
| 151|0x0000000089700000, 0x0000000089700000, 0x0000000089800000|  0%| F|  |TAMS 0x0000000089700000, 0x0000000089700000| Untracked 
| 152|0x0000000089800000, 0x0000000089800000, 0x0000000089900000|  0%| F|  |TAMS 0x0000000089800000, 0x0000000089800000| Untracked 
| 153|0x0000000089900000, 0x0000000089900000, 0x0000000089a00000|  0%| F|  |TAMS 0x0000000089900000, 0x0000000089900000| Untracked 
| 154|0x0000000089a00000, 0x0000000089a00000, 0x0000000089b00000|  0%| F|  |TAMS 0x0000000089a00000, 0x0000000089a00000| Untracked 
| 155|0x0000000089b00000, 0x0000000089b00000, 0x0000000089c00000|  0%| F|  |TAMS 0x0000000089b00000, 0x0000000089b00000| Untracked 
| 156|0x0000000089c00000, 0x0000000089c00000, 0x0000000089d00000|  0%| F|  |TAMS 0x0000000089c00000, 0x0000000089c00000| Untracked 
| 157|0x0000000089d00000, 0x0000000089d00000, 0x0000000089e00000|  0%| F|  |TAMS 0x0000000089d00000, 0x0000000089d00000| Untracked 
| 158|0x0000000089e00000, 0x0000000089f00000, 0x0000000089f00000|100%|HS|  |TAMS 0x0000000089e00000, 0x0000000089f00000| Complete 
| 159|0x0000000089f00000, 0x000000008a000000, 0x000000008a000000|100%|HC|  |TAMS 0x0000000089f00000, 0x000000008a000000| Complete 
| 160|0x000000008a000000, 0x000000008a100000, 0x000000008a100000|100%| O|  |TAMS 0x000000008a000000, 0x000000008a100000| Untracked 
| 161|0x000000008a100000, 0x000000008a200000, 0x000000008a200000|100%| O|  |TAMS 0x000000008a100000, 0x000000008a200000| Untracked 
| 162|0x000000008a200000, 0x000000008a300000, 0x000000008a300000|100%| O|  |TAMS 0x000000008a200000, 0x000000008a300000| Untracked 
| 163|0x000000008a300000, 0x000000008a400000, 0x000000008a400000|100%| O|  |TAMS 0x000000008a300000, 0x000000008a400000| Untracked 
| 164|0x000000008a400000, 0x000000008a500000, 0x000000008a500000|100%| O|  |TAMS 0x000000008a400000, 0x000000008a500000| Untracked 
| 165|0x000000008a500000, 0x000000008a600000, 0x000000008a600000|100%| O|  |TAMS 0x000000008a500000, 0x000000008a600000| Untracked 
| 166|0x000000008a600000, 0x000000008a700000, 0x000000008a700000|100%| O|  |TAMS 0x000000008a600000, 0x000000008a700000| Untracked 
| 167|0x000000008a700000, 0x000000008a800000, 0x000000008a800000|100%| O|  |TAMS 0x000000008a700000, 0x000000008a800000| Untracked 
| 168|0x000000008a800000, 0x000000008a900000, 0x000000008a900000|100%| O|  |TAMS 0x000000008a800000, 0x000000008a900000| Untracked 
| 169|0x000000008a900000, 0x000000008aa00000, 0x000000008aa00000|100%| O|  |TAMS 0x000000008a900000, 0x000000008aa00000| Untracked 
| 170|0x000000008aa00000, 0x000000008ab00000, 0x000000008ab00000|100%| O|  |TAMS 0x000000008aa00000, 0x000000008ab00000| Untracked 
| 171|0x000000008ab00000, 0x000000008ac00000, 0x000000008ac00000|100%| O|  |TAMS 0x000000008ab00000, 0x000000008ac00000| Untracked 
| 172|0x000000008ac00000, 0x000000008ad00000, 0x000000008ad00000|100%| O|  |TAMS 0x000000008ac00000, 0x000000008ad00000| Untracked 
| 173|0x000000008ad00000, 0x000000008ae00000, 0x000000008ae00000|100%| O|  |TAMS 0x000000008ad00000, 0x000000008ae00000| Untracked 
| 174|0x000000008ae00000, 0x000000008af00000, 0x000000008af00000|100%| O|  |TAMS 0x000000008ae00000, 0x000000008af00000| Untracked 
| 175|0x000000008af00000, 0x000000008b000000, 0x000000008b000000|100%| O|  |TAMS 0x000000008af00000, 0x000000008b000000| Untracked 
| 176|0x000000008b000000, 0x000000008b000000, 0x000000008b100000|  0%| F|  |TAMS 0x000000008b000000, 0x000000008b000000| Untracked 
| 177|0x000000008b100000, 0x000000008b100000, 0x000000008b200000|  0%| F|  |TAMS 0x000000008b100000, 0x000000008b100000| Untracked 
| 178|0x000000008b200000, 0x000000008b200000, 0x000000008b300000|  0%| F|  |TAMS 0x000000008b200000, 0x000000008b200000| Untracked 
| 179|0x000000008b300000, 0x000000008b300000, 0x000000008b400000|  0%| F|  |TAMS 0x000000008b300000, 0x000000008b300000| Untracked 
| 180|0x000000008b400000, 0x000000008b400000, 0x000000008b500000|  0%| F|  |TAMS 0x000000008b400000, 0x000000008b400000| Untracked 
| 181|0x000000008b500000, 0x000000008b500000, 0x000000008b600000|  0%| F|  |TAMS 0x000000008b500000, 0x000000008b500000| Untracked 
| 182|0x000000008b600000, 0x000000008b600000, 0x000000008b700000|  0%| F|  |TAMS 0x000000008b600000, 0x000000008b600000| Untracked 
| 183|0x000000008b700000, 0x000000008b700000, 0x000000008b800000|  0%| F|  |TAMS 0x000000008b700000, 0x000000008b700000| Untracked 
| 184|0x000000008b800000, 0x000000008b800000, 0x000000008b900000|  0%| F|  |TAMS 0x000000008b800000, 0x000000008b800000| Untracked 
| 185|0x000000008b900000, 0x000000008b900000, 0x000000008ba00000|  0%| F|  |TAMS 0x000000008b900000, 0x000000008b900000| Untracked 
| 186|0x000000008ba00000, 0x000000008ba00000, 0x000000008bb00000|  0%| F|  |TAMS 0x000000008ba00000, 0x000000008ba00000| Untracked 
| 187|0x000000008bb00000, 0x000000008bb00000, 0x000000008bc00000|  0%| F|  |TAMS 0x000000008bb00000, 0x000000008bb00000| Untracked 
| 188|0x000000008bc00000, 0x000000008bc00000, 0x000000008bd00000|  0%| F|  |TAMS 0x000000008bc00000, 0x000000008bc00000| Untracked 
| 189|0x000000008bd00000, 0x000000008bd00000, 0x000000008be00000|  0%| F|  |TAMS 0x000000008bd00000, 0x000000008bd00000| Untracked 
| 190|0x000000008be00000, 0x000000008be00000, 0x000000008bf00000|  0%| F|  |TAMS 0x000000008be00000, 0x000000008be00000| Untracked 
| 191|0x000000008bf00000, 0x000000008bf00000, 0x000000008c000000|  0%| F|  |TAMS 0x000000008bf00000, 0x000000008bf00000| Untracked 
| 192|0x000000008c000000, 0x000000008c000000, 0x000000008c100000|  0%| F|  |TAMS 0x000000008c000000, 0x000000008c000000| Untracked 
| 193|0x000000008c100000, 0x000000008c100000, 0x000000008c200000|  0%| F|  |TAMS 0x000000008c100000, 0x000000008c100000| Untracked 
| 194|0x000000008c200000, 0x000000008c200000, 0x000000008c300000|  0%| F|  |TAMS 0x000000008c200000, 0x000000008c200000| Untracked 
| 195|0x000000008c300000, 0x000000008c300000, 0x000000008c400000|  0%| F|  |TAMS 0x000000008c300000, 0x000000008c300000| Untracked 
| 196|0x000000008c400000, 0x000000008c400000, 0x000000008c500000|  0%| F|  |TAMS 0x000000008c400000, 0x000000008c400000| Untracked 
| 197|0x000000008c500000, 0x000000008c500000, 0x000000008c600000|  0%| F|  |TAMS 0x000000008c500000, 0x000000008c500000| Untracked 
| 198|0x000000008c600000, 0x000000008c600000, 0x000000008c700000|  0%| F|  |TAMS 0x000000008c600000, 0x000000008c600000| Untracked 
| 199|0x000000008c700000, 0x000000008c700000, 0x000000008c800000|  0%| F|  |TAMS 0x000000008c700000, 0x000000008c700000| Untracked 
| 200|0x000000008c800000, 0x000000008c800000, 0x000000008c900000|  0%| F|  |TAMS 0x000000008c800000, 0x000000008c800000| Untracked 
| 201|0x000000008c900000, 0x000000008c900000, 0x000000008ca00000|  0%| F|  |TAMS 0x000000008c900000, 0x000000008c900000| Untracked 
| 202|0x000000008ca00000, 0x000000008ca00000, 0x000000008cb00000|  0%| F|  |TAMS 0x000000008ca00000, 0x000000008ca00000| Untracked 
| 203|0x000000008cb00000, 0x000000008cb00000, 0x000000008cc00000|  0%| F|  |TAMS 0x000000008cb00000, 0x000000008cb00000| Untracked 
| 204|0x000000008cc00000, 0x000000008cc00000, 0x000000008cd00000|  0%| F|  |TAMS 0x000000008cc00000, 0x000000008cc00000| Untracked 
| 205|0x000000008cd00000, 0x000000008cd00000, 0x000000008ce00000|  0%| F|  |TAMS 0x000000008cd00000, 0x000000008cd00000| Untracked 
| 206|0x000000008ce00000, 0x000000008ce00000, 0x000000008cf00000|  0%| F|  |TAMS 0x000000008ce00000, 0x000000008ce00000| Untracked 
| 207|0x000000008cf00000, 0x000000008cf00000, 0x000000008d000000|  0%| F|  |TAMS 0x000000008cf00000, 0x000000008cf00000| Untracked 
| 208|0x000000008d000000, 0x000000008d000000, 0x000000008d100000|  0%| F|  |TAMS 0x000000008d000000, 0x000000008d000000| Untracked 
| 209|0x000000008d100000, 0x000000008d100000, 0x000000008d200000|  0%| F|  |TAMS 0x000000008d100000, 0x000000008d100000| Untracked 
| 210|0x000000008d200000, 0x000000008d200000, 0x000000008d300000|  0%| F|  |TAMS 0x000000008d200000, 0x000000008d200000| Untracked 
| 211|0x000000008d300000, 0x000000008d300000, 0x000000008d400000|  0%| F|  |TAMS 0x000000008d300000, 0x000000008d300000| Untracked 
| 212|0x000000008d400000, 0x000000008d400000, 0x000000008d500000|  0%| F|  |TAMS 0x000000008d400000, 0x000000008d400000| Untracked 
| 213|0x000000008d500000, 0x000000008d500000, 0x000000008d600000|  0%| F|  |TAMS 0x000000008d500000, 0x000000008d500000| Untracked 
| 214|0x000000008d600000, 0x000000008d600000, 0x000000008d700000|  0%| F|  |TAMS 0x000000008d600000, 0x000000008d600000| Untracked 
| 215|0x000000008d700000, 0x000000008d700000, 0x000000008d800000|  0%| F|  |TAMS 0x000000008d700000, 0x000000008d700000| Untracked 
| 216|0x000000008d800000, 0x000000008d800000, 0x000000008d900000|  0%| F|  |TAMS 0x000000008d800000, 0x000000008d800000| Untracked 
| 217|0x000000008d900000, 0x000000008d900000, 0x000000008da00000|  0%| F|  |TAMS 0x000000008d900000, 0x000000008d900000| Untracked 
| 218|0x000000008da00000, 0x000000008da00000, 0x000000008db00000|  0%| F|  |TAMS 0x000000008da00000, 0x000000008da00000| Untracked 
| 219|0x000000008db00000, 0x000000008db00000, 0x000000008dc00000|  0%| F|  |TAMS 0x000000008db00000, 0x000000008db00000| Untracked 
| 220|0x000000008dc00000, 0x000000008dc00000, 0x000000008dd00000|  0%| F|  |TAMS 0x000000008dc00000, 0x000000008dc00000| Untracked 
| 221|0x000000008dd00000, 0x000000008dd00000, 0x000000008de00000|  0%| F|  |TAMS 0x000000008dd00000, 0x000000008dd00000| Untracked 
| 222|0x000000008de00000, 0x000000008de00000, 0x000000008df00000|  0%| F|  |TAMS 0x000000008de00000, 0x000000008de00000| Untracked 
| 223|0x000000008df00000, 0x000000008df00000, 0x000000008e000000|  0%| F|  |TAMS 0x000000008df00000, 0x000000008df00000| Untracked 
| 224|0x000000008e000000, 0x000000008e000000, 0x000000008e100000|  0%| F|  |TAMS 0x000000008e000000, 0x000000008e000000| Untracked 
| 225|0x000000008e100000, 0x000000008e100000, 0x000000008e200000|  0%| F|  |TAMS 0x000000008e100000, 0x000000008e100000| Untracked 
| 226|0x000000008e200000, 0x000000008e200000, 0x000000008e300000|  0%| F|  |TAMS 0x000000008e200000, 0x000000008e200000| Untracked 
| 227|0x000000008e300000, 0x000000008e300000, 0x000000008e400000|  0%| F|  |TAMS 0x000000008e300000, 0x000000008e300000| Untracked 
| 228|0x000000008e400000, 0x000000008e400000, 0x000000008e500000|  0%| F|  |TAMS 0x000000008e400000, 0x000000008e400000| Untracked 
| 229|0x000000008e500000, 0x000000008e500000, 0x000000008e600000|  0%| F|  |TAMS 0x000000008e500000, 0x000000008e500000| Untracked 
| 230|0x000000008e600000, 0x000000008e600000, 0x000000008e700000|  0%| F|  |TAMS 0x000000008e600000, 0x000000008e600000| Untracked 
| 231|0x000000008e700000, 0x000000008e700000, 0x000000008e800000|  0%| F|  |TAMS 0x000000008e700000, 0x000000008e700000| Untracked 
| 232|0x000000008e800000, 0x000000008e800000, 0x000000008e900000|  0%| F|  |TAMS 0x000000008e800000, 0x000000008e800000| Untracked 
| 233|0x000000008e900000, 0x000000008e900000, 0x000000008ea00000|  0%| F|  |TAMS 0x000000008e900000, 0x000000008e900000| Untracked 
| 234|0x000000008ea00000, 0x000000008ea00000, 0x000000008eb00000|  0%| F|  |TAMS 0x000000008ea00000, 0x000000008ea00000| Untracked 
| 235|0x000000008eb00000, 0x000000008eb00000, 0x000000008ec00000|  0%| F|  |TAMS 0x000000008eb00000, 0x000000008eb00000| Untracked 
| 236|0x000000008ec00000, 0x000000008ec00000, 0x000000008ed00000|  0%| F|  |TAMS 0x000000008ec00000, 0x000000008ec00000| Untracked 
| 237|0x000000008ed00000, 0x000000008ed00000, 0x000000008ee00000|  0%| F|  |TAMS 0x000000008ed00000, 0x000000008ed00000| Untracked 
| 238|0x000000008ee00000, 0x000000008ee00000, 0x000000008ef00000|  0%| F|  |TAMS 0x000000008ee00000, 0x000000008ee00000| Untracked 
| 239|0x000000008ef00000, 0x000000008ef00000, 0x000000008f000000|  0%| F|  |TAMS 0x000000008ef00000, 0x000000008ef00000| Untracked 
| 240|0x000000008f000000, 0x000000008f000000, 0x000000008f100000|  0%| F|  |TAMS 0x000000008f000000, 0x000000008f000000| Untracked 
| 241|0x000000008f100000, 0x000000008f100000, 0x000000008f200000|  0%| F|  |TAMS 0x000000008f100000, 0x000000008f100000| Untracked 
| 242|0x000000008f200000, 0x000000008f200000, 0x000000008f300000|  0%| F|  |TAMS 0x000000008f200000, 0x000000008f200000| Untracked 
| 243|0x000000008f300000, 0x000000008f300000, 0x000000008f400000|  0%| F|  |TAMS 0x000000008f300000, 0x000000008f300000| Untracked 
| 244|0x000000008f400000, 0x000000008f400000, 0x000000008f500000|  0%| F|  |TAMS 0x000000008f400000, 0x000000008f400000| Untracked 
| 245|0x000000008f500000, 0x000000008f500000, 0x000000008f600000|  0%| F|  |TAMS 0x000000008f500000, 0x000000008f500000| Untracked 
| 246|0x000000008f600000, 0x000000008f600000, 0x000000008f700000|  0%| F|  |TAMS 0x000000008f600000, 0x000000008f600000| Untracked 
| 247|0x000000008f700000, 0x000000008f700000, 0x000000008f800000|  0%| F|  |TAMS 0x000000008f700000, 0x000000008f700000| Untracked 
| 248|0x000000008f800000, 0x000000008f800000, 0x000000008f900000|  0%| F|  |TAMS 0x000000008f800000, 0x000000008f800000| Untracked 
| 249|0x000000008f900000, 0x000000008f900000, 0x000000008fa00000|  0%| F|  |TAMS 0x000000008f900000, 0x000000008f900000| Untracked 
| 250|0x000000008fa00000, 0x000000008fa00000, 0x000000008fb00000|  0%| F|  |TAMS 0x000000008fa00000, 0x000000008fa00000| Untracked 
| 251|0x000000008fb00000, 0x000000008fb00000, 0x000000008fc00000|  0%| F|  |TAMS 0x000000008fb00000, 0x000000008fb00000| Untracked 
| 252|0x000000008fc00000, 0x000000008fc00000, 0x000000008fd00000|  0%| F|  |TAMS 0x000000008fc00000, 0x000000008fc00000| Untracked 
| 253|0x000000008fd00000, 0x000000008fd00000, 0x000000008fe00000|  0%| F|  |TAMS 0x000000008fd00000, 0x000000008fd00000| Untracked 
| 254|0x000000008fe00000, 0x000000008fe00000, 0x000000008ff00000|  0%| F|  |TAMS 0x000000008fe00000, 0x000000008fe00000| Untracked 
| 255|0x000000008ff00000, 0x000000008ff00000, 0x0000000090000000|  0%| F|  |TAMS 0x000000008ff00000, 0x000000008ff00000| Untracked 
| 256|0x0000000090000000, 0x0000000090000000, 0x0000000090100000|  0%| F|  |TAMS 0x0000000090000000, 0x0000000090000000| Untracked 
| 257|0x0000000090100000, 0x0000000090100000, 0x0000000090200000|  0%| F|  |TAMS 0x0000000090100000, 0x0000000090100000| Untracked 
| 258|0x0000000090200000, 0x0000000090200000, 0x0000000090300000|  0%| F|  |TAMS 0x0000000090200000, 0x0000000090200000| Untracked 
| 259|0x0000000090300000, 0x0000000090300000, 0x0000000090400000|  0%| F|  |TAMS 0x0000000090300000, 0x0000000090300000| Untracked 
| 260|0x0000000090400000, 0x0000000090400000, 0x0000000090500000|  0%| F|  |TAMS 0x0000000090400000, 0x0000000090400000| Untracked 
| 261|0x0000000090500000, 0x0000000090500000, 0x0000000090600000|  0%| F|  |TAMS 0x0000000090500000, 0x0000000090500000| Untracked 
| 262|0x0000000090600000, 0x0000000090600000, 0x0000000090700000|  0%| F|  |TAMS 0x0000000090600000, 0x0000000090600000| Untracked 
| 263|0x0000000090700000, 0x000000009079c418, 0x0000000090800000| 61%| S|CS|TAMS 0x0000000090700000, 0x0000000090700000| Complete 
| 264|0x0000000090800000, 0x0000000090900000, 0x0000000090900000|100%| S|CS|TAMS 0x0000000090800000, 0x0000000090800000| Complete 
| 265|0x0000000090900000, 0x0000000090a00000, 0x0000000090a00000|100%| S|CS|TAMS 0x0000000090900000, 0x0000000090900000| Complete 
| 266|0x0000000090a00000, 0x0000000090b00000, 0x0000000090b00000|100%| S|CS|TAMS 0x0000000090a00000, 0x0000000090a00000| Complete 
| 267|0x0000000090b00000, 0x0000000090c00000, 0x0000000090c00000|100%| S|CS|TAMS 0x0000000090b00000, 0x0000000090b00000| Complete 
| 268|0x0000000090c00000, 0x0000000090d00000, 0x0000000090d00000|100%| S|CS|TAMS 0x0000000090c00000, 0x0000000090c00000| Complete 
| 269|0x0000000090d00000, 0x0000000090e00000, 0x0000000090e00000|100%| S|CS|TAMS 0x0000000090d00000, 0x0000000090d00000| Complete 
| 270|0x0000000090e00000, 0x0000000090f00000, 0x0000000090f00000|100%| S|CS|TAMS 0x0000000090e00000, 0x0000000090e00000| Complete 
| 271|0x0000000090f00000, 0x0000000090f00000, 0x0000000091000000|  0%| F|  |TAMS 0x0000000090f00000, 0x0000000090f00000| Untracked 
| 272|0x0000000091000000, 0x0000000091000000, 0x0000000091100000|  0%| F|  |TAMS 0x0000000091000000, 0x0000000091000000| Untracked 
| 273|0x0000000091100000, 0x0000000091100000, 0x0000000091200000|  0%| F|  |TAMS 0x0000000091100000, 0x0000000091100000| Untracked 
| 274|0x0000000091200000, 0x0000000091200000, 0x0000000091300000|  0%| F|  |TAMS 0x0000000091200000, 0x0000000091200000| Untracked 
| 275|0x0000000091300000, 0x0000000091300000, 0x0000000091400000|  0%| F|  |TAMS 0x0000000091300000, 0x0000000091300000| Untracked 
| 276|0x0000000091400000, 0x0000000091400000, 0x0000000091500000|  0%| F|  |TAMS 0x0000000091400000, 0x0000000091400000| Untracked 
| 277|0x0000000091500000, 0x0000000091500000, 0x0000000091600000|  0%| F|  |TAMS 0x0000000091500000, 0x0000000091500000| Untracked 
| 278|0x0000000091600000, 0x0000000091600000, 0x0000000091700000|  0%| F|  |TAMS 0x0000000091600000, 0x0000000091600000| Untracked 
| 279|0x0000000091700000, 0x0000000091700000, 0x0000000091800000|  0%| F|  |TAMS 0x0000000091700000, 0x0000000091700000| Untracked 
| 280|0x0000000091800000, 0x0000000091800000, 0x0000000091900000|  0%| F|  |TAMS 0x0000000091800000, 0x0000000091800000| Untracked 
| 281|0x0000000091900000, 0x0000000091900000, 0x0000000091a00000|  0%| F|  |TAMS 0x0000000091900000, 0x0000000091900000| Untracked 
| 282|0x0000000091a00000, 0x0000000091a00000, 0x0000000091b00000|  0%| F|  |TAMS 0x0000000091a00000, 0x0000000091a00000| Untracked 
| 283|0x0000000091b00000, 0x0000000091b00000, 0x0000000091c00000|  0%| F|  |TAMS 0x0000000091b00000, 0x0000000091b00000| Untracked 
| 284|0x0000000091c00000, 0x0000000091c00000, 0x0000000091d00000|  0%| F|  |TAMS 0x0000000091c00000, 0x0000000091c00000| Untracked 
| 285|0x0000000091d00000, 0x0000000091d00000, 0x0000000091e00000|  0%| F|  |TAMS 0x0000000091d00000, 0x0000000091d00000| Untracked 
| 286|0x0000000091e00000, 0x0000000091e00000, 0x0000000091f00000|  0%| F|  |TAMS 0x0000000091e00000, 0x0000000091e00000| Untracked 

Card table byte_map: [0x0000028240c50000,0x0000028241050000] _byte_map_base: 0x0000028240850000

Marking Bits (Prev, Next): (CMBitMap*) 0x00000282299ea610, (CMBitMap*) 0x00000282299ea5d0
 Prev Bits: [0x0000028243450000, 0x0000028245450000)
 Next Bits: [0x0000028241450000, 0x0000028243450000)

Polling page: 0x0000028227850000

Metaspace:

Usage:
  Non-class:     84.99 MB used.
      Class:     13.82 MB used.
       Both:     98.81 MB used.

Virtual space:
  Non-class space:      128.00 MB reserved,      85.56 MB ( 67%) committed,  2 nodes.
      Class space:        1.00 GB reserved,      14.38 MB (  1%) committed,  1 nodes.
             Both:        1.12 GB reserved,      99.94 MB (  9%) committed. 

Chunk freelists:
   Non-Class:  9.88 MB
       Class:  1.67 MB
        Both:  11.55 MB

MaxMetaspaceSize: unlimited
CompressedClassSpaceSize: 1.00 GB
Initial GC threshold: 21.00 MB
Current GC threshold: 166.06 MB
CDS: on
MetaspaceReclaimPolicy: balanced
 - commit_granule_bytes: 65536.
 - commit_granule_words: 8192.
 - virtual_space_node_default_size: 8388608.
 - enlarge_chunks_in_place: 1.
 - new_chunks_are_fully_committed: 0.
 - uncommit_free_chunks: 1.
 - use_allocation_guard: 0.
 - handle_deallocations: 1.


Internal statistics:

num_allocs_failed_limit: 9.
num_arena_births: 1758.
num_arena_deaths: 0.
num_vsnodes_births: 3.
num_vsnodes_deaths: 0.
num_space_committed: 1598.
num_space_uncommitted: 0.
num_chunks_returned_to_freelist: 9.
num_chunks_taken_from_freelist: 6254.
num_chunk_merges: 9.
num_chunk_splits: 4027.
num_chunks_enlarged: 2604.
num_inconsistent_stats: 0.

CodeHeap 'non-profiled nmethods': size=120000Kb used=7736Kb max_used=8389Kb free=112263Kb
 bounds [0x0000028238ff0000, 0x0000028239830000, 0x0000028240520000]
CodeHeap 'profiled nmethods': size=120000Kb used=21185Kb max_used=22642Kb free=98814Kb
 bounds [0x0000028231520000, 0x0000028232b60000, 0x0000028238a50000]
CodeHeap 'non-nmethods': size=5760Kb used=1767Kb max_used=1828Kb free=3992Kb
 bounds [0x0000028238a50000, 0x0000028238cc0000, 0x0000028238ff0000]
 total_blobs=12021 nmethods=11157 adapters=775
 compilation: enabled
              stopped_count=0, restarted_count=0
 full_count=0

Compilation events (20 events):
Event: 10.231 Thread 0x0000028247b8a510 13390       2       com.android.tools.r8.internal.e21::b (41 bytes)
Event: 10.231 Thread 0x0000028247b8a510 nmethod 13390 0x0000028231f30590 code [0x0000028231f30720, 0x0000028231f308b8]
Event: 10.232 Thread 0x0000028247b8a510 13391       2       com.sun.org.apache.xerces.internal.impl.XMLDocumentFragmentScannerImpl::scanXMLDeclOrTextDecl (184 bytes)
Event: 10.232 Thread 0x0000028247b8a510 nmethod 13391 0x0000028231e07010 code [0x0000028231e07220, 0x0000028231e076e8]
Event: 10.232 Thread 0x0000028247b8a510 13392       2       com.sun.org.apache.xerces.internal.dom.AttrNSImpl::getNamespaceURI (16 bytes)
Event: 10.233 Thread 0x0000028247b8a510 nmethod 13392 0x0000028231948d10 code [0x0000028231948ea0, 0x0000028231948fd8]
Event: 10.233 Thread 0x0000028247b8a510 13393       2       com.sun.org.apache.xerces.internal.dom.AttrNSImpl::getLocalName (16 bytes)
Event: 10.233 Thread 0x0000028247b8a510 nmethod 13393 0x00000282319b5a10 code [0x00000282319b5ba0, 0x00000282319b5cd8]
Event: 10.233 Thread 0x0000028247b8a510 13394       3       java.lang.String::decodeUTF8_UTF16 (624 bytes)
Event: 10.234 Thread 0x0000028247b8a510 nmethod 13394 0x0000028232a24690 code [0x0000028232a24a60, 0x0000028232a265e8]
Event: 10.235 Thread 0x0000028248298a40 nmethod 13382 0x0000028239469a90 code [0x0000028239469ca0, 0x000002823946b128]
Event: 10.236 Thread 0x0000028248298a40 13356       4       com.sun.org.apache.xerces.internal.dom.ParentNode::item (6 bytes)
Event: 10.237 Thread 0x0000028247b8a510 13396   !   2       com.android.ide.common.resources.ValueResourceParser2::parseDocument (55 bytes)
Event: 10.238 Thread 0x0000028247b8a510 nmethod 13396 0x0000028232755e90 code [0x0000028232756100, 0x0000028232756738]
Event: 10.240 Thread 0x0000028248298a40 nmethod 13356 0x00000282397ed090 code [0x00000282397ed240, 0x00000282397ed8c8]
Event: 10.240 Thread 0x0000028248298a40 13395       4       jdk.internal.util.ArraysSupport::mismatch (73 bytes)
Event: 10.241 Thread 0x0000028248298a40 nmethod 13395 0x000002823941ac10 code [0x000002823941ada0, 0x000002823941af78]
Event: 10.241 Thread 0x0000028248298a40 13317       4       com.sun.org.apache.xerces.internal.dom.CoreDocumentImpl::createAttribute (47 bytes)
Event: 10.241 Thread 0x0000028247b8a510 13397       2       com.sun.org.apache.xerces.internal.utils.XMLSecurityManager::debugPrint (18 bytes)
Event: 10.242 Thread 0x0000028247b8a510 nmethod 13397 0x000002823208a690 code [0x000002823208a840, 0x000002823208a9b8]

GC Heap History (20 events):
Event: 8.578 GC heap after
{Heap after GC invocations=34 (full 0):
 garbage-first heap   total 168960K, used 99956K [0x0000000080000000, 0x0000000100000000)
  region size 1024K, 5 young (5120K), 5 survivors (5120K)
 Metaspace       used 92588K, committed 93632K, reserved 1179648K
  class space    used 13121K, committed 13632K, reserved 1048576K
}
Event: 8.814 GC heap before
{Heap before GC invocations=34 (full 0):
 garbage-first heap   total 168960K, used 137844K [0x0000000080000000, 0x0000000100000000)
  region size 1024K, 43 young (44032K), 5 survivors (5120K)
 Metaspace       used 93754K, committed 94848K, reserved 1179648K
  class space    used 13303K, committed 13824K, reserved 1048576K
}
Event: 8.817 GC heap after
{Heap after GC invocations=35 (full 0):
 garbage-first heap   total 168960K, used 103234K [0x0000000080000000, 0x0000000100000000)
  region size 1024K, 3 young (3072K), 3 survivors (3072K)
 Metaspace       used 93754K, committed 94848K, reserved 1179648K
  class space    used 13303K, committed 13824K, reserved 1048576K
}
Event: 9.018 GC heap before
{Heap before GC invocations=36 (full 0):
 garbage-first heap   total 186368K, used 139074K [0x0000000080000000, 0x0000000100000000)
  region size 1024K, 39 young (39936K), 3 survivors (3072K)
 Metaspace       used 94156K, committed 95232K, reserved 1179648K
  class space    used 13346K, committed 13888K, reserved 1048576K
}
Event: 9.020 GC heap after
{Heap after GC invocations=37 (full 0):
 garbage-first heap   total 186368K, used 104608K [0x0000000080000000, 0x0000000100000000)
  region size 1024K, 5 young (5120K), 5 survivors (5120K)
 Metaspace       used 94156K, committed 95232K, reserved 1179648K
  class space    used 13346K, committed 13888K, reserved 1048576K
}
Event: 9.031 GC heap before
{Heap before GC invocations=37 (full 0):
 garbage-first heap   total 186368K, used 107680K [0x0000000080000000, 0x0000000100000000)
  region size 1024K, 9 young (9216K), 5 survivors (5120K)
 Metaspace       used 94156K, committed 95232K, reserved 1179648K
  class space    used 13346K, committed 13888K, reserved 1048576K
}
Event: 9.033 GC heap after
{Heap after GC invocations=38 (full 0):
 garbage-first heap   total 224256K, used 104682K [0x0000000080000000, 0x0000000100000000)
  region size 1024K, 1 young (1024K), 1 survivors (1024K)
 Metaspace       used 94156K, committed 95232K, reserved 1179648K
  class space    used 13346K, committed 13888K, reserved 1048576K
}
Event: 9.224 GC heap before
{Heap before GC invocations=38 (full 0):
 garbage-first heap   total 224256K, used 144618K [0x0000000080000000, 0x0000000100000000)
  region size 1024K, 42 young (43008K), 1 survivors (1024K)
 Metaspace       used 94439K, committed 95552K, reserved 1179648K
  class space    used 13398K, committed 13952K, reserved 1048576K
}
Event: 9.226 GC heap after
{Heap after GC invocations=39 (full 0):
 garbage-first heap   total 224256K, used 106383K [0x0000000080000000, 0x0000000100000000)
  region size 1024K, 3 young (3072K), 3 survivors (3072K)
 Metaspace       used 94439K, committed 95552K, reserved 1179648K
  class space    used 13398K, committed 13952K, reserved 1048576K
}
Event: 9.983 GC heap before
{Heap before GC invocations=40 (full 0):
 garbage-first heap   total 224256K, used 198543K [0x0000000080000000, 0x0000000100000000)
  region size 1024K, 78 young (79872K), 3 survivors (3072K)
 Metaspace       used 100069K, committed 101248K, reserved 1179648K
  class space    used 14002K, committed 14592K, reserved 1048576K
}
Event: 9.986 GC heap after
{Heap after GC invocations=41 (full 0):
 garbage-first heap   total 224256K, used 125639K [0x0000000080000000, 0x0000000100000000)
  region size 1024K, 10 young (10240K), 10 survivors (10240K)
 Metaspace       used 100069K, committed 101248K, reserved 1179648K
  class space    used 14002K, committed 14592K, reserved 1048576K
}
Event: 9.991 GC heap before
{Heap before GC invocations=41 (full 0):
 garbage-first heap   total 224256K, used 126663K [0x0000000080000000, 0x0000000100000000)
  region size 1024K, 11 young (11264K), 10 survivors (10240K)
 Metaspace       used 100121K, committed 101248K, reserved 1179648K
  class space    used 14008K, committed 14592K, reserved 1048576K
}
Event: 9.994 GC heap after
{Heap after GC invocations=42 (full 0):
 garbage-first heap   total 224256K, used 125868K [0x0000000080000000, 0x0000000100000000)
  region size 1024K, 1 young (1024K), 1 survivors (1024K)
 Metaspace       used 100121K, committed 101248K, reserved 1179648K
  class space    used 14008K, committed 14592K, reserved 1048576K
}
Event: 10.038 GC heap before
{Heap before GC invocations=42 (full 0):
 garbage-first heap   total 224256K, used 133036K [0x0000000080000000, 0x0000000100000000)
  region size 1024K, 9 young (9216K), 1 survivors (1024K)
 Metaspace       used 100527K, committed 101696K, reserved 1179648K
  class space    used 14065K, committed 14592K, reserved 1048576K
}
Event: 10.039 GC heap after
{Heap after GC invocations=43 (full 0):
 garbage-first heap   total 224256K, used 127777K [0x0000000080000000, 0x0000000100000000)
  region size 1024K, 3 young (3072K), 3 survivors (3072K)
 Metaspace       used 100527K, committed 101696K, reserved 1179648K
  class space    used 14065K, committed 14592K, reserved 1048576K
}
Event: 10.182 GC heap before
{Heap before GC invocations=44 (full 0):
 garbage-first heap   total 293888K, used 215841K [0x0000000080000000, 0x0000000100000000)
  region size 1024K, 53 young (54272K), 3 survivors (3072K)
 Metaspace       used 101110K, committed 102272K, reserved 1179648K
  class space    used 14148K, committed 14720K, reserved 1048576K
}
Event: 10.190 GC heap after
{Heap after GC invocations=45 (full 0):
 garbage-first heap   total 293888K, used 162287K [0x0000000080000000, 0x0000000100000000)
  region size 1024K, 7 young (7168K), 7 survivors (7168K)
 Metaspace       used 101110K, committed 102272K, reserved 1179648K
  class space    used 14148K, committed 14720K, reserved 1048576K
}
Event: 10.206 GC heap before
{Heap before GC invocations=45 (full 0):
 garbage-first heap   total 293888K, used 168431K [0x0000000080000000, 0x0000000100000000)
  region size 1024K, 14 young (14336K), 7 survivors (7168K)
 Metaspace       used 101116K, committed 102272K, reserved 1179648K
  class space    used 14148K, committed 14720K, reserved 1048576K
}
Event: 10.210 GC heap after
{Heap after GC invocations=46 (full 0):
 garbage-first heap   total 293888K, used 166850K [0x0000000080000000, 0x0000000100000000)
  region size 1024K, 2 young (2048K), 2 survivors (2048K)
 Metaspace       used 101116K, committed 102272K, reserved 1179648K
  class space    used 14148K, committed 14720K, reserved 1048576K
}
Event: 10.244 GC heap before
{Heap before GC invocations=46 (full 0):
 garbage-first heap   total 293888K, used 179138K [0x0000000080000000, 0x0000000100000000)
  region size 1024K, 16 young (16384K), 2 survivors (2048K)
 Metaspace       used 101182K, committed 102336K, reserved 1179648K
  class space    used 14148K, committed 14720K, reserved 1048576K
}

Dll operation events (15 events):
Event: 0.007 Loaded shared library C:\Users\16696\.jdks\ms-17.0.19\bin\java.dll
Event: 0.018 Loaded shared library C:\Users\16696\.jdks\ms-17.0.19\bin\jsvml.dll
Event: 0.042 Loaded shared library C:\Users\16696\.jdks\ms-17.0.19\bin\zip.dll
Event: 0.045 Loaded shared library C:\Users\16696\.jdks\ms-17.0.19\bin\instrument.dll
Event: 0.048 Loaded shared library C:\Users\16696\.jdks\ms-17.0.19\bin\net.dll
Event: 0.049 Loaded shared library C:\Users\16696\.jdks\ms-17.0.19\bin\nio.dll
Event: 0.051 Loaded shared library C:\Users\16696\.jdks\ms-17.0.19\bin\zip.dll
Event: 0.153 Loaded shared library C:\Users\16696\.jdks\ms-17.0.19\bin\jimage.dll
Event: 0.367 Loaded shared library C:\Users\16696\.jdks\ms-17.0.19\bin\verify.dll
Event: 0.384 Loaded shared library C:\Users\16696\.gradle\native\660c5614fbf4a5f2a75b1949f50a0caf5cd603558e7d8a26e50b933a0cfb79d1\windows-amd64\native-platform.dll
Event: 0.391 Loaded shared library C:\Users\16696\.gradle\native\0.2.8\x86_64-windows-gnu\gradle-fileevents.dll
Event: 0.866 Loaded shared library C:\Users\16696\.jdks\ms-17.0.19\bin\management.dll
Event: 0.867 Loaded shared library C:\Users\16696\.jdks\ms-17.0.19\bin\management_ext.dll
Event: 1.031 Loaded shared library C:\Users\16696\.jdks\ms-17.0.19\bin\extnet.dll
Event: 1.167 Loaded shared library C:\Users\16696\.jdks\ms-17.0.19\bin\sunmscapi.dll

Deoptimization events (20 events):
Event: 10.158 Thread 0x0000028295035890 Uncommon trap: trap_request=0xffffff45 fr.pc=0x0000028239805124 relative=0x0000000000000184
Event: 10.158 Thread 0x0000028295035890 Uncommon trap: reason=unstable_if action=reinterpret pc=0x0000028239805124 method=com.sun.org.apache.xerces.internal.utils.XMLLimitAnalyzer.addValue(ILjava/lang/String;I)V @ 78 c2
Event: 10.158 Thread 0x0000028295035890 DEOPT PACKING pc=0x0000028239805124 sp=0x000000f6f62f92f0
Event: 10.158 Thread 0x0000028295035890 DEOPT UNPACKING pc=0x0000028238aa69a3 sp=0x000000f6f62f9268 mode 2
Event: 10.163 Thread 0x0000028295035890 Uncommon trap: trap_request=0xffffff45 fr.pc=0x00000282397f54a8 relative=0x00000000000002c8
Event: 10.163 Thread 0x0000028295035890 Uncommon trap: reason=unstable_if action=reinterpret pc=0x00000282397f54a8 method=com.sun.org.apache.xerces.internal.impl.XMLEntityScanner.skipSpaces()Z @ 315 c2
Event: 10.163 Thread 0x0000028295035890 DEOPT PACKING pc=0x00000282397f54a8 sp=0x000000f6f62f95d0
Event: 10.163 Thread 0x0000028295035890 DEOPT UNPACKING pc=0x0000028238aa69a3 sp=0x000000f6f62f9560 mode 2
Event: 10.198 Thread 0x00000282950376f0 Uncommon trap: trap_request=0xffffffec fr.pc=0x00000282393789d0 relative=0x0000000000002090
Event: 10.198 Thread 0x00000282950376f0 Uncommon trap: reason=null_assert_or_unreached0 action=make_not_entrant pc=0x00000282393789d0 method=com.android.tools.r8.dex.z.k()V @ 315 c2
Event: 10.199 Thread 0x00000282950376f0 DEOPT PACKING pc=0x00000282393789d0 sp=0x000000f6f66fdc80
Event: 10.199 Thread 0x00000282950376f0 DEOPT UNPACKING pc=0x0000028238aa69a3 sp=0x000000f6f66fdc40 mode 2
Event: 10.233 Thread 0x0000028295035890 Uncommon trap: trap_request=0xffffff45 fr.pc=0x000002823980e328 relative=0x0000000000000508
Event: 10.233 Thread 0x0000028295035890 Uncommon trap: reason=unstable_if action=reinterpret pc=0x000002823980e328 method=java.lang.Character.isSurrogate(C)Z @ 3 c2
Event: 10.233 Thread 0x0000028295035890 DEOPT PACKING pc=0x000002823980e328 sp=0x000000f6f62f98a0
Event: 10.233 Thread 0x0000028295035890 DEOPT UNPACKING pc=0x0000028238aa69a3 sp=0x000000f6f62f97b0 mode 2
Event: 10.233 Thread 0x0000028295035890 Uncommon trap: trap_request=0xffffff45 fr.pc=0x0000028239810804 relative=0x0000000000000544
Event: 10.233 Thread 0x0000028295035890 Uncommon trap: reason=unstable_if action=reinterpret pc=0x0000028239810804 method=java.lang.Character.isSurrogate(C)Z @ 3 c2
Event: 10.233 Thread 0x0000028295035890 DEOPT PACKING pc=0x0000028239810804 sp=0x000000f6f62f9890
Event: 10.233 Thread 0x0000028295035890 DEOPT UNPACKING pc=0x0000028238aa69a3 sp=0x000000f6f62f97b0 mode 2

Classes loaded (20 events):
Event: 9.794 Loading class org/w3c/dom/Text done
Event: 9.794 Loading class com/sun/org/apache/xerces/internal/dom/CharacterDataImpl
Event: 9.794 Loading class com/sun/org/apache/xerces/internal/dom/CharacterDataImpl done
Event: 9.794 Loading class com/sun/org/apache/xerces/internal/dom/TextImpl done
Event: 9.795 Loading class com/sun/org/apache/xerces/internal/dom/CharacterDataImpl$1
Event: 9.795 Loading class com/sun/org/apache/xerces/internal/dom/CharacterDataImpl$1 done
Event: 9.805 Loading class com/sun/org/apache/xerces/internal/dom/AttrImpl
Event: 9.805 Loading class com/sun/org/apache/xerces/internal/dom/AttrImpl done
Event: 9.805 Loading class com/sun/org/apache/xerces/internal/dom/AttributeMap
Event: 9.806 Loading class com/sun/org/apache/xerces/internal/dom/NamedNodeMapImpl
Event: 9.806 Loading class com/sun/org/apache/xerces/internal/dom/NamedNodeMapImpl done
Event: 9.806 Loading class com/sun/org/apache/xerces/internal/dom/AttributeMap done
Event: 9.843 Loading class com/sun/org/apache/xerces/internal/dom/CommentImpl
Event: 9.843 Loading class org/w3c/dom/Comment
Event: 9.843 Loading class org/w3c/dom/Comment done
Event: 9.843 Loading class com/sun/org/apache/xerces/internal/dom/CommentImpl done
Event: 9.970 Loading class com/sun/org/apache/xerces/internal/dom/AttrNSImpl
Event: 9.971 Loading class com/sun/org/apache/xerces/internal/dom/AttrNSImpl done
Event: 10.035 Loading class java/nio/BufferUnderflowException
Event: 10.035 Loading class java/nio/BufferUnderflowException done

Classes unloaded (0 events):
No events

Classes redefined (0 events):
No events

Internal exceptions (20 events):
Event: 8.873 Thread 0x0000028295034e70 Exception <a 'sun/nio/fs/WindowsException'{0x000000008b44a980}> (0x000000008b44a980) 
thrown [s\src\hotspot\share\prims\jni.cpp, line 516]
Event: 8.873 Thread 0x0000028295034e70 Exception <a 'sun/nio/fs/WindowsException'{0x000000008b44c2b8}> (0x000000008b44c2b8) 
thrown [s\src\hotspot\share\prims\jni.cpp, line 516]
Event: 8.888 Thread 0x0000028295034e70 Exception <a 'sun/nio/fs/WindowsException'{0x000000008b30bbb8}> (0x000000008b30bbb8) 
thrown [s\src\hotspot\share\prims\jni.cpp, line 516]
Event: 8.889 Thread 0x0000028295034e70 Exception <a 'sun/nio/fs/WindowsException'{0x000000008b32cde8}> (0x000000008b32cde8) 
thrown [s\src\hotspot\share\prims\jni.cpp, line 516]
Event: 8.892 Thread 0x0000028295034e70 Exception <a 'sun/nio/fs/WindowsException'{0x000000008b3385e0}> (0x000000008b3385e0) 
thrown [s\src\hotspot\share\prims\jni.cpp, line 516]
Event: 8.908 Thread 0x0000028295034e70 Exception <a 'java/lang/NoSuchMethodError'{0x000000008b2360e0}: static Ljava/lang/Object;.<clinit>()V> (0x000000008b2360e0) 
thrown [s\src\hotspot\share\prims\jni.cpp, line 1112]
Event: 8.925 Thread 0x0000028292f51440 Implicit null exception at 0x00000282396c4bdb to 0x00000282396c4c6c
Event: 8.925 Thread 0x000002829123af30 Implicit null exception at 0x00000282396c4bdb to 0x00000282396c4c6c
Event: 8.939 Thread 0x000002829123af30 Implicit null exception at 0x00000282396ddca4 to 0x00000282396dde44
Event: 8.943 Thread 0x0000028295034e70 Exception <a 'sun/nio/fs/WindowsException'{0x000000008aa75390}> (0x000000008aa75390) 
thrown [s\src\hotspot\share\prims\jni.cpp, line 516]
Event: 8.983 Thread 0x0000028295034e70 Exception <a 'sun/nio/fs/WindowsException'{0x0000000089a405f0}> (0x0000000089a405f0) 
thrown [s\src\hotspot\share\prims\jni.cpp, line 516]
Event: 8.996 Thread 0x0000028295035890 Exception <a 'sun/nio/fs/WindowsException'{0x00000000899ac100}> (0x00000000899ac100) 
thrown [s\src\hotspot\share\prims\jni.cpp, line 516]
Event: 8.996 Thread 0x0000028295035890 Exception <a 'sun/nio/fs/WindowsException'{0x00000000899add30}> (0x00000000899add30) 
thrown [s\src\hotspot\share\prims\jni.cpp, line 516]
Event: 8.997 Thread 0x0000028295035890 Exception <a 'sun/nio/fs/WindowsException'{0x00000000899ba5e0}> (0x00000000899ba5e0) 
thrown [s\src\hotspot\share\prims\jni.cpp, line 516]
Event: 8.997 Thread 0x0000028295035890 Exception <a 'sun/nio/fs/WindowsException'{0x00000000899c2178}> (0x00000000899c2178) 
thrown [s\src\hotspot\share\prims\jni.cpp, line 516]
Event: 9.035 Thread 0x0000028295035890 Exception <a 'sun/nio/fs/WindowsException'{0x000000008d927ee0}> (0x000000008d927ee0) 
thrown [s\src\hotspot\share\prims\jni.cpp, line 516]
Event: 9.325 Thread 0x0000028295035890 Exception <a 'java/lang/NoSuchMethodError'{0x000000008d67f180}: static Lcom/android/build/gradle/internal/dsl/CompileSdkVersionImpl;.<clinit>()V> (0x000000008d67f180) 
thrown [s\src\hotspot\share\prims\jni.cpp, line 1112]
Event: 10.027 Thread 0x00000282950376f0 Exception <a 'java/lang/NoSuchMethodError'{0x000000008d443cf0}: 'java.lang.Object java.lang.invoke.DirectMethodHandle$Holder.invokeStaticInit(java.lang.Object, java.lang.Object, java.lang.Object, java.lang.Object, java.lang.Object, java.lang.Object, java.lang.Object, java.lang.Object, java.lang.Object, java.lang.Object, java.lang.Object, java.lang.Object, java.lang.Object, java.lang.Object, java.lang.Object, java.lang.Object, java.lang.Object, java.lang.Object, java.lang.Object, java.lang.Object, int, java
Event: 10.027 Thread 0x00000282950376f0 Exception <a 'java/lang/IncompatibleClassChangeError'{0x000000008d4b8df0}: Found class java.lang.Object, but interface was expected> (0x000000008d4b8df0) 
thrown [s\src\hotspot\share\interpreter\linkResolver.cpp, line 826]
Event: 10.028 Thread 0x00000282950376f0 Exception <a 'java/lang/IncompatibleClassChangeError'{0x000000008d4c3fc0}: Found class java.lang.Object, but interface was expected> (0x000000008d4c3fc0) 
thrown [s\src\hotspot\share\interpreter\linkResolver.cpp, line 826]

VM Operations (20 events):
Event: 9.986 Executing VM operation: G1CollectForAllocation done
Event: 9.991 Executing VM operation: G1CollectForAllocation
Event: 9.994 Executing VM operation: G1CollectForAllocation done
Event: 10.038 Executing VM operation: G1TryInitiateConcMark
Event: 10.039 Executing VM operation: G1TryInitiateConcMark done
Event: 10.070 Executing VM operation: HandshakeAllThreads
Event: 10.070 Executing VM operation: HandshakeAllThreads done
Event: 10.081 Executing VM operation: G1PauseRemark
Event: 10.086 Executing VM operation: G1PauseRemark done
Event: 10.102 Executing VM operation: HandshakeAllThreads
Event: 10.102 Executing VM operation: HandshakeAllThreads done
Event: 10.108 Executing VM operation: G1PauseCleanup
Event: 10.109 Executing VM operation: G1PauseCleanup done
Event: 10.132 Executing VM operation: HandshakeAllThreads
Event: 10.132 Executing VM operation: HandshakeAllThreads done
Event: 10.182 Executing VM operation: G1CollectForAllocation
Event: 10.190 Executing VM operation: G1CollectForAllocation done
Event: 10.206 Executing VM operation: G1CollectForAllocation
Event: 10.210 Executing VM operation: G1CollectForAllocation done
Event: 10.244 Executing VM operation: G1TryInitiateConcMark

Memory protections (0 events):
No events

Nmethod flushes (20 events):
Event: 10.144 Thread 0x0000028247b8ac40 flushing  nmethod 0x0000028232a40b90
Event: 10.144 Thread 0x0000028247b8ac40 flushing  nmethod 0x0000028232a41c10
Event: 10.144 Thread 0x0000028247b8ac40 flushing  nmethod 0x0000028232a44c90
Event: 10.145 Thread 0x0000028247b8ac40 flushing  nmethod 0x0000028232a47410
Event: 10.145 Thread 0x0000028247b8ac40 flushing  nmethod 0x0000028232a50010
Event: 10.145 Thread 0x0000028247b8ac40 flushing  nmethod 0x0000028232a5af10
Event: 10.145 Thread 0x0000028247b8ac40 flushing  nmethod 0x0000028232a68b10
Event: 10.145 Thread 0x0000028247b8ac40 flushing  nmethod 0x0000028232a6ac90
Event: 10.145 Thread 0x0000028247b8ac40 flushing  nmethod 0x0000028232a87690
Event: 10.145 Thread 0x0000028247b8ac40 flushing  nmethod 0x0000028232a88110
Event: 10.145 Thread 0x0000028247b8ac40 flushing  nmethod 0x0000028232a92190
Event: 10.145 Thread 0x0000028247b8ac40 flushing  nmethod 0x0000028232aaf390
Event: 10.145 Thread 0x0000028247b8ac40 flushing  nmethod 0x0000028232abbd90
Event: 10.145 Thread 0x0000028247b8ac40 flushing  nmethod 0x0000028232acdd10
Event: 10.145 Thread 0x0000028247b8ac40 flushing  nmethod 0x0000028232aceb10
Event: 10.145 Thread 0x0000028247b8ac40 flushing  nmethod 0x0000028232ad7110
Event: 10.145 Thread 0x0000028247b8ac40 flushing  nmethod 0x0000028232adef10
Event: 10.145 Thread 0x0000028247b8ac40 flushing  nmethod 0x0000028232b07390
Event: 10.145 Thread 0x0000028247b8ac40 flushing  nmethod 0x0000028232b1ce10
Event: 10.145 Thread 0x0000028247b8ac40 flushing  nmethod 0x0000028232b1e010

Events (20 events):
Event: 3.236 Thread 0x000002828fca1830 Thread added: 0x0000028292f50a20
Event: 3.249 Thread 0x000002828fca1830 Thread added: 0x0000028292f53cc0
Event: 3.254 Thread 0x000002828fca1830 Thread added: 0x0000028292f546e0
Event: 5.233 Thread 0x000002828fca1830 Thread added: 0x0000028292f56a50
Event: 5.468 Thread 0x000002828fca1830 Thread added: 0x0000028292f55610
Event: 5.792 Thread 0x000002828fca1830 Thread added: 0x0000028292f56f60
Event: 8.507 Thread 0x000002828fca1830 Thread added: 0x000002829123c370
Event: 8.514 Thread 0x000002829123c370 Thread added: 0x0000028295038620
Event: 8.514 Thread 0x000002829123c370 Thread added: 0x0000028295035da0
Event: 8.514 Thread 0x000002829123c370 Thread added: 0x0000028295035380
Event: 8.514 Thread 0x000002829123c370 Thread added: 0x0000028295037c00
Event: 8.514 Thread 0x000002829123c370 Thread added: 0x00000282950362b0
Event: 8.514 Thread 0x000002829123c370 Thread added: 0x00000282950367c0
Event: 8.514 Thread 0x000002829123c370 Thread added: 0x00000282950371e0
Event: 8.514 Thread 0x000002829123c370 Thread added: 0x0000028295034e70
Event: 8.514 Thread 0x000002829123c370 Thread added: 0x0000028295035890
Event: 8.530 Thread 0x000002829123c370 Thread added: 0x0000028295039550
Event: 9.309 Thread 0x0000028295034e70 Thread added: 0x0000028295039040
Event: 9.371 Thread 0x0000028295039040 Thread added: 0x0000028295038b30
Event: 9.372 Thread 0x0000028295039040 Thread added: 0x00000282950376f0


Dynamic libraries:
0x00007ff76e8a0000 - 0x00007ff76e8ae000 	C:\Users\16696\.jdks\ms-17.0.19\bin\java.exe
0x00007ff880020000 - 0x00007ff880286000 	C:\Windows\SYSTEM32\ntdll.dll
0x00007ff87e450000 - 0x00007ff87e519000 	C:\Windows\System32\KERNEL32.DLL
0x00007ff87d960000 - 0x00007ff87dd5a000 	C:\Windows\System32\KERNELBASE.dll
0x00007ff87d620000 - 0x00007ff87d76c000 	C:\Windows\System32\ucrtbase.dll
0x00007ff853630000 - 0x00007ff85364e000 	C:\Users\16696\.jdks\ms-17.0.19\bin\VCRUNTIME140.dll
0x00007ff8612d0000 - 0x00007ff8612e8000 	C:\Users\16696\.jdks\ms-17.0.19\bin\jli.dll
0x00007ff87fa80000 - 0x00007ff87fc47000 	C:\Windows\System32\USER32.dll
0x00007ff87dd60000 - 0x00007ff87dd87000 	C:\Windows\System32\win32u.dll
0x00007ff87fa30000 - 0x00007ff87fa5b000 	C:\Windows\System32\GDI32.dll
0x00007ff87c3b0000 - 0x00007ff87c642000 	C:\Windows\WinSxS\amd64_microsoft.windows.common-controls_6595b64144ccf1df_6.0.26100.8521_none_3e08b75ce33403b3\COMCTL32.dll
0x00007ff87d830000 - 0x00007ff87d95b000 	C:\Windows\System32\gdi32full.dll
0x00007ff87e5f0000 - 0x00007ff87e699000 	C:\Windows\System32\msvcrt.dll
0x00007ff87d2b0000 - 0x00007ff87d353000 	C:\Windows\System32\msvcp_win.dll
0x00007ff87dea0000 - 0x00007ff87ded2000 	C:\Windows\System32\IMM32.DLL
0x00007ff86ddd0000 - 0x00007ff86dddc000 	C:\Users\16696\.jdks\ms-17.0.19\bin\vcruntime140_1.dll
0x00007ff839060000 - 0x00007ff8390e9000 	C:\Users\16696\.jdks\ms-17.0.19\bin\msvcp140.dll
0x00007fff96300000 - 0x00007fff96f7b000 	C:\Users\16696\.jdks\ms-17.0.19\bin\server\jvm.dll
0x00007ff87ed10000 - 0x00007ff87edc6000 	C:\Windows\System32\ADVAPI32.dll
0x00007ff87e1e0000 - 0x00007ff87e28a000 	C:\Windows\System32\sechost.dll
0x00007ff87f8a0000 - 0x00007ff87f9b8000 	C:\Windows\System32\RPCRT4.dll
0x00007ff87de10000 - 0x00007ff87de90000 	C:\Windows\System32\WS2_32.dll
0x00007ff87d110000 - 0x00007ff87d16e000 	C:\Windows\SYSTEM32\POWRPROF.dll
0x00007ff875340000 - 0x00007ff87534b000 	C:\Windows\SYSTEM32\VERSION.dll
0x00007ff875350000 - 0x00007ff875386000 	C:\Windows\SYSTEM32\WINMM.dll
0x00007ff87d0f0000 - 0x00007ff87d104000 	C:\Windows\SYSTEM32\UMPDC.dll
0x00007ff87b6d0000 - 0x00007ff87b6eb000 	C:\Windows\SYSTEM32\kernel.appcore.dll
0x00007ff86c0d0000 - 0x00007ff86c0da000 	C:\Users\16696\.jdks\ms-17.0.19\bin\jimage.dll
0x00007ff87ca80000 - 0x00007ff87ccc2000 	C:\Windows\SYSTEM32\DBGHELP.DLL
0x00007ff87fc50000 - 0x00007ff87ffd3000 	C:\Windows\System32\combase.dll
0x00007ff87f760000 - 0x00007ff87f839000 	C:\Windows\System32\OLEAUT32.dll
0x00007ff87c950000 - 0x00007ff87c98b000 	C:\Windows\SYSTEM32\dbgcore.DLL
0x00007ff87d360000 - 0x00007ff87d408000 	C:\Windows\System32\bcryptPrimitives.dll
0x00007ff866b90000 - 0x00007ff866b9f000 	C:\Users\16696\.jdks\ms-17.0.19\bin\instrument.dll
0x00007ff853180000 - 0x00007ff8531a6000 	C:\Users\16696\.jdks\ms-17.0.19\bin\java.dll
0x00007ff835530000 - 0x00007ff835606000 	C:\Users\16696\.jdks\ms-17.0.19\bin\jsvml.dll
0x00007ff87ee60000 - 0x00007ff87f5e4000 	C:\Windows\System32\SHELL32.dll
0x00007ff87a390000 - 0x00007ff87ac10000 	C:\Windows\SYSTEM32\windows.storage.dll
0x00007ff87e350000 - 0x00007ff87e446000 	C:\Windows\System32\SHCORE.dll
0x00007ff87f9c0000 - 0x00007ff87fa27000 	C:\Windows\System32\shlwapi.dll
0x00007ff87d1d0000 - 0x00007ff87d1f9000 	C:\Windows\SYSTEM32\profapi.dll
0x00007ff853610000 - 0x00007ff853628000 	C:\Users\16696\.jdks\ms-17.0.19\bin\zip.dll
0x00007ff850b00000 - 0x00007ff850b1b000 	C:\Users\16696\.jdks\ms-17.0.19\bin\net.dll
0x00007ff874b00000 - 0x00007ff874c29000 	C:\Windows\SYSTEM32\WINHTTP.dll
0x00007ff87bbf0000 - 0x00007ff87bc5c000 	C:\Windows\system32\mswsock.dll
0x00007ff84cd80000 - 0x00007ff84cd96000 	C:\Users\16696\.jdks\ms-17.0.19\bin\nio.dll
0x00007ff862dc0000 - 0x00007ff862dd0000 	C:\Users\16696\.jdks\ms-17.0.19\bin\verify.dll
0x00007fffe4c80000 - 0x00007fffe4ca7000 	C:\Users\16696\.gradle\native\660c5614fbf4a5f2a75b1949f50a0caf5cd603558e7d8a26e50b933a0cfb79d1\windows-amd64\native-platform.dll
0x00007ff838bd0000 - 0x00007ff838c47000 	C:\Users\16696\.gradle\native\0.2.8\x86_64-windows-gnu\gradle-fileevents.dll
0x00007ff84cd70000 - 0x00007ff84cd7a000 	C:\Users\16696\.jdks\ms-17.0.19\bin\management.dll
0x00007ff84cd60000 - 0x00007ff84cd6c000 	C:\Users\16696\.jdks\ms-17.0.19\bin\management_ext.dll
0x00007ff87fa70000 - 0x00007ff87fa78000 	C:\Windows\System32\PSAPI.DLL
0x00007ff87b0f0000 - 0x00007ff87b123000 	C:\Windows\SYSTEM32\IPHLPAPI.DLL
0x00007ff87fa60000 - 0x00007ff87fa6a000 	C:\Windows\System32\NSI.dll
0x00007ff875390000 - 0x00007ff8753ad000 	C:\Windows\SYSTEM32\dhcpcsvc6.DLL
0x00007ff874450000 - 0x00007ff874475000 	C:\Windows\SYSTEM32\dhcpcsvc.DLL
0x00007ff87b180000 - 0x00007ff87b2ca000 	C:\Windows\SYSTEM32\DNSAPI.dll
0x00007ff87ba10000 - 0x00007ff87ba1d000 	C:\Windows\SYSTEM32\DSPARSE.dll
0x00007ff84bbf0000 - 0x00007ff84bbf9000 	C:\Users\16696\.jdks\ms-17.0.19\bin\extnet.dll
0x00007ff87cdd0000 - 0x00007ff87cdeb000 	C:\Windows\SYSTEM32\CRYPTSP.dll
0x00007ff87be90000 - 0x00007ff87bec9000 	C:\Windows\system32\rsaenh.dll
0x00007ff87bc60000 - 0x00007ff87bc93000 	C:\Windows\SYSTEM32\USERENV.dll
0x00007ff87d1a0000 - 0x00007ff87d1ca000 	C:\Windows\SYSTEM32\bcrypt.dll
0x00007ff87be80000 - 0x00007ff87be8c000 	C:\Windows\SYSTEM32\CRYPTBASE.dll
0x00007ff84bbe0000 - 0x00007ff84bbee000 	C:\Users\16696\.jdks\ms-17.0.19\bin\sunmscapi.dll
0x00007ff87d410000 - 0x00007ff87d588000 	C:\Windows\System32\CRYPT32.dll
0x00007ff87c370000 - 0x00007ff87c3a0000 	C:\Windows\SYSTEM32\ncrypt.dll
0x00007ff87c320000 - 0x00007ff87c35f000 	C:\Windows\SYSTEM32\NTASN1.dll
0x00007ff865540000 - 0x00007ff865548000 	C:\Windows\system32\wshunix.dll

dbghelp: loaded successfully - version: 4.0.5 - missing functions: none
symbol engine: initialized successfully - sym options: 0x614 - pdb path: .;C:\Users\16696\.jdks\ms-17.0.19\bin;C:\Windows\SYSTEM32;C:\Windows\WinSxS\amd64_microsoft.windows.common-controls_6595b64144ccf1df_6.0.26100.8521_none_3e08b75ce33403b3;C:\Users\16696\.jdks\ms-17.0.19\bin\server;C:\Users\16696\.gradle\native\660c5614fbf4a5f2a75b1949f50a0caf5cd603558e7d8a26e50b933a0cfb79d1\windows-amd64;C:\Users\16696\.gradle\native\0.2.8\x86_64-windows-gnu

VM Arguments:
jvm_args: --add-opens=java.base/java.lang=ALL-UNNAMED --add-opens=java.base/java.lang.invoke=ALL-UNNAMED --add-opens=java.base/java.util=ALL-UNNAMED --add-opens=java.prefs/java.util.prefs=ALL-UNNAMED --add-exports=jdk.compiler/com.sun.tools.javac.api=ALL-UNNAMED --add-exports=jdk.compiler/com.sun.tools.javac.util=ALL-UNNAMED --add-opens=java.base/java.util=ALL-UNNAMED --add-opens=java.prefs/java.util.prefs=ALL-UNNAMED --add-opens=java.base/java.nio.charset=ALL-UNNAMED --add-opens=java.base/java.net=ALL-UNNAMED --add-opens=java.base/java.util.concurrent=ALL-UNNAMED --add-opens=java.base/java.util.concurrent.atomic=ALL-UNNAMED --add-opens=java.xml/javax.xml.namespace=ALL-UNNAMED --add-opens=java.base/java.time=ALL-UNNAMED -Xmx2048m -Dfile.encoding=UTF-8 -Duser.country=CN -Duser.language=zh -Duser.variant -javaagent:C:\Users\16696\.gradle\wrapper\dists\gradle-9.4.1-bin\arn2x92ynaizyzdaamcbpbhtj\gradle-9.4.1\lib\agents\gradle-instrumentation-agent-9.4.1.jar 
java_command: org.gradle.launcher.daemon.bootstrap.GradleDaemon 9.4.1
java_class_path (initial): C:\Users\16696\.gradle\wrapper\dists\gradle-9.4.1-bin\arn2x92ynaizyzdaamcbpbhtj\gradle-9.4.1\lib\gradle-daemon-main-9.4.1.jar
Launcher Type: SUN_STANDARD

[Global flags]
     intx CICompilerCount                          = 4                                         {product} {ergonomic}
     uint ConcGCThreads                            = 2                                         {product} {ergonomic}
     uint G1ConcRefinementThreads                  = 9                                         {product} {ergonomic}
   size_t G1HeapRegionSize                         = 1048576                                   {product} {ergonomic}
    uintx GCDrainStackTargetSize                   = 64                                        {product} {ergonomic}
   size_t InitialHeapSize                          = 260046848                                 {product} {ergonomic}
   size_t MarkStackSize                            = 4194304                                   {product} {ergonomic}
   size_t MaxHeapSize                              = 2147483648                                {product} {command line}
   size_t MaxNewSize                               = 1287651328                                {product} {ergonomic}
   size_t MinHeapDeltaBytes                        = 1048576                                   {product} {ergonomic}
   size_t MinHeapSize                              = 8388608                                   {product} {ergonomic}
    uintx NonNMethodCodeHeapSize                   = 5839372                                {pd product} {ergonomic}
    uintx NonProfiledCodeHeapSize                  = 122909434                              {pd product} {ergonomic}
    uintx ProfiledCodeHeapSize                     = 122909434                              {pd product} {ergonomic}
    uintx ReservedCodeCacheSize                    = 251658240                              {pd product} {ergonomic}
     bool SegmentedCodeCache                       = true                                      {product} {ergonomic}
   size_t SoftMaxHeapSize                          = 2147483648                             {manageable} {ergonomic}
     bool UseCompressedClassPointers               = true                           {product lp64_product} {ergonomic}
     bool UseCompressedOops                        = true                           {product lp64_product} {ergonomic}
     bool UseG1GC                                  = true                                      {product} {ergonomic}
     bool UseLargePagesIndividualAllocation        = false                                  {pd product} {ergonomic}

Logging:
Log output configuration:
 #0: stdout all=warning uptime,level,tags
 #1: stderr all=off uptime,level,tags

Environment Variables:
PATH=D:\Android\jdk-8.0.492.9-hotspot\bin;C:\Program Files (x86)\VMware\VMware Workstation\bin\;C:\Windows\system32;C:\Windows;C:\Windows\System32\Wbem;C:\Windows\System32\WindowsPowerShell\v1.0\;C:\Windows\System32\OpenSSH\;D:\Git\Git\cmd;D:\Cmake\bin;D:\Windows Kits\10\Windows Performance Toolkit\;C:\Program Files\CMake\bin;C:\Program Files\TortoiseGit\bin;C:\NXP\S32DS.3.5\S32DS\build_tools\gcc-10.2-arm32-eabi\bin;D:\Xshell\;C:\Users\16696\AppData\Local\Programs\Python\Python314\Scripts\;C:\Users\16696\AppData\Local\Programs\Python\Python314\;C:\Users\16696\AppData\Local\Microsoft\WindowsApps;D:\pycharm\PyCharm 2026.1.2\bin;D:\vscode\Microsoft VS Code\bin;D:\Android\Sdk\platform-tools;
USERNAME=16696
OS=Windows_NT
PROCESSOR_IDENTIFIER=Intel64 Family 6 Model 198 Stepping 2, GenuineIntel
TMP=C:\Users\16696\AppData\Local\Temp
TEMP=C:\Users\16696\AppData\Local\Temp



Periodic native trim disabled


---------------  S Y S T E M  ---------------

OS:
 Windows 11 , 64 bit Build 26100 (10.0.26100.8521)
OS uptime: 1 days 20:25 hours
Hyper-V role detected

CPU: total 10 (initial active 10) (10 cores per cpu, 1 threads per core) family 6 model 198 stepping 2 microcode 0x118, cx8, cmov, fxsr, mmx, 3dnowpref, sse, sse2, sse3, ssse3, sse4.1, sse4.2, popcnt, lzcnt, tsc, tscinvbit, avx, avx2, aes, erms, clmul, bmi1, bmi2, adx, sha, fma, vzeroupper, clflush, clflushopt, clwb, hv
Processor Information for processor 0
  Max Mhz: 3300, Current Mhz: 3300, Mhz Limit: 3300
Processor Information for processor 1
  Max Mhz: 3300, Current Mhz: 3300, Mhz Limit: 3300
Processor Information for processor 2
  Max Mhz: 2700, Current Mhz: 2700, Mhz Limit: 2700
Processor Information for processor 3
  Max Mhz: 2700, Current Mhz: 2700, Mhz Limit: 2700
Processor Information for processor 4
  Max Mhz: 2700, Current Mhz: 2700, Mhz Limit: 2700
Processor Information for processor 5
  Max Mhz: 2700, Current Mhz: 2700, Mhz Limit: 2700
Processor Information for processor 6
  Max Mhz: 3300, Current Mhz: 3300, Mhz Limit: 3300
Processor Information for processor 7
  Max Mhz: 3300, Current Mhz: 3300, Mhz Limit: 3300
Processor Information for processor 8
  Max Mhz: 3300, Current Mhz: 3300, Mhz Limit: 3300
Processor Information for processor 9
  Max Mhz: 3300, Current Mhz: 3300, Mhz Limit: 3300

Memory: 4k page, system-wide physical 15751M (854M free)
TotalPageFile size 54151M (AvailPageFile size 262M)
current process WorkingSet (physical memory assigned to process): 550M, peak: 554M
current process commit charge ("private bytes"): 629M, peak: 1036M

vm_info: OpenJDK 64-Bit Server VM (17.0.19+10-LTS) for windows-amd64 JRE (17.0.19+10-LTS), built on Apr 18 2026 18:24:40 by "MicrosoftCorporation" with MS VC++ 17.14 (VS2022)

END.
